TAP version 13
# (node:67135) ExperimentalWarning: VM Modules is an experimental feature and might change at any time
# (Use `node --trace-warnings ...` to show where the warning was created)
# Subtest: import ssh-bridge-survival has no host effects
ok 1 - import ssh-bridge-survival has no host effects
  ---
  duration_ms: 6.668417
  type: 'test'
  ...
# Subtest: import ssh-helper-setup has no host effects
ok 2 - import ssh-helper-setup has no host effects
  ---
  duration_ms: 2.534208
  type: 'test'
  ...
# Subtest: import ssh-helper-survival has no host effects
ok 3 - import ssh-helper-survival has no host effects
  ---
  duration_ms: 2.776459
  type: 'test'
  ...
# Subtest: import ssh-process-survival has no host effects
ok 4 - import ssh-process-survival has no host effects
  ---
  duration_ms: 1.699166
  type: 'test'
  ...
# Subtest: import verify-ferryx-resume-cwd has no host effects
ok 5 - import verify-ferryx-resume-cwd has no host effects
  ---
  duration_ms: 2.343375
  type: 'test'
  ...
# Subtest: ssh-bridge-survival never signals a detached endpoint PID
ok 6 - ssh-bridge-survival never signals a detached endpoint PID
  ---
  duration_ms: 1.092125
  type: 'test'
  ...
# Subtest: ssh-helper-setup never signals a detached endpoint PID
ok 7 - ssh-helper-setup never signals a detached endpoint PID
  ---
  duration_ms: 1.134833
  type: 'test'
  ...
# Subtest: bridge initial marker accumulates fragmented output before acceptance
ok 8 - bridge initial marker accumulates fragmented output before acceptance
  ---
  duration_ms: 0.905084
  type: 'test'
  ...
# Subtest: ssh-bridge-survival refuses live detached launch without handle ownership
ok 9 - ssh-bridge-survival refuses live detached launch without handle ownership
  ---
  duration_ms: 0.894875
  type: 'test'
  ...
# Subtest: ssh-helper-setup refuses live detached launch without handle ownership
ok 10 - ssh-helper-setup refuses live detached launch without handle ownership
  ---
  duration_ms: 0.774333
  type: 'test'
  ...
# Subtest: process-survival authenticates socket before a destructive request
ok 11 - process-survival authenticates socket before a destructive request
  ---
  duration_ms: 1.276583
  type: 'test'
  ...
# Subtest: resume driver rejects mismatched handshake before registering or closing sessions
ok 12 - resume driver rejects mismatched handshake before registering or closing sessions
  ---
  duration_ms: 0.588916
  type: 'test'
  ...
# Subtest: helper-survival validates endpoint against owned daemon before destructive RPC
ok 13 - helper-survival validates endpoint against owned daemon before destructive RPC
  ---
  duration_ms: 0.56275
  type: 'test'
  ...
# Subtest: helper-survival retains fixture when owned child cleanup fails
ok 14 - helper-survival retains fixture when owned child cleanup fails
  ---
  duration_ms: 0.670125
  type: 'test'
  ...
# Subtest: ssh-bridge-survival retains detached fixture on unproved cleanup
ok 15 - ssh-bridge-survival retains detached fixture on unproved cleanup
  ---
  duration_ms: 0.582916
  type: 'test'
  ...
# Subtest: ssh-helper-setup retains detached fixture on unproved cleanup
ok 16 - ssh-helper-setup retains detached fixture on unproved cleanup
  ---
  duration_ms: 0.903042
  type: 'test'
  ...
# Subtest: bridge marker accepts CRLF split UTF8 and rejects EOF, gap, wrong PID
not ok 17 - bridge marker accepts CRLF split UTF8 and rejects EOF, gap, wrong PID
  ---
  duration_ms: 4.834208
  type: 'test'
  location: '/Users/indo/code/project/orca-lite/scripts/qa/ssh-harness-safety.test.mjs:124:1'
  failureType: 'testCodeFailure'
  error: |-
    The expression evaluated to a falsy value:
    
      assert(data)
    
  code: 'ERR_ASSERTION'
  name: 'AssertionError'
  expected: true
  operator: '=='
  stack: |-
    Object.request (file:///Users/indo/code/project/orca-lite/scripts/qa/ssh-harness-safety.test.mjs:129:105)
    readMarker (file:///Users/indo/code/project/orca-lite/scripts/qa/ssh-bridge-survival.mjs:14:36)
    async TestContext.<anonymous> (file:///Users/indo/code/project/orca-lite/scripts/qa/ssh-harness-safety.test.mjs:130:17)
    async Test.run (node:internal/test_runner/test:1054:7)
    async Test.processPendingSubtests (node:internal/test_runner/test:744:7)
  ...
1..17
# tests 17
# suites 0
# pass 16
# fail 1
# cancelled 0
# skipped 0
# todo 0
# duration_ms 71.655041
