TAP version 13
# (node:59050) ExperimentalWarning: VM Modules is an experimental feature and might change at any time
# (Use `node --trace-warnings ...` to show where the warning was created)
# Subtest: import ssh-bridge-survival has no host effects
ok 1 - import ssh-bridge-survival has no host effects
  ---
  duration_ms: 7.925416
  type: 'test'
  ...
# Subtest: import ssh-helper-setup has no host effects
ok 2 - import ssh-helper-setup has no host effects
  ---
  duration_ms: 3.29975
  type: 'test'
  ...
# Subtest: import ssh-helper-survival has no host effects
ok 3 - import ssh-helper-survival has no host effects
  ---
  duration_ms: 2.989125
  type: 'test'
  ...
# Subtest: import ssh-process-survival has no host effects
ok 4 - import ssh-process-survival has no host effects
  ---
  duration_ms: 2.17825
  type: 'test'
  ...
# Subtest: import verify-ferryx-resume-cwd has no host effects
ok 5 - import verify-ferryx-resume-cwd has no host effects
  ---
  duration_ms: 2.421417
  type: 'test'
  ...
# Subtest: ssh-bridge-survival never signals a detached endpoint PID
ok 6 - ssh-bridge-survival never signals a detached endpoint PID
  ---
  duration_ms: 1.13625
  type: 'test'
  ...
# Subtest: ssh-helper-setup never signals a detached endpoint PID
ok 7 - ssh-helper-setup never signals a detached endpoint PID
  ---
  duration_ms: 0.635417
  type: 'test'
  ...
# Subtest: bridge initial marker accumulates fragmented output before acceptance
ok 8 - bridge initial marker accumulates fragmented output before acceptance
  ---
  duration_ms: 0.808958
  type: 'test'
  ...
# Subtest: ssh-bridge-survival refuses live detached launch without handle ownership
not ok 9 - ssh-bridge-survival refuses live detached launch without handle ownership
  ---
  duration_ms: 2.53975
  type: 'test'
  location: '/Users/indo/code/project/orca-lite/scripts/qa/ssh-harness-safety.test.mjs:58:65'
  failureType: 'testCodeFailure'
  error: 'unproved detached process launch must reject before fixture creation'
  code: 'ERR_ASSERTION'
  name: 'AssertionError'
  expected: true
  operator: '=='
  stack: |-
    TestContext.<anonymous> (file:///Users/indo/code/project/orca-lite/scripts/qa/ssh-harness-safety.test.mjs:67:3)
    async Test.run (node:internal/test_runner/test:1054:7)
    async Test.processPendingSubtests (node:internal/test_runner/test:744:7)
  ...
# Subtest: ssh-helper-setup refuses live detached launch without handle ownership
not ok 10 - ssh-helper-setup refuses live detached launch without handle ownership
  ---
  duration_ms: 1.657208
  type: 'test'
  location: '/Users/indo/code/project/orca-lite/scripts/qa/ssh-harness-safety.test.mjs:58:65'
  failureType: 'testCodeFailure'
  error: 'unproved detached process launch must reject before fixture creation'
  code: 'ERR_ASSERTION'
  name: 'AssertionError'
  expected: true
  operator: '=='
  stack: |-
    TestContext.<anonymous> (file:///Users/indo/code/project/orca-lite/scripts/qa/ssh-harness-safety.test.mjs:67:3)
    async Test.run (node:internal/test_runner/test:1054:7)
    async Test.processPendingSubtests (node:internal/test_runner/test:744:7)
  ...
1..10
# tests 10
# suites 0
# pass 8
# fail 2
# cancelled 0
# skipped 0
# todo 0
# duration_ms 65.619916
