TAP version 13
# (node:62059) ExperimentalWarning: VM Modules is an experimental feature and might change at any time
# (Use `node --trace-warnings ...` to show where the warning was created)
# Subtest: import ssh-bridge-survival has no host effects
ok 1 - import ssh-bridge-survival has no host effects
  ---
  duration_ms: 6.4875
  type: 'test'
  ...
# Subtest: import ssh-helper-setup has no host effects
ok 2 - import ssh-helper-setup has no host effects
  ---
  duration_ms: 1.967375
  type: 'test'
  ...
# Subtest: import ssh-helper-survival has no host effects
ok 3 - import ssh-helper-survival has no host effects
  ---
  duration_ms: 1.561125
  type: 'test'
  ...
# Subtest: import ssh-process-survival has no host effects
ok 4 - import ssh-process-survival has no host effects
  ---
  duration_ms: 1.478958
  type: 'test'
  ...
# Subtest: import verify-ferryx-resume-cwd has no host effects
ok 5 - import verify-ferryx-resume-cwd has no host effects
  ---
  duration_ms: 0.962
  type: 'test'
  ...
# Subtest: ssh-bridge-survival never signals a detached endpoint PID
ok 6 - ssh-bridge-survival never signals a detached endpoint PID
  ---
  duration_ms: 0.931042
  type: 'test'
  ...
# Subtest: ssh-helper-setup never signals a detached endpoint PID
ok 7 - ssh-helper-setup never signals a detached endpoint PID
  ---
  duration_ms: 0.522375
  type: 'test'
  ...
# Subtest: bridge initial marker accumulates fragmented output before acceptance
ok 8 - bridge initial marker accumulates fragmented output before acceptance
  ---
  duration_ms: 0.598292
  type: 'test'
  ...
# Subtest: ssh-bridge-survival refuses live detached launch without handle ownership
ok 9 - ssh-bridge-survival refuses live detached launch without handle ownership
  ---
  duration_ms: 1.731875
  type: 'test'
  ...
# Subtest: ssh-helper-setup refuses live detached launch without handle ownership
ok 10 - ssh-helper-setup refuses live detached launch without handle ownership
  ---
  duration_ms: 1.179458
  type: 'test'
  ...
# Subtest: process-survival authenticates socket before a destructive request
ok 11 - process-survival authenticates socket before a destructive request
  ---
  duration_ms: 1.205959
  type: 'test'
  ...
# Subtest: resume driver rejects mismatched handshake before registering or closing sessions
ok 12 - resume driver rejects mismatched handshake before registering or closing sessions
  ---
  duration_ms: 0.64725
  type: 'test'
  ...
# Subtest: helper-survival validates endpoint against owned daemon before destructive RPC
not ok 13 - helper-survival validates endpoint against owned daemon before destructive RPC
  ---
  duration_ms: 0.73025
  type: 'test'
  location: '/Users/indo/code/project/orca-lite/scripts/qa/ssh-harness-safety.test.mjs:96:1'
  failureType: 'testCodeFailure'
  error: 'Missing expected rejection.'
  code: 'ERR_ASSERTION'
  name: 'AssertionError'
  operator: 'rejects'
  stack: |-
    async TestContext.<anonymous> (file:///Users/indo/code/project/orca-lite/scripts/qa/ssh-harness-safety.test.mjs:102:3)
    async Test.run (node:internal/test_runner/test:1054:7)
    async Test.processPendingSubtests (node:internal/test_runner/test:744:7)
  ...
# Subtest: helper-survival retains fixture when owned child cleanup fails
not ok 14 - helper-survival retains fixture when owned child cleanup fails
  ---
  duration_ms: 1.035959
  type: 'test'
  location: '/Users/indo/code/project/orca-lite/scripts/qa/ssh-harness-safety.test.mjs:106:1'
  failureType: 'testCodeFailure'
  error: 'Missing expected rejection.'
  code: 'ERR_ASSERTION'
  name: 'AssertionError'
  operator: 'rejects'
  stack: |-
    async TestContext.<anonymous> (file:///Users/indo/code/project/orca-lite/scripts/qa/ssh-harness-safety.test.mjs:112:3)
    async Test.run (node:internal/test_runner/test:1054:7)
    async Test.processPendingSubtests (node:internal/test_runner/test:744:7)
  ...
1..14
# tests 14
# suites 0
# pass 12
# fail 2
# cancelled 0
# skipped 0
# todo 0
# duration_ms 59.113333
