TAP version 13
# (node:59826) ExperimentalWarning: VM Modules is an experimental feature and might change at any time
# (Use `node --trace-warnings ...` to show where the warning was created)
# Subtest: import ssh-bridge-survival has no host effects
ok 1 - import ssh-bridge-survival has no host effects
  ---
  duration_ms: 6.426208
  type: 'test'
  ...
# Subtest: import ssh-helper-setup has no host effects
ok 2 - import ssh-helper-setup has no host effects
  ---
  duration_ms: 1.921125
  type: 'test'
  ...
# Subtest: import ssh-helper-survival has no host effects
ok 3 - import ssh-helper-survival has no host effects
  ---
  duration_ms: 1.547542
  type: 'test'
  ...
# Subtest: import ssh-process-survival has no host effects
ok 4 - import ssh-process-survival has no host effects
  ---
  duration_ms: 1.551
  type: 'test'
  ...
# Subtest: import verify-ferryx-resume-cwd has no host effects
ok 5 - import verify-ferryx-resume-cwd has no host effects
  ---
  duration_ms: 1.048042
  type: 'test'
  ...
# Subtest: ssh-bridge-survival never signals a detached endpoint PID
ok 6 - ssh-bridge-survival never signals a detached endpoint PID
  ---
  duration_ms: 1.016792
  type: 'test'
  ...
# Subtest: ssh-helper-setup never signals a detached endpoint PID
ok 7 - ssh-helper-setup never signals a detached endpoint PID
  ---
  duration_ms: 0.530792
  type: 'test'
  ...
# Subtest: bridge initial marker accumulates fragmented output before acceptance
ok 8 - bridge initial marker accumulates fragmented output before acceptance
  ---
  duration_ms: 0.863375
  type: 'test'
  ...
# Subtest: ssh-bridge-survival refuses live detached launch without handle ownership
ok 9 - ssh-bridge-survival refuses live detached launch without handle ownership
  ---
  duration_ms: 2.473833
  type: 'test'
  ...
# Subtest: ssh-helper-setup refuses live detached launch without handle ownership
ok 10 - ssh-helper-setup refuses live detached launch without handle ownership
  ---
  duration_ms: 1.602958
  type: 'test'
  ...
# Subtest: process-survival authenticates socket before a destructive request
not ok 11 - process-survival authenticates socket before a destructive request
  ---
  duration_ms: 1.024375
  type: 'test'
  location: '/Users/indo/code/project/orca-lite/scripts/qa/ssh-harness-safety.test.mjs:71:1'
  failureType: 'testCodeFailure'
  error: 'Missing expected rejection.'
  code: 'ERR_ASSERTION'
  name: 'AssertionError'
  operator: 'rejects'
  stack: |-
    async TestContext.<anonymous> (file:///Users/indo/code/project/orca-lite/scripts/qa/ssh-harness-safety.test.mjs:80:3)
    async Test.run (node:internal/test_runner/test:1054:7)
    async Test.processPendingSubtests (node:internal/test_runner/test:744:7)
  ...
# Subtest: resume driver rejects mismatched handshake before registering or closing sessions
not ok 12 - resume driver rejects mismatched handshake before registering or closing sessions
  ---
  duration_ms: 0.763458
  type: 'test'
  location: '/Users/indo/code/project/orca-lite/scripts/qa/ssh-harness-safety.test.mjs:85:1'
  failureType: 'testCodeFailure'
  error: 'Missing expected rejection.'
  code: 'ERR_ASSERTION'
  name: 'AssertionError'
  operator: 'rejects'
  stack: |-
    async TestContext.<anonymous> (file:///Users/indo/code/project/orca-lite/scripts/qa/ssh-harness-safety.test.mjs:92:3)
    async Test.run (node:internal/test_runner/test:1054:7)
    async Test.processPendingSubtests (node:internal/test_runner/test:744:7)
  ...
1..12
# tests 12
# suites 0
# pass 10
# fail 2
# cancelled 0
# skipped 0
# todo 0
# duration_ms 60.211541
