$ vitest run --maxWorkers=1 src/components/NativeTerminalPane.test.tsx src/components/NativeTerminalPane.lifecycle.test.tsx

 RUN  v3.2.7 /Users/indo/code/project/orca-lite/ui

stderr | src/components/NativeTerminalPane.test.tsx > NativeTerminalPane daemon and session identity mapping > retries mount attach on rejection with exponential backoff and attaches on eventual success
Native terminal IPC command failed {
  command: [32m'cmd_native_terminal_attach'[39m,
  error: Error: mount attach failed
      at [90m/Users/indo/code/project/orca-lite/ui/[39msrc/components/NativeTerminalPane.test.tsx:5096:19
      at mockCall [90m(file:///Users/indo/code/project/orca-lite/ui/[39mnode_modules/[4m@vitest/spy[24m/dist/index.js:96:15[90m)[39m
      at spy [90m(file:///Users/indo/code/project/orca-lite/ui/[39mnode_modules/[4mtinyspy[24m/dist/index.js:47:80[90m)[39m
      at Object.operation [90m(/Users/indo/code/project/orca-lite/ui/[39msrc/components/NativeTerminalPane.tsx:759:13[90m)[39m
      at [90m/Users/indo/code/project/orca-lite/ui/[39msrc/lib/nativeTerminalLifecycle.ts:242:19
      at startLifecycleOperation [90m(/Users/indo/code/project/orca-lite/ui/[39msrc/lib/nativeTerminalLifecycle.ts:157:30[90m)[39m
      at enqueueNativeTerminalLifecycle [90m(/Users/indo/code/project/orca-lite/ui/[39msrc/lib/nativeTerminalLifecycle.ts:325:12[90m)[39m
      at attachNativeTerminalLifecycle [90m(/Users/indo/code/project/orca-lite/ui/[39msrc/lib/nativeTerminalLifecycle.ts:240:22[90m)[39m
      at [90m/Users/indo/code/project/orca-lite/ui/[39msrc/components/NativeTerminalPane.tsx:757:12
      at attemptAttach [90m(/Users/indo/code/project/orca-lite/ui/[39msrc/components/NativeTerminalPane.tsx:1802:15[90m)[39m
}

stderr | src/components/NativeTerminalPane.test.tsx > NativeTerminalPane daemon and session identity mapping > retries mount attach on rejection with exponential backoff and attaches on eventual success
Native terminal IPC command failed {
  command: [32m'cmd_native_terminal_attach'[39m,
  error: Error: mount attach failed
      at [90m/Users/indo/code/project/orca-lite/ui/[39msrc/components/NativeTerminalPane.test.tsx:5096:19
      at mockCall [90m(file:///Users/indo/code/project/orca-lite/ui/[39mnode_modules/[4m@vitest/spy[24m/dist/index.js:96:15[90m)[39m
      at spy [90m(file:///Users/indo/code/project/orca-lite/ui/[39mnode_modules/[4mtinyspy[24m/dist/index.js:47:80[90m)[39m
      at Object.operation [90m(/Users/indo/code/project/orca-lite/ui/[39msrc/components/NativeTerminalPane.tsx:759:13[90m)[39m
      at [90m/Users/indo/code/project/orca-lite/ui/[39msrc/lib/nativeTerminalLifecycle.ts:242:19
      at startLifecycleOperation [90m(/Users/indo/code/project/orca-lite/ui/[39msrc/lib/nativeTerminalLifecycle.ts:157:30[90m)[39m
      at enqueueNativeTerminalLifecycle [90m(/Users/indo/code/project/orca-lite/ui/[39msrc/lib/nativeTerminalLifecycle.ts:325:12[90m)[39m
      at attachNativeTerminalLifecycle [90m(/Users/indo/code/project/orca-lite/ui/[39msrc/lib/nativeTerminalLifecycle.ts:240:22[90m)[39m
      at reattachNativeTerminalLifecycle [90m(/Users/indo/code/project/orca-lite/ui/[39msrc/lib/nativeTerminalLifecycle.ts:269:10[90m)[39m
      at [90m/Users/indo/code/project/orca-lite/ui/[39msrc/components/NativeTerminalPane.tsx:757:12
}

 ✓ src/components/NativeTerminalPane.test.tsx (150 tests) 2589ms
stderr | src/components/NativeTerminalPane.lifecycle.test.tsx > NativeTerminalPane compositor ownership lifecycle > retries failed bounds with a fresh attachment and waits for presentation
Native terminal IPC command failed {
  command: [32m'cmd_native_terminal_set_bounds'[39m,
  error: { code: [32m'INTERNAL_ERROR'[39m, message: [32m'native surface unavailable'[39m }
}

stderr | src/components/NativeTerminalPane.lifecycle.test.tsx > NativeTerminalPane compositor ownership lifecycle > preserves the structured cause of a bounds failure in the visible error
Native terminal IPC command failed {
  command: [32m'cmd_native_terminal_set_bounds'[39m,
  error: {
    code: [32m'INVALID_ARGUMENT'[39m,
    message: [32m'Native terminal viewport is outside the configured surface'[39m
  }
}

stderr | src/components/NativeTerminalPane.lifecycle.test.tsx > NativeTerminalPane compositor ownership lifecycle > does not replay Ctrl+C when delivery is ambiguous: {}
Native terminal IPC command failed {
  command: [32m'cmd_native_terminal_send_input'[39m,
  error: Error: Input receipt failed after delivery
      at [90m/Users/indo/code/project/orca-lite/ui/[39msrc/components/NativeTerminalPane.lifecycle.test.tsx:445:5
      at [90mfile:///Users/indo/code/project/orca-lite/ui/[39mnode_modules/[4m@vitest/runner[24m/dist/chunk-hooks.js:734:40
      at runWithSuite [90m(file:///Users/indo/code/project/orca-lite/ui/[39mnode_modules/[4m@vitest/runner[24m/dist/chunk-hooks.js:1849:8[90m)[39m
      at Object.collect [90m(file:///Users/indo/code/project/orca-lite/ui/[39mnode_modules/[4m@vitest/runner[24m/dist/chunk-hooks.js:734:10[90m)[39m
      at Object.collect [90m(file:///Users/indo/code/project/orca-lite/ui/[39mnode_modules/[4m@vitest/runner[24m/dist/chunk-hooks.js:738:54[90m)[39m
  [90m    at processTicksAndRejections (node:internal/process/task_queues:103:5)[39m
      at collectTests [90m(file:///Users/indo/code/project/orca-lite/ui/[39mnode_modules/[4m@vitest/runner[24m/dist/chunk-hooks.js:1179:25[90m)[39m
      at startTests [90m(file:///Users/indo/code/project/orca-lite/ui/[39mnode_modules/[4m@vitest/runner[24m/dist/chunk-hooks.js:1817:17[90m)[39m
      at [90mfile:///Users/indo/code/project/orca-lite/ui/[39mnode_modules/[4mvitest[24m/dist/chunks/runBaseTests.9Ij9_de-.js:117:26
      at withEnv [90m(file:///Users/indo/code/project/orca-lite/ui/[39mnode_modules/[4mvitest[24m/dist/chunks/runBaseTests.9Ij9_de-.js:84:3[90m)[39m
}

stderr | src/components/NativeTerminalPane.lifecycle.test.tsx > NativeTerminalPane compositor ownership lifecycle > does not replay Ctrl+C when delivery is ambiguous: {"code":"INTERNAL_ERROR","message":"Receipt unavailable"}
Native terminal IPC command failed {
  command: [32m'cmd_native_terminal_send_input'[39m,
  error: { code: [32m'INTERNAL_ERROR'[39m, message: [32m'Receipt unavailable'[39m }
}

stderr | src/components/NativeTerminalPane.lifecycle.test.tsx > NativeTerminalPane compositor ownership lifecycle > does not replay Ctrl+C when delivery is ambiguous: {"code":"PTY_IO_ERROR","message":"Write acknowledgement unavailable","details":{"inputWritten":true}}
Native terminal IPC command failed {
  command: [32m'cmd_native_terminal_send_input'[39m,
  error: {
    code: [32m'PTY_IO_ERROR'[39m,
    message: [32m'Write acknowledgement unavailable'[39m,
    details: { inputWritten: [33mtrue[39m }
  }
}

 ❯ src/components/NativeTerminalPane.lifecycle.test.tsx (30 tests | 3 failed) 3270ms
   ✓ NativeTerminalPane compositor ownership lifecycle > retries failed bounds with a fresh attachment and waits for presentation 51ms
   ✓ NativeTerminalPane compositor ownership lifecycle > preserves the structured cause of a bounds failure in the visible error 8ms
   ✓ NativeTerminalPane compositor ownership lifecycle > uses effective native scale for IME anchor at fractional webview density 4ms
   ✓ NativeTerminalPane compositor ownership lifecycle > keeps ordinary equal-scale IME anchors 3ms
   ✓ NativeTerminalPane compositor ownership lifecycle > falls back to raw density for legacy IME receipts 3ms
   ✓ NativeTerminalPane compositor ownership lifecycle > falls back to raw density when native geometry is absent 2ms
   ✓ NativeTerminalPane compositor ownership lifecycle > does not reclaim the outgoing surface when input fails after tab replacement 4ms
   ✓ NativeTerminalPane compositor ownership lifecycle > does not recover input when its owner becomes hidden 3ms
   ✓ NativeTerminalPane compositor ownership lifecycle > does not retry input after its owner leaves during recovery 4ms
   ✓ NativeTerminalPane compositor ownership lifecycle > guards queued recovery attachment while preserving a returning owner (returns=false) 2ms
   ✓ NativeTerminalPane compositor ownership lifecycle > guards queued recovery attachment while preserving a returning owner (returns=true) 3ms
   ✓ NativeTerminalPane compositor ownership lifecycle > does not publish a stale input receipt after replacement 3ms
   ✓ NativeTerminalPane compositor ownership lifecycle > does not publish a stale recovery error after replacement 3ms
   ✓ NativeTerminalPane compositor ownership lifecycle > does not publish a stale retry receipt after replacement 2ms
   ✓ NativeTerminalPane compositor ownership lifecycle > does not publish a stale retry error after replacement 3ms
   ✓ NativeTerminalPane compositor ownership lifecycle > shares one recovery for concurrent inputs from a live owner 3ms
   ✓ NativeTerminalPane compositor ownership lifecycle > does not replay Ctrl+C when delivery is ambiguous: {} 11ms
   ✓ NativeTerminalPane compositor ownership lifecycle > does not replay Ctrl+C when delivery is ambiguous: {"code":"INTERNAL_ERROR","message":"Receipt unavailable"} 4ms
   ✓ NativeTerminalPane compositor ownership lifecycle > does not replay Ctrl+C when delivery is ambiguous: {"code":"PTY_IO_ERROR","message":"Write acknowledgement unavailable","details":{"inputWritten":true}} 4ms
   ✓ NativeTerminalPane compositor ownership lifecycle > retains the outgoing pane until a dropped frame is retried and presented 3ms
   ✓ NativeTerminalPane compositor ownership lifecycle > cancels dropped-frame retries when the pane unmounts 2ms
   ✓ NativeTerminalPane compositor ownership lifecycle > does not block a new split pane attach behind an unrelated session 57ms
   ✓ NativeTerminalPane compositor ownership lifecycle > keeps the existing surface attached when a split reparents its pane 5ms
   × NativeTerminalPane compositor ownership lifecycle > detaches and blocks input while the full-screen Settings surface covers the active pane 1008ms
     → expected [ [ …(2) ] ] to deeply equal [ [ …(2) ], [ …(2) ] ]

Ignored nodes: comments, script, style
[36m<html>[39m
  [36m<head />[39m
  [36m<body>[39m
    [36m<div>[39m
      [36m<div[39m
        [33mclass[39m=[32m"terminal-host relative h-full w-full min-h-0 min-w-0 bg-transparent"[39m
        [33mdata-native-terminal-visible[39m=[32m"true"[39m
        [33mdata-testid[39m=[32m"native-terminal-pane"[39m
        [33mstyle[39m=[32m"margin-top: 12px; height: calc(100% - 32px);"[39m
      [36m>[39m
        [36m<div[39m
          [33mclass[39m=[32m"absolute inset-0"[39m
          [33mdata-testid[39m=[32m"native-terminal-viewport"[39m
        [36m>[39m
          [36m<textarea[39m
            [33maria-label[39m=[32m"Native terminal input"[39m
            [33mclass[39m=[32m"pointer-events-none absolute left-0 top-0 h-px w-px resize-none border-0 bg-transparent p-0 opacity-0"[39m
            [33mdata-testid[39m=[32m"native-terminal-focus-sink"[39m
          [36m/>[39m
        [36m</div>[39m
        [36m<div[39m
          [33mclass[39m=[32m"absolute inset-y-0 right-0 w-3 transition-opacity duration-150 opacity-0 pointer-events-none"[39m
          [33mdata-testid[39m=[32m"native-terminal-scrollbar-track"[39m
        [36m/>[39m
      [36m</div>[39m
    [36m</div>[39m
    [36m<div[39m
      [33maria-label[39m=[32m"Settings"[39m
      [33mrole[39m=[32m"dialog"[39m
    [36m/>[39m
  [36m</body>[39m
[36m</html>[39m...
   × NativeTerminalPane compositor ownership lifecycle > detaches and blocks input while a mounted role=dialog New Tab menu covers the active pane 1005ms
     → expected [ [ …(2) ] ] to deeply equal [ [ …(2) ], [ …(2) ] ]

Ignored nodes: comments, script, style
[36m<html>[39m
  [36m<head />[39m
  [36m<body>[39m
    [36m<div>[39m
      [36m<div[39m
        [33mclass[39m=[32m"terminal-host relative h-full w-full min-h-0 min-w-0 bg-transparent"[39m
        [33mdata-native-terminal-visible[39m=[32m"true"[39m
        [33mdata-testid[39m=[32m"native-terminal-pane"[39m
        [33mstyle[39m=[32m"margin-top: 12px; height: calc(100% - 32px);"[39m
      [36m>[39m
        [36m<div[39m
          [33mclass[39m=[32m"absolute inset-0"[39m
          [33mdata-testid[39m=[32m"native-terminal-viewport"[39m
        [36m>[39m
          [36m<textarea[39m
            [33maria-label[39m=[32m"Native terminal input"[39m
            [33mclass[39m=[32m"pointer-events-none absolute left-0 top-0 h-px w-px resize-none border-0 bg-transparent p-0 opacity-0"[39m
            [33mdata-testid[39m=[32m"native-terminal-focus-sink"[39m
          [36m/>[39m
        [36m</div>[39m
        [36m<div[39m
          [33mclass[39m=[32m"absolute inset-y-0 right-0 w-3 transition-opacity duration-150 opacity-0 pointer-events-none"[39m
          [33mdata-testid[39m=[32m"native-terminal-scrollbar-track"[39m
        [36m/>[39m
      [36m</div>[39m
    [36m</div>[39m
    [36m<div[39m
      [33maria-label[39m=[32m"New tab menu"[39m
      [33mrole[39m=[32m"dialog"[39m
    [36m/>[39m
  [36m</body>[39m
[36m</html>[39m...
   × NativeTerminalPane compositor ownership lifecycle > detaches and blocks input while a mounted role=search Terminal search overlay covers the active pane 1005ms
     → expected [ [ …(2) ] ] to deeply equal [ [ …(2) ], [ …(2) ] ]

Ignored nodes: comments, script, style
[36m<html>[39m
  [36m<head />[39m
  [36m<body>[39m
    [36m<div>[39m
      [36m<div[39m
        [33mclass[39m=[32m"terminal-host relative h-full w-full min-h-0 min-w-0 bg-transparent"[39m
        [33mdata-native-terminal-visible[39m=[32m"true"[39m
        [33mdata-testid[39m=[32m"native-terminal-pane"[39m
        [33mstyle[39m=[32m"margin-top: 12px; height: calc(100% - 32px);"[39m
      [36m>[39m
        [36m<div[39m
          [33mclass[39m=[32m"absolute inset-0"[39m
          [33mdata-testid[39m=[32m"native-terminal-viewport"[39m
        [36m>[39m
          [36m<textarea[39m
            [33maria-label[39m=[32m"Native terminal input"[39m
            [33mclass[39m=[32m"pointer-events-none absolute left-0 top-0 h-px w-px resize-none border-0 bg-transparent p-0 opacity-0"[39m
            [33mdata-testid[39m=[32m"native-terminal-focus-sink"[39m
          [36m/>[39m
        [36m</div>[39m
        [36m<div[39m
          [33mclass[39m=[32m"absolute inset-y-0 right-0 w-3 transition-opacity duration-150 opacity-0 pointer-events-none"[39m
          [33mdata-testid[39m=[32m"native-terminal-scrollbar-track"[39m
        [36m/>[39m
      [36m</div>[39m
    [36m</div>[39m
    [36m<div[39m
      [33maria-label[39m=[32m"Terminal search"[39m
      [33mrole[39m=[32m"search"[39m
    [36m/>[39m
  [36m</body>[39m
[36m</html>[39m...
   ✓ NativeTerminalPane compositor ownership lifecycle > suppresses and restores native surface via NativeTerminalVisibilityProvider 55ms
   ✓ NativeTerminalPane compositor ownership lifecycle > updates device scale without reattaching when monitor density changes at fixed logical bounds 3ms
   ✓ NativeTerminalPane compositor ownership lifecycle > handles React StrictMode remount cleanly preserving attach sequence 2ms
   ✓ NativeTerminalPane compositor ownership lifecycle > skips stale detachment when remount occurs while detachment is in flight and remains attached 5ms

⎯⎯⎯⎯⎯⎯⎯ Failed Tests 3 ⎯⎯⎯⎯⎯⎯⎯

 FAIL  src/components/NativeTerminalPane.lifecycle.test.tsx > NativeTerminalPane compositor ownership lifecycle > detaches and blocks input while the full-screen Settings surface covers the active pane
AssertionError: expected [ [ …(2) ] ] to deeply equal [ [ …(2) ], [ …(2) ] ]

Ignored nodes: comments, script, style
[36m<html>[39m
  [36m<head />[39m
  [36m<body>[39m
    [36m<div>[39m
      [36m<div[39m
        [33mclass[39m=[32m"terminal-host relative h-full w-full min-h-0 min-w-0 bg-transparent"[39m
        [33mdata-native-terminal-visible[39m=[32m"true"[39m
        [33mdata-testid[39m=[32m"native-terminal-pane"[39m
        [33mstyle[39m=[32m"margin-top: 12px; height: calc(100% - 32px);"[39m
      [36m>[39m
        [36m<div[39m
          [33mclass[39m=[32m"absolute inset-0"[39m
          [33mdata-testid[39m=[32m"native-terminal-viewport"[39m
        [36m>[39m
          [36m<textarea[39m
            [33maria-label[39m=[32m"Native terminal input"[39m
            [33mclass[39m=[32m"pointer-events-none absolute left-0 top-0 h-px w-px resize-none border-0 bg-transparent p-0 opacity-0"[39m
            [33mdata-testid[39m=[32m"native-terminal-focus-sink"[39m
          [36m/>[39m
        [36m</div>[39m
        [36m<div[39m
          [33mclass[39m=[32m"absolute inset-y-0 right-0 w-3 transition-opacity duration-150 opacity-0 pointer-events-none"[39m
          [33mdata-testid[39m=[32m"native-terminal-scrollbar-track"[39m
        [36m/>[39m
      [36m</div>[39m
    [36m</div>[39m
    [36m<div[39m
      [33maria-label[39m=[32m"Settings"[39m
      [33mrole[39m=[32m"dialog"[39m
    [36m/>[39m
  [36m</body>[39m
[36m</html>[39m...

[32m- Expected[39m
[31m+ Received[39m

[2m  [[22m
[2m    [[22m
[2m      "cmd_native_terminal_attach",[22m
[2m      "backend-settings",[22m
[2m    ],[22m
[32m-   [[39m
[32m-     "cmd_native_terminal_detach",[39m
[32m-     "backend-settings",[39m
[32m-   ],[39m
[2m  ][22m

 ❯ src/components/NativeTerminalPane.lifecycle.test.tsx:606:32
    604| 
    605|     await waitFor(() => {
    606|       expect(lifecycleCalls()).toEqual([
       |                                ^
    607|         ["cmd_native_terminal_attach", "backend-settings"],
    608|         ["cmd_native_terminal_detach", "backend-settings"],
 ❯ runWithExpensiveErrorDiagnosticsDisabled node_modules/@testing-library/dom/dist/config.js:47:12
 ❯ checkCallback node_modules/@testing-library/dom/dist/wait-for.js:124:77
 ❯ Timeout.checkRealTimersCallback node_modules/@testing-library/dom/dist/wait-for.js:118:16

⎯⎯⎯⎯⎯⎯⎯⎯⎯⎯⎯⎯⎯⎯⎯⎯⎯⎯⎯⎯⎯⎯⎯⎯[1/3]⎯

 FAIL  src/components/NativeTerminalPane.lifecycle.test.tsx > NativeTerminalPane compositor ownership lifecycle > detaches and blocks input while a mounted role=dialog New Tab menu covers the active pane
AssertionError: expected [ [ …(2) ] ] to deeply equal [ [ …(2) ], [ …(2) ] ]

Ignored nodes: comments, script, style
[36m<html>[39m
  [36m<head />[39m
  [36m<body>[39m
    [36m<div>[39m
      [36m<div[39m
        [33mclass[39m=[32m"terminal-host relative h-full w-full min-h-0 min-w-0 bg-transparent"[39m
        [33mdata-native-terminal-visible[39m=[32m"true"[39m
        [33mdata-testid[39m=[32m"native-terminal-pane"[39m
        [33mstyle[39m=[32m"margin-top: 12px; height: calc(100% - 32px);"[39m
      [36m>[39m
        [36m<div[39m
          [33mclass[39m=[32m"absolute inset-0"[39m
          [33mdata-testid[39m=[32m"native-terminal-viewport"[39m
        [36m>[39m
          [36m<textarea[39m
            [33maria-label[39m=[32m"Native terminal input"[39m
            [33mclass[39m=[32m"pointer-events-none absolute left-0 top-0 h-px w-px resize-none border-0 bg-transparent p-0 opacity-0"[39m
            [33mdata-testid[39m=[32m"native-terminal-focus-sink"[39m
          [36m/>[39m
        [36m</div>[39m
        [36m<div[39m
          [33mclass[39m=[32m"absolute inset-y-0 right-0 w-3 transition-opacity duration-150 opacity-0 pointer-events-none"[39m
          [33mdata-testid[39m=[32m"native-terminal-scrollbar-track"[39m
        [36m/>[39m
      [36m</div>[39m
    [36m</div>[39m
    [36m<div[39m
      [33maria-label[39m=[32m"New tab menu"[39m
      [33mrole[39m=[32m"dialog"[39m
    [36m/>[39m
  [36m</body>[39m
[36m</html>[39m...

[32m- Expected[39m
[31m+ Received[39m

[2m  [[22m
[2m    [[22m
[2m      "cmd_native_terminal_attach",[22m
[2m      "backend-newtab",[22m
[2m    ],[22m
[32m-   [[39m
[32m-     "cmd_native_terminal_detach",[39m
[32m-     "backend-newtab",[39m
[32m-   ],[39m
[2m  ][22m

 ❯ src/components/NativeTerminalPane.lifecycle.test.tsx:651:32
    649| 
    650|     await waitFor(() => {
    651|       expect(lifecycleCalls()).toEqual([
       |                                ^
    652|         ["cmd_native_terminal_attach", "backend-newtab"],
    653|         ["cmd_native_terminal_detach", "backend-newtab"],
 ❯ runWithExpensiveErrorDiagnosticsDisabled node_modules/@testing-library/dom/dist/config.js:47:12
 ❯ checkCallback node_modules/@testing-library/dom/dist/wait-for.js:124:77
 ❯ Timeout.checkRealTimersCallback node_modules/@testing-library/dom/dist/wait-for.js:118:16

⎯⎯⎯⎯⎯⎯⎯⎯⎯⎯⎯⎯⎯⎯⎯⎯⎯⎯⎯⎯⎯⎯⎯⎯[2/3]⎯

 FAIL  src/components/NativeTerminalPane.lifecycle.test.tsx > NativeTerminalPane compositor ownership lifecycle > detaches and blocks input while a mounted role=search Terminal search overlay covers the active pane
AssertionError: expected [ [ …(2) ] ] to deeply equal [ [ …(2) ], [ …(2) ] ]

Ignored nodes: comments, script, style
[36m<html>[39m
  [36m<head />[39m
  [36m<body>[39m
    [36m<div>[39m
      [36m<div[39m
        [33mclass[39m=[32m"terminal-host relative h-full w-full min-h-0 min-w-0 bg-transparent"[39m
        [33mdata-native-terminal-visible[39m=[32m"true"[39m
        [33mdata-testid[39m=[32m"native-terminal-pane"[39m
        [33mstyle[39m=[32m"margin-top: 12px; height: calc(100% - 32px);"[39m
      [36m>[39m
        [36m<div[39m
          [33mclass[39m=[32m"absolute inset-0"[39m
          [33mdata-testid[39m=[32m"native-terminal-viewport"[39m
        [36m>[39m
          [36m<textarea[39m
            [33maria-label[39m=[32m"Native terminal input"[39m
            [33mclass[39m=[32m"pointer-events-none absolute left-0 top-0 h-px w-px resize-none border-0 bg-transparent p-0 opacity-0"[39m
            [33mdata-testid[39m=[32m"native-terminal-focus-sink"[39m
          [36m/>[39m
        [36m</div>[39m
        [36m<div[39m
          [33mclass[39m=[32m"absolute inset-y-0 right-0 w-3 transition-opacity duration-150 opacity-0 pointer-events-none"[39m
          [33mdata-testid[39m=[32m"native-terminal-scrollbar-track"[39m
        [36m/>[39m
      [36m</div>[39m
    [36m</div>[39m
    [36m<div[39m
      [33maria-label[39m=[32m"Terminal search"[39m
      [33mrole[39m=[32m"search"[39m
    [36m/>[39m
  [36m</body>[39m
[36m</html>[39m...

[32m- Expected[39m
[31m+ Received[39m

[2m  [[22m
[2m    [[22m
[2m      "cmd_native_terminal_attach",[22m
[2m      "backend-search",[22m
[2m    ],[22m
[32m-   [[39m
[32m-     "cmd_native_terminal_detach",[39m
[32m-     "backend-search",[39m
[32m-   ],[39m
[2m  ][22m

 ❯ src/components/NativeTerminalPane.lifecycle.test.tsx:696:32
    694| 
    695|     await waitFor(() => {
    696|       expect(lifecycleCalls()).toEqual([
       |                                ^
    697|         ["cmd_native_terminal_attach", "backend-search"],
    698|         ["cmd_native_terminal_detach", "backend-search"],
 ❯ runWithExpensiveErrorDiagnosticsDisabled node_modules/@testing-library/dom/dist/config.js:47:12
 ❯ checkCallback node_modules/@testing-library/dom/dist/wait-for.js:124:77
 ❯ Timeout.checkRealTimersCallback node_modules/@testing-library/dom/dist/wait-for.js:118:16

⎯⎯⎯⎯⎯⎯⎯⎯⎯⎯⎯⎯⎯⎯⎯⎯⎯⎯⎯⎯⎯⎯⎯⎯[3/3]⎯


 Test Files  1 failed | 1 passed (2)
      Tests  3 failed | 177 passed (180)
   Start at  23:44:38
   Duration  7.33s (transform 264ms, setup 184ms, collect 401ms, tests 5.86s, environment 429ms, prepare 60ms)

error: script "test" exited with code 1
