   Compiling unicode-ident v1.0.24
   Compiling cfg-if v1.0.4
   Compiling equivalent v1.0.2
   Compiling heck v0.5.0
   Compiling log v0.4.33
   Compiling libc v0.2.189
   Compiling serde_core v1.0.229
   Compiling once_cell v1.21.4
   Compiling memchr v2.8.3
   Compiling smallvec v1.15.2
   Compiling pin-project-lite v0.2.17
   Compiling itoa v1.0.18
   Compiling indexmap v2.14.0
   Compiling scopeguard v1.2.0
   Compiling futures-core v0.3.34
   Compiling bytes v1.12.1
   Compiling proc-macro2 v1.0.107
   Compiling writeable v0.6.4
   Compiling litemap v0.8.3
   Compiling winnow v1.0.4
   Compiling semver v1.0.28
   Compiling siphasher v1.0.3
   Compiling utf8_iter v1.0.4
   Compiling lock_api v0.4.14
   Compiling slab v0.4.12
   Compiling icu_properties_data v2.3.0
   Compiling icu_normalizer_data v2.3.0
   Compiling typenum v1.20.1
   Compiling http v1.5.0
   Compiling zmij v1.0.23
   Compiling quick-xml v0.41.0
   Compiling time-core v0.1.9
   Compiling phf_shared v0.13.1
   Compiling num-conv v0.2.2
   Compiling quote v1.0.47
   Compiling rustc_version v0.4.1
   Compiling powerfmt v0.2.0
   Compiling getrandom v0.2.17
   Compiling toml_writer v1.1.2+spec-1.1.0
   Compiling base64 v0.22.1
   Compiling futures-sink v0.3.34
   Compiling byteorder v1.5.0
   Compiling syn v3.0.3
   Compiling syn v2.0.119
   Compiling phf_generator v0.13.1
   Compiling futures-task v0.3.34
   Compiling typeid v1.0.3
   Compiling aho-corasick v1.1.5
   Compiling unic-char-range v0.9.0
   Compiling regex-syntax v0.8.11
   Compiling fnv v1.0.7
   Compiling bitflags v2.13.1
   Compiling toml_parser v1.1.3+spec-1.1.0
   Compiling unic-common v0.9.0
   Compiling phf_codegen v0.13.1
   Compiling generic-array v0.14.7
   Compiling string_cache_codegen v0.6.1
   Compiling unic-char-property v0.9.0
   Compiling parking_lot_core v0.9.12
   Compiling unic-ucd-version v0.9.0
   Compiling alloc-no-stdlib v2.0.4
   Compiling serde_spanned v1.1.1
   Compiling same-file v1.0.6
   Compiling getrandom v0.4.3
   Compiling unic-ucd-ident v0.9.0
   Compiling anyhow v1.0.104
   Compiling parking_lot v0.12.5
   Compiling web_atoms v0.2.6
   Compiling serde_json v1.0.151
   Compiling walkdir v2.5.0
   Compiling futures-channel v0.3.34
   Compiling alloc-stdlib v0.2.4
   Compiling bitflags v1.3.2
   Compiling rustc-hash v2.1.3
   Compiling dunce v1.0.5
   Compiling ctor v0.8.0
   Compiling brotli-decompressor v5.0.3
   Compiling uuid v1.26.0
   Compiling string_cache v0.9.0
   Compiling selectors v0.36.1
   Compiling rand_core v0.6.4
   Compiling subtle v2.6.1
   Compiling glob v0.3.4
   Compiling futures-io v0.3.34
   Compiling toml v1.1.4+spec-1.1.0
   Compiling stable_deref_trait v1.2.1
   Compiling time v0.3.55
   Compiling proc-macro-error-attr v1.0.4
   Compiling syn v1.0.109
   Compiling cfb v0.7.3
   Compiling erased-serde v0.4.10
   Compiling brotli v8.0.4
   Compiling errno v0.3.14
   Compiling linux-raw-sys v0.12.1
   Compiling proc-macro-error v1.0.4
   Compiling synstructure v0.13.2
   Compiling darling_core v0.23.0
   Compiling regex-automata v0.4.18
   Compiling serde_derive_internals v0.29.1
   Compiling thiserror-impl v1.0.69
   Compiling serde_derive v1.0.229
   Compiling zerovec-derive v0.11.5
   Compiling displaydoc v0.2.7
   Compiling thiserror-impl v2.0.20
   Compiling phf_macros v0.13.1
   Compiling futures-macro v0.3.34
   Compiling zerofrom-derive v0.1.7
   Compiling yoke-derive v0.8.2
   Compiling thiserror v1.0.69
   Compiling phf v0.13.1
   Compiling bytemuck_derive v1.12.0
   Compiling futures-util v0.3.34
   Compiling thiserror v2.0.20
   Compiling zeroize_derive v1.5.0
   Compiling cssparser-macros v0.6.1
   Compiling derive_more-impl v2.1.1
   Compiling zeroize v1.9.0
   Compiling zerofrom v0.1.8
   Compiling cssparser v0.36.0
   Compiling schemars_derive v0.8.22
   Compiling bytemuck v1.25.2
   Compiling yoke v0.8.3
   Compiling derive_more v2.1.1
   Compiling markup5ever v0.38.0
   Compiling serde v1.0.229
   Compiling darling_macro v0.23.0
   Compiling rustix v1.1.4
   Compiling signal-hook-registry v1.4.8
   Compiling zerovec v0.11.8
   Compiling zerotrie v0.2.5
   Compiling darling v0.23.0
   Compiling html5ever v0.38.0
   Compiling serde_with_macros v3.22.0
   Compiling infer v0.19.0
   Compiling serde-untagged v0.1.9
   Compiling crypto-common v0.1.7
   Compiling toml_datetime v0.6.3
   Compiling serde_spanned v0.6.9
   Compiling tinystr v0.8.4
   Compiling potential_utf v0.1.6
   Compiling indexmap v1.9.3
   Compiling cargo-platform v0.1.9
   Compiling jsonptr v0.6.3
   Compiling toml_edit v0.20.2
   Compiling serde_with v3.22.0
   Compiling regex v1.13.1
   Compiling icu_locale_core v2.3.0
   Compiling plist v1.10.0
   Compiling icu_collections v2.3.0
   Compiling cargo_metadata v0.19.2
   Compiling cpufeatures v0.2.17
   Compiling futures-executor v0.3.34
   Compiling json-patch v3.0.1
   Compiling dom_query v0.27.0
   Compiling block-buffer v0.10.4
   Compiling percent-encoding v2.3.2
   Compiling zerocopy-derive v0.8.56
   Compiling socket2 v0.6.5
   Compiling mio v1.2.2
   Compiling libloading v0.8.9
   Compiling foldhash v0.2.0
   Compiling arrayvec v0.7.8
   Compiling icu_provider v2.3.0
   Compiling option-ext v0.2.0
   Compiling zerocopy v0.8.56
   Compiling libm v0.2.16
   Compiling tokio-macros v2.7.2
   Compiling rand_core v0.10.1
   Compiling tracing-core v0.1.36
   Compiling tokio v1.53.1
   Compiling icu_normalizer v2.3.0
   Compiling toml v0.8.2
   Compiling icu_properties v2.3.0
   Compiling proc-macro-crate v2.0.2
   Compiling crossbeam-utils v0.8.22
   Compiling hashbrown v0.17.1
   Compiling glib-macros v0.18.5
   Compiling system-deps v6.2.2
   Compiling winnow v0.7.15
   Compiling num-traits v0.2.19
   Compiling tracing-attributes v0.1.31
   Compiling toml_datetime v0.7.5+spec-1.1.0
   Compiling raw-window-handle v0.6.2
   Compiling glib-sys v0.18.1
   Compiling gobject-sys v0.18.0
   Compiling gio-sys v0.18.1
   Compiling idna_adapter v1.2.2
   Compiling gdk-sys v0.18.2
   Compiling cairo-sys-rs v0.18.2
   Compiling gdk-pixbuf-sys v0.18.0
   Compiling atk-sys v0.18.2
   Compiling pango-sys v0.18.0
   Compiling gtk-sys v0.18.2
   Compiling idna v1.1.0
   Compiling tracing v0.1.44
   Compiling getrandom v0.3.4
   Compiling dirs-sys v0.5.0
   Compiling dlib v0.5.3
   Compiling form_urlencoded v1.2.2
   Compiling rustls-pki-types v1.15.1
   Compiling embed-resource v3.0.11
   Compiling dirs v6.0.0
   Compiling wayland-sys v0.31.11
   Compiling toml v0.9.12+spec-1.1.0
   Compiling toml_edit v0.19.15
   Compiling url v2.5.8
   Compiling tauri-winres v0.3.6
   Compiling deranged v0.5.8
   Compiling field-offset v0.3.6
   Compiling time-macros v0.2.32
   Compiling simd-adler32 v0.3.10
   Compiling untrusted v0.9.0
   Compiling lazy_static v1.5.0
   Compiling ring v0.17.14
   Compiling urlpattern v0.3.0
   Compiling schemars v0.8.22
   Compiling memoffset v0.9.1
   Compiling javascriptcore-rs-sys v1.1.1
   Compiling soup3-sys v0.5.0
   Compiling adler2 v2.0.1
   Compiling cargo_toml v0.22.3
   Compiling parking v2.2.1
   Compiling glib v0.18.5
   Compiling miniz_oxide v0.8.9
   Compiling gtk v0.18.2
   Compiling proc-macro-crate v1.3.1
   Compiling crc32fast v1.5.0
   Compiling webkit2gtk-sys v2.0.2
   Compiling flate2 v1.1.9
   Compiling gtk3-macros v0.18.2
   Compiling tauri-utils v2.9.3
   Compiling symphonia-core v0.5.5
   Compiling fdeflate v0.3.7
   Compiling gdkx11-sys v0.18.2
   Compiling digest v0.10.7
   Compiling dpi v0.1.2
   Compiling downcast-rs v1.2.1
   Compiling rustls-webpki v0.103.15
   Compiling atomic-waker v1.1.2
   Compiling fastrand v2.5.0
   Compiling x11 v2.21.0
   Compiling polling v3.11.0
   Compiling http-body v1.1.0
   Compiling scoped-tls v1.0.1
   Compiling x11-dl v2.21.0
   Compiling wayland-backend v0.3.17
   Compiling enumflags2_derive v0.7.12
   Compiling rustls v0.23.43
   Compiling toml_edit v0.25.13+spec-1.1.0
   Compiling toml_datetime v1.1.1+spec-1.1.0
   Compiling encoding_rs v0.8.35
   Compiling tower-service v0.3.3
   Compiling proc-macro-crate v3.5.0
   Compiling cookie v0.18.2
   Compiling libdbus-sys v0.2.7
   Compiling httparse v1.10.1
   Compiling png v0.17.16
   Compiling event-listener v5.4.2
   Compiling crossbeam-channel v0.5.16
   Compiling concurrent-queue v2.5.0
   Compiling symphonia-metadata v0.5.5
   Compiling zvariant_utils v4.2.0
   Compiling dlopen2_derive v0.4.3
   Compiling block-padding v0.3.3
   Compiling wayland-scanner v0.31.11
   Compiling mime v0.3.17
   Compiling dlopen2 v0.8.2
   Compiling wry v0.55.1
   Compiling inout v0.1.4
   Compiling ico v0.5.0
   Compiling event-listener-strategy v0.5.4
   Compiling dbus v0.9.12
   Compiling sha2 v0.10.9
   Compiling futures-lite v2.6.1
   Compiling gdkwayland-sys v0.18.2
   Compiling wayland-client v0.31.15
   Compiling zvariant_derive v5.15.0
   Compiling ppv-lite86 v0.2.21
   Compiling serde_repr v0.1.21
   Compiling pxfm v0.1.30
   Compiling rustc-hash v1.1.0
   Compiling try-lock v0.2.5
   Compiling tower-layer v0.3.3
   Compiling unicode-segmentation v1.13.3
   Compiling endi v1.1.1
   Compiling want v0.3.1
   Compiling naga-types v30.0.1
   Compiling cipher v0.4.4
   Compiling png v0.18.1
   Compiling webpki-roots v1.0.9
   Compiling moxcms v0.8.1
   Compiling keyboard-types v0.7.0
   Compiling serialize-to-javascript-impl v0.1.2
   Compiling sync_wrapper v1.0.2
   Compiling bit-vec v0.9.1
   Compiling httpdate v1.0.3
   Compiling gio v0.18.4
   Compiling cairo-rs v0.18.5
   Compiling atk v0.18.2
   Compiling javascriptcore-rs v1.1.2
   Compiling unicode-width v0.1.14
   Compiling byteorder-lite v0.1.0
   Compiling bit-set v0.10.0
   Compiling hyper v1.11.0
   Compiling codespan-reporting v0.13.1
   Compiling serialize-to-javascript v0.1.2
   Compiling tokio-rustls v0.26.4
   Compiling symphonia-utils-xiph v0.5.5
   Compiling enumflags2 v0.7.12
   Compiling half v2.7.1
   Compiling rand_core v0.9.5
   Compiling universal-hash v0.5.1
   Compiling zcheapstr v1.1.0
   Compiling spirv v0.4.0+sdk-1.4.341.0
   Compiling async-task v4.7.1
   Compiling ipnet v2.12.1
   Compiling opaque-debug v0.3.1
   Compiling static_assertions v1.1.0
   Compiling linux-raw-sys v0.4.15
   Compiling tauri-plugin v2.6.3
   Compiling tauri-build v2.6.3
   Compiling tauri-codegen v2.6.3
   Compiling allocator-api2 v0.2.21
   Compiling wgpu-types v30.0.1
   Compiling hyper-util v0.1.20
   Compiling tauri-plugin-fs v2.5.1
   Compiling rustix v0.38.44
   Compiling hashbrown v0.16.1
   Compiling rand_chacha v0.9.0
   Compiling tauri v2.11.5
   Compiling naga v30.0.1
   Compiling tauri-macros v2.6.3
   Compiling zvariant v5.15.0
   Compiling image v0.25.10
   Compiling async-io v2.6.0
   Compiling ash v0.38.0+1.3.281
   Compiling wayland-protocols v0.32.13
   Compiling tower v0.5.3
   Compiling async-channel v2.5.0
   Compiling http-body-util v0.1.5
   Compiling curve25519-dalek v4.1.3
   Compiling presser v0.3.1
   Compiling async-signal v0.2.14
   Compiling rand v0.9.5
   Compiling ahash v0.8.12
   Compiling khronos-egl v6.0.0
   Compiling async-lock v3.4.2
   Compiling piper v0.2.5
   Compiling zbus_names v4.3.4
   Compiling calloop v0.13.0
   Compiling ordered-float v4.6.0
   Compiling curve25519-dalek-derive v0.1.1
   Compiling cpufeatures v0.3.0
   Compiling cursor-icon v1.2.0
   Compiling ttf-parser v0.25.1
   Compiling arrayref v0.3.9
   Compiling openssl-probe v0.2.1
   Compiling strict-num v0.1.1
   Compiling renderdoc-sys v1.1.0
   Compiling profiling v1.0.18
   Compiling xkeysym v0.2.1
   Compiling glow v0.17.0
   Compiling xcursor v0.3.11
   Compiling rustls-native-certs v0.8.4
   Compiling tiny-skia-path v0.11.4
   Compiling zbus_macros v5.19.0
   Compiling calloop-wayland-source v0.3.0
   Compiling wayland-cursor v0.31.14
   Compiling wayland-csd-frame v0.3.0
   Compiling chacha20 v0.10.1
   Compiling blocking v1.6.2
   Compiling async-process v2.5.0
   Compiling alsa-sys v0.4.0
   Compiling tower-http v0.6.11
   Compiling hyper-rustls v0.27.9
   Compiling tauri-plugin-notification v2.3.3
   Compiling tauri-plugin-updater v2.10.1
   Compiling tauri-plugin-process v2.3.1
   Compiling tauri-plugin-dialog v2.7.2
   Compiling async-executor v1.14.0
   Compiling polyval v0.6.2
   Compiling async-broadcast v0.7.2
   Compiling tokio-util v0.7.19
   Compiling sha1 v0.10.7
   Compiling owned_ttf_parser v0.25.1
   Compiling num-integer v0.1.47
   Compiling aead v0.5.2
   Compiling async-trait v0.1.92
   Compiling async-recursion v1.1.1
   Compiling memmap2 v0.9.11
   Compiling ordered-stream v0.2.0
   Compiling unicase v2.9.0
   Compiling hex v0.4.3
   Compiling data-encoding v2.11.1
   Compiling wayland-protocols-wlr v0.3.12
   Compiling ryu v1.0.23
   Compiling extended v0.1.0
   Compiling tinyvec_macros v0.1.1
   Compiling ab_glyph_rasterizer v0.1.10
   Compiling rfd v0.16.0
   Compiling num-bigint v0.4.8
   Compiling serde_urlencoded v0.7.1
   Compiling mime_guess v2.0.5
   Compiling tungstenite v0.29.0
   Compiling zbus v5.19.0
   Compiling tinyvec v1.12.0
   Compiling symphonia-format-riff v0.5.5
   Compiling ab_glyph v0.2.32
   Compiling ghash v0.5.1
   Compiling alsa v0.11.0
   Compiling rand v0.10.2
   Compiling inotify-sys v0.1.8
   Compiling tiny-skia v0.11.4
   Compiling rustls-platform-verifier v0.7.0
   Compiling hashbrown v0.14.5
   Compiling poly1305 v0.8.0
   Compiling smithay-client-toolkit v0.19.2
   Compiling symphonia-format-ogg v0.5.5
   Compiling symphonia-format-isomp4 v0.5.5
   Compiling symphonia-bundle-flac v0.5.5
   Compiling pango v0.18.3
   Compiling gdk-pixbuf v0.18.5
   Compiling soup3 v0.5.0
   Compiling symphonia-codec-vorbis v0.5.5
   Compiling chacha20 v0.9.1
   Compiling aes v0.8.4
   Compiling ctr v0.9.2
   Compiling webpki-roots v0.26.11
   Compiling symphonia-bundle-mp3 v0.5.5
   Compiling symphonia-codec-pcm v0.5.5
   Compiling symphonia-codec-aac v0.5.5
   Compiling xattr v1.6.1
   Compiling gethostname v1.1.0
   Compiling rand_pcg v0.10.2
   Compiling snow v0.9.6
   Compiling filetime v0.2.29
   Compiling as-raw-xcb-connection v1.0.1
   Compiling lru-slab v0.1.2
   Compiling x11rb-protocol v0.13.2
   Compiling dasp_sample v0.11.0
   Compiling signature v2.2.0
   Compiling tar v0.4.46
   Compiling symphonia v0.5.5
   Compiling ed25519 v2.2.3
   Compiling quinn-proto v0.11.17
   Compiling aes-gcm v0.10.3
   Compiling gdk v0.18.2
   Compiling sctk-adwaita v0.10.1
   Compiling cpal v0.17.3
   Compiling tokio-tungstenite v0.29.0
   Compiling chacha20poly1305 v0.10.1
   Compiling hashlink v0.9.1
   Compiling reqwest v0.13.4
   Compiling num-rational v0.4.2
   Compiling nix v0.28.0
   Compiling libsqlite3-sys v0.30.1
   Compiling inotify v0.11.5
   Compiling quinn-udp v0.5.15
   Compiling wgpu-naga-bridge v30.0.1
   Compiling wayland-protocols-plasma v0.3.12
   Compiling xkbcommon-dl v0.4.2
   Compiling axum-core v0.5.6
   Compiling ferryx v2026.928.7 (/home/indo/ferryx-pane-completion/source-21dea3c0/src-tauri)
   Compiling rand_chacha v0.3.1
   Compiling yasna v0.6.0
   Compiling tokio-stream v0.1.19
   Compiling tempfile v3.27.0
   Compiling hmac v0.12.1
   Compiling blake2 v0.10.6
   Compiling gpu-allocator v0.28.0
   Compiling sharded-slab v0.1.7
   Compiling tracing-log v0.2.0
   Compiling filedescriptor v0.8.3
   Compiling notify-types v2.1.0
   Compiling serde_path_to_error v0.1.20
   Compiling serial2 v0.2.38
   Compiling gdkx11 v0.18.2
   Compiling wgpu-hal v30.0.1
   Compiling notify-rust v4.18.0
   Compiling thread_local v1.1.10
   Compiling shell-words v1.1.1
   Compiling minisign-verify v0.2.5
   Compiling matchit v0.8.4
   Compiling fallible-iterator v0.3.0
   Compiling smol_str v0.2.2
   Compiling fallible-streaming-iterator v0.1.9
   Compiling nu-ansi-term v0.50.3
   Compiling axum v0.8.9
   Compiling portable-pty v0.9.0 (/home/indo/ferryx-pane-completion/source-21dea3c0/src-tauri/vendor/portable-pty)
   Compiling quinn v0.11.11
   Compiling rusqlite v0.32.1
   Compiling tracing-subscriber v0.3.23
   Compiling notify v8.2.0
   Compiling tokio-test v0.4.5
   Compiling pbkdf2 v0.12.2
   Compiling rcgen v0.14.10
   Compiling rand v0.8.7
   Compiling rodio v0.22.2
   Compiling ed25519-dalek v2.2.0
   Compiling reqwest v0.12.28
   Compiling x25519-dalek v2.0.1
   Compiling cbc v0.1.2
   Compiling tower-http v0.7.1
   Compiling base64 v0.23.1
   Compiling pollster v1.0.1
   Compiling wgpu-core-deps-windows-linux-android v30.0.1
   Compiling wgpu-core v30.0.1
   Compiling x11rb v0.13.2
   Compiling winit v0.30.13
   Compiling wgpu v30.0.1
   Compiling webkit2gtk v2.0.2
   Compiling tao v0.35.3
   Compiling muda v0.19.3
   Compiling tauri-runtime v2.11.3
   Compiling tauri-runtime-wry v2.11.4
warning: unused import: `seal_offer`
 --> src/account/offer_sink.rs:9:47
  |
9 | use crate::remote::sealed_offer::{open_offer, seal_offer};
  |                                               ^^^^^^^^^^
  |
  = note: `#[warn(unused_imports)]` (part of `#[warn(unused)]`) on by default

warning: unused import: `Serialize`
 --> src/agent_transcript.rs:1:26
  |
1 | use serde::{Deserialize, Serialize};
  |                          ^^^^^^^^^

warning: unused import: `ImportedCookie`
  --> src/browser/chromium_cookie_source.rs:13:67
   |
13 |     filter_google_cookies, resolve_installed_browser_profile_dir, ImportedCookie,
   |                                                                   ^^^^^^^^^^^^^^

warning: unused import: `Manager`
 --> src/browser/snapshot_source.rs:8:24
  |
8 | use tauri::{AppHandle, Manager};
  |                        ^^^^^^^

warning: unused import: `std::os::fd::IntoRawFd`
   --> src/daemon/handover_wire.rs:442:9
    |
442 |     use std::os::fd::IntoRawFd;
    |         ^^^^^^^^^^^^^^^^^^^^^^

warning: unused import: `super::session_service::*`
  --> src/daemon/server.rs:22:5
   |
22 | use super::session_service::*;
   |     ^^^^^^^^^^^^^^^^^^^^^^^^^

warning: unused import: `PathBuf`
 --> src/ipc/remote_drop.rs:6:23
  |
6 | use std::path::{Path, PathBuf};
  |                       ^^^^^^^

warning: unused import: `tauri::Manager`
    --> src/ipc/terminal.rs:5389:13
     |
5389 |         use tauri::Manager;
     |             ^^^^^^^^^^^^^^

warning: unused import: `tauri::Manager`
    --> src/ipc/terminal.rs:5413:13
     |
5413 |         use tauri::Manager;
     |             ^^^^^^^^^^^^^^

warning: unused imports: `DaemonRequest`, `SplitAttachAttempt`, `SplitOperationRequest`, and `SplitOperationResponse`
 --> src/ipc/pane_liveness_contract.rs:4:28
  |
4 |         clip_stage_budget, DaemonRequest, DaemonResponse, DaemonSessionDetails,
  |                            ^^^^^^^^^^^^^
5 |         LocalSplitEnvelope, PaneAttachTuple, PanePresentationReceipt, PreparedLocalSplit,
6 |         SplitAttachAttempt, SplitDelivery, SplitErrorDetails, SplitIdentity, SplitNoChild,
  |         ^^^^^^^^^^^^^^^^^^
7 |         SplitOperationRequest, SplitOperationResponse, SplitOperationResult, SplitOwnership,
  |         ^^^^^^^^^^^^^^^^^^^^^  ^^^^^^^^^^^^^^^^^^^^^^

warning: unused import: `super::*`
   --> src/native_terminal/renderer/color_glyph.rs:209:9
    |
209 |     use super::*;
    |         ^^^^^^^^

warning: unused import: `NotificationAuthorization`
 --> src/notification/permission.rs:7:5
  |
7 |     NotificationAuthorization, NotificationPermissionRequestDto, NotificationPermissionStatusDto,
  |     ^^^^^^^^^^^^^^^^^^^^^^^^^

warning: unused import: `AsyncWriteExt`
   --> src/remote/attach_router.rs:184:35
    |
184 |     use tokio::io::{AsyncReadExt, AsyncWriteExt};
    |                                   ^^^^^^^^^^^^^

warning: unused import: `tokio::io::AsyncWriteExt as _`
   --> src/remote/attach_router.rs:240:13
    |
240 |         use tokio::io::AsyncWriteExt as _;
    |             ^^^^^^^^^^^^^^^^^^^^^^^^^^^^^

warning: unused import: `crate::scoped_contracts::Epoch`
  --> src/remote/machine_agent_state_tests.rs:14:5
   |
14 | use crate::scoped_contracts::Epoch;
   |     ^^^^^^^^^^^^^^^^^^^^^^^^^^^^^^

warning: unused import: `tokio::io::AsyncBufReadExt`
    --> src/ssh/bridge_tests.rs:1968:9
     |
1968 |     use tokio::io::AsyncBufReadExt;
     |         ^^^^^^^^^^^^^^^^^^^^^^^^^^

warning: unused import: `std::io::Write`
   --> src/daemon/handover_socket.rs:339:9
    |
339 |     use std::io::Write;
    |         ^^^^^^^^^^^^^^

warning: unused import: `base64::Engine`
   --> src/remote/account_grants.rs:108:9
    |
108 |     use base64::Engine as _;
    |         ^^^^^^^^^^^^^^

warning: unused import: `AsRawFd`
  --> src/ssh/bridge.rs:28:25
   |
28 | use std::os::unix::io::{AsRawFd, FromRawFd, RawFd};
   |                         ^^^^^^^

warning: unused import: `FromRawFd`
  --> src/ssh/bridge.rs:28:34
   |
28 | use std::os::unix::io::{AsRawFd, FromRawFd, RawFd};
   |                                  ^^^^^^^^^

warning: unused import: `AsRawFd`
    --> src/terminal/session.rs:1209:27
     |
1209 |         use std::os::fd::{AsRawFd, FromRawFd};
     |                           ^^^^^^^

warning: unused variable: `pid`
    --> src/daemon/client.rs:2204:17
     |
2204 |                 pid,
     |                 ^^^ help: try ignoring the field: `pid: _`
     |
     = note: `#[warn(unused_variables)]` (part of `#[warn(unused)]`) on by default

warning: variable does not need to be mutable
   --> src/daemon/handover_socket.rs:190:9
    |
190 |     let mut frame = recv_frame(stream.as_raw_fd())?;
    |         ----^^^^^
    |         |
    |         help: remove this `mut`
    |
    = note: `#[warn(unused_mut)]` (part of `#[warn(unused)]`) on by default

warning: variable does not need to be mutable
   --> src/daemon/handover_socket.rs:318:9
    |
318 |     let mut frame = recv_frame(stream.as_raw_fd())?;
    |         ----^^^^^
    |         |
    |         help: remove this `mut`

warning: variable does not need to be mutable
   --> src/daemon/handover_wire.rs:202:9
    |
202 |     let mut iov_index = 0usize;
    |         ----^^^^^^^^^
    |         |
    |         help: remove this `mut`

warning: value assigned to `sent` is never read
   --> src/daemon/handover_wire.rs:188:20
    |
188 |     let mut sent = 0usize;
    |                    ^^^^^^ this value is reassigned later and never used
...
198 |         sent = n as usize;
    |         ----------------- `sent` is overwritten here before the previous value is read
    |
    = note: `#[warn(unused_assignments)]` (part of `#[warn(unused)]`) on by default

warning: value assigned to `written_total` is never read
   --> src/daemon/handover_wire.rs:213:37
    |
213 |             let mut written_total = 0usize;
    |                                     ^^^^^^ this value is reassigned later and never used
...
222 |             written_total = n as usize;
    |             -------------------------- `written_total` is overwritten here before the previous value is read

warning: value assigned to `header` is never read
   --> src/daemon/handover_wire.rs:529:9
    |
529 |         header = [0u8; HANDOVER_HEADER_BYTES];
    |         ^^^^^^^^^^^^^^^^^^^^^^^^^^^^^^^^^^^^^
    |
    = help: maybe it is overwritten before being read?

warning: value assigned to `cursor` is never read
   --> src/daemon/handover_wire.rs:543:26
    |
543 |         let mut cursor = 0usize;
    |                          ^^^^^^ this value is reassigned later and never used
...
548 |         cursor = header.len();
    |         --------------------- `cursor` is overwritten here before the previous value is read

warning: unused variable: `sender`
   --> src/daemon/handover_wire.rs:569:14
    |
569 |         let (sender, receiver) = socketpair();
    |              ^^^^^^ help: if this is intentional, prefix it with an underscore: `_sender`

warning: unused variable: `receiver`
   --> src/daemon/handover_wire.rs:594:22
    |
594 |         let (sender, receiver) = socketpair();
    |                      ^^^^^^^^ help: if this is intentional, prefix it with an underscore: `_receiver`

warning: variable does not need to be mutable
   --> src/daemon/server.rs:903:41
    |
903 |     pub(crate) fn detach_without_unlock(mut self) -> File {
    |                                         ----^^^^
    |                                         |
    |                                         help: remove this `mut`

warning: unused variable: `host`
   --> src/ipc/remote_drop.rs:310:13
    |
310 |         let host =
    |             ^^^^ help: if this is intentional, prefix it with an underscore: `_host`

warning: variable does not need to be mutable
   --> src/native_terminal/renderer/font_manager.rs:208:13
    |
208 |         let mut subpixel_buffer = vec![0u8; total_pixels * 4];
    |             ----^^^^^^^^^^^^^^^
    |             |
    |             help: remove this `mut`

warning: variable does not need to be mutable
    --> src/native_terminal/surface_host.rs:7379:13
     |
7379 |         let mut harness = DirectRenderHarness::new(
     |             ----^^^^^^^
     |             |
     |             help: remove this `mut`

warning: variable does not need to be mutable
    --> src/native_terminal/surface_host.rs:7430:13
     |
7430 |         let mut harness = DirectRenderHarness::new(vec![
     |             ----^^^^^^^
     |             |
     |             help: remove this `mut`

warning: unused variable: `receipt`
     --> src/native_terminal/surface_host.rs:10106:13
      |
10106 |         let receipt = harness
      |             ^^^^^^^ help: if this is intentional, prefix it with an underscore: `_receipt`

warning: unused variable: `render_receipt`
     --> src/native_terminal/surface_host.rs:10116:13
      |
10116 |         let render_receipt = harness
      |             ^^^^^^^^^^^^^^ help: if this is intentional, prefix it with an underscore: `_render_receipt`

warning: unused variable: `token`
    --> src/remote/auth.rs:1759:14
     |
1759 |         let (token, device) = auth
     |              ^^^^^ help: if this is intentional, prefix it with an underscore: `_token`

warning: variable does not need to be mutable
    --> src/ssh/bridge_tests.rs:1333:9
     |
1333 |     let mut child = spawn_cat_child();
     |         ----^^^^^
     |         |
     |         help: remove this `mut`

warning: variable does not need to be mutable
    --> src/ssh/bridge_tests.rs:1347:9
     |
1347 |     let mut child = tokio::process::Command::new("/bin/sh")
     |         ----^^^^^
     |         |
     |         help: remove this `mut`

warning: variable does not need to be mutable
    --> src/ssh/bridge_tests.rs:1364:9
     |
1364 |     let mut child = tokio::process::Command::new("/bin/sh")
     |         ----^^^^^
     |         |
     |         help: remove this `mut`

warning: unused variable: `initial_len`
   --> src/ssh/projects.rs:512:13
    |
512 |         let initial_len = target_len as u64;
    |             ^^^^^^^^^^^ help: if this is intentional, prefix it with an underscore: `_initial_len`

warning: unused variable: `session`
   --> src/terminal/pty.rs:564:22
    |
564 |             let Some(session) = manager.get_session(&session_id) else {
    |                      ^^^^^^^ help: if this is intentional, prefix it with an underscore: `_session`

warning: value assigned to `desired_size` is never read
    --> src/terminal/remote.rs:1073:56
     |
1073 |               let mut desired_size: Option<(u16, u16)> = None;
     |                                                          ^^^^ this value is reassigned later and never used
...
1085 | /                     desired_size = Some(
1086 | |                         s.pending_size
1087 | |                             .take()
1088 | |                             .map(|(c, r, _)| (c, r))
1089 | |                             .unwrap_or((s.details.descriptor.cols, s.details.descriptor.rows)),
1090 | |                     );
     | |_____________________- `desired_size` is overwritten here before the previous value is read

warning: variable does not need to be mutable
    --> src/terminal/session.rs:1272:13
     |
1272 |         let mut master_pty = portable_pty::master_from_owned_fd(master, None)
     |             ----^^^^^^^^^^
     |             |
     |             help: remove this `mut`

warning: unused variable: `scroll_daemon_client`
    --> src/lib.rs:1188:9
     |
1188 |     let scroll_daemon_client = Arc::clone(&daemon_client);
     |         ^^^^^^^^^^^^^^^^^^^^ help: if this is intentional, prefix it with an underscore: `_scroll_daemon_client`

warning: type `DaemonLockFiles` is more private than the item `handover_socket::adopt_authority`
    --> src/daemon/handover_socket.rs:227:1
     |
 227 | / pub fn adopt_authority(
 228 | |     authority: TransferredAuthority,
 229 | | ) -> Result<(Option<tokio::net::UnixListener>, DaemonLockFiles), HandoverSocketError> {
     | |_____________________________________________________________________________________^ function `handover_socket::adopt_authority` is reachable at visibility `pub`
     |
note: but type `DaemonLockFiles` is only usable at visibility `pub(crate)`
    --> src/daemon/server.rs:1045:1
     |
1045 | pub(crate) struct DaemonLockFiles {
     | ^^^^^^^^^^^^^^^^^^^^^^^^^^^^^^^^^
     = note: `#[warn(private_interfaces)]` on by default

warning: type `daemon::agent_state::AgentState` is more private than the item `session_service::DaemonSessionService::publish_agent_state_for_test`
   --> src/daemon/session_service.rs:620:5
    |
620 |     pub fn publish_agent_state_for_test(&self, state: crate::daemon::agent_state::AgentState) {
    |     ^^^^^^^^^^^^^^^^^^^^^^^^^^^^^^^^^^^^^^^^^^^^^^^^^^^^^^^^^^^^^^^^^^^^^^^^^^^^^^^^^^^^^^^^^ method `session_service::DaemonSessionService::publish_agent_state_for_test` is reachable at visibility `pub`
    |
note: but type `daemon::agent_state::AgentState` is only usable at visibility `pub(crate)`
   --> src/daemon/agent_state.rs:8:1
    |
  8 | pub(crate) struct AgentState {
    | ^^^^^^^^^^^^^^^^^^^^^^^^^^^^

warning: type `MachineSender` is more private than the item `SessionHub::machine_senders`
   --> src/terminal/output_hub.rs:700:5
    |
700 |     pub(crate) machine_senders: Vec<machine_output::MachineSender>,
    |     ^^^^^^^^^^^^^^^^^^^^^^^^^^^^^^^^^^^^^^^^^^^^^^^^^^^^^^^^^^^^^^ field `SessionHub::machine_senders` is reachable at visibility `pub(crate)`
    |
note: but type `MachineSender` is only usable at visibility `pub(in crate::terminal::output_hub)`
   --> src/terminal/machine_output.rs:76:1
    |
 76 | pub(super) struct MachineSender {
    | ^^^^^^^^^^^^^^^^^^^^^^^^^^^^^^^

warning: trait `terminal::remote::AgentStateSink` is more private than the item `paired_daemon::Proxy::set_agent_sink`
   --> src/terminal/paired_daemon.rs:107:5
    |
107 |     pub fn set_agent_sink(&mut self, sink: Arc<dyn crate::terminal::remote::AgentStateSink>) {
    |     ^^^^^^^^^^^^^^^^^^^^^^^^^^^^^^^^^^^^^^^^^^^^^^^^^^^^^^^^^^^^^^^^^^^^^^^^^^^^^^^^^^^^^^^^ method `paired_daemon::Proxy::set_agent_sink` is reachable at visibility `pub`
    |
note: but trait `terminal::remote::AgentStateSink` is only usable at visibility `pub(crate)`
   --> src/terminal/remote.rs:167:1
    |
167 | pub(crate) trait AgentStateSink: Send + Sync {
    | ^^^^^^^^^^^^^^^^^^^^^^^^^^^^^^^^^^^^^^^^^^^^

warning: trait `terminal::remote::AgentStateSink` is more private than the item `paired_runtime::Runtime::set_agent_sink`
   --> src/terminal/paired_runtime.rs:294:5
    |
294 |     pub fn set_agent_sink(&self, sink: Arc<dyn crate::terminal::remote::AgentStateSink>) {
    |     ^^^^^^^^^^^^^^^^^^^^^^^^^^^^^^^^^^^^^^^^^^^^^^^^^^^^^^^^^^^^^^^^^^^^^^^^^^^^^^^^^^^^ method `paired_runtime::Runtime::set_agent_sink` is reachable at visibility `pub`
    |
note: but trait `terminal::remote::AgentStateSink` is only usable at visibility `pub(crate)`
   --> src/terminal/remote.rs:167:1
    |
167 | pub(crate) trait AgentStateSink: Send + Sync {
    | ^^^^^^^^^^^^^^^^^^^^^^^^^^^^^^^^^^^^^^^^^^^^

warning: type `paired_runtime::Command` is more private than the item `paired_runtime::Runtime::sender`
   --> src/terminal/paired_runtime.rs:731:5
    |
731 |     pub(crate) fn sender(&self, id: &str) -> Result<mpsc::Sender<Command>, String> {
    |     ^^^^^^^^^^^^^^^^^^^^^^^^^^^^^^^^^^^^^^^^^^^^^^^^^^^^^^^^^^^^^^^^^^^^^^^^^^^^^^ method `paired_runtime::Runtime::sender` is reachable at visibility `pub(crate)`
    |
note: but type `paired_runtime::Command` is only usable at visibility `pub(self)`
   --> src/terminal/paired_runtime.rs:166:1
    |
166 | enum Command {
    | ^^^^^^^^^^^^

warning: trait `terminal::remote::Transport` is more private than the item `terminal::remote::RemoteRuntime::live_import`
   --> src/terminal/remote.rs:819:5
    |
819 | /     pub fn live_import(
820 | |         &self,
821 | |         state: RemoteExportState,
822 | |         transport: Option<Arc<dyn Transport>>,
823 | |     ) -> Result<(), RemoteFailure> {
    | |__________________________________^ method `terminal::remote::RemoteRuntime::live_import` is reachable at visibility `pub`
    |
note: but trait `terminal::remote::Transport` is only usable at visibility `pub(crate)`
   --> src/terminal/remote.rs:185:1
    |
185 | pub(crate) trait Transport: Send + Sync {
    | ^^^^^^^^^^^^^^^^^^^^^^^^^^^^^^^^^^^^^^^

warning: trait `terminal::remote::Transport` is more private than the item `terminal::remote::RemoteRuntime::import_transferred`
   --> src/terminal/remote.rs:840:5
    |
840 | /     pub fn import_transferred(
841 | |         &self,
842 | |         state: RemoteExportState,
843 | |         transport: Option<Arc<dyn Transport>>,
844 | |     ) -> Result<(), RemoteFailure> {
    | |__________________________________^ method `terminal::remote::RemoteRuntime::import_transferred` is reachable at visibility `pub`
    |
note: but trait `terminal::remote::Transport` is only usable at visibility `pub(crate)`
   --> src/terminal/remote.rs:185:1
    |
185 | pub(crate) trait Transport: Send + Sync {
    | ^^^^^^^^^^^^^^^^^^^^^^^^^^^^^^^^^^^^^^^

warning: trait `terminal::remote::AgentStateSink` is more private than the item `terminal::service::TerminalService::set_paired_agent_sink`
   --> src/terminal/service.rs:75:5
    |
 75 |     pub fn set_paired_agent_sink(&self, sink: Arc<dyn super::remote::AgentStateSink>) {
    |     ^^^^^^^^^^^^^^^^^^^^^^^^^^^^^^^^^^^^^^^^^^^^^^^^^^^^^^^^^^^^^^^^^^^^^^^^^^^^^^^^^ method `terminal::service::TerminalService::set_paired_agent_sink` is reachable at visibility `pub`
    |
note: but trait `terminal::remote::AgentStateSink` is only usable at visibility `pub(crate)`
   --> src/terminal/remote.rs:167:1
    |
167 | pub(crate) trait AgentStateSink: Send + Sync {
    | ^^^^^^^^^^^^^^^^^^^^^^^^^^^^^^^^^^^^^^^^^^^^

warning: fields `app` and `timeout` are never read
   --> src/browser/snapshot_source.rs:339:5
    |
338 | pub struct TauriBrowserSnapshotSource<R: tauri::Runtime> {
    |            -------------------------- fields in this struct
339 |     app: AppHandle<R>,
    |     ^^^
340 |     timeout: Duration,
    |     ^^^^^^^
    |
    = note: `#[warn(dead_code)]` (part of `#[warn(unused)]`) on by default

warning: function `idle_upgrade_requested` is never used
  --> src/daemon/handover.rs:33:15
   |
33 | pub(crate) fn idle_upgrade_requested() -> bool {
   |               ^^^^^^^^^^^^^^^^^^^^^^

warning: method `machine_sessions` is never used
   --> src/daemon/session_service.rs:975:19
    |
361 | impl DaemonSessionService {
    | ------------------------- method in this implementation
...
975 |     pub(crate) fn machine_sessions(
    |                   ^^^^^^^^^^^^^^^^

warning: field `workspace_queues` is never read
  --> src/daemon/workspace_service.rs:25:5
   |
19 | pub struct DaemonWorkspaceService {
   |            ---------------------- field in this struct
...
25 |     workspace_queues: parking_lot::Mutex<
   |     ^^^^^^^^^^^^^^^^

warning: method `spawn_queue` is never used
  --> src/daemon/workspace_service.rs:42:19
   |
41 | impl DaemonWorkspaceService {
   | --------------------------- method in this implementation
42 |     pub(crate) fn spawn_queue(&self, workspace: &str) -> std::sync::Arc<tokio::sync::Mutex<()>> {
   |                   ^^^^^^^^^^^

warning: field `kind` is never read
   --> src/ipc/file_preview.rs:539:5
    |
534 | struct HandleRecord {
    |        ------------ field in this struct
...
539 |     kind: FilePreviewKind,
    |     ^^^^

warning: function `identity_holds` is never used
    --> src/ipc/file_preview.rs:1147:4
     |
1147 | fn identity_holds(path: &Path, identity: Option<(u64, u64)>) -> bool {
     |    ^^^^^^^^^^^^^^

warning: field `0` is never read
    --> src/ipc/file_preview.rs:1163:25
     |
1163 | struct ChildReservation(String);
     |        ---------------- ^^^^^^
     |        |
     |        field in this struct
     |
     = help: consider removing this field

warning: constant `INPUT_OUTPUT` is never used
  --> src/native_terminal/platform/linux.rs:40:7
   |
40 | const INPUT_OUTPUT: u32 = 1;
   |       ^^^^^^^^^^^^

warning: method `presentation_tuple` is never used
   --> src/native_terminal/surface_host.rs:567:8
    |
560 | impl NativeTerminalSession {
    | -------------------------- method in this implementation
...
567 |     fn presentation_tuple(&self) -> Option<&crate::daemon::protocol::PaneAttachTuple> {
    |        ^^^^^^^^^^^^^^^^^^

warning: field `0` is never read
    --> src/remote/auth.rs:1246:18
     |
1246 | struct StoreLock(std::fs::File);
     |        --------- ^^^^^^^^^^^^^
     |        |
     |        field in this struct
     |
     = help: consider removing this field

warning: struct `Held` is never constructed
   --> src/remote/../../tests/support/machine_input_fixture.rs:152:12
    |
152 | pub struct Held {
    |            ^^^^

warning: associated items `start` and `drain` are never used
   --> src/remote/../../tests/support/machine_input_fixture.rs:159:18
    |
158 | impl Held {
    | --------- associated items in this implementation
159 |     pub async fn start(fixture: &Fixture, session: &Value, socket: &mut Socket) -> Self {
    |                  ^^^^^
...
210 |     pub async fn drain(mut self) {
    |                  ^^^^^

warning: function `no_auth_query` is never used
    --> src/remote/server.rs:6487:12
     |
6487 |         fn no_auth_query() -> AuthQuery {
     |            ^^^^^^^^^^^^^

warning: function `test_persist_count` is never used
   --> src/terminal/paired_runtime.rs:101:15
    |
101 | pub(crate) fn test_persist_count() -> usize {
    |               ^^^^^^^^^^^^^^^^^^

warning: struct `PumpToken` is never constructed
  --> src/terminal/service.rs:21:19
   |
21 | pub(crate) struct PumpToken(u64);
   |                   ^^^^^^^^^

warning: struct `PumpTokenFence` is never constructed
  --> src/terminal/service.rs:24:19
   |
24 | pub(crate) struct PumpTokenFence {
   |                   ^^^^^^^^^^^^^^

warning: methods `install`, `is_active`, and `remove` are never used
  --> src/terminal/service.rs:30:19
   |
29 | impl PumpTokenFence {
   | ------------------- methods in this implementation
30 |     pub(crate) fn install(&self) -> PumpToken {
   |                   ^^^^^^^
...
36 |     pub(crate) fn is_active(&self, token: PumpToken) -> bool { *self.active.lock() == Some(token) }
   |                   ^^^^^^^^^
37 |
38 |     pub(crate) fn remove(&self, token: PumpToken) -> bool {
   |                   ^^^^^^

warning: function `test_adopted_process_liveness_observation` is never used
    --> src/terminal/session.rs:1488:8
     |
1488 |     fn test_adopted_process_liveness_observation() {
     |        ^^^^^^^^^^^^^^^^^^^^^^^^^^^^^^^^^^^^^^^^^

warning: struct `WriterLeaseGuard` is never constructed
  --> src/worktree/manager.rs:86:19
   |
86 | pub(crate) struct WriterLeaseGuard {
   |                   ^^^^^^^^^^^^^^^^

warning: associated items `new`, `canonical_path`, and `owner_id` are never used
   --> src/worktree/manager.rs:93:8
    |
 92 | impl WriterLeaseGuard {
    | --------------------- associated items in this implementation
 93 |     fn new(registry: WriterLeaseRegistry, canonical_path: PathBuf, owner_id: String) -> Self {
    |        ^^^
...
101 |     pub(crate) fn canonical_path(&self) -> &Path {
    |                   ^^^^^^^^^^^^^^
...
105 |     pub(crate) fn owner_id(&self) -> &str {
    |                   ^^^^^^^^

warning: associated items `acquire_writer_lease` and `validate_ref_component` are never used
   --> src/worktree/manager.rs:338:19
    |
134 | impl WorktreeManager {
    | -------------------- associated items in this implementation
...
338 |     pub(crate) fn acquire_writer_lease(
    |                   ^^^^^^^^^^^^^^^^^^^^
...
398 |     fn validate_ref_component(component: &str, label: &str) -> Result<(), WorktreeError> {
    |        ^^^^^^^^^^^^^^^^^^^^^^

warning: unused `std::result::Result` that must be used
   --> src/daemon/a03_owner_cli_fixture.rs:126:5
    |
126 | /     auth.register_scoped_pairing_capability(
127 | |         &token,
128 | |         crate::remote::auth::DevicePermission::Control,
129 | |         expected,
130 | |     );
    | |_____^
    |
    = note: this `Result` may be an `Err` variant, which should be handled
    = note: `#[warn(unused_must_use)]` (part of `#[warn(unused)]`) on by default
help: use `let _ = ...` to ignore the resulting value
    |
126 |     let _ = auth.register_scoped_pairing_capability(
    |     +++++++

warning: unused `std::result::Result` that must be used
  --> src/remote/../../tests/support/machine_input_cancellation.rs:38:17
   |
38 |                 fixture.state.auth_manager.revoke_device(&fixture.device);
   |                 ^^^^^^^^^^^^^^^^^^^^^^^^^^^^^^^^^^^^^^^^^^^^^^^^^^^^^^^^^
   |
   = note: this `Result` may be an `Err` variant, which should be handled
help: use `let _ = ...` to ignore the resulting value
   |
38 |                 let _ = fixture.state.auth_manager.revoke_device(&fixture.device);
   |                 +++++++

warning: unused `std::result::Result` that must be used
   --> src/remote/../../tests/support/machine_input_cancellation.rs:153:9
    |
153 |         fixture.state.auth_manager.revoke_device(&fixture.device);
    |         ^^^^^^^^^^^^^^^^^^^^^^^^^^^^^^^^^^^^^^^^^^^^^^^^^^^^^^^^^
    |
    = note: this `Result` may be an `Err` variant, which should be handled
help: use `let _ = ...` to ignore the resulting value
    |
153 |         let _ = fixture.state.auth_manager.revoke_device(&fixture.device);
    |         +++++++

warning: unused `std::result::Result` that must be used
   --> src/remote/../../tests/support/machine_input_fixture.rs:119:9
    |
119 |         self.state.auth_manager.revoke_device(&self.device);
    |         ^^^^^^^^^^^^^^^^^^^^^^^^^^^^^^^^^^^^^^^^^^^^^^^^^^^
    |
    = note: this `Result` may be an `Err` variant, which should be handled
help: use `let _ = ...` to ignore the resulting value
    |
119 |         let _ = self.state.auth_manager.revoke_device(&self.device);
    |         +++++++

warning: unused `std::result::Result` that must be used
    --> src/remote/server.rs:6106:9
     |
6106 |         state.auth_manager.revoke_device(&device.id);
     |         ^^^^^^^^^^^^^^^^^^^^^^^^^^^^^^^^^^^^^^^^^^^^
     |
     = note: this `Result` may be an `Err` variant, which should be handled
help: use `let _ = ...` to ignore the resulting value
     |
6106 |         let _ = state.auth_manager.revoke_device(&device.id);
     |         +++++++

warning: `ferryx` (lib test) generated 84 warnings (1 duplicate) (run `cargo fix --lib -p ferryx --tests` to apply 37 suggestions)
    Finished `test` profile [unoptimized + debuginfo] target(s) in 5m 03s
     Running unittests src/lib.rs (src-tauri/target/debug/deps/ferryx_lib-443904ce54c9170e)
daemon::client::local_split_transport_tests::local_split_reliability_attach_deadline_disposes_private_socket: test
daemon::client::local_split_transport_tests::local_split_reliability_attach_stream_outlives_deadline_and_disposes_on_drop: test
daemon::client::local_split_transport_tests::local_split_reliability_expired_before_write_is_not_sent: test
daemon::client::local_split_transport_tests::local_split_reliability_isolated_lifecycle_bypasses_general_slot: test
daemon::client::local_split_transport_tests::local_split_reliability_lost_create_reply_is_ambiguous_without_retry: test
daemon::client::local_split_transport_tests::local_split_reliability_unsupported_sends_no_create: test
daemon::client::local_split_transport_tests::local_split_reliability_wire_deadline_transport: test
daemon::handover::spawn_owner_tests::local_split_reliability_handover_prepared_owner_and_abort: test
daemon::handover::spawn_owner_tests::local_split_reliability_handover_private_prepare_after_publication: test
daemon::split_journal::tests::local_split_reliability_expired_records_keep_creation_fences: test
daemon::split_journal::tests::local_split_reliability_late_publication_retains_cancelled_child_for_cleanup: test
daemon::split_journal::tests::local_split_reliability_reservation_survives_reopen_without_second_creation: test
daemon::split_journal::tests::local_split_reliability_round_trips_entries_after_reopen: test
daemon::split_journal::tests::local_split_reliability_tombstone_is_idempotent_and_blocks_creation: test
ipc::terminal::tests::local_split_reliability_stage_budget_is_clipped: test

15 tests, 0 benchmarks
