REAP_OWN_FERRYX PID=21888
성공: PID 3092인 프로세스(PID 21620인 자식 프로세스)가 종료되었습니다.
성공: PID 16100인 프로세스(PID 21620인 자식 프로세스)가 종료되었습니다.
성공: PID 13184인 프로세스(PID 21620인 자식 프로세스)가 종료되었습니다.
성공: PID 16904인 프로세스(PID 21620인 자식 프로세스)가 종료되었습니다.
성공: PID 15016인 프로세스(PID 21620인 자식 프로세스)가 종료되었습니다.
성공: PID 17664인 프로세스(PID 28664인 자식 프로세스)가 종료되었습니다.
taskkill : 오류: PID 27840인 프로세스(PID 28664인 자식 프로세스)를 종료할 수 없습니다.
위치 C:\Users\sook\ferryx-pane-completion\win-reaper.ps1:9 문자:83
+ ...  PID=" + $p.ProcessId); taskkill /T /F /PID $p.ProcessId 2>&1 | Out-S ...
+                             ~~~~~~~~~~~~~~~~~~~~~~~~~~~~~~~~~~~~~
    + CategoryInfo          : NotSpecified: (오류: PID 27840인 ...스)를 종료할 수 없습니다.:String) [], RemoteException
    + FullyQualifiedErrorId : NativeCommandError
 
원인: 시도한 작업은 지원하지 않습니다.

성공: PID 21620인 프로세스(PID 21888인 자식 프로세스)가 종료되었습니다.
성공: PID 28664인 프로세스(PID 21888인 자식 프로세스)가 종료되었습니다.
성공: PID 21888인 프로세스(PID 20980인 자식 프로세스)가 종료되었습니다.

REAP_OWN_FERRYX PID=28664
taskkill : 오류: 프로세스 "28664"을(를) 찾을 수 없습니다.
위치 C:\Users\sook\ferryx-pane-completion\win-reaper.ps1:9 문자:83
+ ...  PID=" + $p.ProcessId); taskkill /T /F /PID $p.ProcessId 2>&1 | Out-S ...
+                             ~~~~~~~~~~~~~~~~~~~~~~~~~~~~~~~~~~~~~
    + CategoryInfo          : NotSpecified: (오류: 프로세스 "28664"을(를) 찾을 수 없습니다.:String) [], RemoteException
    + FullyQualifiedErrorId : NativeCommandError
 

REAP_AT=2026-10-05T00:17:13.5130641+09:00
REAPER_DONE
