REAP_OWN_FERRYX PID=2280
성공: PID 17236인 프로세스(PID 23260인 자식 프로세스)가 종료되었습니다.
성공: PID 7832인 프로세스(PID 23260인 자식 프로세스)가 종료되었습니다.
성공: PID 20244인 프로세스(PID 23260인 자식 프로세스)가 종료되었습니다.
성공: PID 28104인 프로세스(PID 23260인 자식 프로세스)가 종료되었습니다.
성공: PID 10696인 프로세스(PID 23260인 자식 프로세스)가 종료되었습니다.
성공: PID 17252인 프로세스(PID 29236인 자식 프로세스)가 종료되었습니다.
성공: PID 17172인 프로세스(PID 29236인 자식 프로세스)가 종료되었습니다.
성공: PID 23260인 프로세스(PID 2280인 자식 프로세스)가 종료되었습니다.
성공: PID 29236인 프로세스(PID 2280인 자식 프로세스)가 종료되었습니다.
성공: PID 2280인 프로세스(PID 29260인 자식 프로세스)가 종료되었습니다.

REAP_OWN_FERRYX PID=29236
taskkill : 오류: 프로세스 "29236"을(를) 찾을 수 없습니다.
위치 C:\Users\sook\ferryx-pane-completion\win-reaper.ps1:9 문자:83
+ ...  PID=" + $p.ProcessId); taskkill /T /F /PID $p.ProcessId 2>&1 | Out-S ...
+                             ~~~~~~~~~~~~~~~~~~~~~~~~~~~~~~~~~~~~~
    + CategoryInfo          : NotSpecified: (오류: 프로세스 "29236"을(를) 찾을 수 없습니다.:String) [], RemoteException
    + FullyQualifiedErrorId : NativeCommandError
 

REAP_AT=2026-10-05T00:15:53.6239624+09:00
REAPER_DONE
