REAP_OWN_FERRYX PID=22632
성공: PID 12380인 프로세스(PID 5556인 자식 프로세스)가 종료되었습니다.
성공: PID 16376인 프로세스(PID 5556인 자식 프로세스)가 종료되었습니다.
성공: PID 27572인 프로세스(PID 5556인 자식 프로세스)가 종료되었습니다.
성공: PID 17904인 프로세스(PID 5556인 자식 프로세스)가 종료되었습니다.
성공: PID 26680인 프로세스(PID 5556인 자식 프로세스)가 종료되었습니다.
성공: PID 16092인 프로세스(PID 10276인 자식 프로세스)가 종료되었습니다.
성공: PID 13604인 프로세스(PID 10276인 자식 프로세스)가 종료되었습니다.
성공: PID 5556인 프로세스(PID 22632인 자식 프로세스)가 종료되었습니다.
성공: PID 10276인 프로세스(PID 22632인 자식 프로세스)가 종료되었습니다.
성공: PID 22632인 프로세스(PID 11124인 자식 프로세스)가 종료되었습니다.

REAP_OWN_FERRYX PID=10276
taskkill : 오류: 프로세스 "10276"을(를) 찾을 수 없습니다.
위치 C:\Users\sook\ferryx-pane-completion\win-reaper.ps1:9 문자:83
+ ...  PID=" + $p.ProcessId); taskkill /T /F /PID $p.ProcessId 2>&1 | Out-S ...
+                             ~~~~~~~~~~~~~~~~~~~~~~~~~~~~~~~~~~~~~
    + CategoryInfo          : NotSpecified: (오류: 프로세스 "10276"을(를) 찾을 수 없습니다.:String) [], RemoteException
    + FullyQualifiedErrorId : NativeCommandError
 

REAP_AT=2026-10-05T00:16:14.3714008+09:00
REAPER_DONE
