$ vitest run --maxWorkers=1 src/components/NativeTerminalPane.test.tsx

 RUN  v3.2.7 /Users/I552267/ferryx-pane-completion/base-pass2-d82b35e4/ui

stderr | src/components/NativeTerminalPane.test.tsx > NativeTerminalPane bounded wheel normalization > normalizes 'zero' through mounted onWheel
Native terminal IPC command failed {
  command: [32m'cmd_native_terminal_attach'[39m,
  error: TypeError: Cannot read properties of undefined (reading 'transformCallback')
      at transformCallback [90m(file:///Users/I552267/ferryx-pane-completion/base-pass2-d82b35e4/ui/[39mnode_modules/[4m@tauri-apps/api[24m/core.js:72:39[90m)[39m
      at listen [90m(file:///Users/I552267/ferryx-pane-completion/base-pass2-d82b35e4/ui/[39mnode_modules/[4m@tauri-apps/api[24m/event.js:79:18[90m)[39m
      at Object.ensureStreamListenerRef.current [90m(/Users/I552267/ferryx-pane-completion/base-pass2-d82b35e4/ui/[39msrc/components/NativeTerminalPane.tsx:2760:28[90m)[39m
      at Object.operation [90m(/Users/I552267/ferryx-pane-completion/base-pass2-d82b35e4/ui/[39msrc/components/NativeTerminalPane.tsx:1125:37[90m)[39m
      at [90m/Users/I552267/ferryx-pane-completion/base-pass2-d82b35e4/ui/[39msrc/lib/nativeTerminalLifecycle.ts:242:19
      at startLifecycleOperation [90m(/Users/I552267/ferryx-pane-completion/base-pass2-d82b35e4/ui/[39msrc/lib/nativeTerminalLifecycle.ts:157:30[90m)[39m
      at enqueueNativeTerminalLifecycle [90m(/Users/I552267/ferryx-pane-completion/base-pass2-d82b35e4/ui/[39msrc/lib/nativeTerminalLifecycle.ts:467:12[90m)[39m
      at attachNativeTerminalLifecycle [90m(/Users/I552267/ferryx-pane-completion/base-pass2-d82b35e4/ui/[39msrc/lib/nativeTerminalLifecycle.ts:240:22[90m)[39m
      at [90m/Users/I552267/ferryx-pane-completion/base-pass2-d82b35e4/ui/[39msrc/components/NativeTerminalPane.tsx:1124:12
      at [90m/Users/I552267/ferryx-pane-completion/base-pass2-d82b35e4/ui/[39msrc/components/NativeTerminalPane.tsx:2631:17
}

stderr | src/components/NativeTerminalPane.test.tsx > NativeTerminalPane bounded wheel normalization > normalizes 'zero' through mounted onWheel
Native terminal IPC command failed {
  command: [32m'cmd_native_terminal_attach'[39m,
  error: TypeError: Cannot read properties of undefined (reading 'transformCallback')
      at transformCallback [90m(file:///Users/I552267/ferryx-pane-completion/base-pass2-d82b35e4/ui/[39mnode_modules/[4m@tauri-apps/api[24m/core.js:72:39[90m)[39m
      at listen [90m(file:///Users/I552267/ferryx-pane-completion/base-pass2-d82b35e4/ui/[39mnode_modules/[4m@tauri-apps/api[24m/event.js:79:18[90m)[39m
      at Object.ensureStreamListenerRef.current [90m(/Users/I552267/ferryx-pane-completion/base-pass2-d82b35e4/ui/[39msrc/components/NativeTerminalPane.tsx:2760:28[90m)[39m
      at Object.operation [90m(/Users/I552267/ferryx-pane-completion/base-pass2-d82b35e4/ui/[39msrc/components/NativeTerminalPane.tsx:1125:37[90m)[39m
      at [90m/Users/I552267/ferryx-pane-completion/base-pass2-d82b35e4/ui/[39msrc/lib/nativeTerminalLifecycle.ts:242:19
      at startLifecycleOperation [90m(/Users/I552267/ferryx-pane-completion/base-pass2-d82b35e4/ui/[39msrc/lib/nativeTerminalLifecycle.ts:157:30[90m)[39m
      at enqueueNativeTerminalLifecycle [90m(/Users/I552267/ferryx-pane-completion/base-pass2-d82b35e4/ui/[39msrc/lib/nativeTerminalLifecycle.ts:467:12[90m)[39m
      at attachNativeTerminalLifecycle [90m(/Users/I552267/ferryx-pane-completion/base-pass2-d82b35e4/ui/[39msrc/lib/nativeTerminalLifecycle.ts:240:22[90m)[39m
      at reattachNativeTerminalLifecycle [90m(/Users/I552267/ferryx-pane-completion/base-pass2-d82b35e4/ui/[39msrc/lib/nativeTerminalLifecycle.ts:269:10[90m)[39m
      at [90m/Users/I552267/ferryx-pane-completion/base-pass2-d82b35e4/ui/[39msrc/components/NativeTerminalPane.tsx:1124:12
}

stderr | src/components/NativeTerminalPane.test.tsx > NativeTerminalPane bounded wheel normalization > normalizes 'zero' through mounted onWheel
Native terminal IPC command failed {
  command: [32m'cmd_native_terminal_attach'[39m,
  error: TypeError: Cannot read properties of undefined (reading 'transformCallback')
      at transformCallback [90m(file:///Users/I552267/ferryx-pane-completion/base-pass2-d82b35e4/ui/[39mnode_modules/[4m@tauri-apps/api[24m/core.js:72:39[90m)[39m
      at listen [90m(file:///Users/I552267/ferryx-pane-completion/base-pass2-d82b35e4/ui/[39mnode_modules/[4m@tauri-apps/api[24m/event.js:79:18[90m)[39m
      at Object.ensureStreamListenerRef.current [90m(/Users/I552267/ferryx-pane-completion/base-pass2-d82b35e4/ui/[39msrc/components/NativeTerminalPane.tsx:2760:28[90m)[39m
      at Object.operation [90m(/Users/I552267/ferryx-pane-completion/base-pass2-d82b35e4/ui/[39msrc/components/NativeTerminalPane.tsx:1125:37[90m)[39m
      at [90m/Users/I552267/ferryx-pane-completion/base-pass2-d82b35e4/ui/[39msrc/lib/nativeTerminalLifecycle.ts:242:19
      at startLifecycleOperation [90m(/Users/I552267/ferryx-pane-completion/base-pass2-d82b35e4/ui/[39msrc/lib/nativeTerminalLifecycle.ts:157:30[90m)[39m
      at enqueueNativeTerminalLifecycle [90m(/Users/I552267/ferryx-pane-completion/base-pass2-d82b35e4/ui/[39msrc/lib/nativeTerminalLifecycle.ts:467:12[90m)[39m
      at attachNativeTerminalLifecycle [90m(/Users/I552267/ferryx-pane-completion/base-pass2-d82b35e4/ui/[39msrc/lib/nativeTerminalLifecycle.ts:240:22[90m)[39m
      at reattachNativeTerminalLifecycle [90m(/Users/I552267/ferryx-pane-completion/base-pass2-d82b35e4/ui/[39msrc/lib/nativeTerminalLifecycle.ts:269:10[90m)[39m
      at [90m/Users/I552267/ferryx-pane-completion/base-pass2-d82b35e4/ui/[39msrc/components/NativeTerminalPane.tsx:1124:12
}

stderr | src/components/NativeTerminalPane.test.tsx > NativeTerminalPane bounded wheel normalization > normalizes 'zero' through mounted onWheel
Native terminal IPC command failed {
  command: [32m'cmd_native_terminal_attach'[39m,
  error: TypeError: Cannot read properties of undefined (reading 'transformCallback')
      at transformCallback [90m(file:///Users/I552267/ferryx-pane-completion/base-pass2-d82b35e4/ui/[39mnode_modules/[4m@tauri-apps/api[24m/core.js:72:39[90m)[39m
      at listen [90m(file:///Users/I552267/ferryx-pane-completion/base-pass2-d82b35e4/ui/[39mnode_modules/[4m@tauri-apps/api[24m/event.js:79:18[90m)[39m
      at Object.ensureStreamListenerRef.current [90m(/Users/I552267/ferryx-pane-completion/base-pass2-d82b35e4/ui/[39msrc/components/NativeTerminalPane.tsx:2760:28[90m)[39m
      at Object.operation [90m(/Users/I552267/ferryx-pane-completion/base-pass2-d82b35e4/ui/[39msrc/components/NativeTerminalPane.tsx:1125:37[90m)[39m
      at [90m/Users/I552267/ferryx-pane-completion/base-pass2-d82b35e4/ui/[39msrc/lib/nativeTerminalLifecycle.ts:242:19
      at startLifecycleOperation [90m(/Users/I552267/ferryx-pane-completion/base-pass2-d82b35e4/ui/[39msrc/lib/nativeTerminalLifecycle.ts:157:30[90m)[39m
      at enqueueNativeTerminalLifecycle [90m(/Users/I552267/ferryx-pane-completion/base-pass2-d82b35e4/ui/[39msrc/lib/nativeTerminalLifecycle.ts:467:12[90m)[39m
      at attachNativeTerminalLifecycle [90m(/Users/I552267/ferryx-pane-completion/base-pass2-d82b35e4/ui/[39msrc/lib/nativeTerminalLifecycle.ts:240:22[90m)[39m
      at reattachNativeTerminalLifecycle [90m(/Users/I552267/ferryx-pane-completion/base-pass2-d82b35e4/ui/[39msrc/lib/nativeTerminalLifecycle.ts:269:10[90m)[39m
      at [90m/Users/I552267/ferryx-pane-completion/base-pass2-d82b35e4/ui/[39msrc/components/NativeTerminalPane.tsx:1124:12
}

stderr | src/components/NativeTerminalPane.test.tsx > NativeTerminalPane bounded wheel normalization > normalizes 'zero' through mounted onWheel
Native terminal IPC command failed {
  command: [32m'cmd_native_terminal_attach'[39m,
  error: TypeError: Cannot read properties of undefined (reading 'transformCallback')
      at transformCallback [90m(file:///Users/I552267/ferryx-pane-completion/base-pass2-d82b35e4/ui/[39mnode_modules/[4m@tauri-apps/api[24m/core.js:72:39[90m)[39m
      at listen [90m(file:///Users/I552267/ferryx-pane-completion/base-pass2-d82b35e4/ui/[39mnode_modules/[4m@tauri-apps/api[24m/event.js:79:18[90m)[39m
      at Object.ensureStreamListenerRef.current [90m(/Users/I552267/ferryx-pane-completion/base-pass2-d82b35e4/ui/[39msrc/components/NativeTerminalPane.tsx:2760:28[90m)[39m
      at Object.operation [90m(/Users/I552267/ferryx-pane-completion/base-pass2-d82b35e4/ui/[39msrc/components/NativeTerminalPane.tsx:1125:37[90m)[39m
      at [90m/Users/I552267/ferryx-pane-completion/base-pass2-d82b35e4/ui/[39msrc/lib/nativeTerminalLifecycle.ts:242:19
      at startLifecycleOperation [90m(/Users/I552267/ferryx-pane-completion/base-pass2-d82b35e4/ui/[39msrc/lib/nativeTerminalLifecycle.ts:157:30[90m)[39m
      at enqueueNativeTerminalLifecycle [90m(/Users/I552267/ferryx-pane-completion/base-pass2-d82b35e4/ui/[39msrc/lib/nativeTerminalLifecycle.ts:467:12[90m)[39m
      at attachNativeTerminalLifecycle [90m(/Users/I552267/ferryx-pane-completion/base-pass2-d82b35e4/ui/[39msrc/lib/nativeTerminalLifecycle.ts:240:22[90m)[39m
      at reattachNativeTerminalLifecycle [90m(/Users/I552267/ferryx-pane-completion/base-pass2-d82b35e4/ui/[39msrc/lib/nativeTerminalLifecycle.ts:269:10[90m)[39m
      at [90m/Users/I552267/ferryx-pane-completion/base-pass2-d82b35e4/ui/[39msrc/components/NativeTerminalPane.tsx:1124:12
}

