$ vitest run --maxWorkers=1 --config ../scripts/qa/pane-liveness-vitest.config.mjs

[1m[46m RUN [49m[22m [36mv3.2.7 [39m[90mC:/Users/sook/ferryx-pane-completion/source-172baa87[39m

 [31m❯[39m scripts/qa/pane-liveness.test.mjs [2m([22m[2m26 tests[22m[2m | [22m[31m5 failed[39m[2m)[22m[33m 305[2mms[22m[39m
   [32m✓[39m headless presentation releases after held event before its only settlement receipt[32m 3[2mms[22m[39m
   [32m✓[39m the nine plan scenarios are the only accepted names, and headless is diagnostic-classifier only[32m 2[2mms[22m[39m
   [32m✓[39m unknown flags, missing flags, duplicates and positionals are rejected before launch[32m 0[2mms[22m[39m
   [32m✓[39m preflight rejects production runtime roots, preexisting isolation roots, relative paths and production installs[32m 4[2mms[22m[39m
   [32m✓[39m barriers pre-arm before trigger, acknowledge held/released state, and time out without product acks[32m 188[2mms[22m[39m
   [32m✓[39m timing budgets match the plan contract[32m 0[2mms[22m[39m
   [32m✓[39m cleanup reaps registered owned processes by PID and removes registered roots[32m 14[2mms[22m[39m
   [32m✓[39m regression H10 false-pass: a cleanup failure cannot leave a passing gate[32m 0[2mms[22m[39m
   [32m✓[39m regression P2 correlation: receipts must echo runId/operationId/producer nonces[32m 0[2mms[22m[39m
   [32m✓[39m regression M3 deadline: unsettled waits become typed timeouts without leaks; errors propagate typed[32m 54[2mms[22m[39m
   [32m✓[39m regression H4 authoritative 7-tuple: presence alone is insufficient; all 7 fields must correlate and presented must be true[32m 1[2mms[22m[39m
   [32m✓[39m regression H3 invariants: handover/suspension/stale receipts are asserted, not logged[32m 1[2mms[22m[39m
[31m   [31m×[31m regression H6 source digest: evidence pointer binds to runner bytes[39m[32m 6[2mms[22m[39m
[31m     → ENOENT: no such file or directory, open 'C:\Users\sook\ferryx-pane-completion\source-172baa87\ui\scripts\qa\pane-liveness.mjs'[39m
   [32m✓[39m BarrierHub prearm validates targetRole and awaitBound correlates bound-ack[32m 5[2mms[22m[39m
   [32m✓[39m regression B4: post-release recovery must be positively observed; Unknown is nonpassing[32m 0[2mms[22m[39m
   [32m✓[39m regression B1: entrypoint module evaluates its argv-resolution path behaviorally (no source-text pin)[32m 0[2mms[22m[39m
   [32m✓[39m regression B2: marker-recognition hash path executes behaviorally (no source-text pin)[32m 3[2mms[22m[39m
   [32m✓[39m regression B3: real spawnOwned group reap - leader awaits grandchild exit, absence proven once, fallback truly reclaims[32m 0[2mms[22m[39m
   [32m✓[39m regression B5: headless diagnostic-classifier requires exact positive stageProgress; rejects missing/false progress and fake presentation[32m 1[2mms[22m[39m
   [32m✓[39m MonotonicBudget enforces monotonic consumption and deadline exhaustion[32m 0[2mms[22m[39m
   [32m✓[39m validateFixtureSetup enforces scenario-specific fixture requirements without forcing 4 fixtures on basic split[32m 2[2mms[22m[39m
   [32m✓[39m performInspectionHandshake writes capture-ready.json and verifies matching inspection artifact[32m 6[2mms[22m[39m
[31m   [31m×[31m split-cancel scenario adapter issues cancel before awaiting create and accepts cancel-ack without requiring created ID[39m[32m 3[2mms[22m[39m
[31m     → spawn osascript ENOENT[39m
[31m   [31m×[31m split-attach-stall asserts actionable failure, releases hold, and executes Retry with NEW attemptGeneration on same backend[39m[32m 3[2mms[22m[39m
[31m     → spawn osascript ENOENT[39m
[31m   [31m×[31m retained-handover and handover-abort adapters verify transfer and relinquishment invariants[39m[32m 3[2mms[22m[39m
[31m     → spawn osascript ENOENT[39m
[31m   [31m×[31m suspension-ownership and stale-binding adapters verify process actuation and reattach invariants[39m[32m 3[2mms[22m[39m
[31m     → spawn osascript ENOENT[39m

[31m⎯⎯⎯⎯⎯⎯⎯[39m[1m[41m Failed Tests 5 [49m[22m[31m⎯⎯⎯⎯⎯⎯⎯[39m

[41m[1m FAIL [22m[49m scripts/qa/pane-liveness.test.mjs[2m > [22mregression H6 source digest: evidence pointer binds to runner bytes
[31m[1mError[22m: ENOENT: no such file or directory, open 'C:\Users\sook\ferryx-pane-completion\source-172baa87\ui\scripts\qa\pane-liveness.mjs'[39m
[36m [2m❯[22m computeSourceDigest scripts/lib/qa-scenarios/common-harness.mjs:[2m786:53[22m[39m
    [90m784| [39m[35mexport[39m [35mfunction[39m [34mcomputeSourceDigest[39m(paths) {
    [90m785| [39m  [35mconst[39m hash [33m=[39m [34mcreateHash[39m([32m'sha256'[39m)[33m;[39m
    [90m786| [39m  [35mfor[39m ([35mconst[39m path [35mof[39m paths) hash[33m.[39m[34mupdate[39m([34mreadFileSync[39m(path))[33m;[39m
    [90m   | [39m                                                    [31m^[39m
    [90m787| [39m  [35mreturn[39m hash[33m.[39m[34mdigest[39m([32m'hex'[39m)[33m;[39m
    [90m788| [39m}
[90m [2m❯[22m scripts/qa/pane-liveness.test.mjs:[2m283:37[22m[39m

[31m[2m⎯⎯⎯⎯⎯⎯⎯⎯⎯⎯⎯⎯⎯⎯⎯⎯⎯⎯⎯⎯⎯⎯⎯⎯[1/5]⎯[22m[39m

[41m[1m FAIL [22m[49m scripts/qa/pane-liveness.test.mjs[2m > [22msplit-cancel scenario adapter issues cancel before awaiting create and accepts cancel-ack without requiring created ID
[41m[1m FAIL [22m[49m scripts/qa/pane-liveness.test.mjs[2m > [22msplit-attach-stall asserts actionable failure, releases hold, and executes Retry with NEW attemptGeneration on same backend
[41m[1m FAIL [22m[49m scripts/qa/pane-liveness.test.mjs[2m > [22mretained-handover and handover-abort adapters verify transfer and relinquishment invariants
[41m[1m FAIL [22m[49m scripts/qa/pane-liveness.test.mjs[2m > [22msuspension-ownership and stale-binding adapters verify process actuation and reattach invariants
[31m[1mError[22m: spawn osascript ENOENT[39m
[31m[2m⎯⎯⎯⎯⎯⎯⎯⎯⎯⎯⎯⎯⎯⎯⎯⎯⎯⎯⎯⎯⎯⎯⎯⎯[2/5]⎯[22m[39m


[2m Test Files [22m [1m[31m1 failed[39m[22m[90m (1)[39m
[2m      Tests [22m [1m[31m5 failed[39m[22m[2m | [22m[1m[32m21 passed[39m[22m[90m (26)[39m
[2m   Start at [22m 09:42:58
[2m   Duration [22m 556ms[2m (transform 55ms, setup 0ms, collect 78ms, tests 305ms, environment 0ms, prepare 60ms)[22m

error: script "test" exited with code 1
NATIVE_EXIT=1
