GATE1 START 2026-10-04T23:48:09+09:00 load=0.91 2.19 4.67
   Compiling serde_core v1.0.229
   Compiling target-lexicon v0.12.16
   Compiling web_atoms v0.2.6
   Compiling selectors v0.36.1
   Compiling thiserror v2.0.20
    Checking x11-dl v2.21.0
    Checking libsqlite3-sys v0.30.1
    Checking mime_guess v2.0.5
    Checking naga-types v30.0.1
    Checking gpu-allocator v0.28.0
    Checking tungstenite v0.29.0
    Checking quinn-proto v0.11.17
   Compiling cfg-expr v0.15.8
   Compiling markup5ever v0.38.0
    Checking tokio-tungstenite v0.29.0
   Compiling html5ever v0.38.0
    Checking bitflags v2.13.1
    Checking serde v1.0.229
    Checking serde_json v1.0.151
    Checking deranged v0.5.8
    Checking uuid v1.26.0
    Checking serde_spanned v1.1.1
    Checking toml_datetime v1.1.1+spec-1.1.0
    Checking erased-serde v0.4.10
    Checking semver v1.0.28
   Compiling dom_query v0.27.0
    Checking toml v1.1.4+spec-1.1.0
    Checking rustix v1.1.4
   Compiling rustc_version v0.4.1
   Compiling camino v1.2.5
   Compiling serde_with v3.22.0
   Compiling toml_datetime v0.6.3
   Compiling serde_spanned v0.6.9
   Compiling url v2.5.8
   Compiling cfb v0.7.3
   Compiling indexmap v1.9.3
   Compiling cargo-platform v0.1.9
   Compiling plist v1.10.0
   Compiling toml_datetime v0.7.5+spec-1.1.0
   Compiling toml_edit v0.20.2
   Compiling serde-untagged v0.1.9
   Compiling jsonptr v0.6.3
   Compiling cargo_metadata v0.19.2
   Compiling toml v0.9.12+spec-1.1.0
   Compiling toml_edit v0.19.15
   Compiling field-offset v0.3.6
   Compiling infer v0.19.0
   Compiling schemars v0.8.22
   Compiling urlpattern v0.3.0
   Compiling embed-resource v3.0.11
   Compiling json-patch v3.0.1
    Checking time v0.3.55
   Compiling tauri-winres v0.3.6
    Checking dpi v0.1.2
   Compiling toml_edit v0.25.13+spec-1.1.0
   Compiling cargo_toml v0.22.3
   Compiling zvariant_utils v4.2.0
   Compiling tauri-utils v2.9.3
   Compiling toml v0.8.2
   Compiling proc-macro-crate v2.0.2
   Compiling proc-macro-crate v1.3.1
    Checking keyboard-types v0.7.0
    Checking polling v3.11.0
    Checking wayland-backend v0.3.17
   Compiling glib-macros v0.18.5
   Compiling proc-macro-crate v3.5.0
   Compiling gtk3-macros v0.18.2
   Compiling system-deps v6.2.2
    Checking png v0.18.1
   Compiling enumflags2 v0.7.12
   Compiling zvariant_derive v5.15.0
   Compiling zcheapstr v1.1.0
    Checking serialize-to-javascript v0.1.2
    Checking cookie v0.18.2
    Checking wayland-client v0.31.15
    Checking spirv v0.4.0+sdk-1.4.341.0
   Compiling glib-sys v0.18.1
   Compiling gobject-sys v0.18.0
   Compiling gio-sys v0.18.1
   Compiling gdk-sys v0.18.2
   Compiling atk-sys v0.18.2
   Compiling pango-sys v0.18.0
   Compiling gdk-pixbuf-sys v0.18.0
   Compiling cairo-sys-rs v0.18.2
   Compiling gtk-sys v0.18.2
   Compiling javascriptcore-rs-sys v1.1.1
   Compiling soup3-sys v0.5.0
   Compiling webkit2gtk-sys v2.0.2
   Compiling gdkx11-sys v0.18.2
   Compiling gtk v0.18.2
    Checking image v0.25.10
   Compiling zvariant v5.15.0
    Checking async-io v2.6.0
   Compiling wry v0.55.1
   Compiling curve25519-dalek v4.1.3
    Checking glib v0.18.5
    Checking wgpu-types v30.0.1
    Checking wayland-protocols v0.32.13
    Checking rustix v0.38.44
    Checking naga v30.0.1
    Checking async-signal v0.2.14
    Checking gdkwayland-sys v0.18.2
    Checking async-process v2.5.0
    Checking wayland-cursor v0.31.14
    Checking wayland-csd-frame v0.3.0
    Checking tower-http v0.6.11
   Compiling rfd v0.16.0
    Checking xattr v1.6.1
    Checking gethostname v1.1.0
   Compiling zbus_names v4.3.4
   Compiling snow v0.9.6
    Checking serde_urlencoded v0.7.1
    Checking alsa v0.11.0
    Checking reqwest v0.13.4
    Checking x11rb v0.13.2
    Checking tar v0.4.46
   Compiling zbus_macros v5.19.0
    Checking yasna v0.6.0
    Checking tempfile v3.27.0
    Checking cpal v0.17.3
    Checking nix v0.28.0
    Checking xkbcommon-dl v0.4.2
    Checking notify-types v2.1.0
    Checking inotify v0.11.5
    Checking serde_path_to_error v0.1.20
    Checking calloop v0.13.0
    Checking rodio v0.22.2
    Checking zbus v5.19.0
    Checking rcgen v0.14.10
    Checking notify v8.2.0
    Checking axum v0.8.9
    Checking calloop-wayland-source v0.3.0
    Checking reqwest v0.12.28
    Checking ed25519-dalek v2.2.0
    Checking x25519-dalek v2.0.1
    Checking quinn v0.11.11
    Checking portable-pty v0.9.0 (/home/indo/ferryx-pane-completion/source-21dea3c0/src-tauri/vendor/portable-pty)
    Checking rusqlite v0.32.1
    Checking tower-http v0.7.1
    Checking wayland-protocols-wlr v0.3.12
    Checking wayland-protocols-plasma v0.3.12
    Checking gio v0.18.4
    Checking cairo-rs v0.18.5
    Checking atk v0.18.2
    Checking javascriptcore-rs v1.1.2
    Checking smithay-client-toolkit v0.19.2
   Compiling tauri-plugin v2.6.3
   Compiling tauri-build v2.6.3
   Compiling tauri-codegen v2.6.3
    Checking sctk-adwaita v0.10.1
   Compiling tauri-plugin-fs v2.5.1
   Compiling tauri-plugin-updater v2.10.1
   Compiling tauri-plugin-process v2.3.1
   Compiling tauri-plugin-notification v2.3.3
   Compiling tauri-plugin-dialog v2.7.2
    Checking wgpu-naga-bridge v30.0.1
    Checking winit v0.30.13
   Compiling tauri v2.11.5
   Compiling ferryx v2026.928.7 (/home/indo/ferryx-pane-completion/source-21dea3c0/src-tauri)
    Checking wgpu-hal v30.0.1
   Compiling tauri-macros v2.6.3
    Checking notify-rust v4.18.0
    Checking wgpu-core-deps-windows-linux-android v30.0.1
    Checking wgpu-core v30.0.1
    Checking wgpu v30.0.1
    Checking gdk-pixbuf v0.18.5
    Checking pango v0.18.3
    Checking soup3 v0.5.0
    Checking gdk v0.18.2
    Checking gdkx11 v0.18.2
    Checking webkit2gtk v2.0.2
    Checking tao v0.35.3
    Checking muda v0.19.3
    Checking tauri-runtime v2.11.3
    Checking tauri-runtime-wry v2.11.4
warning: unused import: `seal_offer`
 --> src/account/offer_sink.rs:9:47
  |
9 | use crate::remote::sealed_offer::{open_offer, seal_offer};
  |                                               ^^^^^^^^^^
  |
  = note: `#[warn(unused_imports)]` (part of `#[warn(unused)]`) on by default

warning: unused import: `Serialize`
 --> src/agent_transcript.rs:1:26
  |
1 | use serde::{Deserialize, Serialize};
  |                          ^^^^^^^^^

warning: unused import: `ImportedCookie`
  --> src/browser/chromium_cookie_source.rs:13:67
   |
13 |     filter_google_cookies, resolve_installed_browser_profile_dir, ImportedCookie,
   |                                                                   ^^^^^^^^^^^^^^

warning: unused import: `Manager`
 --> src/browser/snapshot_source.rs:8:24
  |
8 | use tauri::{AppHandle, Manager};
  |                        ^^^^^^^

warning: unused import: `super::session_service::*`
  --> src/daemon/server.rs:22:5
   |
22 | use super::session_service::*;
   |     ^^^^^^^^^^^^^^^^^^^^^^^^^

warning: unused import: `PathBuf`
 --> src/ipc/remote_drop.rs:6:23
  |
6 | use std::path::{Path, PathBuf};
  |                       ^^^^^^^

warning: unused import: `NotificationAuthorization`
 --> src/notification/permission.rs:7:5
  |
7 |     NotificationAuthorization, NotificationPermissionRequestDto, NotificationPermissionStatusDto,
  |     ^^^^^^^^^^^^^^^^^^^^^^^^^

warning: unused import: `std::time::Duration`
 --> src/remote/session_transport.rs:1:5
  |
1 | use std::time::Duration;
  |     ^^^^^^^^^^^^^^^^^^^

warning: unused import: `RemoteSessionDetails`
 --> src/remote/server.rs:4:90
  |
4 | use crate::remote::backend::{RecoveryStream, RemoteRecoveryStatus, RemoteSessionBackend, RemoteSessionDetails};
  |                                                                                          ^^^^^^^^^^^^^^^^^^^^

warning: unused import: `std::os::fd::IntoRawFd`
   --> src/daemon/handover_wire.rs:442:9
    |
442 |     use std::os::fd::IntoRawFd;
    |         ^^^^^^^^^^^^^^^^^^^^^^

warning: unused import: `serde_json::Value`
    --> src/ipc/native_terminal.rs:3593:13
     |
3593 |         use serde_json::Value;
     |             ^^^^^^^^^^^^^^^^^

warning: unused import: `tauri::Manager`
    --> src/ipc/terminal.rs:5389:13
     |
5389 |         use tauri::Manager;
     |             ^^^^^^^^^^^^^^

warning: unused import: `tauri::Manager`
    --> src/ipc/terminal.rs:5413:13
     |
5413 |         use tauri::Manager;
     |             ^^^^^^^^^^^^^^

warning: unused imports: `DaemonRequest`, `SplitAttachAttempt`, `SplitOperationRequest`, and `SplitOperationResponse`
 --> src/ipc/pane_liveness_contract.rs:4:28
  |
4 |         clip_stage_budget, DaemonRequest, DaemonResponse, DaemonSessionDetails,
  |                            ^^^^^^^^^^^^^
5 |         LocalSplitEnvelope, PaneAttachTuple, PanePresentationReceipt, PreparedLocalSplit,
6 |         SplitAttachAttempt, SplitDelivery, SplitErrorDetails, SplitIdentity, SplitNoChild,
  |         ^^^^^^^^^^^^^^^^^^
7 |         SplitOperationRequest, SplitOperationResponse, SplitOperationResult, SplitOwnership,
  |         ^^^^^^^^^^^^^^^^^^^^^  ^^^^^^^^^^^^^^^^^^^^^^

warning: unused import: `super::*`
   --> src/native_terminal/renderer/color_glyph.rs:209:9
    |
209 |     use super::*;
    |         ^^^^^^^^

warning: unused import: `serde_json::Value`
     --> src/native_terminal/surface_host.rs:10421:13
      |
10421 |         use serde_json::Value;
      |             ^^^^^^^^^^^^^^^^^

warning: unused import: `AsyncWriteExt`
   --> src/remote/attach_router.rs:184:35
    |
184 |     use tokio::io::{AsyncReadExt, AsyncWriteExt};
    |                                   ^^^^^^^^^^^^^

warning: unused import: `tokio::io::AsyncWriteExt as _`
   --> src/remote/attach_router.rs:240:13
    |
240 |         use tokio::io::AsyncWriteExt as _;
    |             ^^^^^^^^^^^^^^^^^^^^^^^^^^^^^

warning: unused import: `crate::scoped_contracts::Epoch`
  --> src/remote/machine_agent_state_tests.rs:14:5
   |
14 | use crate::scoped_contracts::Epoch;
   |     ^^^^^^^^^^^^^^^^^^^^^^^^^^^^^^

warning: unused import: `tokio::io::AsyncBufReadExt`
    --> src/ssh/bridge_tests.rs:1968:9
     |
1968 |     use tokio::io::AsyncBufReadExt;
     |         ^^^^^^^^^^^^^^^^^^^^^^^^^^

warning: unused import: `AsRawFd`
  --> src/ssh/bridge.rs:28:25
   |
28 | use std::os::unix::io::{AsRawFd, FromRawFd, RawFd};
   |                         ^^^^^^^

warning: unused import: `FromRawFd`
  --> src/ssh/bridge.rs:28:34
   |
28 | use std::os::unix::io::{AsRawFd, FromRawFd, RawFd};
   |                                  ^^^^^^^^^

warning: unused import: `AsRawFd`
    --> src/terminal/session.rs:1209:27
     |
1209 |         use std::os::fd::{AsRawFd, FromRawFd};
     |                           ^^^^^^^

warning: unused variable: `pid`
    --> src/daemon/client.rs:2204:17
     |
2204 |                 pid,
     |                 ^^^ help: try ignoring the field: `pid: _`
     |
     = note: `#[warn(unused_variables)]` (part of `#[warn(unused)]`) on by default

warning: variable does not need to be mutable
   --> src/daemon/handover_socket.rs:190:9
    |
190 |     let mut frame = recv_frame(stream.as_raw_fd())?;
    |         ----^^^^^
    |         |
    |         help: remove this `mut`
    |
    = note: `#[warn(unused_mut)]` (part of `#[warn(unused)]`) on by default

warning: variable does not need to be mutable
   --> src/daemon/handover_socket.rs:318:9
    |
318 |     let mut frame = recv_frame(stream.as_raw_fd())?;
    |         ----^^^^^
    |         |
    |         help: remove this `mut`

warning: variable does not need to be mutable
   --> src/daemon/handover_wire.rs:202:9
    |
202 |     let mut iov_index = 0usize;
    |         ----^^^^^^^^^
    |         |
    |         help: remove this `mut`

warning: value assigned to `sent` is never read
   --> src/daemon/handover_wire.rs:188:20
    |
188 |     let mut sent = 0usize;
    |                    ^^^^^^ this value is reassigned later and never used
...
198 |         sent = n as usize;
    |         ----------------- `sent` is overwritten here before the previous value is read
    |
    = note: `#[warn(unused_assignments)]` (part of `#[warn(unused)]`) on by default

warning: value assigned to `written_total` is never read
   --> src/daemon/handover_wire.rs:213:37
    |
213 |             let mut written_total = 0usize;
    |                                     ^^^^^^ this value is reassigned later and never used
...
222 |             written_total = n as usize;
    |             -------------------------- `written_total` is overwritten here before the previous value is read

warning: variable does not need to be mutable
   --> src/daemon/server.rs:903:41
    |
903 |     pub(crate) fn detach_without_unlock(mut self) -> File {
    |                                         ----^^^^
    |                                         |
    |                                         help: remove this `mut`

warning: unused variable: `host`
   --> src/ipc/remote_drop.rs:310:13
    |
310 |         let host =
    |             ^^^^ help: if this is intentional, prefix it with an underscore: `_host`

warning: variable does not need to be mutable
   --> src/native_terminal/renderer/font_manager.rs:208:13
    |
208 |         let mut subpixel_buffer = vec![0u8; total_pixels * 4];
    |             ----^^^^^^^^^^^^^^^
    |             |
    |             help: remove this `mut`

warning: unused variable: `session`
   --> src/terminal/pty.rs:564:22
    |
564 |             let Some(session) = manager.get_session(&session_id) else {
    |                      ^^^^^^^ help: if this is intentional, prefix it with an underscore: `_session`

warning: value assigned to `desired_size` is never read
    --> src/terminal/remote.rs:1073:56
     |
1073 |               let mut desired_size: Option<(u16, u16)> = None;
     |                                                          ^^^^ this value is reassigned later and never used
...
1085 | /                     desired_size = Some(
1086 | |                         s.pending_size
1087 | |                             .take()
1088 | |                             .map(|(c, r, _)| (c, r))
1089 | |                             .unwrap_or((s.details.descriptor.cols, s.details.descriptor.rows)),
1090 | |                     );
     | |_____________________- `desired_size` is overwritten here before the previous value is read

warning: variable does not need to be mutable
    --> src/terminal/session.rs:1272:13
     |
1272 |         let mut master_pty = portable_pty::master_from_owned_fd(master, None)
     |             ----^^^^^^^^^^
     |             |
     |             help: remove this `mut`

warning: unused variable: `scroll_daemon_client`
    --> src/lib.rs:1188:9
     |
1188 |     let scroll_daemon_client = Arc::clone(&daemon_client);
     |         ^^^^^^^^^^^^^^^^^^^^ help: if this is intentional, prefix it with an underscore: `_scroll_daemon_client`

warning: type `DaemonLockFiles` is more private than the item `adopt_authority`
    --> src/daemon/handover_socket.rs:227:1
     |
 227 | / pub fn adopt_authority(
 228 | |     authority: TransferredAuthority,
 229 | | ) -> Result<(Option<tokio::net::UnixListener>, DaemonLockFiles), HandoverSocketError> {
     | |_____________________________________________________________________________________^ function `adopt_authority` is reachable at visibility `pub`
     |
note: but type `DaemonLockFiles` is only usable at visibility `pub(crate)`
    --> src/daemon/server.rs:1045:1
     |
1045 | pub(crate) struct DaemonLockFiles {
     | ^^^^^^^^^^^^^^^^^^^^^^^^^^^^^^^^^
     = note: `#[warn(private_interfaces)]` on by default

warning: type `ArmSpec` is more private than the item `QaBarrierChannel::wait_for_release`
   --> src/ipc/qa_barrier.rs:610:5
    |
610 |     pub async fn wait_for_release(&self, spec: &ArmSpec) -> ReleaseOutcome {
    |     ^^^^^^^^^^^^^^^^^^^^^^^^^^^^^^^^^^^^^^^^^^^^^^^^^^^^^^^^^^^^^^^^^^^^^^ method `QaBarrierChannel::wait_for_release` is reachable at visibility `pub`
    |
note: but type `ArmSpec` is only usable at visibility `pub(crate)`
   --> src/ipc/qa_barrier.rs:76:1
    |
 76 | pub(crate) struct ArmSpec {
    | ^^^^^^^^^^^^^^^^^^^^^^^^^

warning: type `RecordedSplit` is more private than the item `split_create_payload`
    --> src/ipc/terminal.rs:2042:5
     |
2042 | /     pub fn split_create_payload(
2043 | |         prepared: &PreparedLocalSplit,
2044 | |         session_id: &str,
2045 | |         daemon_epoch: u64,
2046 | |         session: &DaemonSessionDetails,
2047 | |         recorded: Option<&RecordedSplit>,
2048 | |     ) -> Value {
     | |______________^ function `split_create_payload` is reachable at visibility `pub(in crate::ipc::terminal)`
     |
note: but type `RecordedSplit` is only usable at visibility `pub(self)`
    --> src/ipc/terminal.rs:1951:5
     |
1951 |     struct RecordedSplit {
     |     ^^^^^^^^^^^^^^^^^^^^

warning: type `RecordedSplit` is more private than the item `cancel_ack_payload`
    --> src/ipc/terminal.rs:2249:5
     |
2249 | /     pub fn cancel_ack_payload(
2250 | |         record: &RecordedSplit,
2251 | |         phase: &str,
2252 | |         duplicate: bool,
...    |
2258 | |         source_still_present: Option<bool>,
2259 | |     ) -> Value {
     | |______________^ function `cancel_ack_payload` is reachable at visibility `pub(in crate::ipc::terminal)`
     |
note: but type `RecordedSplit` is only usable at visibility `pub(self)`
    --> src/ipc/terminal.rs:1951:5
     |
1951 |     struct RecordedSplit {
     |     ^^^^^^^^^^^^^^^^^^^^

warning: type `MachineSender` is more private than the item `SessionHub::machine_senders`
   --> src/terminal/output_hub.rs:700:5
    |
700 |     pub(crate) machine_senders: Vec<machine_output::MachineSender>,
    |     ^^^^^^^^^^^^^^^^^^^^^^^^^^^^^^^^^^^^^^^^^^^^^^^^^^^^^^^^^^^^^^ field `SessionHub::machine_senders` is reachable at visibility `pub(crate)`
    |
note: but type `MachineSender` is only usable at visibility `pub(in crate::terminal::output_hub)`
   --> src/terminal/machine_output.rs:76:1
    |
 76 | pub(super) struct MachineSender {
    | ^^^^^^^^^^^^^^^^^^^^^^^^^^^^^^^

warning: trait `AgentStateSink` is more private than the item `paired_daemon::Proxy::set_agent_sink`
   --> src/terminal/paired_daemon.rs:107:5
    |
107 |     pub fn set_agent_sink(&mut self, sink: Arc<dyn crate::terminal::remote::AgentStateSink>) {
    |     ^^^^^^^^^^^^^^^^^^^^^^^^^^^^^^^^^^^^^^^^^^^^^^^^^^^^^^^^^^^^^^^^^^^^^^^^^^^^^^^^^^^^^^^^ method `paired_daemon::Proxy::set_agent_sink` is reachable at visibility `pub`
    |
note: but trait `AgentStateSink` is only usable at visibility `pub(crate)`
   --> src/terminal/remote.rs:167:1
    |
167 | pub(crate) trait AgentStateSink: Send + Sync {
    | ^^^^^^^^^^^^^^^^^^^^^^^^^^^^^^^^^^^^^^^^^^^^

warning: trait `AgentStateSink` is more private than the item `paired_runtime::Runtime::set_agent_sink`
   --> src/terminal/paired_runtime.rs:294:5
    |
294 |     pub fn set_agent_sink(&self, sink: Arc<dyn crate::terminal::remote::AgentStateSink>) {
    |     ^^^^^^^^^^^^^^^^^^^^^^^^^^^^^^^^^^^^^^^^^^^^^^^^^^^^^^^^^^^^^^^^^^^^^^^^^^^^^^^^^^^^ method `paired_runtime::Runtime::set_agent_sink` is reachable at visibility `pub`
    |
note: but trait `AgentStateSink` is only usable at visibility `pub(crate)`
   --> src/terminal/remote.rs:167:1
    |
167 | pub(crate) trait AgentStateSink: Send + Sync {
    | ^^^^^^^^^^^^^^^^^^^^^^^^^^^^^^^^^^^^^^^^^^^^

warning: type `paired_runtime::Command` is more private than the item `paired_runtime::Runtime::sender`
   --> src/terminal/paired_runtime.rs:731:5
    |
731 |     pub(crate) fn sender(&self, id: &str) -> Result<mpsc::Sender<Command>, String> {
    |     ^^^^^^^^^^^^^^^^^^^^^^^^^^^^^^^^^^^^^^^^^^^^^^^^^^^^^^^^^^^^^^^^^^^^^^^^^^^^^^ method `paired_runtime::Runtime::sender` is reachable at visibility `pub(crate)`
    |
note: but type `paired_runtime::Command` is only usable at visibility `pub(self)`
   --> src/terminal/paired_runtime.rs:166:1
    |
166 | enum Command {
    | ^^^^^^^^^^^^

warning: trait `terminal::remote::Transport` is more private than the item `RemoteRuntime::live_import`
   --> src/terminal/remote.rs:819:5
    |
819 | /     pub fn live_import(
820 | |         &self,
821 | |         state: RemoteExportState,
822 | |         transport: Option<Arc<dyn Transport>>,
823 | |     ) -> Result<(), RemoteFailure> {
    | |__________________________________^ method `RemoteRuntime::live_import` is reachable at visibility `pub`
    |
note: but trait `terminal::remote::Transport` is only usable at visibility `pub(crate)`
   --> src/terminal/remote.rs:185:1
    |
185 | pub(crate) trait Transport: Send + Sync {
    | ^^^^^^^^^^^^^^^^^^^^^^^^^^^^^^^^^^^^^^^

warning: trait `terminal::remote::Transport` is more private than the item `RemoteRuntime::import_transferred`
   --> src/terminal/remote.rs:840:5
    |
840 | /     pub fn import_transferred(
841 | |         &self,
842 | |         state: RemoteExportState,
843 | |         transport: Option<Arc<dyn Transport>>,
844 | |     ) -> Result<(), RemoteFailure> {
    | |__________________________________^ method `RemoteRuntime::import_transferred` is reachable at visibility `pub`
    |
note: but trait `terminal::remote::Transport` is only usable at visibility `pub(crate)`
   --> src/terminal/remote.rs:185:1
    |
185 | pub(crate) trait Transport: Send + Sync {
    | ^^^^^^^^^^^^^^^^^^^^^^^^^^^^^^^^^^^^^^^

warning: trait `AgentStateSink` is more private than the item `terminal::service::TerminalService::set_paired_agent_sink`
   --> src/terminal/service.rs:75:5
    |
 75 |     pub fn set_paired_agent_sink(&self, sink: Arc<dyn super::remote::AgentStateSink>) {
    |     ^^^^^^^^^^^^^^^^^^^^^^^^^^^^^^^^^^^^^^^^^^^^^^^^^^^^^^^^^^^^^^^^^^^^^^^^^^^^^^^^^ method `terminal::service::TerminalService::set_paired_agent_sink` is reachable at visibility `pub`
    |
note: but trait `AgentStateSink` is only usable at visibility `pub(crate)`
   --> src/terminal/remote.rs:167:1
    |
167 | pub(crate) trait AgentStateSink: Send + Sync {
    | ^^^^^^^^^^^^^^^^^^^^^^^^^^^^^^^^^^^^^^^^^^^^

warning: fields `app` and `timeout` are never read
   --> src/browser/snapshot_source.rs:339:5
    |
338 | pub struct TauriBrowserSnapshotSource<R: tauri::Runtime> {
    |            -------------------------- fields in this struct
339 |     app: AppHandle<R>,
    |     ^^^
340 |     timeout: Duration,
    |     ^^^^^^^
    |
    = note: `#[warn(dead_code)]` (part of `#[warn(unused)]`) on by default

warning: enum `UpgradeAction` is never used
  --> src/daemon/handover.rs:14:17
   |
14 | pub(crate) enum UpgradeAction {
   |                 ^^^^^^^^^^^^^

warning: method `is_proceed` is never used
  --> src/daemon/handover.rs:22:19
   |
21 | impl UpgradeAction {
   | ------------------ method in this implementation
22 |     pub(crate) fn is_proceed(self) -> bool {
   |                   ^^^^^^^^^^

warning: function `idle_upgrade_enabled` is never used
  --> src/daemon/handover.rs:29:15
   |
29 | pub(crate) fn idle_upgrade_enabled(value: Option<&str>) -> bool {
   |               ^^^^^^^^^^^^^^^^^^^^

warning: function `idle_upgrade_requested` is never used
  --> src/daemon/handover.rs:33:15
   |
33 | pub(crate) fn idle_upgrade_requested() -> bool {
   |               ^^^^^^^^^^^^^^^^^^^^^^

warning: function `upgrade_action` is never used
  --> src/daemon/handover.rs:57:15
   |
57 | pub(crate) fn upgrade_action(live_sessions: usize, session_transfer_supported: bool) -> UpgradeAction {
   |               ^^^^^^^^^^^^^^

warning: struct `SpawnOwnerGuard` is never constructed
   --> src/daemon/handover.rs:450:19
    |
450 | pub(crate) struct SpawnOwnerGuard {
    |                   ^^^^^^^^^^^^^^^

warning: method `retain_spawn_owner` is never used
   --> src/daemon/handover.rs:574:19
    |
528 | impl HandoverManager {
    | -------------------- method in this implementation
...
574 |     pub(crate) fn retain_spawn_owner(self: &Arc<Self>) -> Result<SpawnOwnerGuard, String> {
    |                   ^^^^^^^^^^^^^^^^^^

warning: function `remote_spawn_relative_path` is never used
    --> src/daemon/server.rs:5424:4
     |
5424 | fn remote_spawn_relative_path(repo_root: &str, root: &str) -> String {
     |    ^^^^^^^^^^^^^^^^^^^^^^^^^^

warning: method `machine_sessions` is never used
   --> src/daemon/session_service.rs:975:19
    |
361 | impl DaemonSessionService {
    | ------------------------- method in this implementation
...
975 |     pub(crate) fn machine_sessions(
    |                   ^^^^^^^^^^^^^^^^

warning: field `workspace_queues` is never read
  --> src/daemon/workspace_service.rs:25:5
   |
19 | pub struct DaemonWorkspaceService {
   |            ---------------------- field in this struct
...
25 |     workspace_queues: parking_lot::Mutex<
   |     ^^^^^^^^^^^^^^^^

warning: method `spawn_queue` is never used
  --> src/daemon/workspace_service.rs:42:19
   |
41 | impl DaemonWorkspaceService {
   | --------------------------- method in this implementation
42 |     pub(crate) fn spawn_queue(&self, workspace: &str) -> std::sync::Arc<tokio::sync::Mutex<()>> {
   |                   ^^^^^^^^^^^

warning: field `kind` is never read
   --> src/ipc/file_preview.rs:539:5
    |
534 | struct HandleRecord {
    |        ------------ field in this struct
...
539 |     kind: FilePreviewKind,
    |     ^^^^

warning: function `identity_holds` is never used
    --> src/ipc/file_preview.rs:1147:4
     |
1147 | fn identity_holds(path: &Path, identity: Option<(u64, u64)>) -> bool {
     |    ^^^^^^^^^^^^^^

warning: field `0` is never read
    --> src/ipc/file_preview.rs:1163:25
     |
1163 | struct ChildReservation(String);
     |        ---------------- ^^^^^^
     |        |
     |        field in this struct
     |
     = help: consider removing this field

warning: fields `client_request_id`, `source_backend_session_id`, `workspace_id`, and `worktree_path` are never read
  --> src/ipc/qa_barrier.rs:89:16
   |
76 | pub(crate) struct ArmSpec {
   |                   ------- fields in this struct
...
89 |     pub(crate) client_request_id: Option<String>,
   |                ^^^^^^^^^^^^^^^^^
90 |     #[serde(rename = "sourceBackendSessionId", default)]
91 |     pub(crate) source_backend_session_id: Option<String>,
   |                ^^^^^^^^^^^^^^^^^^^^^^^^^
92 |     #[serde(rename = "workspaceId", default)]
93 |     pub(crate) workspace_id: Option<String>,
   |                ^^^^^^^^^^^^
94 |     #[serde(rename = "worktreePath", default)]
95 |     pub(crate) worktree_path: Option<String>,
   |                ^^^^^^^^^^^^^
   |
   = note: `ArmSpec` has derived impls for the traits `Clone` and `Debug`, but these are intentionally ignored during dead code analysis

warning: constant `INPUT_OUTPUT` is never used
  --> src/native_terminal/platform/linux.rs:40:7
   |
40 | const INPUT_OUTPUT: u32 = 1;
   |       ^^^^^^^^^^^^

warning: method `presentation_tuple` is never used
   --> src/native_terminal/surface_host.rs:567:8
    |
560 | impl NativeTerminalSession {
    | -------------------------- method in this implementation
...
567 |     fn presentation_tuple(&self) -> Option<&crate::daemon::protocol::PaneAttachTuple> {
    |        ^^^^^^^^^^^^^^^^^^

warning: function `authorization_wait` is never used
  --> src/notification/permission.rs:14:15
   |
14 | pub(crate) fn authorization_wait() -> Duration {
   |               ^^^^^^^^^^^^^^^^^^

warning: function `request_authorization_with` is never used
  --> src/notification/permission.rs:24:15
   |
24 | pub(crate) fn request_authorization_with(
   |               ^^^^^^^^^^^^^^^^^^^^^^^^^^

warning: function `wait_for_authorization` is never used
  --> src/notification/permission.rs:48:15
   |
48 | pub(crate) fn wait_for_authorization(
   |               ^^^^^^^^^^^^^^^^^^^^^^

warning: field `0` is never read
    --> src/remote/auth.rs:1246:18
     |
1246 | struct StoreLock(std::fs::File);
     |        --------- ^^^^^^^^^^^^^
     |        |
     |        field in this struct
     |
     = help: consider removing this field

warning: method `disarm` is never used
   --> src/remote/relay_server.rs:241:12
    |
216 | impl PairingClaimGuard {
    | ---------------------- method in this implementation
...
241 |     pub fn disarm(&mut self) {
    |            ^^^^^^

warning: function `inspect` is never used
   --> src/terminal/foreground.rs:226:15
    |
226 | pub(crate) fn inspect(session: &PtySession) -> std::io::Result<Option<Foreground>> {
    |               ^^^^^^^

warning: struct `ResolvedSpawnContext` is never constructed
   --> src/terminal/pty.rs:155:19
    |
155 | pub(crate) struct ResolvedSpawnContext {
    |                   ^^^^^^^^^^^^^^^^^^^^

warning: method `apply` is never used
   --> src/terminal/pty.rs:162:8
    |
161 | impl ResolvedSpawnContext {
    | ------------------------- method in this implementation
162 |     fn apply(&self, command: &mut CommandBuilder, session_id: &str) {
    |        ^^^^^

warning: variant `Inherited` is never constructed
   --> src/terminal/pty.rs:216:5
    |
214 | enum SpawnPathPolicy {
    |      --------------- variant in this enum
215 |     LegacyDiscovery,
216 |     Inherited,
    |     ^^^^^^^^^
    |
    = note: `SpawnPathPolicy` has a derived impl for the trait `Clone`, but this is intentionally ignored during dead code analysis

warning: methods `spawn_resolved_with_id` and `try_acquire_cwd_probe` are never used
   --> src/terminal/pty.rs:342:19
    |
235 | impl PtyManager {
    | --------------- methods in this implementation
...
342 |     pub(crate) fn spawn_resolved_with_id(
    |                   ^^^^^^^^^^^^^^^^^^^^^^
...
828 |     pub(crate) fn try_acquire_cwd_probe(
    |                   ^^^^^^^^^^^^^^^^^^^^^

warning: struct `PumpToken` is never constructed
  --> src/terminal/service.rs:21:19
   |
21 | pub(crate) struct PumpToken(u64);
   |                   ^^^^^^^^^

warning: struct `PumpTokenFence` is never constructed
  --> src/terminal/service.rs:24:19
   |
24 | pub(crate) struct PumpTokenFence {
   |                   ^^^^^^^^^^^^^^

warning: methods `install`, `is_active`, and `remove` are never used
  --> src/terminal/service.rs:30:19
   |
29 | impl PumpTokenFence {
   | ------------------- methods in this implementation
30 |     pub(crate) fn install(&self) -> PumpToken {
   |                   ^^^^^^^
...
36 |     pub(crate) fn is_active(&self, token: PumpToken) -> bool { *self.active.lock() == Some(token) }
   |                   ^^^^^^^^^
37 |
38 |     pub(crate) fn remove(&self, token: PumpToken) -> bool {
   |                   ^^^^^^

warning: methods `try_acquire_cwd_probe` and `spawn_resolved_with_id` are never used
   --> src/terminal/service.rs:178:19
    |
 53 | impl TerminalService {
    | -------------------- methods in this implementation
...
178 |     pub(crate) fn try_acquire_cwd_probe(
    |                   ^^^^^^^^^^^^^^^^^^^^^
...
232 |     pub(crate) fn spawn_resolved_with_id(
    |                   ^^^^^^^^^^^^^^^^^^^^^^

warning: method `wait_and_reap` is never used
    --> src/terminal/session.rs:1128:19
     |
 446 | impl PtySession {
     | --------------- method in this implementation
...
1128 |     pub(crate) fn wait_and_reap(&self) -> Result<Option<i32>, PtyError> {
     |                   ^^^^^^^^^^^^^

warning: function `resolve_ordinary_shell_command` is never used
   --> src/terminal/shell.rs:441:15
    |
441 | pub(crate) fn resolve_ordinary_shell_command(
    |               ^^^^^^^^^^^^^^^^^^^^^^^^^^^^^^

warning: function `ordinary_shell_command_with_env` is never used
   --> src/terminal/shell.rs:450:4
    |
450 | fn ordinary_shell_command_with_env<E>(
    |    ^^^^^^^^^^^^^^^^^^^^^^^^^^^^^^^

warning: function `inherited_executable` is never used
   --> src/terminal/shell.rs:486:4
    |
486 | fn inherited_executable(
    |    ^^^^^^^^^^^^^^^^^^^^

warning: function `inherited_candidate_is_executable` is never used
   --> src/terminal/shell.rs:518:4
    |
518 | fn inherited_candidate_is_executable(path: &std::path::Path, platform: TargetPlatform) -> bool {
    |    ^^^^^^^^^^^^^^^^^^^^^^^^^^^^^^^^^

warning: function `with_local_worktree_budget` is never used
   --> src/worktree/git.rs:115:15
    |
115 | pub(crate) fn with_local_worktree_budget<T>(work: impl FnOnce() -> T) -> T {
    |               ^^^^^^^^^^^^^^^^^^^^^^^^^^

warning: function `with_preparation_git_budget` is never used
   --> src/worktree/git.rs:143:15
    |
143 | pub(crate) fn with_preparation_git_budget<T>(
    |               ^^^^^^^^^^^^^^^^^^^^^^^^^^^

warning: struct `WriterLeaseGuard` is never constructed
  --> src/worktree/manager.rs:86:19
   |
86 | pub(crate) struct WriterLeaseGuard {
   |                   ^^^^^^^^^^^^^^^^

warning: associated items `new`, `canonical_path`, and `owner_id` are never used
   --> src/worktree/manager.rs:93:8
    |
 92 | impl WriterLeaseGuard {
    | --------------------- associated items in this implementation
 93 |     fn new(registry: WriterLeaseRegistry, canonical_path: PathBuf, owner_id: String) -> Self {
    |        ^^^
...
101 |     pub(crate) fn canonical_path(&self) -> &Path {
    |                   ^^^^^^^^^^^^^^
...
105 |     pub(crate) fn owner_id(&self) -> &str {
    |                   ^^^^^^^^

warning: associated items `acquire_writer_lease` and `validate_ref_component` are never used
   --> src/worktree/manager.rs:338:19
    |
134 | impl WorktreeManager {
    | -------------------- associated items in this implementation
...
338 |     pub(crate) fn acquire_writer_lease(
    |                   ^^^^^^^^^^^^^^^^^^^^
...
398 |     fn validate_ref_component(component: &str, label: &str) -> Result<(), WorktreeError> {
    |        ^^^^^^^^^^^^^^^^^^^^^^

warning: `ferryx` (lib) generated 78 warnings (run `cargo fix --lib -p ferryx` to apply 19 suggestions)
warning: unused import: `router`
 --> tests/account_login_flow.rs:4:36
  |
4 | use ferryx_lib::account::service::{router, AccountState};
  |                                    ^^^^^^
  |
  = note: `#[warn(unused_imports)]` (part of `#[warn(unused)]`) on by default

warning: unused `Result` that must be used
   --> tests/machine_terminal_stream.rs:190:9
    |
190 |         state.auth_manager.revoke_device("owner");
    |         ^^^^^^^^^^^^^^^^^^^^^^^^^^^^^^^^^^^^^^^^^
    |
    = note: this `Result` may be an `Err` variant, which should be handled
    = note: `#[warn(unused_must_use)]` (part of `#[warn(unused)]`) on by default
help: use `let _ = ...` to ignore the resulting value
    |
190 |         let _ = state.auth_manager.revoke_device("owner");
    |         +++++++

warning: unused `Result` that must be used
   --> tests/machine_terminal_stream.rs:203:54
    |
203 |     for id in ["owner", "other", "mirror", "view"] { state.auth_manager.revoke_device(id); }
    |                                                      ^^^^^^^^^^^^^^^^^^^^^^^^^^^^^^^^^^^^
    |
    = note: this `Result` may be an `Err` variant, which should be handled
help: use `let _ = ...` to ignore the resulting value
    |
203 |     for id in ["owner", "other", "mirror", "view"] { let _ = state.auth_manager.revoke_device(id); }
    |                                                      +++++++

warning: `ferryx` (test "account_login_flow") generated 1 warning (run `cargo fix --test "account_login_flow" -p ferryx` to apply 1 suggestion)
warning: `ferryx` (test "machine_terminal_stream") generated 2 warnings
warning: unused variable: `descriptor`
   --> tests/native_terminal_composition_contract.rs:350:9
    |
350 |     let descriptor =
    |         ^^^^^^^^^^ help: if this is intentional, prefix it with an underscore: `_descriptor`
    |
    = note: `#[warn(unused_variables)]` (part of `#[warn(unused)]`) on by default

warning: `ferryx` (test "native_terminal_composition_contract") generated 1 warning (run `cargo fix --test "native_terminal_composition_contract" -p ferryx` to apply 1 suggestion)
warning: function `target_link` is never used
  --> tests/../src/ferryx_scope/push/core.rs:33:8
   |
33 | pub fn target_link(target: &TargetRef) -> String { format!("/#task={}", URL_SAFE_NO_PAD.encode(serde_json::to_vec(target).expect("ta...
   |        ^^^^^^^^^^^
   |
   = note: `#[warn(dead_code)]` (part of `#[warn(unused)]`) on by default

warning: unexpected `cfg` condition name: `a10_wire_red`
 --> tests/a10_terminal_wire_codec.rs:2:11
  |
2 | #[cfg(not(a10_wire_red))]
  |           ^^^^^^^^^^^^
  |
  = help: expected names are: `desktop`, `dev`, `docsrs`, `feature`, `mobile`, and `test` and 32 more
  = help: consider using a Cargo feature instead
  = help: or consider adding in `Cargo.toml` the `check-cfg` lint config for the lint:
           [lints.rust]
           unexpected_cfgs = { level = "warn", check-cfg = ['cfg(a10_wire_red)'] }
  = help: or consider adding `println!("cargo::rustc-check-cfg=cfg(a10_wire_red)");` to the top of the `build.rs`
  = note: see <https://doc.rust-lang.org/nightly/rustc/check-cfg/cargo-specifics.html> for more information about checking conditional configuration
  = note: `#[warn(unexpected_cfgs)]` on by default

warning: unexpected `cfg` condition name: `a10_wire_red`
  --> tests/a10_terminal_wire_codec.rs:19:11
   |
19 | #[cfg(not(a10_wire_red))]
   |           ^^^^^^^^^^^^
   |
   = help: consider using a Cargo feature instead
   = help: or consider adding in `Cargo.toml` the `check-cfg` lint config for the lint:
            [lints.rust]
            unexpected_cfgs = { level = "warn", check-cfg = ['cfg(a10_wire_red)'] }
   = help: or consider adding `println!("cargo::rustc-check-cfg=cfg(a10_wire_red)");` to the top of the `build.rs`
   = note: see <https://doc.rust-lang.org/nightly/rustc/check-cfg/cargo-specifics.html> for more information about checking conditional configuration

warning: unexpected `cfg` condition name: `a10_wire_red`
  --> tests/a10_terminal_wire_codec.rs:12:11
   |
12 |     #[cfg(a10_wire_red)]
   |           ^^^^^^^^^^^^
   |
   = help: consider using a Cargo feature instead
   = help: or consider adding in `Cargo.toml` the `check-cfg` lint config for the lint:
            [lints.rust]
            unexpected_cfgs = { level = "warn", check-cfg = ['cfg(a10_wire_red)'] }
   = help: or consider adding `println!("cargo::rustc-check-cfg=cfg(a10_wire_red)");` to the top of the `build.rs`
   = note: see <https://doc.rust-lang.org/nightly/rustc/check-cfg/cargo-specifics.html> for more information about checking conditional configuration

warning: unexpected `cfg` condition name: `a10_wire_red`
  --> tests/a10_terminal_wire_codec.rs:14:15
   |
14 |     #[cfg(not(a10_wire_red))]
   |               ^^^^^^^^^^^^
   |
   = help: consider using a Cargo feature instead
   = help: or consider adding in `Cargo.toml` the `check-cfg` lint config for the lint:
            [lints.rust]
            unexpected_cfgs = { level = "warn", check-cfg = ['cfg(a10_wire_red)'] }
   = help: or consider adding `println!("cargo::rustc-check-cfg=cfg(a10_wire_red)");` to the top of the `build.rs`
   = note: see <https://doc.rust-lang.org/nightly/rustc/check-cfg/cargo-specifics.html> for more information about checking conditional configuration

warning: unused `Result` that must be used
   --> tests/machine_session_metadata.rs:189:5
    |
189 |     state.auth_manager.revoke_device("owner");
    |     ^^^^^^^^^^^^^^^^^^^^^^^^^^^^^^^^^^^^^^^^^
    |
    = note: this `Result` may be an `Err` variant, which should be handled
    = note: `#[warn(unused_must_use)]` (part of `#[warn(unused)]`) on by default
help: use `let _ = ...` to ignore the resulting value
    |
189 |     let _ = state.auth_manager.revoke_device("owner");
    |     +++++++

warning: unused `Result` that must be used
   --> tests/machine_session_metadata.rs:190:5
    |
190 |     state.auth_manager.revoke_device("mirror");
    |     ^^^^^^^^^^^^^^^^^^^^^^^^^^^^^^^^^^^^^^^^^^
    |
    = note: this `Result` may be an `Err` variant, which should be handled
help: use `let _ = ...` to ignore the resulting value
    |
190 |     let _ = state.auth_manager.revoke_device("mirror");
    |     +++++++

warning: `ferryx` (test "a10_terminal_wire_codec") generated 4 warnings
warning: `ferryx` (test "scoped_push") generated 1 warning
warning: `ferryx` (test "machine_session_metadata") generated 2 warnings
warning: unused `std::result::Result` that must be used
  --> tests/../src/ferryx_scope/control/service.rs:34:42
   |
34 |     pub fn revoke(&self, device: &str) { self.auth.revoke_device(device); self.scopes.write().remove(device); self.notify_policy(); }
   |                                          ^^^^^^^^^^^^^^^^^^^^^^^^^^^^^^^
   |
   = note: this `Result` may be an `Err` variant, which should be handled
   = note: `#[warn(unused_must_use)]` (part of `#[warn(unused)]`) on by default
help: use `let _ = ...` to ignore the resulting value
   |
34 |     pub fn revoke(&self, device: &str) { let _ = self.auth.revoke_device(device); self.scopes.write().remove(device); self.notify_policy(); }
   |                                          +++++++

warning: `ferryx` (test "scoped_control") generated 1 warning
warning: unused `Result` that must be used
   --> tests/a10_output_live_socket.rs:143:5
    |
143 |     state.auth_manager.revoke_device("owner");
    |     ^^^^^^^^^^^^^^^^^^^^^^^^^^^^^^^^^^^^^^^^^
    |
    = note: this `Result` may be an `Err` variant, which should be handled
    = note: `#[warn(unused_must_use)]` (part of `#[warn(unused)]`) on by default
help: use `let _ = ...` to ignore the resulting value
    |
143 |     let _ = state.auth_manager.revoke_device("owner");
    |     +++++++

warning: `ferryx` (test "a10_output_live_socket") generated 1 warning
warning: unused `Result` that must be used
   --> tests/a10_output_socket.rs:105:5
    |
105 |     state.auth_manager.revoke_device("owner");
    |     ^^^^^^^^^^^^^^^^^^^^^^^^^^^^^^^^^^^^^^^^^
    |
    = note: this `Result` may be an `Err` variant, which should be handled
    = note: `#[warn(unused_must_use)]` (part of `#[warn(unused)]`) on by default
help: use `let _ = ...` to ignore the resulting value
    |
105 |     let _ = state.auth_manager.revoke_device("owner");
    |     +++++++

warning: `ferryx` (test "a10_output_socket") generated 1 warning
warning: unused `Result` that must be used
   --> tests/machine_events.rs:169:5
    |
169 |     state.auth_manager.revoke_device("owner");
    |     ^^^^^^^^^^^^^^^^^^^^^^^^^^^^^^^^^^^^^^^^^
    |
    = note: this `Result` may be an `Err` variant, which should be handled
    = note: `#[warn(unused_must_use)]` (part of `#[warn(unused)]`) on by default
help: use `let _ = ...` to ignore the resulting value
    |
169 |     let _ = state.auth_manager.revoke_device("owner");
    |     +++++++

warning: unused `Result` that must be used
   --> tests/machine_events.rs:170:5
    |
170 |     state.auth_manager.revoke_device("mirror");
    |     ^^^^^^^^^^^^^^^^^^^^^^^^^^^^^^^^^^^^^^^^^^
    |
    = note: this `Result` may be an `Err` variant, which should be handled
help: use `let _ = ...` to ignore the resulting value
    |
170 |     let _ = state.auth_manager.revoke_device("mirror");
    |     +++++++

warning: `ferryx` (test "machine_events") generated 2 warnings
warning: unused import: `std::io::Write`
   --> src/daemon/handover_socket.rs:339:9
    |
339 |     use std::io::Write;
    |         ^^^^^^^^^^^^^^

warning: unused import: `base64::Engine`
   --> src/remote/account_grants.rs:108:9
    |
108 |     use base64::Engine as _;
    |         ^^^^^^^^^^^^^^

warning: value assigned to `header` is never read
   --> src/daemon/handover_wire.rs:529:9
    |
529 |         header = [0u8; HANDOVER_HEADER_BYTES];
    |         ^^^^^^^^^^^^^^^^^^^^^^^^^^^^^^^^^^^^^
    |
    = help: maybe it is overwritten before being read?

warning: value assigned to `cursor` is never read
   --> src/daemon/handover_wire.rs:543:26
    |
543 |         let mut cursor = 0usize;
    |                          ^^^^^^ this value is reassigned later and never used
...
548 |         cursor = header.len();
    |         --------------------- `cursor` is overwritten here before the previous value is read

warning: unused variable: `sender`
   --> src/daemon/handover_wire.rs:569:14
    |
569 |         let (sender, receiver) = socketpair();
    |              ^^^^^^ help: if this is intentional, prefix it with an underscore: `_sender`

warning: unused variable: `receiver`
   --> src/daemon/handover_wire.rs:594:22
    |
594 |         let (sender, receiver) = socketpair();
    |                      ^^^^^^^^ help: if this is intentional, prefix it with an underscore: `_receiver`

warning: variable does not need to be mutable
    --> src/native_terminal/surface_host.rs:7379:13
     |
7379 |         let mut harness = DirectRenderHarness::new(
     |             ----^^^^^^^
     |             |
     |             help: remove this `mut`

warning: variable does not need to be mutable
    --> src/native_terminal/surface_host.rs:7430:13
     |
7430 |         let mut harness = DirectRenderHarness::new(vec![
     |             ----^^^^^^^
     |             |
     |             help: remove this `mut`

warning: unused variable: `receipt`
     --> src/native_terminal/surface_host.rs:10106:13
      |
10106 |         let receipt = harness
      |             ^^^^^^^ help: if this is intentional, prefix it with an underscore: `_receipt`

warning: unused variable: `render_receipt`
     --> src/native_terminal/surface_host.rs:10116:13
      |
10116 |         let render_receipt = harness
      |             ^^^^^^^^^^^^^^ help: if this is intentional, prefix it with an underscore: `_render_receipt`

warning: unused variable: `token`
    --> src/remote/auth.rs:1759:14
     |
1759 |         let (token, device) = auth
     |              ^^^^^ help: if this is intentional, prefix it with an underscore: `_token`

warning: variable does not need to be mutable
    --> src/ssh/bridge_tests.rs:1333:9
     |
1333 |     let mut child = spawn_cat_child();
     |         ----^^^^^
     |         |
     |         help: remove this `mut`

warning: variable does not need to be mutable
    --> src/ssh/bridge_tests.rs:1347:9
     |
1347 |     let mut child = tokio::process::Command::new("/bin/sh")
     |         ----^^^^^
     |         |
     |         help: remove this `mut`

warning: variable does not need to be mutable
    --> src/ssh/bridge_tests.rs:1364:9
     |
1364 |     let mut child = tokio::process::Command::new("/bin/sh")
     |         ----^^^^^
     |         |
     |         help: remove this `mut`

warning: unused variable: `initial_len`
   --> src/ssh/projects.rs:512:13
    |
512 |         let initial_len = target_len as u64;
    |             ^^^^^^^^^^^ help: if this is intentional, prefix it with an underscore: `_initial_len`

warning: type `DaemonLockFiles` is more private than the item `handover_socket::adopt_authority`
    --> src/daemon/handover_socket.rs:227:1
     |
 227 | / pub fn adopt_authority(
 228 | |     authority: TransferredAuthority,
 229 | | ) -> Result<(Option<tokio::net::UnixListener>, DaemonLockFiles), HandoverSocketError> {
     | |_____________________________________________________________________________________^ function `handover_socket::adopt_authority` is reachable at visibility `pub`
     |
note: but type `DaemonLockFiles` is only usable at visibility `pub(crate)`
    --> src/daemon/server.rs:1045:1
     |
1045 | pub(crate) struct DaemonLockFiles {
     | ^^^^^^^^^^^^^^^^^^^^^^^^^^^^^^^^^
     = note: `#[warn(private_interfaces)]` on by default

warning: type `daemon::agent_state::AgentState` is more private than the item `session_service::DaemonSessionService::publish_agent_state_for_test`
   --> src/daemon/session_service.rs:620:5
    |
620 |     pub fn publish_agent_state_for_test(&self, state: crate::daemon::agent_state::AgentState) {
    |     ^^^^^^^^^^^^^^^^^^^^^^^^^^^^^^^^^^^^^^^^^^^^^^^^^^^^^^^^^^^^^^^^^^^^^^^^^^^^^^^^^^^^^^^^^ method `session_service::DaemonSessionService::publish_agent_state_for_test` is reachable at visibility `pub`
    |
note: but type `daemon::agent_state::AgentState` is only usable at visibility `pub(crate)`
   --> src/daemon/agent_state.rs:8:1
    |
  8 | pub(crate) struct AgentState {
    | ^^^^^^^^^^^^^^^^^^^^^^^^^^^^

warning: type `ArmSpec` is more private than the item `qa_barrier::QaBarrierChannel::wait_for_release`
   --> src/ipc/qa_barrier.rs:610:5
    |
610 |     pub async fn wait_for_release(&self, spec: &ArmSpec) -> ReleaseOutcome {
    |     ^^^^^^^^^^^^^^^^^^^^^^^^^^^^^^^^^^^^^^^^^^^^^^^^^^^^^^^^^^^^^^^^^^^^^^ method `qa_barrier::QaBarrierChannel::wait_for_release` is reachable at visibility `pub`
    |
note: but type `ArmSpec` is only usable at visibility `pub(crate)`
   --> src/ipc/qa_barrier.rs:76:1
    |
 76 | pub(crate) struct ArmSpec {
    | ^^^^^^^^^^^^^^^^^^^^^^^^^

warning: type `qa_split_producers::RecordedSplit` is more private than the item `qa_split_producers::split_create_payload`
    --> src/ipc/terminal.rs:2042:5
     |
2042 | /     pub fn split_create_payload(
2043 | |         prepared: &PreparedLocalSplit,
2044 | |         session_id: &str,
2045 | |         daemon_epoch: u64,
2046 | |         session: &DaemonSessionDetails,
2047 | |         recorded: Option<&RecordedSplit>,
2048 | |     ) -> Value {
     | |______________^ function `qa_split_producers::split_create_payload` is reachable at visibility `pub(in crate::ipc::terminal)`
     |
note: but type `qa_split_producers::RecordedSplit` is only usable at visibility `pub(self)`
    --> src/ipc/terminal.rs:1951:5
     |
1951 |     struct RecordedSplit {
     |     ^^^^^^^^^^^^^^^^^^^^

warning: type `qa_split_producers::RecordedSplit` is more private than the item `qa_split_producers::cancel_ack_payload`
    --> src/ipc/terminal.rs:2249:5
     |
2249 | /     pub fn cancel_ack_payload(
2250 | |         record: &RecordedSplit,
2251 | |         phase: &str,
2252 | |         duplicate: bool,
...    |
2258 | |         source_still_present: Option<bool>,
2259 | |     ) -> Value {
     | |______________^ function `qa_split_producers::cancel_ack_payload` is reachable at visibility `pub(in crate::ipc::terminal)`
     |
note: but type `qa_split_producers::RecordedSplit` is only usable at visibility `pub(self)`
    --> src/ipc/terminal.rs:1951:5
     |
1951 |     struct RecordedSplit {
     |     ^^^^^^^^^^^^^^^^^^^^

warning: trait `terminal::remote::AgentStateSink` is more private than the item `paired_daemon::Proxy::set_agent_sink`
   --> src/terminal/paired_daemon.rs:107:5
    |
107 |     pub fn set_agent_sink(&mut self, sink: Arc<dyn crate::terminal::remote::AgentStateSink>) {
    |     ^^^^^^^^^^^^^^^^^^^^^^^^^^^^^^^^^^^^^^^^^^^^^^^^^^^^^^^^^^^^^^^^^^^^^^^^^^^^^^^^^^^^^^^^ method `paired_daemon::Proxy::set_agent_sink` is reachable at visibility `pub`
    |
note: but trait `terminal::remote::AgentStateSink` is only usable at visibility `pub(crate)`
   --> src/terminal/remote.rs:167:1
    |
167 | pub(crate) trait AgentStateSink: Send + Sync {
    | ^^^^^^^^^^^^^^^^^^^^^^^^^^^^^^^^^^^^^^^^^^^^

warning: trait `terminal::remote::AgentStateSink` is more private than the item `paired_runtime::Runtime::set_agent_sink`
   --> src/terminal/paired_runtime.rs:294:5
    |
294 |     pub fn set_agent_sink(&self, sink: Arc<dyn crate::terminal::remote::AgentStateSink>) {
    |     ^^^^^^^^^^^^^^^^^^^^^^^^^^^^^^^^^^^^^^^^^^^^^^^^^^^^^^^^^^^^^^^^^^^^^^^^^^^^^^^^^^^^ method `paired_runtime::Runtime::set_agent_sink` is reachable at visibility `pub`
    |
note: but trait `terminal::remote::AgentStateSink` is only usable at visibility `pub(crate)`
   --> src/terminal/remote.rs:167:1
    |
167 | pub(crate) trait AgentStateSink: Send + Sync {
    | ^^^^^^^^^^^^^^^^^^^^^^^^^^^^^^^^^^^^^^^^^^^^

warning: trait `terminal::remote::Transport` is more private than the item `terminal::remote::RemoteRuntime::live_import`
   --> src/terminal/remote.rs:819:5
    |
819 | /     pub fn live_import(
820 | |         &self,
821 | |         state: RemoteExportState,
822 | |         transport: Option<Arc<dyn Transport>>,
823 | |     ) -> Result<(), RemoteFailure> {
    | |__________________________________^ method `terminal::remote::RemoteRuntime::live_import` is reachable at visibility `pub`
    |
note: but trait `terminal::remote::Transport` is only usable at visibility `pub(crate)`
   --> src/terminal/remote.rs:185:1
    |
185 | pub(crate) trait Transport: Send + Sync {
    | ^^^^^^^^^^^^^^^^^^^^^^^^^^^^^^^^^^^^^^^

warning: trait `terminal::remote::Transport` is more private than the item `terminal::remote::RemoteRuntime::import_transferred`
   --> src/terminal/remote.rs:840:5
    |
840 | /     pub fn import_transferred(
841 | |         &self,
842 | |         state: RemoteExportState,
843 | |         transport: Option<Arc<dyn Transport>>,
844 | |     ) -> Result<(), RemoteFailure> {
    | |__________________________________^ method `terminal::remote::RemoteRuntime::import_transferred` is reachable at visibility `pub`
    |
note: but trait `terminal::remote::Transport` is only usable at visibility `pub(crate)`
   --> src/terminal/remote.rs:185:1
    |
185 | pub(crate) trait Transport: Send + Sync {
    | ^^^^^^^^^^^^^^^^^^^^^^^^^^^^^^^^^^^^^^^

warning: trait `terminal::remote::AgentStateSink` is more private than the item `terminal::service::TerminalService::set_paired_agent_sink`
   --> src/terminal/service.rs:75:5
    |
 75 |     pub fn set_paired_agent_sink(&self, sink: Arc<dyn super::remote::AgentStateSink>) {
    |     ^^^^^^^^^^^^^^^^^^^^^^^^^^^^^^^^^^^^^^^^^^^^^^^^^^^^^^^^^^^^^^^^^^^^^^^^^^^^^^^^^ method `terminal::service::TerminalService::set_paired_agent_sink` is reachable at visibility `pub`
    |
note: but trait `terminal::remote::AgentStateSink` is only usable at visibility `pub(crate)`
   --> src/terminal/remote.rs:167:1
    |
167 | pub(crate) trait AgentStateSink: Send + Sync {
    | ^^^^^^^^^^^^^^^^^^^^^^^^^^^^^^^^^^^^^^^^^^^^

warning: struct `Held` is never constructed
   --> src/remote/../../tests/support/machine_input_fixture.rs:152:12
    |
152 | pub struct Held {
    |            ^^^^

warning: associated items `start` and `drain` are never used
   --> src/remote/../../tests/support/machine_input_fixture.rs:159:18
    |
158 | impl Held {
    | --------- associated items in this implementation
159 |     pub async fn start(fixture: &Fixture, session: &Value, socket: &mut Socket) -> Self {
    |                  ^^^^^
...
210 |     pub async fn drain(mut self) {
    |                  ^^^^^

warning: function `no_auth_query` is never used
    --> src/remote/server.rs:6487:12
     |
6487 |         fn no_auth_query() -> AuthQuery {
     |            ^^^^^^^^^^^^^

warning: function `test_persist_count` is never used
   --> src/terminal/paired_runtime.rs:101:15
    |
101 | pub(crate) fn test_persist_count() -> usize {
    |               ^^^^^^^^^^^^^^^^^^

warning: function `test_adopted_process_liveness_observation` is never used
    --> src/terminal/session.rs:1488:8
     |
1488 |     fn test_adopted_process_liveness_observation() {
     |        ^^^^^^^^^^^^^^^^^^^^^^^^^^^^^^^^^^^^^^^^^

warning: unused `std::result::Result` that must be used
   --> src/daemon/a03_owner_cli_fixture.rs:126:5
    |
126 | /     auth.register_scoped_pairing_capability(
127 | |         &token,
128 | |         crate::remote::auth::DevicePermission::Control,
129 | |         expected,
130 | |     );
    | |_____^
    |
    = note: this `Result` may be an `Err` variant, which should be handled
    = note: `#[warn(unused_must_use)]` (part of `#[warn(unused)]`) on by default
help: use `let _ = ...` to ignore the resulting value
    |
126 |     let _ = auth.register_scoped_pairing_capability(
    |     +++++++

warning: unused `std::result::Result` that must be used
  --> src/remote/../../tests/support/machine_input_cancellation.rs:38:17
   |
38 |                 fixture.state.auth_manager.revoke_device(&fixture.device);
   |                 ^^^^^^^^^^^^^^^^^^^^^^^^^^^^^^^^^^^^^^^^^^^^^^^^^^^^^^^^^
   |
   = note: this `Result` may be an `Err` variant, which should be handled
help: use `let _ = ...` to ignore the resulting value
   |
38 |                 let _ = fixture.state.auth_manager.revoke_device(&fixture.device);
   |                 +++++++

warning: unused `std::result::Result` that must be used
   --> src/remote/../../tests/support/machine_input_cancellation.rs:153:9
    |
153 |         fixture.state.auth_manager.revoke_device(&fixture.device);
    |         ^^^^^^^^^^^^^^^^^^^^^^^^^^^^^^^^^^^^^^^^^^^^^^^^^^^^^^^^^
    |
    = note: this `Result` may be an `Err` variant, which should be handled
help: use `let _ = ...` to ignore the resulting value
    |
153 |         let _ = fixture.state.auth_manager.revoke_device(&fixture.device);
    |         +++++++

warning: unused `std::result::Result` that must be used
   --> src/remote/../../tests/support/machine_input_fixture.rs:119:9
    |
119 |         self.state.auth_manager.revoke_device(&self.device);
    |         ^^^^^^^^^^^^^^^^^^^^^^^^^^^^^^^^^^^^^^^^^^^^^^^^^^^
    |
    = note: this `Result` may be an `Err` variant, which should be handled
help: use `let _ = ...` to ignore the resulting value
    |
119 |         let _ = self.state.auth_manager.revoke_device(&self.device);
    |         +++++++

warning: unused `std::result::Result` that must be used
    --> src/remote/server.rs:6106:9
     |
6106 |         state.auth_manager.revoke_device(&device.id);
     |         ^^^^^^^^^^^^^^^^^^^^^^^^^^^^^^^^^^^^^^^^^^^^
     |
     = note: this `Result` may be an `Err` variant, which should be handled
help: use `let _ = ...` to ignore the resulting value
     |
6106 |         let _ = state.auth_manager.revoke_device(&device.id);
     |         +++++++

warning: `ferryx` (lib test) generated 90 warnings (44 duplicates) (run `cargo fix --lib -p ferryx --tests` to apply 22 suggestions)
    Finished `dev` profile [unoptimized + debuginfo] target(s) in 1m 41s
GATE1_QA_CHECK_EXIT=0 load=4.84 3.63 4.96 at 2026-10-04T23:49:51+09:00
