Command: cd '/Users/indo/code/project/orca-lite-wt/herdr-wave0-clean' && export CARGO_TARGET_DIR='/Users/indo/code/project/orca-lite-wt/herdr-wave0-clean/src-tauri/target' CARGO_BUILD_JOBS=4 GIT_PAGER=cat && unset A03_PRIVATE_ROOT A03_CLI_BINARY FERRYX_MACHINE_TOKEN FERRYX_RELAY_URL && cargo check --locked --manifest-path src-tauri/Cargo.toml --no-default-features --bin ferryx-cli --bin ferryx-relay && cargo build --locked --manifest-path src-tauri/Cargo.toml --no-default-features --bin ferryx-cli && cargo test --locked --manifest-path src-tauri/Cargo.toml --no-default-features --lib a03_ -- --nocapture && cargo test --locked --manifest-path src-tauri/Cargo.toml --no-default-features --lib remote:: -- --nocapture && git --no-pager diff --check
Monitor: mon_K86ZM0XPT7K7CRJJ
status: exited_101 exit_code: 101
   Compiling ferryx v2026.908.1 (/Users/indo/code/project/orca-lite-wt/herdr-wave0-clean/src-tauri)
warning: unused import: `Manager`====> ] 597/600: ferryx
  --> src/ipc/notifications.rs:21:24
   |
21 | use tauri::{AppHandle, Manager, Runtime, State};
   |                        ^^^^^^^
   |
   = note: `#[warn(unused_imports)]` (part of `#[warn(unused)]`) on by default

warning: unused import: `mirror::*`==> ] 597/600: ferryx
  --> src/remote/mod.rs:16:9
   |
16 | pub use mirror::*;
   |         ^^^^^^^^^

warning: unnecessary `unsafe` block==> ] 597/600: ferryx
  --> src/macos_file_drop.rs:79:28
   |
79 |             let location = unsafe { info.draggingLocation() };
   |                            ^^^^^^ unnecessary `unsafe` block
   |
   = note: `#[warn(unused_unsafe)]` (part of `#[warn(unused)]`) on by default

warning: unnecessary `unsafe` block==> ] 597/600: ferryx
  --> src/macos_file_drop.rs:80:25
   |
80 |             let point = unsafe { self.convertPoint_fromView(location, None) };
   |                         ^^^^^^ unnecessary `unsafe` block

warning: unnecessary `unsafe` block==> ] 597/600: ferryx
   --> src/macos_file_drop.rs:102:46
    |
102 |     let pasteboard: Retained<NSPasteboard> = unsafe { info.draggingPasteboard() };
    |                                              ^^^^^^ unnecessary `unsafe` block

warning: unnecessary `unsafe` block==> ] 597/600: ferryx
   --> src/macos_file_drop.rs:105:25
    |
105 |     if let Some(list) = unsafe { pasteboard.propertyListForType(&legacy) } {
    |                         ^^^^^^ unnecessary `unsafe` block

warning: unnecessary `unsafe` block==> ] 597/600: ferryx
   --> src/macos_file_drop.rs:122:25
    |
122 |     if let Some(text) = unsafe { pasteboard.stringForType(file_url_type) } {
    |                         ^^^^^^ unnecessary `unsafe` block

warning: unnecessary `unsafe` block
   --> src/macos_file_drop.rs:123:28
    |
123 |         if let Some(url) = unsafe { NSURL::URLWithString(&text) } {
    |                            ^^^^^^ unnecessary `unsafe` block

warning: unnecessary `unsafe` block
   --> src/macos_file_drop.rs:124:33
    |
124 |             if let Some(path) = unsafe { url.path() } {
    |                                 ^^^^^^ unnecessary `unsafe` block

warning: unnecessary `unsafe` block==> ] 597/600: ferryx
   --> src/macos_file_drop.rs:169:5
    |
169 |     unsafe { view.registerForDraggedTypes(&types) };
    |     ^^^^^^ unnecessary `unsafe` block

warning: unused variable: `scroll_daemon_client`: ferryx
   --> src/lib.rs:916:9
    |
916 |     let scroll_daemon_client = Arc::clone(&daemon_client);
    |         ^^^^^^^^^^^^^^^^^^^^ help: if this is intentional, prefix it with an underscore: `_scroll_daemon_client`
    |
    = note: `#[warn(unused_variables)]` (part of `#[warn(unused)]`) on by default

warning: field `app` is never read===> ] 597/600: ferryx
  --> src/ipc/notifications.rs:28:5
   |
27 | pub struct TauriNotificationBackend<R: Runtime> {
   |            ------------------------ field in this struct
28 |     app: AppHandle<R>,
   |     ^^^
   |
   = note: `#[warn(dead_code)]` (part of `#[warn(unused)]`) on by default

warning: method `wait_and_reap` is never used600: ferryx
   --> src/terminal/session.rs:270:19
    |
 61 | impl PtySession {
    | --------------- method in this implementation
...
270 |     pub(crate) fn wait_and_reap(&self) -> Result<Option<i32>, PtyError> {
    |                   ^^^^^^^^^^^^^

warning: struct `WriterLeaseGuard` is never constructedx
  --> src/worktree/manager.rs:81:19
   |
81 | pub(crate) struct WriterLeaseGuard {
   |                   ^^^^^^^^^^^^^^^^

warning: associated items `new`, `canonical_path`, and `owner_id` are never used
   --> src/worktree/manager.rs:88:8
    |
 87 | impl WriterLeaseGuard {
    | --------------------- associated items in this implementation
 88 |     fn new(registry: WriterLeaseRegistry, canonical_path: PathBuf, owner_id: String) -> Self {
    |        ^^^
...
 96 |     pub(crate) fn canonical_path(&self) -> &Path {
    |                   ^^^^^^^^^^^^^^
...
100 |     pub(crate) fn owner_id(&self) -> &str {
    |                   ^^^^^^^^

warning: method `acquire_writer_lease` is never usedrryx
   --> src/worktree/manager.rs:333:19
    |
129 | impl WorktreeManager {
    | -------------------- method in this implementation
...
333 |     pub(crate) fn acquire_writer_lease(
    |                   ^^^^^^^^^^^^^^^^^^^^

warning: `ferryx` (lib) generated 16 warnings (run `cargo fix --lib -p ferryx` to apply 3 suggestions)
    Finished `dev` profile [unoptimized + debuginfo] target(s) in 10.67s
   Compiling ferryx v2026.908.1 (/Users/indo/code/project/orca-lite-wt/herdr-wave0-clean/src-tauri)
warning: unused import: `Manager`====> ] 531/533: ferryx
  --> src/ipc/notifications.rs:21:24
   |
21 | use tauri::{AppHandle, Manager, Runtime, State};
   |                        ^^^^^^^
   |
   = note: `#[warn(unused_imports)]` (part of `#[warn(unused)]`) on by default

warning: unused import: `mirror::*`==> ] 531/533: ferryx
  --> src/remote/mod.rs:16:9
   |
16 | pub use mirror::*;
   |         ^^^^^^^^^

warning: unnecessary `unsafe` block==> ] 531/533: ferryx
  --> src/macos_file_drop.rs:79:28
   |
79 |             let location = unsafe { info.draggingLocation() };
   |                            ^^^^^^ unnecessary `unsafe` block
   |
   = note: `#[warn(unused_unsafe)]` (part of `#[warn(unused)]`) on by default

warning: unnecessary `unsafe` block==> ] 531/533: ferryx
  --> src/macos_file_drop.rs:80:25
   |
80 |             let point = unsafe { self.convertPoint_fromView(location, None) };
   |                         ^^^^^^ unnecessary `unsafe` block

warning: unnecessary `unsafe` block==> ] 531/533: ferryx
   --> src/macos_file_drop.rs:102:46
    |
102 |     let pasteboard: Retained<NSPasteboard> = unsafe { info.draggingPasteboard() };
    |                                              ^^^^^^ unnecessary `unsafe` block

warning: unnecessary `unsafe` block
   --> src/macos_file_drop.rs:105:25
    |
105 |     if let Some(list) = unsafe { pasteboard.propertyListForType(&legacy) } {
    |                         ^^^^^^ unnecessary `unsafe` block

warning: unnecessary `unsafe` block
   --> src/macos_file_drop.rs:122:25
    |
122 |     if let Some(text) = unsafe { pasteboard.stringForType(file_url_type) } {
    |                         ^^^^^^ unnecessary `unsafe` block

warning: unnecessary `unsafe` block==> ] 531/533: ferryx
   --> src/macos_file_drop.rs:123:28
    |
123 |         if let Some(url) = unsafe { NSURL::URLWithString(&text) } {
    |                            ^^^^^^ unnecessary `unsafe` block

warning: unnecessary `unsafe` block
   --> src/macos_file_drop.rs:124:33
    |
124 |             if let Some(path) = unsafe { url.path() } {
    |                                 ^^^^^^ unnecessary `unsafe` block

warning: unnecessary `unsafe` block==> ] 531/533: ferryx
   --> src/macos_file_drop.rs:169:5
    |
169 |     unsafe { view.registerForDraggedTypes(&types) };
    |     ^^^^^^ unnecessary `unsafe` block

warning: unused variable: `scroll_daemon_client`: ferryx
   --> src/lib.rs:916:9
    |
916 |     let scroll_daemon_client = Arc::clone(&daemon_client);
    |         ^^^^^^^^^^^^^^^^^^^^ help: if this is intentional, prefix it with an underscore: `_scroll_daemon_client`
    |
    = note: `#[warn(unused_variables)]` (part of `#[warn(unused)]`) on by default

warning: field `app` is never read===> ] 531/533: ferryx
  --> src/ipc/notifications.rs:28:5
   |
27 | pub struct TauriNotificationBackend<R: Runtime> {
   |            ------------------------ field in this struct
28 |     app: AppHandle<R>,
   |     ^^^
   |
   = note: `#[warn(dead_code)]` (part of `#[warn(unused)]`) on by default

warning: method `wait_and_reap` is never used533: ferryx
   --> src/terminal/session.rs:270:19
    |
 61 | impl PtySession {
    | --------------- method in this implementation
...
270 |     pub(crate) fn wait_and_reap(&self) -> Result<Option<i32>, PtyError> {
    |                   ^^^^^^^^^^^^^

warning: struct `WriterLeaseGuard` is never constructedx
  --> src/worktree/manager.rs:81:19
   |
81 | pub(crate) struct WriterLeaseGuard {
   |                   ^^^^^^^^^^^^^^^^

warning: associated items `new`, `canonical_path`, and `owner_id` are never used
   --> src/worktree/manager.rs:88:8
    |
 87 | impl WriterLeaseGuard {
    | --------------------- associated items in this implementation
 88 |     fn new(registry: WriterLeaseRegistry, canonical_path: PathBuf, owner_id: String) -> Self {
    |        ^^^
...
 96 |     pub(crate) fn canonical_path(&self) -> &Path {
    |                   ^^^^^^^^^^^^^^
...
100 |     pub(crate) fn owner_id(&self) -> &str {
    |                   ^^^^^^^^

warning: method `acquire_writer_lease` is never usedrryx
   --> src/worktree/manager.rs:333:19
    |
129 | impl WorktreeManager {
    | -------------------- method in this implementation
...
333 |     pub(crate) fn acquire_writer_lease(
    |                   ^^^^^^^^^^^^^^^^^^^^

warning: `ferryx` (lib) generated 16 warnings (run `cargo fix --lib -p ferryx` to apply 3 suggestions)
    Finished `dev` profile [unoptimized + debuginfo] target(s) in 36.81s
   Compiling ferryx v2026.908.1 (/Users/indo/code/project/orca-lite-wt/herdr-wave0-clean/src-tauri)
warning: unused import: `mirror::*`==> ] 533/534: ferryx_lib(test)
  --> src/remote/mod.rs:16:9
   |
16 | pub use mirror::*;
   |         ^^^^^^^^^
   |
   = note: `#[warn(unused_imports)]` (part of `#[warn(unused)]`) on by default

warning: unnecessary `unsafe` block==> ] 533/534: ferryx_lib(test)
  --> src/macos_file_drop.rs:79:28
   |
79 |             let location = unsafe { info.draggingLocation() };
   |                            ^^^^^^ unnecessary `unsafe` block
   |
   = note: `#[warn(unused_unsafe)]` (part of `#[warn(unused)]`) on by default

warning: unnecessary `unsafe` block
  --> src/macos_file_drop.rs:80:25
   |
80 |             let point = unsafe { self.convertPoint_fromView(location, None) };
   |                         ^^^^^^ unnecessary `unsafe` block

warning: unnecessary `unsafe` block
   --> src/macos_file_drop.rs:102:46
    |
102 |     let pasteboard: Retained<NSPasteboard> = unsafe { info.draggingPasteboard() };
    |                                              ^^^^^^ unnecessary `unsafe` block

warning: unnecessary `unsafe` block
   --> src/macos_file_drop.rs:105:25
    |
105 |     if let Some(list) = unsafe { pasteboard.propertyListForType(&legacy) } {
    |                         ^^^^^^ unnecessary `unsafe` block

warning: unnecessary `unsafe` block
   --> src/macos_file_drop.rs:122:25
    |
122 |     if let Some(text) = unsafe { pasteboard.stringForType(file_url_type) } {
    |                         ^^^^^^ unnecessary `unsafe` block

warning: unnecessary `unsafe` block
   --> src/macos_file_drop.rs:123:28
    |
123 |         if let Some(url) = unsafe { NSURL::URLWithString(&text) } {
    |                            ^^^^^^ unnecessary `unsafe` block

warning: unnecessary `unsafe` block
   --> src/macos_file_drop.rs:124:33
    |
124 |             if let Some(path) = unsafe { url.path() } {
    |                                 ^^^^^^ unnecessary `unsafe` block

warning: unnecessary `unsafe` block
   --> src/macos_file_drop.rs:169:5
    |
169 |     unsafe { view.registerForDraggedTypes(&types) };
    |     ^^^^^^ unnecessary `unsafe` block

warning: unused variable: `token`
    --> src/remote/auth.rs:1399:14
     |
1399 |         let (token, device) = auth
     |              ^^^^^ help: if this is intentional, prefix it with an underscore: `_token`
     |
     = note: `#[warn(unused_variables)]` (part of `#[warn(unused)]`) on by default

warning: unused variable: `scroll_daemon_client`
   --> src/lib.rs:916:9
    |
916 |     let scroll_daemon_client = Arc::clone(&daemon_client);
    |         ^^^^^^^^^^^^^^^^^^^^ help: if this is intentional, prefix it with an underscore: `_scroll_daemon_client`

warning: field `app` is never read
  --> src/ipc/notifications.rs:28:5
   |
27 | pub struct TauriNotificationBackend<R: Runtime> {
   |            ------------------------ field in this struct
28 |     app: AppHandle<R>,
   |     ^^^
   |
   = note: `#[warn(dead_code)]` (part of `#[warn(unused)]`) on by default

warning: function `no_auth_query` is never used
    --> src/remote/server.rs:2606:12
     |
2606 |         fn no_auth_query() -> AuthQuery {
     |            ^^^^^^^^^^^^^

warning: method `wait_and_reap` is never used
   --> src/terminal/session.rs:270:19
    |
 61 | impl PtySession {
    | --------------- method in this implementation
...
270 |     pub(crate) fn wait_and_reap(&self) -> Result<Option<i32>, PtyError> {
    |                   ^^^^^^^^^^^^^

warning: struct `WriterLeaseGuard` is never constructed
  --> src/worktree/manager.rs:81:19
   |
81 | pub(crate) struct WriterLeaseGuard {
   |                   ^^^^^^^^^^^^^^^^

warning: associated items `new`, `canonical_path`, and `owner_id` are never used
   --> src/worktree/manager.rs:88:8
    |
 87 | impl WriterLeaseGuard {
    | --------------------- associated items in this implementation
 88 |     fn new(registry: WriterLeaseRegistry, canonical_path: PathBuf, owner_id: String) -> Self {
    |        ^^^
...
 96 |     pub(crate) fn canonical_path(&self) -> &Path {
    |                   ^^^^^^^^^^^^^^
...
100 |     pub(crate) fn owner_id(&self) -> &str {
    |                   ^^^^^^^^

warning: method `acquire_writer_lease` is never used
   --> src/worktree/manager.rs:333:19
    |
129 | impl WorktreeManager {
    | -------------------- method in this implementation
...
333 |     pub(crate) fn acquire_writer_lease(
    |                   ^^^^^^^^^^^^^^^^^^^^

warning: `ferryx` (lib test) generated 17 warnings (run `cargo fix --lib -p ferryx --tests` to apply 3 suggestions)
    Finished `test` profile [unoptimized + debuginfo] target(s) in 29.41s
     Running unittests src/lib.rs (src-tauri/target/debug/deps/ferryx_lib-15a949be0c593df6)

running 18 tests
test remote::tests::machine_auth::a03_cli_requires_explicit_machine_purpose ... ok
test remote::tests::machine_auth::a03_old_persisted_grants_remain_mirror ... ok
test remote::tests::machine_auth::a03_machine_view_pin_cannot_issue_a_device ... ok
test remote::server::tests::a03_forged_exchange_fields_cannot_upgrade_mirror_authority ... ok
test remote::tests::machine_auth::a03_owner_coordinator_rejects_machine_view_without_publication ... ok
test remote::tests::machine_auth::a03_machine_view_capability_cannot_issue_a_device ... ok
test remote::tests::machine_auth::a03_mirror_view_issuance_preserves_view ... ok
test remote::server::tests::a03_machine_auth_errors_are_private_json ... ok
test remote::server::tests::a03_absent_machine_service_is_private_and_unavailable ... ok
test remote::tests::machine_auth::a03_rejected_generation_cannot_redeem_machine_authority ... ok
test remote::tests::machine_auth::a03_capabilities_require_authentication ... ok
test remote::tests::machine_auth::a03_legacy_control_denies_machine_creation ... ok
test remote::tests::machine_auth::a03_router_auth_error_is_typed_and_no_store ... ok
test remote::tests::machine_auth::a03_router_scope_error_satisfies_a02_contract ... ok
test remote::tests::machine_auth::a03_legacy_control_denies_directory_browsing ... ok

running 1 test
A03 UDS protocol=3 exact_owner_pid=63655 capabilities=machinePairingV1 legacy_ping=pong
test remote::tests::machine_auth::a03_owner_machine_purpose_survives_persistence_and_exchange ... ok
test remote::server::tests::a03_identity_runs_offthread_and_revocation_fences_response ... ok
A03 CLI pid=63676 exited=0 reaped=true
A03 AUTHORITY Access: mirror; controls only exposed desktop sessions.
A03 UDS protocol=3 exact_owner_pid=63655 capabilities=machinePairingV1 legacy_ping=pong
A03 CAPABILITIES {"accessScope":"mirror","apiVersion":1,"capabilities":[],"daemonEpoch":"1789182821436","limits":{"directoryEntries":1000,"terminalSessions":64},"machineId":"adbe258c-3f35-4fd9-8235-f4016407cd8c","permission":"control","platform":"macos"}
A03 SURFACE scope=Mirror permission=Control relay_exchange=200 capabilities=200 anonymous=401 revoked=401 machine_capabilities=empty
A03 UDS protocol=3 exact_owner_pid=63655 capabilities=machinePairingV1 legacy_ping=pong
A03 CLI pid=63891 exited=0 reaped=true
A03 AUTHORITY Access: machine; permits browsing and executing programs as the daemon OS user.
A03 UDS protocol=3 exact_owner_pid=63655 capabilities=machinePairingV1 legacy_ping=pong
A03 CAPABILITIES {"accessScope":"machine","apiVersion":1,"capabilities":[],"daemonEpoch":"1789182822630","limits":{"directoryEntries":1000,"terminalSessions":64},"machineId":"adbe258c-3f35-4fd9-8235-f4016407cd8c","permission":"control","platform":"macos"}
A03 SURFACE scope=Machine permission=Control relay_exchange=200 capabilities=200 anonymous=401 revoked=401 machine_capabilities=empty
A03 CLEANUP fixture_pid=63655 runtimes_stopped=true sockets_removed=true
test daemon::server::a03_owner_cli_fixture::a03_private_owner_cli_surface ... ok

test result: ok. 1 passed; 0 failed; 0 ignored; 0 measured; 852 filtered out; finished in 1.26s

A03 CLEANUP exact_fixture_pid=63655 reaped=true exit=exit status: 0
A03 CLEANUP outer_private_root_removed=true
test daemon::server::a03_owner_cli_fixture::a03_private_owner_cli_surface ... ok

test result: ok. 18 passed; 0 failed; 0 ignored; 0 measured; 835 filtered out; finished in 1.30s

warning: unused import: `mirror::*`
  --> src/remote/mod.rs:16:9
   |
16 | pub use mirror::*;
   |         ^^^^^^^^^
   |
   = note: `#[warn(unused_imports)]` (part of `#[warn(unused)]`) on by default

warning: unnecessary `unsafe` block
  --> src/macos_file_drop.rs:79:28
   |
79 |             let location = unsafe { info.draggingLocation() };
   |                            ^^^^^^ unnecessary `unsafe` block
   |
   = note: `#[warn(unused_unsafe)]` (part of `#[warn(unused)]`) on by default

warning: unnecessary `unsafe` block
  --> src/macos_file_drop.rs:80:25
   |
80 |             let point = unsafe { self.convertPoint_fromView(location, None) };
   |                         ^^^^^^ unnecessary `unsafe` block

warning: unnecessary `unsafe` block
   --> src/macos_file_drop.rs:102:46
    |
102 |     let pasteboard: Retained<NSPasteboard> = unsafe { info.draggingPasteboard() };
    |                                              ^^^^^^ unnecessary `unsafe` block

warning: unnecessary `unsafe` block
   --> src/macos_file_drop.rs:105:25
    |
105 |     if let Some(list) = unsafe { pasteboard.propertyListForType(&legacy) } {
    |                         ^^^^^^ unnecessary `unsafe` block

warning: unnecessary `unsafe` block
   --> src/macos_file_drop.rs:122:25
    |
122 |     if let Some(text) = unsafe { pasteboard.stringForType(file_url_type) } {
    |                         ^^^^^^ unnecessary `unsafe` block

warning: unnecessary `unsafe` block
   --> src/macos_file_drop.rs:123:28
    |
123 |         if let Some(url) = unsafe { NSURL::URLWithString(&text) } {
    |                            ^^^^^^ unnecessary `unsafe` block

warning: unnecessary `unsafe` block
   --> src/macos_file_drop.rs:124:33
    |
124 |             if let Some(path) = unsafe { url.path() } {
    |                                 ^^^^^^ unnecessary `unsafe` block

warning: unnecessary `unsafe` block
   --> src/macos_file_drop.rs:169:5
    |
169 |     unsafe { view.registerForDraggedTypes(&types) };
    |     ^^^^^^ unnecessary `unsafe` block

warning: unused variable: `token`
    --> src/remote/auth.rs:1399:14
     |
1399 |         let (token, device) = auth
     |              ^^^^^ help: if this is intentional, prefix it with an underscore: `_token`
     |
     = note: `#[warn(unused_variables)]` (part of `#[warn(unused)]`) on by default

warning: unused variable: `scroll_daemon_client`
   --> src/lib.rs:916:9
    |
916 |     let scroll_daemon_client = Arc::clone(&daemon_client);
    |         ^^^^^^^^^^^^^^^^^^^^ help: if this is intentional, prefix it with an underscore: `_scroll_daemon_client`

warning: field `app` is never read
  --> src/ipc/notifications.rs:28:5
   |
27 | pub struct TauriNotificationBackend<R: Runtime> {
   |            ------------------------ field in this struct
28 |     app: AppHandle<R>,
   |     ^^^
   |
   = note: `#[warn(dead_code)]` (part of `#[warn(unused)]`) on by default

warning: function `no_auth_query` is never used
    --> src/remote/server.rs:2606:12
     |
2606 |         fn no_auth_query() -> AuthQuery {
     |            ^^^^^^^^^^^^^

warning: method `wait_and_reap` is never used
   --> src/terminal/session.rs:270:19
    |
 61 | impl PtySession {
    | --------------- method in this implementation
...
270 |     pub(crate) fn wait_and_reap(&self) -> Result<Option<i32>, PtyError> {
    |                   ^^^^^^^^^^^^^

warning: struct `WriterLeaseGuard` is never constructed
  --> src/worktree/manager.rs:81:19
   |
81 | pub(crate) struct WriterLeaseGuard {
   |                   ^^^^^^^^^^^^^^^^

warning: associated items `new`, `canonical_path`, and `owner_id` are never used
   --> src/worktree/manager.rs:88:8
    |
 87 | impl WriterLeaseGuard {
    | --------------------- associated items in this implementation
 88 |     fn new(registry: WriterLeaseRegistry, canonical_path: PathBuf, owner_id: String) -> Self {
    |        ^^^
...
 96 |     pub(crate) fn canonical_path(&self) -> &Path {
    |                   ^^^^^^^^^^^^^^
...
100 |     pub(crate) fn owner_id(&self) -> &str {
    |                   ^^^^^^^^

warning: method `acquire_writer_lease` is never used
   --> src/worktree/manager.rs:333:19
    |
129 | impl WorktreeManager {
    | -------------------- method in this implementation
...
333 |     pub(crate) fn acquire_writer_lease(
    |                   ^^^^^^^^^^^^^^^^^^^^

warning: `ferryx` (lib test) generated 17 warnings (run `cargo fix --lib -p ferryx --tests` to apply 3 suggestions)
    Finished `test` profile [unoptimized + debuginfo] target(s) in 0.73s
     Running unittests src/lib.rs (src-tauri/target/debug/deps/ferryx_lib-15a949be0c593df6)

running 201 tests
test ipc::project_remote::tests::remote_startup_cannot_use_local_shell_resolver ... ok
test remote::auth::persistence_tests::canonical_auth_path_follows_the_canonical_remote_dir ... ok
test ipc::project_remote::tests::remote_registration_wire_request_rejects_extra_execution_fields ... ok
test remote::auth::security_tests::expired_pin_is_consumed_and_never_issues_a_token ... ok
test remote::auth::security_tests::new_window_discards_expired_codes_and_restores_pairing ... ok
test remote::auth::security_tests::late_generated_pin_survives_failure_window_rollover ... ok
test remote::auth::tests::test_auth_store_resolves_under_the_same_dir_as_the_identity ... ok
test remote::auth::security_tests::revocation_is_latched_and_registration_after_validation_cannot_miss_it ... ok
test remote::auth::tests::test_auth_credential_separation ... ok
test remote::auth::tests::test_cli_pair_approve ... ok
test remote::auth::security_tests::concurrent_guesses_spend_exactly_five_failure_slots ... ok
test remote::auth::security_tests::valid_pairing_is_single_use_under_concurrent_exchange ... ok
test remote::auth::tests::test_identity_dir_matches_the_shared_remote_state_dir ... ok
test remote::auth::tests::test_device_name_length_capped_and_list_devices_filters_idle ... ok
test remote::auth::tests::test_pairing_exchange_with_blank_name_stores_fallback ... ok
test remote::auth::tests::test_repairing_view_pin_preserves_view_permission_on_replacement ... ok
test remote::auth::tests::test_repairing_with_same_installation_id_replaces_and_invalidates_old_token ... ok
test remote::design_mode::tests::test_design_mode_snapshot_staging ... ok
test remote::discovery::tailscale::tests::test_parse_status_json_invalid_input_errors ... ok
test remote::discovery::tailscale::tests::test_parse_status_json_skips_peers_without_ipv4 ... ok
test remote::discovery::tailscale::tests::test_tailscale_peer_discovery ... ok
test ipc::project_remote::tests::all_local_git_boundaries_reject_remote_namespace_even_without_loaded_metadata ... ok
test remote::machine_protocol::tests::identity_is_host_qualified_and_preserves_large_epoch ... ok
test remote::machine_protocol::tests::known_answer_full_hashes_match_shared_fixtures ... ok
test remote::machine_protocol::tests::legacy_valid_ssh_targets_roundtrip_without_normalization ... ok
SURFACE {"hostId":"relay/machine-a","workspaceId":"daemon:f3fa4269ab5d5b3189945b790e708994534625e0166dc326e02aeca25537ac17","remoteWorkspaceId":"project-a","localProxyId":"daemon-session:c92715a3edd4d610415fd36294ee13f4393f93d772921dec49c43e923cdee909","worktree":null,"remoteTarget":{"machineId":"machine","daemonEpoch":"9007199254740993","sessionId":"pty-1"},"remoteCursor":"9007199254740995","nativeAttachment":{"daemonEpoch":"17","lastOutputSequence":"23"},"cols":120,"rows":36,"requestId":"3941b9de-b16d-4d9a-ae0a-118f90fd91f4","processStatus":"running","transportStatus":"disconnected"}
test remote::machine_protocol::tests::lifecycle_and_descriptor_fixtures_roundtrip ... ok
test remote::machine_protocol::tests::malformed_epochs_and_oversized_json_are_rejected ... ok
test remote::machine_protocol::tests::missing_metadata_and_unknown_targets_never_become_local ... ok
test remote::machine_protocol::tests::shared_fixtures_roundtrip_through_public_decoder ... ok
test remote::machine_protocol::tests::shared_invalid_fixtures_are_rejected ... ok
test remote::protocol::tests::control_handshake_wire_roundtrips ... ok
test remote::protocol::tests::malformed_wire_values_are_rejected ... ok
test remote::protocol::tests::omitted_optional_fields_deserialize ... ok
test remote::protocol::tests::pairing_state_transition_matrix ... ok
test remote::protocol::tests::pairing_state_wire_roundtrips ... ok
test remote::protocol::tests::pairing_wire_roundtrips ... ok
test remote::protocol::tests::proxy_wire_roundtrips ... ok
test remote::protocol::tests::test_client_control_message_scroll_serde_roundtrip ... ok
test remote::push::tests::test_web_push_payload_dispatch ... ok
test remote::relay_client::tests::control_and_data_urls_are_built_from_relay_url ... ok
test remote::relay_client::tests::proxies_frames_between_data_channel_and_local_gateway ... ok
test remote::machine_protocol::tests::expanded_shared_parity_fixtures ... ok
test remote::relay_client::tests::test_pairing_coordinator_lifecycle_and_ack ... ok
test remote::relay_client::tests::test_pairing_coordinator_regenerates_and_ignores_old_expiry ... ok
test remote::relay_client::tests::test_pairing_coordinator_rejects_wrong_ack_generation ... ok
test remote::auth::persistence_tests::a_completed_write_leaves_a_fully_readable_store ... ok
test remote::relay_client::tests::test_relay_client_ed25519_auth_rejection ... ok
test remote::relay_client::tests::test_relay_client_ed25519_auth_success ... ok
test remote::relay_client::tests::to_ws_base_rewrites_https_and_trims_trailing_slash ... ok
test remote::relay_client::tests::with_gateway_preserves_address_and_credentials ... ok
test ipc::project_remote::tests::local_registration_never_canonicalizes_a_remote_id_into_a_local_project ... ok
test remote::relay_server::tests::accepts_target_when_session_is_colon_scoped ... ok
test remote::auth::tests::test_store_without_installation_id_backward_compat ... ok
test remote::relay_server::tests::protects_origin_when_gateway_sends_sensitive_headers ... ok
test remote::relay_server::tests::rejects_registration_when_capability_format_is_invalid ... ok
test remote::relay_server::tests::routes_session_when_path_is_colon_scoped ... ok
test remote::relay_server::tests::test_control_challenge_domain_separation ... ok
test remote::relay_server::tests::test_http_response_framing ... ok
test remote::auth::persistence_tests::legacy_revoked_tombstones_are_pruned_when_the_store_is_loaded ... ok
test remote::auth::tests::test_device_idle_expiry ... ok
test remote::relay_server::tests::test_relay_admission_rate_limiting ... ok
test remote::relay_server::tests::test_relay_browser_ws_terminal_bridge_success ... ok
test remote::relay_client::tests::test_pairing_coordinator_pin_can_be_redeemed_directly ... ok
test remote::relay_server::tests::test_relay_ed25519_control_handshake_success ... ok
test remote::relay_server::tests::test_relay_ed25519_control_handshake_wrong_sig_rejected ... ok
test remote::relay_server::tests::test_relay_ed25519_stale_timestamp_rejected ... ok
test remote::relay_server::tests::test_relay_generation_safe_cleanup_and_limits ... ok
test remote::relay_client::tests::test_pairing_coordinator_timeout_or_rejection ... ok
test remote::relay_server::tests::test_relay_machine_hijack_with_different_key_fails ... ok
test remote::relay_server::tests::test_relay_multi_machine_concurrent_registration ... ok
test remote::relay_server::tests::test_relay_dispatch_rejects_a_replaced_control_channel ... ok
test remote::relay_server::tests::test_relay_pair_exchange_lockout_after_failures ... ok
test remote::relay_server::tests::test_relay_pair_exchange_unknown_pin_returns_404 ... ok
test remote::relay_server::tests::test_relay_pairing_claim_requires_the_live_control_identity ... ok
test remote::relay_server::tests::test_relay_pairing_claim_uses_relay_generation_not_client_attempt_counter ... ok
test remote::relay_server::tests::test_relay_register_pairing_caps_lease_lifetime ... ok
test remote::relay_server::tests::test_relay_register_pairing_is_idempotent_for_identical_retries ... ok
test remote::relay_server::tests::test_relay_reverse_tunnel_multiplex ... ok
test remote::relay_server::tests::test_relay_socket_ticket_expired_rejected ... ok
test remote::relay_server::tests::test_relay_socket_ticket_issuance_and_single_use ... ok
test remote::relay_server::tests::test_relay_stream_half_is_bound_to_the_allocating_control_generation ... ok
test remote::relay_server::tests::test_relay_unissued_session_rejected ... ok
test remote::relay_server::tests::test_relay_pair_exchange_success ... ok
test remote::relay_server::tests::test_security_expired_pin_claim_rejected ... ok
test remote::relay_server::tests::test_security_fleet_pin_brute_force_lockout ... ok
test remote::relay_server::tests::test_security_machine_id_hijack_rejection ... ok
test remote::relay_server::tests::test_security_concurrent_two_daemon_isolation ... ok
test remote::relay_server::tests::test_security_role_swap_prevention ... ok
test remote::relay_server::tests::test_socket_ticket_cold_cache_rejects_never_issued_bearer ... ok
test remote::relay_server::tests::test_socket_ticket_cache_keeps_two_valid_tokens_for_one_machine ... ok
test remote::relay_server::tests::test_socket_ticket_expired_cache_rechecks_gateway_and_rejects_revoked_bearer ... ok
test remote::server::attention_inventory_tests::remote_attention_inventory_keeps_other_projects_and_unseen_done ... ok
test remote::relay_server::tests::test_socket_ticket_gateway_confirmed_bearer_is_granted_and_cached ... ok
test remote::server::tests::a03_absent_machine_service_is_private_and_unavailable ... ok
test remote::server::tests::a03_forged_exchange_fields_cannot_upgrade_mirror_authority ... ok
test remote::server::tests::a03_machine_auth_errors_are_private_json ... ok
test remote::server::tests::relay_startup_connects_without_machine_token ... ok
test remote::auth::tests::test_machine_identity_sign_and_verify ... ok
test remote::auth::tests::relay_capability_is_single_use_persisted_and_cancellable ... ok
test remote::auth::tests::test_cli_pair_cross_process_persistence ... ok
test remote::auth::persistence_tests::validate_token_throttles_disk_persistence ... ok
test remote::auth::tests::test_machine_identity_persistence ... ok
test remote::relay_server::tests::test_key_store_corruption_and_write_failure_fail_closed ... ok
test remote::auth::persistence_tests::the_store_is_written_owner_only_or_reports_an_error ... ok
test remote::state::tests::credentials_are_never_placed_in_a_shared_scratch_directory ... ok
test remote::state::tests::daemon_default_state_is_off_and_uses_supplied_terminal_service ... ok
test remote::server::tests::test_push_auth ... ok
test remote::auth::persistence_tests::revoked_devices_are_deleted_outright_and_never_reappear ... ok
test remote::state::tests::explicit_data_dir_override_wins_over_platform_home ... ok
test remote::auth::security_tests::successful_pairing_does_not_reset_the_global_failure_budget ... ok
test remote::relay_server::tests::a_control_signature_minted_for_another_relay_is_refused ... ok
test remote::state::tests::test_interface_resolver_address_selection ... ok
test remote::state::tests::stopping_a_relay_clears_only_its_own_published_coordinator ... ok
test remote::state::tests::test_interface_resolver_multihoming ... ok
test remote::state::tests::unix_resolves_under_home_and_ignores_windows_variables ... ok
test remote::state::tests::test_interface_resolver_portable ... ok
test remote::state::tests::relay_pairing_preserves_the_requested_permission ... ok
test remote::tests::machine_auth::a03_cli_requires_explicit_machine_purpose ... ok
test remote::server::tests::test_listener_bind_loopback ... ok
test remote::tests::machine_auth::a03_machine_view_capability_cannot_issue_a_device ... ok
test remote::tests::machine_auth::a03_machine_view_pin_cannot_issue_a_device ... ok
test remote::tests::machine_auth::a03_old_persisted_grants_remain_mirror ... ok
test remote::tests::machine_auth::a03_mirror_view_issuance_preserves_view ... ok
test remote::tests::machine_auth::a03_owner_coordinator_rejects_machine_view_without_publication ... ok
test remote::tests::machine_auth::a03_rejected_generation_cannot_redeem_machine_authority ... ok
test remote::tests::machine_auth::a03_capabilities_require_authentication ... ok
test remote::tests::machine_auth::a03_legacy_control_denies_machine_creation ... ok
test remote::tests::machine_auth::a03_router_auth_error_is_typed_and_no_store ... ok
test remote::tests::machine_auth::a03_legacy_control_denies_directory_browsing ... ok
test remote::tests::machine_auth::a03_router_scope_error_satisfies_a02_contract ... ok
test remote::relay_server::tests::test_machine_ownership_survives_restart_and_private_enrollment ... ok
test remote::tests::security::sockets::a_permanent_device_token_in_the_query_string_is_rejected ... ok
test remote::tests::security::revoke_self_and_control_management_keep_status_contract ... ok
[CLIENT_FRAME] Binary len: 89
test remote::tests::security::sockets::gateway_issues_single_use_socket_tickets_and_rejects_a_replayed_one ... ok
[CLIENT_FRAME] Close
test remote::tests::security::sockets::gateway_refuses_to_mint_a_socket_ticket_without_a_valid_bearer ... ok
test remote::tests::security::sockets::revoke_before_event_upgrade_is_not_lost ... ok
test remote::tests::security::sockets::gateway_socket_ticket_is_bound_to_its_requested_target ... ok
[CLIENT_FRAME] Close
test remote::tests::security::pairing_budget_is_global_atomic_and_rotation_cannot_reset_it ... ok
test remote::tests::security::sockets::revoke_before_raw_upgrade_is_not_lost ... ok
[CLIENT_FRAME] Binary len: 89
[CLIENT_FRAME] Close
[CLIENT_FRAME] Text: {"event":"remote_active_selection_changed","payload":{"attentionInventory":[],"sessionId":"session","tabId":null,"terminalTabs":[],"workspaceId":null,"worktreeLabel":null,"worktreeSlug":null}}
[CLIENT_FRAME] Binary len: 89
test remote::tests::security::sockets::revoke_cancels_pending_raw_input ... ok
test remote::tests::security::sockets::revoke_during_raw_attachment_prevents_upgrade ... ok
[CLIENT_FRAME] Binary len: 89
[CLIENT_FRAME] Text: {"event":"remote_active_selection_changed","payload":{"attentionInventory":[],"sessionId":"session","tabId":null,"terminalTabs":[],"workspaceId":null,"worktreeLabel":null,"worktreeSlug":null}}
[CLIENT_FRAME] Text: {"event":"remote_active_selection_changed","payload":{"attentionInventory":[],"sessionId":"session","tabId":null,"terminalTabs":[],"workspaceId":null,"worktreeLabel":null,"worktreeSlug":null}}
[CLIENT_FRAME] Text: {"type":"remoteStatus","state":"connected","generation":"7"}
[CLIENT_FRAME] Binary len: 89
[CLIENT_FRAME] Close
[CLIENT_FRAME] Close
[CLIENT_FRAME] Text: {"type":"remoteStatus","state":"reconnecting","generation":"8"}
[CLIENT_FRAME] Text: {"event":"after_revoke","payload":{}}
[CLIENT_FRAME] Binary len: 89
[CLIENT_FRAME] Close
[CLIENT_FRAME] Text: {"type":"remoteStatus","state":"disconnected","generation":"9"}
[CLIENT_FRAME] Text: {"type":"remoteStatus","state":"connected","generation":"10"}
[CLIENT_FRAME] Binary len: 51
[CLIENT_FRAME] Text: {"type":"remoteStatus","state":"expired","generation":"11"}
[CLIENT_FRAME] Binary len: 89
test remote::tests::security::sockets::revoke_closes_all_event_sockets_only_for_that_device ... [CLIENT_FRAME] Binary len: 108
ok[CLIENT_FRAME] Binary len: 55
[CLIENT_FRAME] Close
[CLIENT_FRAME] Close

[CLIENT_FRAME] Binary len: 58
[CLIENT_FRAME] Close
test remote::tests::security::sockets::ssh_reconnect_safety_web_raw_gap_order ... ok
test remote::tests::security::sockets::ssh_reconnect_safety_web_raw_status_input_probe ... ok
test remote::tests::security::sockets::revoke_closes_all_raw_sockets_only_for_that_device ... ok
test remote::tests::security::view_cannot_revoke_another_device ... ok
test remote::state::tests::persisted_enabled_config_file_loads_enabled_mode_with_unbound_initial_state ... ok
test remote::tests::security::static_raw_traversal_is_rejected ... ok
test remote::tests::security::static_portable_paths_and_assets ... ok
test remote::tests::test_active_selection_change_is_broadcast_to_authenticated_event_clients ... ok
test remote::tests::test_active_selection_is_visible_to_a_receiver_that_subscribes_afterwards ... ok
test remote::tests::test_auth_manager_pairing_and_revocation ... ok
test remote::tests::test_authenticated_event_clients_receive_selection_changes_after_the_snapshot ... ok
test remote::tests::test_authenticated_event_clients_receive_the_current_active_selection_on_connect ... ok
test remote::tests::test_concurrent_cold_snapshot_requests_coalesce_to_one_git_discovery ... ok
test remote::state::tests::relay_pairing_coordinator_registers_the_pin_with_the_relay ... ok
test remote::state::tests::test_relay_mode_configuration ... ok
test remote::relay_server::tests::test_relay_key_store_merges_concurrent_enrollments_and_rejects_corrupt_records ... ok
test remote::tests::ssh::registered_ssh_project_is_listed_without_a_focused_terminal ... ok
test remote::state::tests::enabled_gateway_persists_config_and_restores_on_reopen ... ok
test remote::tests::machine_auth::a03_owner_machine_purpose_survives_persistence_and_exchange ... ok
test remote::tests::test_desktop_ipc_active_selection_lifecycle ... ok
test remote::tests::ssh::registered_ssh_project_can_be_selected_without_local_registration ... ok
test remote::tests::security::static_symlinks_cannot_escape_dist ... ok
test remote::server::tests::a03_identity_runs_offthread_and_revocation_fences_response ... ok

thread 'remote::tests::test_grid_render_attach_sends_full_frame_with_session_dimensions' (15930049) panicked at src/remote/tests.rs:1654:9:
expected first server frame to be Text
note: run with `RUST_BACKTRACE=1` environment variable to display a backtrace

thread 'remote::tests::test_grid_render_initial_frame_uses_requested_viewport_dimensions' (15930055) panicked at src/remote/tests.rs:1854:9:
grid socket must emit a Text frame

thread 'remote::tests::test_grid_render_resize_returns_full_frame_with_requested_geometry' (15930059) panicked at src/remote/tests.rs:1854:9:
grid socket must emit a Text frame
test remote::tests::test_grid_render_attach_sends_full_frame_with_session_dimensions ... FAILED
test remote::tests::test_grid_render_initial_frame_uses_requested_viewport_dimensions ... FAILED
test remote::tests::test_grid_render_resize_returns_full_frame_with_requested_geometry ... FAILED
test remote::tests::test_remote_active_selection_safe_tab_descriptors_and_no_path_leakage ... ok
test remote::server::tests::test_get_active_running_sessions_independent_of_desktop ... ok
test remote::tests::ssh::ssh_session_retains_its_workspace_in_remote_routing ... ok

thread 'remote::tests::test_grid_render_live_pty_output_emits_grid_frame_after_attach' (15930057) panicked at src/remote/tests.rs:1854:9:
grid socket must emit a Text frame
test remote::tests::test_grid_render_live_pty_output_emits_grid_frame_after_attach ... FAILED
test remote::tests::test_legacy_terminal_socket_emits_binary_snapshot_without_grid_text_frames ... ok
test remote::tests::test_remote_server_rejects_off_mode_without_binding ... ok
test remote::tests::test_remote_server_health_and_lifecycle ... ok
test remote::tests::test_remote_server_serves_spa_index_html ... ok
test remote::tests::test_remote_terminal_tab_info_serializes_and_deserializes_session_id ... ok
test remote::tests::test_remote_terminal_forced_lag_replays_with_explicit_gap_and_sequence_metadata ... ok
test remote::auth::persistence_tests::concurrent_writers_never_observe_a_torn_store ... ok
test remote::relay_server::tests::coordinator_pairs_through_relay_to_real_gateway ... ok
test remote::tests::test_remote_gateway_legacy_peer_attach_write_output_exit_and_listing ... ok
test remote::tests::test_gui_remote_forwarding_and_no_gui_gateway_ownership ... ok
test remote::tests::test_daemon_pairing_and_revocation_authority ... ok
test remote::tests::test_resolve_dist_dir_isolated_runtime_debug_fallback ... ok
test remote::tests::test_occupied_port_enable_does_not_persist_enabled_intent ... ok
test remote::tests::test_terminal_preferences_requires_a_valid_unrevoked_remote_token ... ok
test remote::tests::test_resolve_dist_dir_packaged_macos_bundle_layout ... ok
test remote::tests::test_resolve_dist_dir_packaged_windows_or_linux_bundle_layout ... ok
test remote::tests::test_workspace_snapshot_started_before_revision_change_is_not_marked_current ... ok
test remote::tests::test_derive_session_metadata_matches_workspace ... ok
test remote::tests::test_successful_enable_restores_and_disable_remains_off ... ok
test remote::tests::test_remote_listener_persistence_and_startup_restoration_lifecycle ... ok
test remote::tests::test_workspace_snapshot_refreshes_external_git_worktree_changes_after_interval ... ok
test remote::tests::test_repeated_workspace_state_reads_do_not_rerun_git_discovery_and_refresh_on_change ... ok
test remote::tests::test_workspace_state_agent_activity_and_worktree_attention_rollup ... ok
test remote::tests::test_remote_select_workspace_with_tab_selector_and_primary_worktree ... ok

thread 'remote::tests::test_daemon_remote_worktree_selection_then_grid_terminal_control' (15930045) panicked at src/remote/tests.rs:1854:9:
grid socket must emit a Text frame
test remote::tests::test_daemon_remote_worktree_selection_then_grid_terminal_control ... FAILED
test remote::tests::test_daemon_owned_remote_chain_end_to_end ... ok
test remote::tests::test_connected_terminal_websocket_closed_when_active_selection_changes ... ok
test remote::tests::scoped_remote_inventory_lists_registered_projects_without_desktop ... ok
test remote::tests::test_active_desktop_terminal_contract_and_safe_selection_bridge ... ok

failures:

failures:
    remote::tests::test_daemon_remote_worktree_selection_then_grid_terminal_control
    remote::tests::test_grid_render_attach_sends_full_frame_with_session_dimensions
    remote::tests::test_grid_render_initial_frame_uses_requested_viewport_dimensions
    remote::tests::test_grid_render_live_pty_output_emits_grid_frame_after_attach
    remote::tests::test_grid_render_resize_returns_full_frame_with_requested_geometry

test result: FAILED. 196 passed; 5 failed; 0 ignored; 0 measured; 652 filtered out; finished in 5.10s

error: test failed, to rerun pass `--lib`
Parent ps -p 63655,63676,63891 -o pid=,command=: no rows. Separate git diff --check exit0.
