status: completed exit_code: 0
   Compiling ferryx v2026.908.1 (/Users/indo/code/project/orca-lite-wt/herdr-wave1/src-tauri)
warning: unused import: `DaemonSessionDetails`47: ferryx_lib(test)
 --> src/daemon/server.rs:5:36
  |
5 |     DaemonRequest, DaemonResponse, DaemonSessionDetails, DaemonStreamMessage, HistorySegmentWire,
  |                                    ^^^^^^^^^^^^^^^^^^^^
  |
  = note: `#[warn(unused_imports)]` (part of `#[warn(unused)]`) on by default

warning: unnecessary `unsafe` block==> ] 546/547: ferryx_lib(test)
  --> src/macos_file_drop.rs:79:28
   |
79 |             let location = unsafe { info.draggingLocation() };
   |                            ^^^^^^ unnecessary `unsafe` block
   |
   = note: `#[warn(unused_unsafe)]` (part of `#[warn(unused)]`) on by default

warning: unnecessary `unsafe` block
  --> src/macos_file_drop.rs:80:25
   |
80 |             let point = unsafe { self.convertPoint_fromView(location, None) };
   |                         ^^^^^^ unnecessary `unsafe` block

warning: unnecessary `unsafe` block==> ] 546/547: ferryx_lib(test)
   --> src/macos_file_drop.rs:102:46
    |
102 |     let pasteboard: Retained<NSPasteboard> = unsafe { info.draggingPasteboard() };
    |                                              ^^^^^^ unnecessary `unsafe` block

warning: unnecessary `unsafe` block==> ] 546/547: ferryx_lib(test)
   --> src/macos_file_drop.rs:105:25
    |
105 |     if let Some(list) = unsafe { pasteboard.propertyListForType(&legacy) } {
    |                         ^^^^^^ unnecessary `unsafe` block

warning: unnecessary `unsafe` block==> ] 546/547: ferryx_lib(test)
   --> src/macos_file_drop.rs:122:25
    |
122 |     if let Some(text) = unsafe { pasteboard.stringForType(file_url_type) } {
    |                         ^^^^^^ unnecessary `unsafe` block

warning: unnecessary `unsafe` block
   --> src/macos_file_drop.rs:123:28
    |
123 |         if let Some(url) = unsafe { NSURL::URLWithString(&text) } {
    |                            ^^^^^^ unnecessary `unsafe` block

warning: unnecessary `unsafe` block
   --> src/macos_file_drop.rs:124:33
    |
124 |             if let Some(path) = unsafe { url.path() } {
    |                                 ^^^^^^ unnecessary `unsafe` block

warning: unnecessary `unsafe` block==> ] 546/547: ferryx_lib(test)
   --> src/macos_file_drop.rs:169:5
    |
169 |     unsafe { view.registerForDraggedTypes(&types) };
    |     ^^^^^^ unnecessary `unsafe` block

warning: unused variable: `token`====> ] 546/547: ferryx_lib(test)
    --> src/remote/auth.rs:1399:14
     |
1399 |         let (token, device) = auth
     |              ^^^^^ help: if this is intentional, prefix it with an underscore: `_token`
     |
     = note: `#[warn(unused_variables)]` (part of `#[warn(unused)]`) on by default

warning: unused variable: `scroll_daemon_client`: ferryx_lib(test)
   --> src/lib.rs:915:9
    |
915 |     let scroll_daemon_client = Arc::clone(&daemon_client);
    |         ^^^^^^^^^^^^^^^^^^^^ help: if this is intentional, prefix it with an underscore: `_scroll_daemon_client`

warning: field `app` is never read===> ] 546/547: ferryx_lib(test)
  --> src/ipc/notifications.rs:28:5
   |
27 | pub struct TauriNotificationBackend<R: Runtime> {
   |            ------------------------ field in this struct
28 |     app: AppHandle<R>,
   |     ^^^
   |
   = note: `#[warn(dead_code)]` (part of `#[warn(unused)]`) on by default

warning: constant `GHOSTTY_TERMINAL_SCREEN_PRIMARY` is never used)
  --> src/native_terminal/sys/constants.rs:56:11
   |
56 | pub const GHOSTTY_TERMINAL_SCREEN_PRIMARY: c_int = 0;
   |           ^^^^^^^^^^^^^^^^^^^^^^^^^^^^^^^

warning: function `no_auth_query` is never used7: ferryx_lib(test)
    --> src/remote/server.rs:2597:12
     |
2597 |         fn no_auth_query() -> AuthQuery {
     |            ^^^^^^^^^^^^^

warning: struct `WriterLeaseGuard` is never constructedx_lib(test)
  --> src/worktree/manager.rs:81:19
   |
81 | pub(crate) struct WriterLeaseGuard {
   |                   ^^^^^^^^^^^^^^^^

warning: associated items `new`, `canonical_path`, and `owner_id` are never used
   --> src/worktree/manager.rs:88:8
    |
 87 | impl WriterLeaseGuard {
    | --------------------- associated items in this implementation
 88 |     fn new(registry: WriterLeaseRegistry, canonical_path: PathBuf, owner_id: String) -> Self {
    |        ^^^
...
 96 |     pub(crate) fn canonical_path(&self) -> &Path {
    |                   ^^^^^^^^^^^^^^
...
100 |     pub(crate) fn owner_id(&self) -> &str {
    |                   ^^^^^^^^

warning: method `acquire_writer_lease` is never used
   --> src/worktree/manager.rs:333:19
    |
129 | impl WorktreeManager {
    | -------------------- method in this implementation
...
333 |     pub(crate) fn acquire_writer_lease(
    |                   ^^^^^^^^^^^^^^^^^^^^

warning: `ferryx` (lib test) generated 17 warnings (run `cargo fix --lib -p ferryx --tests` to apply 3 suggestions)
    Finished `test` profile [unoptimized + debuginfo] target(s) in 1m 16s
     Running unittests src/lib.rs (src-tauri/target/debug/deps/ferryx_lib-a8f661fd9c0ae1d6)

running 4 tests
A04 ROOT path=/private/tmp/a04-wpscMU
A04 ROOT path=/private/tmp/a04-gskjP3
test daemon::server::a04_shared_services_tests::a04_legacy_constructors_have_no_machine_authority ... ok
test daemon::server::a04_shared_services_tests::a04_services_have_no_strong_owner_cycle ... ok

running 1 test
A04 AUTHORITY session=0x10729d290 workspace=0x10729cfa0 backend=Pointer { addr: 0x10729d290, metadata: DynMetadata(0x103cf9ea0) }

running 1 test
A04 CLEANUP listener=IPC joined=true
A04 CLEANUP listeners_joined=true socket_removed=true closed=0 injection=IpcSetup errors=[]
A04 AUTHORITY session=0x1098c9150 workspace=0xacec542e0 backend=Pointer { addr: 0x1098c9150, metadata: DynMetadata(0x106329ea0) }
test daemon::server::a04_shared_services_tests::a04_shared_authority_runtime ... ok

test result: ok. 1 passed; 0 failed; 0 ignored; 0 measured; 890 filtered out; finished in 0.00s

A04 CLEANUP child_pid=14408 reaped=true exit=exit status: 0
A04 CLEANUP private_root_removed=true
A04 ROOT path=/private/tmp/a04-NKpAU8

running 1 test
A04 AUTHORITY session=0x108b58940 workspace=0x108b58650 backend=Pointer { addr: 0x108b58940, metadata: DynMetadata(0x1055fdea0) }
A04 CLEANUP listener=IPC joined=true
A04 CLEANUP listener=HTTP joined=true
A04 CLEANUP listeners_joined=true socket_removed=true closed=0 injection=HttpSetup errors=[]
test daemon::server::a04_shared_services_tests::a04_shared_authority_runtime ... ok

test result: ok. 1 passed; 0 failed; 0 ignored; 0 measured; 890 filtered out; finished in 0.01s

A04 CLEANUP child_pid=14425 reaped=true exit=exit status: 0
A04 CLEANUP private_root_removed=true
A04 ROOT path=/private/tmp/a04-78prHq

running 1 test
A04 AUTHORITY session=0x106d793d0 workspace=0x7a8c34190 backend=Pointer { addr: 0x106d793d0, metadata: DynMetadata(0x103715ea0) }
A04 OWNED owner_pid=14426 session=a86ee09e-bc3c-44b5-b0db-29a455bd47a9 pty_pid=14478 root=/private/tmp/a04-78prHq
A04 CLEANUP listener=IPC joined=true
A04 CLEANUP listener=HTTP joined=true
A04 CLEANUP session=a86ee09e-bc3c-44b5-b0db-29a455bd47a9 pty_pid=Some(14478) reaped=true
A04 CLEANUP listeners_joined=true socket_removed=true closed=1 injection=Scenario errors=[]
test daemon::server::a04_shared_services_tests::a04_shared_authority_runtime ... ok

test result: ok. 1 passed; 0 failed; 0 ignored; 0 measured; 890 filtered out; finished in 0.33s

A04 CLEANUP child_pid=14426 reaped=true exit=exit status: 0
A04 CLEANUP private_root_removed=true
A04 ROOT path=/private/tmp/a04-uDRtcR
A04 OWNED owner_pid=14409 session=7a6bc87c-ada3-4715-adec-29d0ee9399c3 pty_pid=14482 root=/private/tmp/a04-gskjP3
A04 LIVE owner_pid=14409 pty_pid=14482 ipc=/private/tmp/a04-gskjP3/fixture.sock http=127.0.0.1:58869 metadata={"session":{"cols":80,"cwd":"/private/tmp/a04-gskjP3/project","endSequence":null,"rows":24,"running":true,"sessionId":"7a6bc87c-ada3-4715-adec-29d0ee9399c3","startSequence":null,"workspaceId":"a04","worktree":null},"type":"describeSessionOk"} process_cwd=Some("/private/tmp/a04-gskjP3/project")

running 1 test
A04 AUTHORITY session=0x10b839150 workspace=0xcb6c542e0 backend=Pointer { addr: 0x10b839150, metadata: DynMetadata(0x108241ea0) }
A04 HTTP status=200 sessions=[{"running":true,"sessionId":"7a6bc87c-ada3-4715-adec-29d0ee9399c3","title":null,"workspaceId":"a04","worktreeLabel":"project"}] registry_ipc=1 registry_http=1
A04 CLEANUP listener=IPC joined=true
A04 CLEANUP listener=HTTP joined=true
A04 OWNED owner_pid=14483 session=364f55ec-033d-47d8-b72a-819360af828c pty_pid=14522 root=/private/tmp/a04-uDRtcR
A04 OWNED owner_pid=14483 session=e997543b-3645-4a70-8cb3-d674eb7e1511 pty_pid=Some(14523) root=/private/tmp/a04-uDRtcR
A04 LIVE owner_pid=14483 pty_pid=14522 ipc=/private/tmp/a04-uDRtcR/fixture.sock http=127.0.0.1:58873 metadata={"session":{"cols":80,"cwd":"/private/tmp/a04-uDRtcR/project","endSequence":null,"rows":24,"running":true,"sessionId":"364f55ec-033d-47d8-b72a-819360af828c","startSequence":null,"workspaceId":"a04","worktree":null},"type":"describeSessionOk"} process_cwd=Some("/private/tmp/a04-uDRtcR/project")
A04 HTTP status=200 sessions=[{"running":true,"sessionId":"364f55ec-033d-47d8-b72a-819360af828c","title":null,"workspaceId":"a04","worktreeLabel":"project"},{"running":true,"sessionId":"e997543b-3645-4a70-8cb3-d674eb7e1511","title":null,"workspaceId":"a04","worktreeLabel":"project"}] registry_ipc=1 regisA04 CLEANUP session=7a6bc87c-ada3-4715-adec-29d0ee9399c3 pty_pid=Some(14482) reaped=true
try_http=1
A04 CLEANUP listeners_joined=true socket_removed=true closed=1 injection=None errors=[]
A04 CLEANUP listener=IPC joined=true
A04 CLEANUP listener=HTTP joined=true
test daemon::server::a04_shared_services_tests::a04_shared_authority_runtime ... ok

test result: ok. 1 passed; 0 failed; 0 ignored; 0 measured; 890 filtered out; finished in 3.66s

A04 CLEANUP child_pid=14409 reaped=true exit=exit status: 0
A04 CLEANUP private_root_removed=true
test daemon::server::a04_shared_services_tests::a04_shared_authority_runtime ... ok
A04 CLEANUP session=364f55ec-033d-47d8-b72a-819360af828c pty_pid=Some(14522) reaped=true
A04 CLEANUP session=e997543b-3645-4a70-8cb3-d674eb7e1511 pty_pid=Some(14523) reaped=true
A04 CLEANUP listeners_joined=true socket_removed=true closed=2 injection=Cleanup errors=["close 364f55ec-033d-47d8-b72a-819360af828c: General error: injected close failure"]
test daemon::server::a04_shared_services_tests::a04_shared_authority_runtime ... ok

test result: ok. 1 passed; 0 failed; 0 ignored; 0 measured; 890 filtered out; finished in 5.18s

A04 CLEANUP child_pid=14483 reaped=true exit=exit status: 0
A04 CLEANUP private_root_removed=true
A04 ROOT path=/private/tmp/a04-ezTHJ1

running 1 test
A04 AUTHORITY session=0x10983d020 workspace=0xca0c34310 backend=Pointer { addr: 0x10983d020, metadata: DynMetadata(0x1062d5ea0) }
A04 OWNED owner_pid=14548 session=a71ee6c5-8871-4e7f-8603-e3f90becefa0 pty_pid=14581 root=/private/tmp/a04-ezTHJ1
A04 CLEANUP listener=IPC joined=true
A04 CLEANUP listener=HTTP joined=true
A04 CLEANUP session=a71ee6c5-8871-4e7f-8603-e3f90becefa0 pty_pid=Some(14581) reaped=true
A04 CLEANUP listeners_joined=true socket_removed=true closed=1 injection=Cancel errors=[]
test daemon::server::a04_shared_services_tests::a04_shared_authority_runtime ... ok

test result: ok. 1 passed; 0 failed; 0 ignored; 0 measured; 890 filtered out; finished in 0.20s

A04 CLEANUP child_pid=14548 reaped=true exit=exit status: 0
A04 CLEANUP private_root_removed=true
A04 ROOT path=/private/tmp/a04-JRDoWs

running 1 test
A04 AUTHORITY session=0x10bc19340 workspace=0x10bc19090 backend=Pointer { addr: 0x10bc19340, metadata: DynMetadata(0x1085bdea0) }
A04 OWNED owner_pid=14582 session=f5da4091-73b4-4c7c-9e7c-af701becc4f1 pty_pid=14615 root=/private/tmp/a04-JRDoWs
A04 CLEANUP listener=IPC joined=true
A04 CLEANUP listener=HTTP joined=true
A04 CLEANUP session=f5da4091-73b4-4c7c-9e7c-af701becc4f1 pty_pid=Some(14615) reaped=true
A04 CLEANUP listeners_joined=true socket_removed=true closed=1 injection=Deadline errors=[]
test daemon::server::a04_shared_services_tests::a04_shared_authority_runtime ... ok

test result: ok. 1 passed; 0 failed; 0 ignored; 0 measured; 890 filtered out; finished in 0.19s

A04 CLEANUP child_pid=14582 reaped=true exit=exit status: 0
A04 CLEANUP private_root_removed=true
test daemon::server::a04_shared_services_tests::a04_cleanup_failure_paths ... ok

test result: ok. 4 passed; 0 failed; 0 ignored; 0 measured; 887 filtered out; finished in 6.29s
