status: completed exit_code: 0
   Compiling ferryx v2026.908.1 (/Users/indo/code/project/orca-lite-wt/herdr-wave1/src-tauri)
warning: unnecessary `unsafe` block==> ] 546/547: ferryx_lib(test)
  --> src/macos_file_drop.rs:79:28
   |
79 |             let location = unsafe { info.draggingLocation() };
   |                            ^^^^^^ unnecessary `unsafe` block
   |
   = note: `#[warn(unused_unsafe)]` (part of `#[warn(unused)]`) on by default

warning: unnecessary `unsafe` block==> ] 546/547: ferryx_lib(test)
  --> src/macos_file_drop.rs:80:25
   |
80 |             let point = unsafe { self.convertPoint_fromView(location, None) };
   |                         ^^^^^^ unnecessary `unsafe` block

warning: unnecessary `unsafe` block==> ] 546/547: ferryx_lib(test)
   --> src/macos_file_drop.rs:102:46
    |
102 |     let pasteboard: Retained<NSPasteboard> = unsafe { info.draggingPasteboard() };
    |                                              ^^^^^^ unnecessary `unsafe` block

warning: unnecessary `unsafe` block==> ] 546/547: ferryx_lib(test)
   --> src/macos_file_drop.rs:105:25
    |
105 |     if let Some(list) = unsafe { pasteboard.propertyListForType(&legacy) } {
    |                         ^^^^^^ unnecessary `unsafe` block

warning: unnecessary `unsafe` block
   --> src/macos_file_drop.rs:122:25
    |
122 |     if let Some(text) = unsafe { pasteboard.stringForType(file_url_type) } {
    |                         ^^^^^^ unnecessary `unsafe` block

warning: unnecessary `unsafe` block
   --> src/macos_file_drop.rs:123:28
    |
123 |         if let Some(url) = unsafe { NSURL::URLWithString(&text) } {
    |                            ^^^^^^ unnecessary `unsafe` block

warning: unnecessary `unsafe` block
   --> src/macos_file_drop.rs:124:33
    |
124 |             if let Some(path) = unsafe { url.path() } {
    |                                 ^^^^^^ unnecessary `unsafe` block

warning: unnecessary `unsafe` block
   --> src/macos_file_drop.rs:169:5
    |
169 |     unsafe { view.registerForDraggedTypes(&types) };
    |     ^^^^^^ unnecessary `unsafe` block

warning: unused variable: `token`====> ] 546/547: ferryx_lib(test)
    --> src/remote/auth.rs:1399:14
     |
1399 |         let (token, device) = auth
     |              ^^^^^ help: if this is intentional, prefix it with an underscore: `_token`
     |
     = note: `#[warn(unused_variables)]` (part of `#[warn(unused)]`) on by default

warning: unused variable: `scroll_daemon_client`: ferryx_lib(test)
   --> src/lib.rs:915:9
    |
915 |     let scroll_daemon_client = Arc::clone(&daemon_client);
    |         ^^^^^^^^^^^^^^^^^^^^ help: if this is intentional, prefix it with an underscore: `_scroll_daemon_client`

warning: field `app` is never read===> ] 546/547: ferryx_lib(test)
  --> src/ipc/notifications.rs:28:5
   |
27 | pub struct TauriNotificationBackend<R: Runtime> {
   |            ------------------------ field in this struct
28 |     app: AppHandle<R>,
   |     ^^^
   |
   = note: `#[warn(dead_code)]` (part of `#[warn(unused)]`) on by default

warning: constant `GHOSTTY_TERMINAL_SCREEN_PRIMARY` is never used)
  --> src/native_terminal/sys/constants.rs:56:11
   |
56 | pub const GHOSTTY_TERMINAL_SCREEN_PRIMARY: c_int = 0;
   |           ^^^^^^^^^^^^^^^^^^^^^^^^^^^^^^^

warning: function `no_auth_query` is never used7: ferryx_lib(test)
    --> src/remote/server.rs:2597:12
     |
2597 |         fn no_auth_query() -> AuthQuery {
     |            ^^^^^^^^^^^^^

warning: struct `WriterLeaseGuard` is never constructedx_lib(test)
  --> src/worktree/manager.rs:81:19
   |
81 | pub(crate) struct WriterLeaseGuard {
   |                   ^^^^^^^^^^^^^^^^

warning: associated items `new`, `canonical_path`, and `owner_id` are never used
   --> src/worktree/manager.rs:88:8
    |
 87 | impl WriterLeaseGuard {
    | --------------------- associated items in this implementation
 88 |     fn new(registry: WriterLeaseRegistry, canonical_path: PathBuf, owner_id: String) -> Self {
    |        ^^^
...
 96 |     pub(crate) fn canonical_path(&self) -> &Path {
    |                   ^^^^^^^^^^^^^^
...
100 |     pub(crate) fn owner_id(&self) -> &str {
    |                   ^^^^^^^^

warning: method `acquire_writer_lease` is never used
   --> src/worktree/manager.rs:333:19
    |
129 | impl WorktreeManager {
    | -------------------- method in this implementation
...
333 |     pub(crate) fn acquire_writer_lease(
    |                   ^^^^^^^^^^^^^^^^^^^^

warning: `ferryx` (lib test) generated 16 warnings (run `cargo fix --lib -p ferryx --tests` to apply 2 suggestions)
    Finished `test` profile [unoptimized + debuginfo] target(s) in 10.05s
     Running unittests src/lib.rs (src-tauri/target/debug/deps/ferryx_lib-a8f661fd9c0ae1d6)

running 34 tests
test daemon::server::tests::test_normalize_process_cwd_windows_verbatim_paths ... ok
test daemon::server::tests::resolve_upgrade_target_exe_only_resolves_paths_that_exist ... ok
test daemon::server::tests::test_binary_identity_helper_pure_and_injection ... ok
test daemon::server::tests::test_persistent_lock_filename_is_profile_aware ... ok
test daemon::server::tests::agent_state_reports_are_parsed_and_filtered ... ok
test daemon::server::tests::test_agent_resume_failed_spawn_does_not_leak_claim ... ok
test daemon::server::tests::test_clear_cloexec_and_fd_inheritance_across_exec ... ok
test daemon::server::tests::test_agent_resume_identical_request_is_one_spawn ... ok
test daemon::server::tests::test_agent_resume_competing_claim_conflicts_and_releases ... ok
test daemon::server::tests::test_runtime_paths_are_profile_aware ... ok
test daemon::server::tests::test_handle_upgrade_binary_idempotent_when_not_needed ... ok
test daemon::server::tests::test_server_describe_nonexistent_session ... ok
test daemon::server::tests::agent_state_report_reaches_only_its_own_session_stream ... ok
test daemon::server::tests::test_pump_stream_compact_framing_and_exit ... ok
test daemon::server::tests::test_server_handshake_version_mismatch ... ok
test daemon::server::tests::test_server_epoch_in_handshake_and_list ... ok
test daemon::server::tests::test_daemon_remote_gateway_lifecycle_and_commands ... ok
test daemon::server::tests::test_stream_lagged_replay_gap_full_recovery ... ok
test daemon::server::tests::test_subscribe_remote_events_streams_desktop_directed_events ... ok
test daemon::server::tests::test_daemon_exclusive_lock_semantics_rejects_duplicates_and_releases_on_drop ... ok
test daemon::server::tests::test_runtime_dir_and_socket_symlink_protection ... ok
test daemon::server::tests::test_runtime_node_modes_are_enforced ... ok
test daemon::server::tests::test_persistent_daemon_lock_creates_only_dedicated_secure_directory ... ok
test daemon::server::tests::test_persistent_daemon_lock_survives_legacy_tmp_lock_replacement ... ok
test daemon::server::tests::test_remote_select_request_reaches_a_subscribed_desktop_client ... ok
test daemon::server::tests::test_server_unregister_workspace_is_idempotent_and_revokes_registration ... ok
test daemon::server::tests::test_omo_resume_cwd_cannot_escape_workspace ... ok
test daemon::server::tests::test_server_attach_with_after_sequence_and_snapshot ... ok
test daemon::server::tests::test_server_spawn_cwd_validation ... ok
test daemon::server::tests::attach_resynchronizes_agent_state_reported_before_subscription ... ok
test daemon::server::tests::test_agent_resume_production_spawn_path_fences_duplicates_and_conflicts ... ok
test daemon::server::tests::test_agent_resume_idempotency_fingerprint_includes_full_startup_payload ... ok
test daemon::server::tests::test_server_spawn_idempotency_cache ... ok
test daemon::server::tests::test_server_register_workspace_and_spawn_isolation ... ok

test result: ok. 34 passed; 0 failed; 0 ignored; 0 measured; 857 filtered out; finished in 2.13s
