status: completed exit_code: 0
   Compiling ferryx v2026.908.1 (/Users/indo/code/project/orca-lite-wt/herdr-wave1/src-tauri)
warning: unnecessary `unsafe` block==> ] 546/547: ferryx_lib(test)
  --> src/macos_file_drop.rs:79:28
   |
79 |             let location = unsafe { info.draggingLocation() };
   |                            ^^^^^^ unnecessary `unsafe` block
   |
   = note: `#[warn(unused_unsafe)]` (part of `#[warn(unused)]`) on by default

warning: unnecessary `unsafe` block==> ] 546/547: ferryx_lib(test)
  --> src/macos_file_drop.rs:80:25
   |
80 |             let point = unsafe { self.convertPoint_fromView(location, None) };
   |                         ^^^^^^ unnecessary `unsafe` block

warning: unnecessary `unsafe` block==> ] 546/547: ferryx_lib(test)
   --> src/macos_file_drop.rs:102:46
    |
102 |     let pasteboard: Retained<NSPasteboard> = unsafe { info.draggingPasteboard() };
    |                                              ^^^^^^ unnecessary `unsafe` block

warning: unnecessary `unsafe` block==> ] 546/547: ferryx_lib(test)
   --> src/macos_file_drop.rs:105:25
    |
105 |     if let Some(list) = unsafe { pasteboard.propertyListForType(&legacy) } {
    |                         ^^^^^^ unnecessary `unsafe` block

warning: unnecessary `unsafe` block
   --> src/macos_file_drop.rs:122:25
    |
122 |     if let Some(text) = unsafe { pasteboard.stringForType(file_url_type) } {
    |                         ^^^^^^ unnecessary `unsafe` block

warning: unnecessary `unsafe` block
   --> src/macos_file_drop.rs:123:28
    |
123 |         if let Some(url) = unsafe { NSURL::URLWithString(&text) } {
    |                            ^^^^^^ unnecessary `unsafe` block

warning: unnecessary `unsafe` block
   --> src/macos_file_drop.rs:124:33
    |
124 |             if let Some(path) = unsafe { url.path() } {
    |                                 ^^^^^^ unnecessary `unsafe` block

warning: unnecessary `unsafe` block
   --> src/macos_file_drop.rs:169:5
    |
169 |     unsafe { view.registerForDraggedTypes(&types) };
    |     ^^^^^^ unnecessary `unsafe` block

warning: unused variable: `token`====> ] 546/547: ferryx_lib(test)
    --> src/remote/auth.rs:1399:14
     |
1399 |         let (token, device) = auth
     |              ^^^^^ help: if this is intentional, prefix it with an underscore: `_token`
     |
     = note: `#[warn(unused_variables)]` (part of `#[warn(unused)]`) on by default

warning: unused variable: `scroll_daemon_client`: ferryx_lib(test)
   --> src/lib.rs:915:9
    |
915 |     let scroll_daemon_client = Arc::clone(&daemon_client);
    |         ^^^^^^^^^^^^^^^^^^^^ help: if this is intentional, prefix it with an underscore: `_scroll_daemon_client`

warning: field `app` is never read===> ] 546/547: ferryx_lib(test)
  --> src/ipc/notifications.rs:28:5
   |
27 | pub struct TauriNotificationBackend<R: Runtime> {
   |            ------------------------ field in this struct
28 |     app: AppHandle<R>,
   |     ^^^
   |
   = note: `#[warn(dead_code)]` (part of `#[warn(unused)]`) on by default

warning: constant `GHOSTTY_TERMINAL_SCREEN_PRIMARY` is never used)
  --> src/native_terminal/sys/constants.rs:56:11
   |
56 | pub const GHOSTTY_TERMINAL_SCREEN_PRIMARY: c_int = 0;
   |           ^^^^^^^^^^^^^^^^^^^^^^^^^^^^^^^

warning: function `no_auth_query` is never used7: ferryx_lib(test)
    --> src/remote/server.rs:2597:12
     |
2597 |         fn no_auth_query() -> AuthQuery {
     |            ^^^^^^^^^^^^^

warning: struct `WriterLeaseGuard` is never constructedx_lib(test)
  --> src/worktree/manager.rs:81:19
   |
81 | pub(crate) struct WriterLeaseGuard {
   |                   ^^^^^^^^^^^^^^^^

warning: associated items `new`, `canonical_path`, and `owner_id` are never used
   --> src/worktree/manager.rs:88:8
    |
 87 | impl WriterLeaseGuard {
    | --------------------- associated items in this implementation
 88 |     fn new(registry: WriterLeaseRegistry, canonical_path: PathBuf, owner_id: String) -> Self {
    |        ^^^
...
 96 |     pub(crate) fn canonical_path(&self) -> &Path {
    |                   ^^^^^^^^^^^^^^
...
100 |     pub(crate) fn owner_id(&self) -> &str {
    |                   ^^^^^^^^

warning: method `acquire_writer_lease` is never usedrryx_lib(test)
   --> src/worktree/manager.rs:333:19
    |
129 | impl WorktreeManager {
    | -------------------- method in this implementation
...
333 |     pub(crate) fn acquire_writer_lease(
    |                   ^^^^^^^^^^^^^^^^^^^^

warning: `ferryx` (lib test) generated 16 warnings (run `cargo fix --lib -p ferryx --tests` to apply 2 suggestions)
    Finished `test` profile [unoptimized + debuginfo] target(s) in 18.07s
     Running unittests src/lib.rs (src-tauri/target/debug/deps/ferryx_lib-a8f661fd9c0ae1d6)

running 2 tests
A04 ROOT path=/private/tmp/a04-hBTTha
A04 ROOT path=/private/tmp/a04-yiQtX2

running 1 test

running 1 test
A04 CLEANUP listener=IPC joined=true
A04 CLEANUP listeners_joined=true socket_removed=true closed=0 injection=IpcSetup errors=[]
test daemon::server::a04_shared_services_tests::a04_shared_authority_runtime ... ok

test result: ok. 1 passed; 0 failed; 0 ignored; 0 measured; 888 filtered out; finished in 0.01s

A04 CLEANUP child_pid=95504 reaped=true exit=exit status: 0
A04 CLEANUP private_root_removed=true
A04 ROOT path=/private/tmp/a04-M3DwlH

running 1 test
A04 CLEANUP listener=IPC joined=true
A04 CLEANUP listener=HTTP joined=true
A04 CLEANUP listeners_joined=true socket_removed=true closed=0 injection=HttpSetup errors=[]
test daemon::server::a04_shared_services_tests::a04_shared_authority_runtime ... ok

test result: ok. 1 passed; 0 failed; 0 ignored; 0 measured; 888 filtered out; finished in 0.00s

A04 CLEANUP child_pid=95505 reaped=true exit=exit status: 0
A04 CLEANUP private_root_removed=true
A04 ROOT path=/private/tmp/a04-urmn6e

running 1 test
A04 OWNED owner_pid=95503 session=869a2b6c-d9b6-43fe-b7b4-4e29795673e1 pty_pid=95570 root=/private/tmp/a04-hBTTha
A04 LIVE owner_pid=95503 pty_pid=95570 ipc=/private/tmp/a04-hBTTha/fixture.sock http=127.0.0.1:50791 metadata={"session":{"cols":80,"cwd":"/private/tmp/a04-hBTTha/project","endSequence":null,"rows":24,"running":true,"sessionId":"869a2b6c-d9b6-43fe-b7b4-4e29795673e1","startSequence":null,"workspaceId":"a04","worktree":null},"type":"describeSessionOk"} process_cwd=Some("/private/tmp/a04-hBTTha/project")
A04 HTTP status=200 sessions=[{"running":true,"sessionId":"869a2b6c-d9b6-43fe-b7b4-4e29795673e1","title":null,"workspaceId":"a04","worktreeLabel":"project"}] registry_ipc=1 registry_http=1
A04 CLEANUP listener=IPC joined=true
A04 CLEANUP listener=HTTP joined=true
A04 OWNED owner_pid=95521 session=6d2fc30a-73d9-4d50-8b3c-0be952fba1ff pty_pid=95574 root=/private/tmp/a04-urmn6e
A04 CLEANUP listener=IPC joined=true
A04 CLEANUP listener=HTTP joined=true
A04 CLEANUP session=6d2fc30a-73d9-4d50-8b3c-0be952fba1ff pty_pid=Some(95574) reaped=true
A04 CLEANUP listeners_joined=true socket_removed=true closed=1 injection=Scenario errors=[]
test daemon::server::a04_shared_services_tests::a04_shared_authority_runtime ... ok

test result: ok. 1 passed; 0 failed; 0 ignored; 0 measured; 888 filtered out; finished in 0.28s

A04 CLEANUP child_pid=95521 reaped=true exit=exit status: 0
A04 CLEANUP private_root_removed=true
A04 ROOT path=/private/tmp/a04-X2Qr4i

running 1 test
A04 OWNED owner_pid=95575 session=2e849aab-1263-4de8-bd89-173cf26a7302 pty_pid=95608 root=/private/tmp/a04-X2Qr4i
A04 OWNED owner_pid=95575 session=9393e0b4-0d93-45fe-9459-4ecf1e5c59ef pty_pid=Some(95609) root=/private/tmp/a04-X2Qr4i
A04 LIVE owner_pid=95575 pty_pid=95608 ipc=/private/tmp/a04-X2Qr4i/fixture.sock http=127.0.0.1:50796 metadata={"session":{"cols":80,"cwd":"/private/tmp/a04-X2Qr4i/project","endSequence":null,"rows":24,"running":true,"sessionId":"2e849aab-1263-4de8-bd89-173cf26a7302","startSequence":null,"workspaceId":"a04","worktree":null},"type":"describeSessionOk"} process_cwd=Some("/private/tmp/a04-X2Qr4i/project")
A04 HTTP status=200 sessions=[{"running":true,"sessionId":"2e849aab-1263-4de8-bd89-173cf26a7302","title":null,"workspaceId":"a04","worktreeLabel":"project"},{"running":true,"sessionId":"9393e0b4-0d93-45fe-9459-4ecf1e5c59ef","title":null,"workspaceId":"a04","worktreeLabel":"project"}] registry_ipc=1 registry_http=1
A04 CLEANUP listener=IPC joined=true
A04 CLEANUP listener=HTTP joined=true
A04 CLEANUP session=869a2b6c-d9b6-43fe-b7b4-4e29795673e1 pty_pid=Some(95570) reaped=true
A04 CLEANUP listeners_joined=true socket_removed=true closed=1 injection=None errors=[]
test daemon::server::a04_shared_services_tests::a04_shared_authority_runtime ... ok

test result: ok. 1 passed; 0 failed; 0 ignored; 0 measured; 888 filtered out; finished in 1.34s

A04 CLEANUP child_pid=95503 reaped=true exit=exit status: 0
A04 CLEANUP private_root_removed=true
test daemon::server::a04_shared_services_tests::a04_shared_authority_runtime ... ok
A04 CLEANUP session=9393e0b4-0d93-45fe-9459-4ecf1e5c59ef pty_pid=Some(95609) reaped=true
A04 CLEANUP session=2e849aab-1263-4de8-bd89-173cf26a7302 pty_pid=Some(95608) reaped=true
A04 CLEANUP listeners_joined=true socket_removed=true closed=2 injection=Cleanup errors=["close 9393e0b4-0d93-45fe-9459-4ecf1e5c59ef: General error: injected close failure"]
test daemon::server::a04_shared_services_tests::a04_shared_authority_runtime ... ok

test result: ok. 1 passed; 0 failed; 0 ignored; 0 measured; 888 filtered out; finished in 2.33s

A04 CLEANUP child_pid=95575 reaped=true exit=exit status: 0
A04 CLEANUP private_root_removed=true
A04 ROOT path=/private/tmp/a04-hQ8ThA

running 1 test
A04 OWNED owner_pid=95622 session=cad55ff7-935b-4d96-8977-3b9407266b78 pty_pid=95655 root=/private/tmp/a04-hQ8ThA
A04 CLEANUP listener=IPC joined=true
A04 CLEANUP listener=HTTP joined=true
A04 CLEANUP session=cad55ff7-935b-4d96-8977-3b9407266b78 pty_pid=Some(95655) reaped=true
A04 CLEANUP listeners_joined=true socket_removed=true closed=1 injection=Cancel errors=[]
test daemon::server::a04_shared_services_tests::a04_shared_authority_runtime ... ok

test result: ok. 1 passed; 0 failed; 0 ignored; 0 measured; 888 filtered out; finished in 0.18s

A04 CLEANUP child_pid=95622 reaped=true exit=exit status: 0
A04 CLEANUP private_root_removed=true
A04 ROOT path=/private/tmp/a04-mwKaAt

running 1 test
A04 OWNED owner_pid=95656 session=e97712c7-291b-470c-aedd-3bdeabd7bbf7 pty_pid=95689 root=/private/tmp/a04-mwKaAt
A04 CLEANUP listener=IPC joined=true
A04 CLEANUP listener=HTTP joined=true
A04 CLEANUP session=e97712c7-291b-470c-aedd-3bdeabd7bbf7 pty_pid=Some(95689) reaped=true
A04 CLEANUP listeners_joined=true socket_removed=true closed=1 injection=Deadline errors=[]
test daemon::server::a04_shared_services_tests::a04_shared_authority_runtime ... ok

test result: ok. 1 passed; 0 failed; 0 ignored; 0 measured; 888 filtered out; finished in 0.15s

A04 CLEANUP child_pid=95656 reaped=true exit=exit status: 0
A04 CLEANUP private_root_removed=true
test daemon::server::a04_shared_services_tests::a04_cleanup_failure_paths ... ok

test result: ok. 2 passed; 0 failed; 0 ignored; 0 measured; 887 filtered out; finished in 3.00s
