status: completed exit_code: 0
    Checking smallvec v1.16.1
    Checking bytemuck v1.25.2
    Checking num-traits v0.2.19
    Checking hashbrown v0.17.1
    Checking parking_lot_core v0.9.12  ] 354/615: bytemuck, num-traits, smallvec, hashbrown
    Checking icu_normalizer v2.3.0     ] 355/615: bytemuck, num-traits, parking_lot_core, hashbrown
    Checking symphonia-core v0.5.5     ] 356/615: num-traits, parking_lot_core, hashbrown, icu_normalizer
    Checking indexmap v2.14.2          ] 357/615: num-traits, parking_lot_core, symphonia-core, icu_normalizer
    Checking parking_lot v0.12.5       ] 360/615: indexmap, parking_lot_core, symphonia-core, icu_normalizer
    Checking tokio v1.53.1=>           ] 361/615: indexmap, parking_lot, symphonia-core, icu_normalizer
    Checking idna_adapter v1.2.2       ] 362/615: indexmap, tokio, symphonia-core, icu_normalizer
    Checking idna v1.1.0===>           ] 363/615: indexmap, idna_adapter, tokio, symphonia-core
    Checking plist v1.10.1=>           ] 364/615: indexmap, tokio, idna, symphonia-core
    Checking url v2.5.8======>         ] 404/615: tokio, plist, idna, symphonia-core
    Checking symphonia-metadata v0.5.5 ] 405/615: url, tokio, plist, symphonia-core
    Checking zerocopy v0.8.57>         ] 406/615: symphonia-metadata, url, tokio, plist
    Checking urlpattern v0.3.0         ] 416/615: zerocopy, url, tokio, plist
    Checking moxcms v0.8.1===>         ] 417/615: zerocopy, tokio, plist, urlpattern
    Checking tauri-utils v2.9.3>       ] 452/615: zerocopy, tokio, urlpattern, moxcms
    Checking ppv-lite86 v0.2.21>       ] 453/615: zerocopy, tokio, moxcms, tauri-utils
    Checking wry v0.55.1=======>       ] 454/615: ppv-lite86, tokio, moxcms, tauri-utils
    Checking tao v0.35.3=======>       ] 458/615: tokio, wry, moxcms, tauri-utils
    Checking hyper v1.11.1=====>       ] 459/615: tao, tokio, wry, tauri-utils
    Checking image v0.25.10=====>      ] 469/615: tao, wry, hyper, tauri-utils
    Checking tokio-rustls v0.26.5      ] 470/615: tao, image, hyper, tauri-utils
    Checking symphonia-utils-xiph v0.5.5 473/615: tao, tokio-rustls, image, tauri-utils
    Checking hyper-util v0.1.20=>      ] 476/615: tokio-rustls, symphonia-utils-xiph, image, tauri-utils
    Checking rand_chacha v0.9.0=>      ] 487/615: tokio-rustls, symphonia-utils-xiph, hyper-util, tauri-utils
    Checking tower v0.5.3=======>      ] 488/615: tokio-rustls, hyper-util, rand_chacha, tauri-utils
    Checking rand v0.9.5========>      ] 489/615: hyper-util, tower, rand_chacha, tauri-utils
    Checking tauri-runtime v2.11.3     ] 495/615: rand, hyper-util, tower, tauri-utils
    Checking tower-http v0.6.11==>     ] 496/615: rand, hyper-util, tower, tauri-runtime
    Checking tokio-util v0.7.19==>     ] 504/615: rand, hyper-util, tower-http, tauri-runtime
    Checking hyper-rustls v0.27.9>     ] 507/615: hyper-util, tower-http, tauri-runtime, tokio-util
    Checking num-integer v0.1.47=>     ] 508/615: hyper-rustls, tower-http, tauri-runtime, tokio-util
    Checking tauri-runtime-wry v2.11.4 ] 509/615: hyper-rustls, num-integer, tauri-runtime, tokio-util
    Checking tungstenite v0.29.0=>     ] 510/615: hyper-rustls, tauri-runtime-wry, num-integer, tokio-util
    Checking symphonia-format-riff v0.5.5524/615: tauri-runtime-wry, num-integer, tungstenite, tokio-util
    Checking num-bigint v0.4.8====>    ] 527/615: tauri-runtime-wry, symphonia-format-riff, num-integer, tungstenite
    Checking symphonia-format-isomp4 v0.5.58/615: tauri-runtime-wry, symphonia-format-riff, num-bigint, tungstenite
    Checking tauri v2.11.5========>    ] 540/615: tauri-runtime-wry, num-bigint, tungstenite, symphonia-format-isomp4
    Checking symphonia-codec-vorbis v0.5.541/615: num-bigint, tauri, tungstenite, symphonia-format-isomp4
    Checking symphonia-bundle-flac v0.5.5542/615: symphonia-codec-vorbis, tauri, tungstenite, symphonia-format-isomp4
    Checking symphonia-format-ogg v0.5.5 543/615: symphonia-codec-vorbis, symphonia-bundle-flac, tauri, tungstenite
    Checking symphonia-bundle-mp3 v0.5.5 544/615: symphonia-codec-vorbis, symphonia-bundle-flac, symphonia-format-ogg…
    Checking symphonia-codec-aac v0.5.5] 546/615: symphonia-bundle-flac, symphonia-bundle-mp3, symphonia-format-ogg, …
    Checking symphonia-codec-pcm v0.5.5] 547/615: symphonia-bundle-mp3, symphonia-format-ogg, tauri, symphonia-codec-…
    Checking tokio-tungstenite v0.29.0 ] 548/615: symphonia-bundle-mp3, tauri, symphonia-codec-pcm, symphonia-codec-a…
    Checking num-rational v0.4.2===>   ] 560/615: symphonia-bundle-mp3, tauri, tokio-tungstenite, symphonia-codec-aac
    Checking symphonia v0.5.5======>   ] 561/615: num-rational, tauri, tokio-tungstenite, symphonia-codec-aac
    Checking reqwest v0.13.5=======>   ] 562/615: num-rational, tauri, tokio-tungstenite, symphonia
    Checking rand_chacha v0.3.1====>   ] 565/615: num-rational, tauri, reqwest, symphonia
   Compiling ferryx v2026.908.1 (/Users/indo/code/project/orca-lite-wt/herdr-wave1/src-tauri)
    Checking tracing-subscriber v0.3.23] 575/615: ferryx(build.rs), tauri, reqwest, rand_chacha
    Checking axum v0.8.9============>  ] 590/615: tauri, reqwest, tracing-subscriber, ferryx(build)
    Checking rand v0.8.8=============> ] 594/615: axum, tauri, reqwest, ferryx(build)
    Checking rodio v0.22.2===========> ] 596/615: axum, tauri, rand, ferryx(build)
    Checking tauri-plugin-fs v2.5.2==> ] 598/615: axum, rodio, tauri, ferryx(build)
    Checking tauri-plugin-process v2.3.1 599/615: axum, rodio, tauri-plugin-fs, ferryx(build)
    Checking tauri-plugin-notification v2.4.0615: axum, tauri-plugin-fs, tauri-plugin-process, ferryx(build)
    Checking tauri-plugin-updater v2.11.0601/615: axum, tauri-plugin-notification, tauri-plugin-fs, ferryx(build)
    Checking reqwest v0.12.28========> ] 602/615: tauri-plugin-notification, tauri-plugin-fs, tauri-plugin-updater, f…
    Checking tauri-plugin-dialog v2.7.3] 603/615: reqwest, tauri-plugin-fs, tauri-plugin-updater, ferryx(build)
    Checking objc2-core-graphics v0.3.2] 604/615: reqwest, tauri-plugin-updater, tauri-plugin-dialog, ferryx(build)
warning: unused import: `Manager`====> ] 612/615: ferryx
  --> src/ipc/notifications.rs:21:24
   |
21 | use tauri::{AppHandle, Manager, Runtime, State};
   |                        ^^^^^^^
   |
   = note: `#[warn(unused_imports)]` (part of `#[warn(unused)]`) on by default

warning: unnecessary `unsafe` block==> ] 612/615: ferryx
  --> src/macos_file_drop.rs:79:28
   |
79 |             let location = unsafe { info.draggingLocation() };
   |                            ^^^^^^ unnecessary `unsafe` block
   |
   = note: `#[warn(unused_unsafe)]` (part of `#[warn(unused)]`) on by default

warning: unnecessary `unsafe` block
  --> src/macos_file_drop.rs:80:25
   |
80 |             let point = unsafe { self.convertPoint_fromView(location, None) };
   |                         ^^^^^^ unnecessary `unsafe` block

warning: unnecessary `unsafe` block==> ] 612/615: ferryx
   --> src/macos_file_drop.rs:102:46
    |
102 |     let pasteboard: Retained<NSPasteboard> = unsafe { info.draggingPasteboard() };
    |                                              ^^^^^^ unnecessary `unsafe` block

warning: unnecessary `unsafe` block
   --> src/macos_file_drop.rs:105:25
    |
105 |     if let Some(list) = unsafe { pasteboard.propertyListForType(&legacy) } {
    |                         ^^^^^^ unnecessary `unsafe` block

warning: unnecessary `unsafe` block
   --> src/macos_file_drop.rs:122:25
    |
122 |     if let Some(text) = unsafe { pasteboard.stringForType(file_url_type) } {
    |                         ^^^^^^ unnecessary `unsafe` block

warning: unnecessary `unsafe` block
   --> src/macos_file_drop.rs:123:28
    |
123 |         if let Some(url) = unsafe { NSURL::URLWithString(&text) } {
    |                            ^^^^^^ unnecessary `unsafe` block

warning: unnecessary `unsafe` block
   --> src/macos_file_drop.rs:124:33
    |
124 |             if let Some(path) = unsafe { url.path() } {
    |                                 ^^^^^^ unnecessary `unsafe` block

warning: unnecessary `unsafe` block==> ] 612/615: ferryx
   --> src/macos_file_drop.rs:169:5
    |
169 |     unsafe { view.registerForDraggedTypes(&types) };
    |     ^^^^^^ unnecessary `unsafe` block

warning: unused variable: `scroll_daemon_client`: ferryx
   --> src/lib.rs:915:9
    |
915 |     let scroll_daemon_client = Arc::clone(&daemon_client);
    |         ^^^^^^^^^^^^^^^^^^^^ help: if this is intentional, prefix it with an underscore: `_scroll_daemon_client`
    |
    = note: `#[warn(unused_variables)]` (part of `#[warn(unused)]`) on by default

warning: field `app` is never read===> ] 612/615: ferryx
  --> src/ipc/notifications.rs:28:5
   |
27 | pub struct TauriNotificationBackend<R: Runtime> {
   |            ------------------------ field in this struct
28 |     app: AppHandle<R>,
   |     ^^^
   |
   = note: `#[warn(dead_code)]` (part of `#[warn(unused)]`) on by default

warning: constant `GHOSTTY_TERMINAL_SCREEN_PRIMARY` is never used
  --> src/native_terminal/sys/constants.rs:56:11
   |
56 | pub const GHOSTTY_TERMINAL_SCREEN_PRIMARY: c_int = 0;
   |           ^^^^^^^^^^^^^^^^^^^^^^^^^^^^^^^

warning: methods `synchronized_output_deadline`, `expire_synchronized_output`, and `finish_synchronized_output` are never used
   --> src/native_terminal/terminal.rs:169:19
    |
133 | impl NativeTerminal {
    | ------------------- methods in this implementation
...
169 |     pub(crate) fn synchronized_output_deadline(&self) -> Option<tokio::time::Instant> {
    |                   ^^^^^^^^^^^^^^^^^^^^^^^^^^^^
...
173 |     pub(crate) fn expire_synchronized_output(
    |                   ^^^^^^^^^^^^^^^^^^^^^^^^^^
...
184 |     pub(crate) fn finish_synchronized_output(&mut self) -> Result<(), NativeTerminalError> {
    |                   ^^^^^^^^^^^^^^^^^^^^^^^^^^

warning: method `wait_and_reap` is never used615: ferryx
   --> src/terminal/session.rs:270:19
    |
 61 | impl PtySession {
    | --------------- method in this implementation
...
270 |     pub(crate) fn wait_and_reap(&self) -> Result<Option<i32>, PtyError> {
    |                   ^^^^^^^^^^^^^

warning: struct `WriterLeaseGuard` is never constructed
  --> src/worktree/manager.rs:81:19
   |
81 | pub(crate) struct WriterLeaseGuard {
   |                   ^^^^^^^^^^^^^^^^

warning: associated items `new`, `canonical_path`, and `owner_id` are never used
   --> src/worktree/manager.rs:88:8
    |
 87 | impl WriterLeaseGuard {
    | --------------------- associated items in this implementation
 88 |     fn new(registry: WriterLeaseRegistry, canonical_path: PathBuf, owner_id: String) -> Self {
    |        ^^^
...
 96 |     pub(crate) fn canonical_path(&self) -> &Path {
    |                   ^^^^^^^^^^^^^^
...
100 |     pub(crate) fn owner_id(&self) -> &str {
    |                   ^^^^^^^^

warning: method `acquire_writer_lease` is never used
   --> src/worktree/manager.rs:333:19
    |
129 | impl WorktreeManager {
    | -------------------- method in this implementation
...
333 |     pub(crate) fn acquire_writer_lease(
    |                   ^^^^^^^^^^^^^^^^^^^^

warning: `ferryx` (lib) generated 17 warnings (run `cargo fix --lib -p ferryx` to apply 2 suggestions)
    Finished `dev` profile [unoptimized + debuginfo] target(s) in 1m 57s
