COMMAND: cargo test --locked --manifest-path src-tauri/Cargo.toml --no-default-features --lib a04_shared_services_tests -- --nocapture
warning: unnecessary `unsafe` block
  --> src/macos_file_drop.rs:79:28
   |
79 |             let location = unsafe { info.draggingLocation() };
   |                            ^^^^^^ unnecessary `unsafe` block
   |
   = note: `#[warn(unused_unsafe)]` (part of `#[warn(unused)]`) on by default

warning: unnecessary `unsafe` block
  --> src/macos_file_drop.rs:80:25
   |
80 |             let point = unsafe { self.convertPoint_fromView(location, None) };
   |                         ^^^^^^ unnecessary `unsafe` block

warning: unnecessary `unsafe` block
   --> src/macos_file_drop.rs:102:46
    |
102 |     let pasteboard: Retained<NSPasteboard> = unsafe { info.draggingPasteboard() };
    |                                              ^^^^^^ unnecessary `unsafe` block

warning: unnecessary `unsafe` block
   --> src/macos_file_drop.rs:105:25
    |
105 |     if let Some(list) = unsafe { pasteboard.propertyListForType(&legacy) } {
    |                         ^^^^^^ unnecessary `unsafe` block

warning: unnecessary `unsafe` block
   --> src/macos_file_drop.rs:122:25
    |
122 |     if let Some(text) = unsafe { pasteboard.stringForType(file_url_type) } {
    |                         ^^^^^^ unnecessary `unsafe` block

warning: unnecessary `unsafe` block
   --> src/macos_file_drop.rs:123:28
    |
123 |         if let Some(url) = unsafe { NSURL::URLWithString(&text) } {
    |                            ^^^^^^ unnecessary `unsafe` block

warning: unnecessary `unsafe` block
   --> src/macos_file_drop.rs:124:33
    |
124 |             if let Some(path) = unsafe { url.path() } {
    |                                 ^^^^^^ unnecessary `unsafe` block

warning: unnecessary `unsafe` block
   --> src/macos_file_drop.rs:169:5
    |
169 |     unsafe { view.registerForDraggedTypes(&types) };
    |     ^^^^^^ unnecessary `unsafe` block

warning: unused variable: `token`
    --> src/remote/auth.rs:1399:14
     |
1399 |         let (token, device) = auth
     |              ^^^^^ help: if this is intentional, prefix it with an underscore: `_token`
     |
     = note: `#[warn(unused_variables)]` (part of `#[warn(unused)]`) on by default

warning: unused variable: `scroll_daemon_client`
   --> src/lib.rs:915:9
    |
915 |     let scroll_daemon_client = Arc::clone(&daemon_client);
    |         ^^^^^^^^^^^^^^^^^^^^ help: if this is intentional, prefix it with an underscore: `_scroll_daemon_client`

warning: field `app` is never read
  --> src/ipc/notifications.rs:28:5
   |
27 | pub struct TauriNotificationBackend<R: Runtime> {
   |            ------------------------ field in this struct
28 |     app: AppHandle<R>,
   |     ^^^
   |
   = note: `#[warn(dead_code)]` (part of `#[warn(unused)]`) on by default

warning: constant `GHOSTTY_TERMINAL_SCREEN_PRIMARY` is never used
  --> src/native_terminal/sys/constants.rs:56:11
   |
56 | pub const GHOSTTY_TERMINAL_SCREEN_PRIMARY: c_int = 0;
   |           ^^^^^^^^^^^^^^^^^^^^^^^^^^^^^^^

warning: function `no_auth_query` is never used
    --> src/remote/server.rs:2597:12
     |
2597 |         fn no_auth_query() -> AuthQuery {
     |            ^^^^^^^^^^^^^

warning: struct `WriterLeaseGuard` is never constructed
  --> src/worktree/manager.rs:81:19
   |
81 | pub(crate) struct WriterLeaseGuard {
   |                   ^^^^^^^^^^^^^^^^

warning: associated items `new`, `canonical_path`, and `owner_id` are never used
   --> src/worktree/manager.rs:88:8
    |
 87 | impl WriterLeaseGuard {
    | --------------------- associated items in this implementation
 88 |     fn new(registry: WriterLeaseRegistry, canonical_path: PathBuf, owner_id: String) -> Self {
    |        ^^^
...
 96 |     pub(crate) fn canonical_path(&self) -> &Path {
    |                   ^^^^^^^^^^^^^^
...
100 |     pub(crate) fn owner_id(&self) -> &str {
    |                   ^^^^^^^^

warning: method `acquire_writer_lease` is never used
   --> src/worktree/manager.rs:333:19
    |
129 | impl WorktreeManager {
    | -------------------- method in this implementation
...
333 |     pub(crate) fn acquire_writer_lease(
    |                   ^^^^^^^^^^^^^^^^^^^^

warning: `ferryx` (lib test) generated 16 warnings (run `cargo fix --lib -p ferryx --tests` to apply 2 suggestions)
    Finished `test` profile [unoptimized + debuginfo] target(s) in 0.67s
     Running unittests src/lib.rs (src-tauri/target/debug/deps/ferryx_lib-a8f661fd9c0ae1d6)

running 4 tests
A04 ROOT path=/private/tmp/a04-NztIo9
A04 ROOT path=/private/tmp/a04-vXolBz
test daemon::server::a04_shared_services_tests::a04_legacy_constructors_have_no_machine_authority ... ok
test daemon::server::a04_shared_services_tests::a04_services_have_no_strong_owner_cycle ... ok

running 1 test

running 1 test
A04 AUTHORITY session=0x10b2654a0 workspace=0x10b265770 backend=Pointer { addr: 0x10b2654a0, metadata: DynMetadata(0x107d28360) }
A04 AUTHORITY session=0x109069a50 workspace=0x109069e50 backend=Pointer { addr: 0x109069a50, metadata: DynMetadata(0x105a38360) }
A04 CLEANUP listener=IPC joined=true
A04 CLEANUP listeners_joined=true socket_removed=true closed=0 injection=IpcSetup errors=[]
test daemon::server::a04_shared_services_tests::a04_shared_authority_runtime ... ok

test result: ok. 1 passed; 0 failed; 0 ignored; 0 measured; 894 filtered out; finished in 0.01s

A04 CLEANUP child_pid=85289 reaped=true exit=exit status: 0
A04 CLEANUP private_root_removed=true
A04 ROOT path=/private/tmp/a04-WEeV0g

running 1 test
A04 AUTHORITY session=0xa13810010 workspace=0x10af61550 backend=Pointer { addr: 0xa13810010, metadata: DynMetadata(0x10795c360) }
A04 CLEANUP listener=IPC joined=true
A04 CLEANUP listener=HTTP joined=true
A04 CLEANUP listeners_joined=true socket_removed=true closed=0 injection=HttpSetup errors=[]
test daemon::server::a04_shared_services_tests::a04_shared_authority_runtime ... ok

test result: ok. 1 passed; 0 failed; 0 ignored; 0 measured; 894 filtered out; finished in 0.01s

A04 CLEANUP child_pid=85291 reaped=true exit=exit status: 0
A04 CLEANUP private_root_removed=true
A04 ROOT path=/private/tmp/a04-RFF7cI

running 1 test
A04 AUTHORITY session=0x1091c1780 workspace=0x1091c19d0 backend=Pointer { addr: 0x1091c1780, metadata: DynMetadata(0x105ce8360) }
A04 OWNED owner_pid=85290 session=033c07a5-487b-4dd6-87b6-bb5c58e3b5c5 pty_pid=85342 root=/private/tmp/a04-NztIo9
A04 LIVE owner_pid=85290 pty_pid=85342 ipc=/private/tmp/a04-NztIo9/fixture.sock http=127.0.0.1:50132 metadata={"session":{"cols":80,"cwd":"/private/tmp/a04-NztIo9/project","endSequence":null,"rows":24,"running":true,"sessionId":"033c07a5-487b-4dd6-87b6-bb5c58e3b5c5","startSequence":null,"workspaceId":"a04","worktree":null},"type":"describeSessionOk"} process_cwd=Some("/private/tmp/a04-NztIo9/project")
A04 OWNED owner_pid=85296 session=edfea525-32f9-4e8e-a449-f78d2689ace1 pty_pid=85343 root=/private/tmp/a04-RFF7cI
A04 CLEANUP listener=IPC joined=true
A04 CLEANUP listener=HTTP joined=true
A04 CLEANUP session=edfea525-32f9-4e8e-a449-f78d2689ace1 pty_pid=Some(85343) reaped=true
A04 CLEANUP listeners_joined=true socket_removed=true closed=1 injection=Scenario errors=[]
test daemon::server::a04_shared_services_tests::a04_shared_authority_runtime ... ok

test result: ok. 1 passed; 0 failed; 0 ignored; 0 measured; 894 filtered out; finished in 0.26s

A04 CLEANUP child_pid=85296 reaped=true exit=exit status: 0
A04 CLEANUP private_root_removed=true
A04 ROOT path=/private/tmp/a04-H6EVo6
A04 HTTP status=200 sessions=[{"running":true,"sessionId":"033c07a5-487b-4dd6-87b6-bb5c58e3b5c5","title":null,"workspaceId":"a04","worktreeLabel":"project"}] registry_ipc=1 registry_http=1
A04 CLEANUP listener=IPC joined=true
A04 CLEANUP listener=HTTP joined=true

running 1 test
A04 AUTHORITY session=0x981408290 workspace=0x980800d10 backend=Pointer { addr: 0x981408290, metadata: DynMetadata(0x107ee0360) }
A04 OWNED owner_pid=85344 session=195c5e61-de48-405a-9616-522db35faeef pty_pid=85371 root=/private/tmp/a04-H6EVo6
A04 OWNED owner_pid=85344 session=8671a471-3376-4881-bcf1-faf999aa4668 pty_pid=Some(85373) root=/private/tmp/a04-H6EVo6
A04 LIVE owner_pid=85344 pty_pid=85371 ipc=/private/tmp/a04-H6EVo6/fixture.sock http=127.0.0.1:50144 metadata={"session":{"cols":80,"cwd":"/private/tmp/a04-H6EVo6/project","endSequence":null,"rows":24,"running":true,"sessionId":"195c5e61-de48-405a-9616-522db35faeef","startSequence":null,"workspaceId":"a04","worktree":null},"type":"describeSessionOk"} process_cwd=Some("/private/tmp/a04-H6EVo6/project")
A04 HTTP status=200 sessions=[{"running":true,"sessionId":"195c5e61-de48-405a-9616-522db35faeef","title":null,"workspaceId":"a04","worktreeLabel":"project"},{"running":true,"sessionId":"8671a471-3376-4881-bcf1-faf999aa4668","title":null,"workspaceId":"a04","worktreeLabel":"project"}] registry_ipc=1 registry_http=1
A04 CLEANUP listener=IPC joined=true
A04 CLEANUP listener=HTTP joined=true
A04 CLEANUP session=033c07a5-487b-4dd6-87b6-bb5c58e3b5c5 pty_pid=Some(85342) reaped=true
A04 CLEANUP listeners_joined=true socket_removed=true closed=1 injection=None errors=[]
test daemon::server::a04_shared_services_tests::a04_shared_authority_runtime ... ok

test result: ok. 1 passed; 0 failed; 0 ignored; 0 measured; 894 filtered out; finished in 1.46s

A04 CLEANUP child_pid=85290 reaped=true exit=exit status: 0
A04 CLEANUP private_root_removed=true
test daemon::server::a04_shared_services_tests::a04_shared_authority_runtime ... ok
A04 CLEANUP session=8671a471-3376-4881-bcf1-faf999aa4668 pty_pid=Some(85373) reaped=true
A04 CLEANUP session=195c5e61-de48-405a-9616-522db35faeef pty_pid=Some(85371) reaped=true
A04 CLEANUP listeners_joined=true socket_removed=true closed=2 injection=Cleanup errors=["close 8671a471-3376-4881-bcf1-faf999aa4668: General error: injected close failure"]
test daemon::server::a04_shared_services_tests::a04_shared_authority_runtime ... ok

test result: ok. 1 passed; 0 failed; 0 ignored; 0 measured; 894 filtered out; finished in 2.52s

A04 CLEANUP child_pid=85344 reaped=true exit=exit status: 0
A04 CLEANUP private_root_removed=true
A04 ROOT path=/private/tmp/a04-peWUZr

running 1 test
A04 AUTHORITY session=0x107a2d250 workspace=0x107a2d6c0 backend=Pointer { addr: 0x107a2d250, metadata: DynMetadata(0x1044a8360) }
A04 OWNED owner_pid=85492 session=bf76bece-a6cb-44e7-8e24-f6a761a6ae6d pty_pid=85513 root=/private/tmp/a04-peWUZr
A04 CLEANUP listener=IPC joined=true
A04 CLEANUP listener=HTTP joined=true
A04 CLEANUP session=bf76bece-a6cb-44e7-8e24-f6a761a6ae6d pty_pid=Some(85513) reaped=true
A04 CLEANUP listeners_joined=true socket_removed=true closed=1 injection=Cancel errors=[]
test daemon::server::a04_shared_services_tests::a04_shared_authority_runtime ... ok

test result: ok. 1 passed; 0 failed; 0 ignored; 0 measured; 894 filtered out; finished in 0.34s

A04 CLEANUP child_pid=85492 reaped=true exit=exit status: 0
A04 CLEANUP private_root_removed=true
A04 ROOT path=/private/tmp/a04-ars1sV

running 1 test
A04 AUTHORITY session=0xb2900c330 workspace=0xb28c08d90 backend=Pointer { addr: 0xb2900c330, metadata: DynMetadata(0x107e84360) }
A04 OWNED owner_pid=85516 session=51468359-e00f-4bfd-af3d-e55105bf3177 pty_pid=85536 root=/private/tmp/a04-ars1sV
A04 CLEANUP listener=IPC joined=true
A04 CLEANUP listener=HTTP joined=true
A04 CLEANUP session=51468359-e00f-4bfd-af3d-e55105bf3177 pty_pid=Some(85536) reaped=true
A04 CLEANUP listeners_joined=true socket_removed=true closed=1 injection=Deadline errors=[]
test daemon::server::a04_shared_services_tests::a04_shared_authority_runtime ... ok

test result: ok. 1 passed; 0 failed; 0 ignored; 0 measured; 894 filtered out; finished in 0.23s

A04 CLEANUP child_pid=85516 reaped=true exit=exit status: 0
A04 CLEANUP private_root_removed=true
test daemon::server::a04_shared_services_tests::a04_cleanup_failure_paths ... ok

test result: ok. 4 passed; 0 failed; 0 ignored; 0 measured; 891 filtered out; finished in 3.48s
