A05 corrected source/cleanup manifest
HEAD fe9011d5c5cf86263b7abf42df64984d00cf4749
aefbade7090292f6f50ff53568fc2aebbb3e29697846ce3284144a6df4f35c0b  src-tauri/src/worktree/registry.rs
c38272ba24e4bb0b32e7179b3af4a88b82fd41b1698d6453133eaa6ea179eba9  src-tauri/src/daemon/workspace_service.rs
ca09cd29e2759b0f212c5e4d84563185a5218b713270f87f93e5dd51a0043633  src-tauri/src/daemon/server.rs
55a7df7d079d532727058ff312e9e79767b5cfba11db266f7203741fa346231d  src-tauri/src/daemon/session_service.rs
96c94183c78d1ecfe311bb82d1fca9691c29f08f5f5ed7d126fa2cfeda4ec703  src-tauri/src/remote/mod.rs
f6ffbf841ba3468c2941dee994d686090f2ce142a55762a8eaec73f7ede0f69e  src-tauri/src/remote/workspace_catalog.rs
993c5bb6d1d21a9faf73ad263ad91a125460106ea06837da7f2d8e6587bd0f29  src-tauri/tests/machine_catalog_persistence.rs
CHECK root=/var/folders/zh/7cc25lt91b1_dj577306nwdh0000gn/T/.tmp2d94ZS absent=True
CHECK root=/var/folders/zh/7cc25lt91b1_dj577306nwdh0000gn/T/.tmpdbUWIC absent=True
CHECK root=/var/folders/zh/7cc25lt91b1_dj577306nwdh0000gn/T/.tmps9MQMh absent=True
CHECK owner_pid=67467 absent=True
CHECK owner_pid=67666 absent=True
CHECK owner_pid=67695 absent=True
CHECK root=/var/folders/zh/7cc25lt91b1_dj577306nwdh0000gn/T/.tmp7sI9ee absent=True
CHECK root=/var/folders/zh/7cc25lt91b1_dj577306nwdh0000gn/T/.tmpeVCyjU absent=True
CHECK root=/var/folders/zh/7cc25lt91b1_dj577306nwdh0000gn/T/.tmpuq5R8h absent=True
CHECK owner_pid=65704 absent=True
git diff --check: exit 0
