warning: unnecessary `unsafe` block
  --> src/macos_file_drop.rs:79:28
   |
79 |             let location = unsafe { info.draggingLocation() };
   |                            ^^^^^^ unnecessary `unsafe` block
   |
   = note: `#[warn(unused_unsafe)]` (part of `#[warn(unused)]`) on by default

warning: unnecessary `unsafe` block
  --> src/macos_file_drop.rs:80:25
   |
80 |             let point = unsafe { self.convertPoint_fromView(location, None) };
   |                         ^^^^^^ unnecessary `unsafe` block

warning: unnecessary `unsafe` block
   --> src/macos_file_drop.rs:102:46
    |
102 |     let pasteboard: Retained<NSPasteboard> = unsafe { info.draggingPasteboard() };
    |                                              ^^^^^^ unnecessary `unsafe` block

warning: unnecessary `unsafe` block
   --> src/macos_file_drop.rs:105:25
    |
105 |     if let Some(list) = unsafe { pasteboard.propertyListForType(&legacy) } {
    |                         ^^^^^^ unnecessary `unsafe` block

warning: unnecessary `unsafe` block
   --> src/macos_file_drop.rs:122:25
    |
122 |     if let Some(text) = unsafe { pasteboard.stringForType(file_url_type) } {
    |                         ^^^^^^ unnecessary `unsafe` block

warning: unnecessary `unsafe` block
   --> src/macos_file_drop.rs:123:28
    |
123 |         if let Some(url) = unsafe { NSURL::URLWithString(&text) } {
    |                            ^^^^^^ unnecessary `unsafe` block

warning: unnecessary `unsafe` block
   --> src/macos_file_drop.rs:124:33
    |
124 |             if let Some(path) = unsafe { url.path() } {
    |                                 ^^^^^^ unnecessary `unsafe` block

warning: unnecessary `unsafe` block
   --> src/macos_file_drop.rs:169:5
    |
169 |     unsafe { view.registerForDraggedTypes(&types) };
    |     ^^^^^^ unnecessary `unsafe` block

warning: unused variable: `token`
    --> src/remote/auth.rs:1399:14
     |
1399 |         let (token, device) = auth
     |              ^^^^^ help: if this is intentional, prefix it with an underscore: `_token`
     |
     = note: `#[warn(unused_variables)]` (part of `#[warn(unused)]`) on by default

warning: unused variable: `scroll_daemon_client`
   --> src/lib.rs:915:9
    |
915 |     let scroll_daemon_client = Arc::clone(&daemon_client);
    |         ^^^^^^^^^^^^^^^^^^^^ help: if this is intentional, prefix it with an underscore: `_scroll_daemon_client`

warning: field `app` is never read
  --> src/ipc/notifications.rs:28:5
   |
27 | pub struct TauriNotificationBackend<R: Runtime> {
   |            ------------------------ field in this struct
28 |     app: AppHandle<R>,
   |     ^^^
   |
   = note: `#[warn(dead_code)]` (part of `#[warn(unused)]`) on by default

warning: constant `GHOSTTY_TERMINAL_SCREEN_PRIMARY` is never used
  --> src/native_terminal/sys/constants.rs:56:11
   |
56 | pub const GHOSTTY_TERMINAL_SCREEN_PRIMARY: c_int = 0;
   |           ^^^^^^^^^^^^^^^^^^^^^^^^^^^^^^^

warning: function `no_auth_query` is never used
    --> src/remote/server.rs:2597:12
     |
2597 |         fn no_auth_query() -> AuthQuery {
     |            ^^^^^^^^^^^^^

warning: struct `WriterLeaseGuard` is never constructed
  --> src/worktree/manager.rs:81:19
   |
81 | pub(crate) struct WriterLeaseGuard {
   |                   ^^^^^^^^^^^^^^^^

warning: associated items `new`, `canonical_path`, and `owner_id` are never used
   --> src/worktree/manager.rs:88:8
    |
 87 | impl WriterLeaseGuard {
    | --------------------- associated items in this implementation
 88 |     fn new(registry: WriterLeaseRegistry, canonical_path: PathBuf, owner_id: String) -> Self {
    |        ^^^
...
 96 |     pub(crate) fn canonical_path(&self) -> &Path {
    |                   ^^^^^^^^^^^^^^
...
100 |     pub(crate) fn owner_id(&self) -> &str {
    |                   ^^^^^^^^

warning: method `acquire_writer_lease` is never used
   --> src/worktree/manager.rs:333:19
    |
129 | impl WorktreeManager {
    | -------------------- method in this implementation
...
333 |     pub(crate) fn acquire_writer_lease(
    |                   ^^^^^^^^^^^^^^^^^^^^

warning: `ferryx` (lib test) generated 16 warnings (run `cargo fix --lib -p ferryx --tests` to apply 2 suggestions)
    Finished `test` profile [unoptimized + debuginfo] target(s) in 0.23s
     Running unittests src/lib.rs (src-tauri/target/debug/deps/ferryx_lib-a8f661fd9c0ae1d6)

running 4 tests
A04 ROOT path=/private/tmp/a04-gIwR4Z
A04 ROOT path=/private/tmp/a04-XdtgZi
test daemon::server::a04_shared_services_tests::a04_legacy_constructors_have_no_machine_authority ... ok
test daemon::server::a04_shared_services_tests::a04_services_have_no_strong_owner_cycle ... ok

running 1 test

running 1 test
A04 AUTHORITY session=0x109205af0 workspace=0x109205c70 backend=Pointer { addr: 0x109205af0, metadata: DynMetadata(0x105b8b3f0) }
A04 AUTHORITY session=0x106c6cb90 workspace=0x106c6cd50 backend=Pointer { addr: 0x106c6cb90, metadata: DynMetadata(0x1037073f0) }
A04 CLEANUP listener=IPC joined=true
A04 CLEANUP listeners_joined=true socket_removed=true closed=0 injection=IpcSetup errors=[]
test daemon::server::a04_shared_services_tests::a04_shared_authority_runtime ... ok

test result: ok. 1 passed; 0 failed; 0 ignored; 0 measured; 891 filtered out; finished in 0.00s

A04 CLEANUP child_pid=68274 reaped=true exit=exit status: 0
A04 CLEANUP private_root_removed=true
A04 ROOT path=/private/tmp/a04-NbWItk

running 1 test
A04 AUTHORITY session=0x10b71da60 workspace=0x10b71dbe0 backend=Pointer { addr: 0x10b71da60, metadata: DynMetadata(0x10823f3f0) }
A04 CLEANUP listener=IPC joined=true
A04 CLEANUP listener=HTTP joined=true
A04 CLEANUP listeners_joined=true socket_removed=true closed=0 injection=HttpSetup errors=[]
test daemon::server::a04_shared_services_tests::a04_shared_authority_runtime ... ok

test result: ok. 1 passed; 0 failed; 0 ignored; 0 measured; 891 filtered out; finished in 0.00s

A04 CLEANUP child_pid=68277 reaped=true exit=exit status: 0
A04 CLEANUP private_root_removed=true
A04 ROOT path=/private/tmp/a04-xcBTc9

running 1 test
A04 AUTHORITY session=0x1095f1180 workspace=0x1095f1360 backend=Pointer { addr: 0x1095f1180, metadata: DynMetadata(0x105ec33f0) }
A04 OWNED owner_pid=68294 session=1b2cb89d-b08a-4c93-93c5-21a63a43f00e pty_pid=68319 root=/private/tmp/a04-xcBTc9
A04 OWNED owner_pid=68275 session=a05dc4cc-b543-4070-be87-27fbc443cb1c pty_pid=68318 root=/private/tmp/a04-gIwR4Z
A04 CLEANUP listener=IPC joined=true
A04 CLEANUP listener=HTTP joined=true
A04 LIVE owner_pid=68275 pty_pid=68318 ipc=/private/tmp/a04-gIwR4Z/fixture.sock http=127.0.0.1:61611 metadata={"session":{"cols":80,"cwd":"/private/tmp/a04-gIwR4Z/project","endSequence":null,"rows":24,"running":true,"sessionId":"a05dc4cc-b543-4070-be87-27fbc443cb1c","startSequence":null,"workspaceId":"a04","worktree":null},"type":"describeSessionOk"} process_cwd=Some("/private/tmp/a04-gIwR4Z/project")
A04 HTTP status=200 sessions=[{"running":true,"sessionId":"a05dc4cc-b543-4070-be87-27fbc443cb1c","title":null,"workspaceId":"a04","worktreeLabel":"project"}] registry_ipc=1 registry_http=1
A04 CLEANUP listener=IPC joined=true
A04 CLEANUP listener=HTTP joined=true
A04 CLEANUP session=1b2cb89d-b08a-4c93-93c5-21a63a43f00e pty_pid=Some(68319) reaped=true
A04 CLEANUP listeners_joined=true socket_removed=true closed=1 injection=Scenario errors=[]
test daemon::server::a04_shared_services_tests::a04_shared_authority_runtime ... ok

test result: ok. 1 passed; 0 failed; 0 ignored; 0 measured; 891 filtered out; finished in 0.18s

A04 CLEANUP child_pid=68294 reaped=true exit=exit status: 0
A04 CLEANUP private_root_removed=true
A04 ROOT path=/private/tmp/a04-vfcqfb

running 1 test
A04 AUTHORITY session=0x1072c4ce0 workspace=0x1072c4e80 backend=Pointer { addr: 0x1072c4ce0, metadata: DynMetadata(0x103d9b3f0) }
A04 OWNED owner_pid=68320 session=eee31439-f2fc-427e-96af-09a0acbfbaeb pty_pid=68339 root=/private/tmp/a04-vfcqfb
A04 OWNED owner_pid=68320 session=849af4b7-09c8-4d68-9fef-22676aa82a3d pty_pid=Some(68340) root=/private/tmp/a04-vfcqfb
A04 LIVE owner_pid=68320 pty_pid=68339 ipc=/private/tmp/a04-vfcqfb/fixture.sock http=127.0.0.1:61618 metadata={"session":{"cols":80,"cwd":"/private/tmp/a04-vfcqfb/project","endSequence":null,"rows":24,"running":true,"sessionId":"eee31439-f2fc-427e-96af-09a0acbfbaeb","startSequence":null,"workspaceId":"a04","worktree":null},"type":"describeSessionOk"} process_cwd=Some("/private/tmp/a04-vfcqfb/project")
A04 HTTP status=200 sessions=[{"running":true,"sessionId":"849af4b7-09c8-4d68-9fef-22676aa82a3d","title":null,"workspaceId":"a04","worktreeLabel":"project"},{"running":true,"sessionId":"eee31439-f2fc-427e-96af-09a0acbfbaeb","title":null,"workspaceId":"a04","worktreeLabel":"project"}] registry_ipc=1 registry_http=1
A04 CLEANUP listener=IPC joined=true
A04 CLEANUP listener=HTTP joined=true
A04 CLEANUP session=a05dc4cc-b543-4070-be87-27fbc443cb1c pty_pid=Some(68318) reaped=true
A04 CLEANUP listeners_joined=true socket_removed=true closed=1 injection=None errors=[]
test daemon::server::a04_shared_services_tests::a04_shared_authority_runtime ... ok

test result: ok. 1 passed; 0 failed; 0 ignored; 0 measured; 891 filtered out; finished in 1.27s

A04 CLEANUP child_pid=68275 reaped=true exit=exit status: 0
A04 CLEANUP private_root_removed=true
test daemon::server::a04_shared_services_tests::a04_shared_authority_runtime ... ok
A04 CLEANUP session=849af4b7-09c8-4d68-9fef-22676aa82a3d pty_pid=Some(68340) reaped=true
A04 CLEANUP session=eee31439-f2fc-427e-96af-09a0acbfbaeb pty_pid=Some(68339) reaped=true
A04 CLEANUP listeners_joined=true socket_removed=true closed=2 injection=Cleanup errors=["close 849af4b7-09c8-4d68-9fef-22676aa82a3d: General error: injected close failure"]
test daemon::server::a04_shared_services_tests::a04_shared_authority_runtime ... ok

test result: ok. 1 passed; 0 failed; 0 ignored; 0 measured; 891 filtered out; finished in 2.32s

A04 CLEANUP child_pid=68320 reaped=true exit=exit status: 0
A04 CLEANUP private_root_removed=true
A04 ROOT path=/private/tmp/a04-1q6v1l

running 1 test
A04 AUTHORITY session=0x108fcdc40 workspace=0x108fcdde0 backend=Pointer { addr: 0x108fcdc40, metadata: DynMetadata(0x1059bf3f0) }
A04 OWNED owner_pid=68354 session=9885c51b-af86-48a0-bb88-0ce6e1d2eae5 pty_pid=68376 root=/private/tmp/a04-1q6v1l
A04 CLEANUP listener=IPC joined=true
A04 CLEANUP listener=HTTP joined=true
A04 CLEANUP session=9885c51b-af86-48a0-bb88-0ce6e1d2eae5 pty_pid=Some(68376) reaped=true
A04 CLEANUP listeners_joined=true socket_removed=true closed=1 injection=Cancel errors=[]
test daemon::server::a04_shared_services_tests::a04_shared_authority_runtime ... ok

test result: ok. 1 passed; 0 failed; 0 ignored; 0 measured; 891 filtered out; finished in 0.17s

A04 CLEANUP child_pid=68354 reaped=true exit=exit status: 0
A04 CLEANUP private_root_removed=true
A04 ROOT path=/private/tmp/a04-dUn4CK

running 1 test
A04 AUTHORITY session=0x1071099b0 workspace=0x107109b30 backend=Pointer { addr: 0x1071099b0, metadata: DynMetadata(0x103b9b3f0) }
A04 OWNED owner_pid=68377 session=580af760-d7d1-4090-91b2-878bb7364bb7 pty_pid=68396 root=/private/tmp/a04-dUn4CK
A04 CLEANUP listener=IPC joined=true
A04 CLEANUP listener=HTTP joined=true
A04 CLEANUP session=580af760-d7d1-4090-91b2-878bb7364bb7 pty_pid=Some(68396) reaped=true
A04 CLEANUP listeners_joined=true socket_removed=true closed=1 injection=Deadline errors=[]
test daemon::server::a04_shared_services_tests::a04_shared_authority_runtime ... ok

test result: ok. 1 passed; 0 failed; 0 ignored; 0 measured; 891 filtered out; finished in 0.16s

A04 CLEANUP child_pid=68377 reaped=true exit=exit status: 0
A04 CLEANUP private_root_removed=true
test daemon::server::a04_shared_services_tests::a04_cleanup_failure_paths ... ok

test result: ok. 4 passed; 0 failed; 0 ignored; 0 measured; 888 filtered out; finished in 2.88s
