?? src-tauri/src/remote/filesystem.rs
PATCH:         if elapsed() >= SCAN_BUDGET || index >= 10_000 { =>         if elapsed() >= SCAN_BUDGET || index >= 10_001 {
PATCH:         budget.tokens = (budget.tokens + now.duration_since(budget.updated).as_secs_f64() * 10.0).min(20.0); =>         budget.tokens = (budget.tokens + now.duration_since(budget.updated).as_secs_f64() * 11.0).min(20.0);
COMMAND: cargo test --locked --manifest-path src-tauri/Cargo.toml --no-default-features --lib remote::filesystem_tests::a06_budget -- --nocapture
   Compiling ferryx v2026.908.1 (/Users/indo/code/project/orca-lite-wt/herdr-resume-01a097f8/src-tauri)
warning: unnecessary `unsafe` block
  --> src/macos_file_drop.rs:79:28
   |
79 |             let location = unsafe { info.draggingLocation() };
   |                            ^^^^^^ unnecessary `unsafe` block
   |
   = note: `#[warn(unused_unsafe)]` (part of `#[warn(unused)]`) on by default

warning: unnecessary `unsafe` block
  --> src/macos_file_drop.rs:80:25
   |
80 |             let point = unsafe { self.convertPoint_fromView(location, None) };
   |                         ^^^^^^ unnecessary `unsafe` block

warning: unnecessary `unsafe` block
   --> src/macos_file_drop.rs:102:46
    |
102 |     let pasteboard: Retained<NSPasteboard> = unsafe { info.draggingPasteboard() };
    |                                              ^^^^^^ unnecessary `unsafe` block

warning: unnecessary `unsafe` block
   --> src/macos_file_drop.rs:105:25
    |
105 |     if let Some(list) = unsafe { pasteboard.propertyListForType(&legacy) } {
    |                         ^^^^^^ unnecessary `unsafe` block

warning: unnecessary `unsafe` block
   --> src/macos_file_drop.rs:122:25
    |
122 |     if let Some(text) = unsafe { pasteboard.stringForType(file_url_type) } {
    |                         ^^^^^^ unnecessary `unsafe` block

warning: unnecessary `unsafe` block
   --> src/macos_file_drop.rs:123:28
    |
123 |         if let Some(url) = unsafe { NSURL::URLWithString(&text) } {
    |                            ^^^^^^ unnecessary `unsafe` block

warning: unnecessary `unsafe` block
   --> src/macos_file_drop.rs:124:33
    |
124 |             if let Some(path) = unsafe { url.path() } {
    |                                 ^^^^^^ unnecessary `unsafe` block

warning: unnecessary `unsafe` block
   --> src/macos_file_drop.rs:169:5
    |
169 |     unsafe { view.registerForDraggedTypes(&types) };
    |     ^^^^^^ unnecessary `unsafe` block

warning: unused variable: `token`
    --> src/remote/auth.rs:1399:14
     |
1399 |         let (token, device) = auth
     |              ^^^^^ help: if this is intentional, prefix it with an underscore: `_token`
     |
     = note: `#[warn(unused_variables)]` (part of `#[warn(unused)]`) on by default

warning: unused variable: `scroll_daemon_client`
   --> src/lib.rs:915:9
    |
915 |     let scroll_daemon_client = Arc::clone(&daemon_client);
    |         ^^^^^^^^^^^^^^^^^^^^ help: if this is intentional, prefix it with an underscore: `_scroll_daemon_client`

warning: field `app` is never read
  --> src/ipc/notifications.rs:28:5
   |
27 | pub struct TauriNotificationBackend<R: Runtime> {
   |            ------------------------ field in this struct
28 |     app: AppHandle<R>,
   |     ^^^
   |
   = note: `#[warn(dead_code)]` (part of `#[warn(unused)]`) on by default

warning: constant `GHOSTTY_TERMINAL_SCREEN_PRIMARY` is never used
  --> src/native_terminal/sys/constants.rs:56:11
   |
56 | pub const GHOSTTY_TERMINAL_SCREEN_PRIMARY: c_int = 0;
   |           ^^^^^^^^^^^^^^^^^^^^^^^^^^^^^^^

warning: function `no_auth_query` is never used
    --> src/remote/server.rs:2871:12
     |
2871 |         fn no_auth_query() -> AuthQuery {
     |            ^^^^^^^^^^^^^

warning: struct `WriterLeaseGuard` is never constructed
  --> src/worktree/manager.rs:86:19
   |
86 | pub(crate) struct WriterLeaseGuard {
   |                   ^^^^^^^^^^^^^^^^

warning: associated items `new`, `canonical_path`, and `owner_id` are never used
   --> src/worktree/manager.rs:93:8
    |
 92 | impl WriterLeaseGuard {
    | --------------------- associated items in this implementation
 93 |     fn new(registry: WriterLeaseRegistry, canonical_path: PathBuf, owner_id: String) -> Self {
    |        ^^^
...
101 |     pub(crate) fn canonical_path(&self) -> &Path {
    |                   ^^^^^^^^^^^^^^
...
105 |     pub(crate) fn owner_id(&self) -> &str {
    |                   ^^^^^^^^

warning: method `acquire_writer_lease` is never used
   --> src/worktree/manager.rs:338:19
    |
134 | impl WorktreeManager {
    | -------------------- method in this implementation
...
338 |     pub(crate) fn acquire_writer_lease(
    |                   ^^^^^^^^^^^^^^^^^^^^

warning: `ferryx` (lib test) generated 16 warnings (run `cargo fix --lib -p ferryx --tests` to apply 2 suggestions)
    Finished `test` profile [unoptimized] target(s) in 26.48s
     Running unittests src/lib.rs (src-tauri/target/debug/deps/ferryx_lib-82e1988715e4a304)

running 2 tests
A06 rate: device-a admitted=20 same-instant next=429/RATE_LIMITED/no-store
A06 rate: device-b admitted=20 same-instant next=429/RATE_LIMITED/no-store

thread 'remote::filesystem_tests::a06_budget_per_device_burst_and_refill' (418775) panicked at src/remote/filesystem_tests.rs:39:55:
exhausted bucket must reject admission: OwnedSemaphorePermit { sem: Semaphore { ll_sem: Semaphore { permits: 3 } }, permits: 1 }
note: run with `RUST_BACKTRACE=1` environment variable to display a backtrace
test remote::filesystem_tests::a06_budget_per_device_burst_and_refill ... FAILED
A06 inspected: native_children=9999 retained=0 elapsed=0 truncated=false
A06 inspected: native_children=10000 retained=0 elapsed=0 truncated=false

thread 'remote::filesystem_tests::a06_budget_inspected_children_exact_cutoff' (418774) panicked at src/remote/filesystem_tests.rs:25:13:
assertion `left == right` failed: inspection cutoff at native child count 10001; elapsed=0, retained=0
  left: false
 right: true
A06 inspected cleanup: private root removed; no listener or worker created
test remote::filesystem_tests::a06_budget_inspected_children_exact_cutoff ... FAILED

failures:

failures:
    remote::filesystem_tests::a06_budget_inspected_children_exact_cutoff
    remote::filesystem_tests::a06_budget_per_device_burst_and_refill

test result: FAILED. 0 passed; 2 failed; 0 ignored; 0 measured; 953 filtered out; finished in 1.12s

error: test failed, to rerun pass `--lib`
A06_RED_UPPER_REFILL_V2_EXIT=101
?? src-tauri/src/remote/filesystem.rs
PATCH:         if elapsed() >= SCAN_BUDGET || index >= 10_001 { =>         if elapsed() >= SCAN_BUDGET || index >= 10_000 {
PATCH:         budget.tokens = (budget.tokens + now.duration_since(budget.updated).as_secs_f64() * 11.0).min(20.0); =>         budget.tokens = (budget.tokens + now.duration_since(budget.updated).as_secs_f64() * 10.0).min(20.0);
RESTORED_SHA256=c0c3ff7b5258817c123b698da3802a4840d3500d852cde5d7d320b00ebaa3432
