   Compiling ferryx v2026.908.1 (/Users/indo/code/project/orca-lite-wt/herdr-resume-01a097f8/src-tauri)
warning: unnecessary `unsafe` block
  --> src/macos_file_drop.rs:79:28
   |
79 |             let location = unsafe { info.draggingLocation() };
   |                            ^^^^^^ unnecessary `unsafe` block
   |
   = note: `#[warn(unused_unsafe)]` (part of `#[warn(unused)]`) on by default

warning: unnecessary `unsafe` block
  --> src/macos_file_drop.rs:80:25
   |
80 |             let point = unsafe { self.convertPoint_fromView(location, None) };
   |                         ^^^^^^ unnecessary `unsafe` block

warning: unnecessary `unsafe` block
   --> src/macos_file_drop.rs:102:46
    |
102 |     let pasteboard: Retained<NSPasteboard> = unsafe { info.draggingPasteboard() };
    |                                              ^^^^^^ unnecessary `unsafe` block

warning: unnecessary `unsafe` block
   --> src/macos_file_drop.rs:105:25
    |
105 |     if let Some(list) = unsafe { pasteboard.propertyListForType(&legacy) } {
    |                         ^^^^^^ unnecessary `unsafe` block

warning: unnecessary `unsafe` block
   --> src/macos_file_drop.rs:122:25
    |
122 |     if let Some(text) = unsafe { pasteboard.stringForType(file_url_type) } {
    |                         ^^^^^^ unnecessary `unsafe` block

warning: unnecessary `unsafe` block
   --> src/macos_file_drop.rs:123:28
    |
123 |         if let Some(url) = unsafe { NSURL::URLWithString(&text) } {
    |                            ^^^^^^ unnecessary `unsafe` block

warning: unnecessary `unsafe` block
   --> src/macos_file_drop.rs:124:33
    |
124 |             if let Some(path) = unsafe { url.path() } {
    |                                 ^^^^^^ unnecessary `unsafe` block

warning: unnecessary `unsafe` block
   --> src/macos_file_drop.rs:169:5
    |
169 |     unsafe { view.registerForDraggedTypes(&types) };
    |     ^^^^^^ unnecessary `unsafe` block

warning: unused variable: `token`
    --> src/remote/auth.rs:1399:14
     |
1399 |         let (token, device) = auth
     |              ^^^^^ help: if this is intentional, prefix it with an underscore: `_token`
     |
     = note: `#[warn(unused_variables)]` (part of `#[warn(unused)]`) on by default

warning: unused variable: `scroll_daemon_client`
   --> src/lib.rs:915:9
    |
915 |     let scroll_daemon_client = Arc::clone(&daemon_client);
    |         ^^^^^^^^^^^^^^^^^^^^ help: if this is intentional, prefix it with an underscore: `_scroll_daemon_client`

warning: field `app` is never read
  --> src/ipc/notifications.rs:28:5
   |
27 | pub struct TauriNotificationBackend<R: Runtime> {
   |            ------------------------ field in this struct
28 |     app: AppHandle<R>,
   |     ^^^
   |
   = note: `#[warn(dead_code)]` (part of `#[warn(unused)]`) on by default

warning: constant `GHOSTTY_TERMINAL_SCREEN_PRIMARY` is never used
  --> src/native_terminal/sys/constants.rs:56:11
   |
56 | pub const GHOSTTY_TERMINAL_SCREEN_PRIMARY: c_int = 0;
   |           ^^^^^^^^^^^^^^^^^^^^^^^^^^^^^^^

warning: function `no_auth_query` is never used
    --> src/remote/server.rs:2871:12
     |
2871 |         fn no_auth_query() -> AuthQuery {
     |            ^^^^^^^^^^^^^

warning: struct `WriterLeaseGuard` is never constructed
  --> src/worktree/manager.rs:86:19
   |
86 | pub(crate) struct WriterLeaseGuard {
   |                   ^^^^^^^^^^^^^^^^

warning: associated items `new`, `canonical_path`, and `owner_id` are never used
   --> src/worktree/manager.rs:93:8
    |
 92 | impl WriterLeaseGuard {
    | --------------------- associated items in this implementation
 93 |     fn new(registry: WriterLeaseRegistry, canonical_path: PathBuf, owner_id: String) -> Self {
    |        ^^^
...
101 |     pub(crate) fn canonical_path(&self) -> &Path {
    |                   ^^^^^^^^^^^^^^
...
105 |     pub(crate) fn owner_id(&self) -> &str {
    |                   ^^^^^^^^

warning: method `acquire_writer_lease` is never used
   --> src/worktree/manager.rs:338:19
    |
134 | impl WorktreeManager {
    | -------------------- method in this implementation
...
338 |     pub(crate) fn acquire_writer_lease(
    |                   ^^^^^^^^^^^^^^^^^^^^

warning: `ferryx` (lib test) generated 16 warnings (run `cargo fix --lib -p ferryx --tests` to apply 2 suggestions)
    Finished `test` profile [unoptimized] target(s) in 24.19s
     Running unittests src/lib.rs (src-tauri/target/debug/deps/ferryx_lib-82e1988715e4a304)

running 10 tests
test remote::workspace_api::worktrees::authority_tests::interrupted_worktree_owner_child ... ok
test remote::workspace_api::worktrees::authority_tests::local_worktree_error_wire_roundtrip ... ok
A08_TYPED_RESULT case=locked wire={"error":{"code":"WORKTREE_LOCKED","details":{"path":"/private/tmp/a08-typed-owner-Qvl1OP/repo/.orca-worktrees/typed/locked","reason":"typed fixture lock"},"message":"Worktree '/private/tmp/a08-typed-owner-Qvl1OP/repo/.orca-worktrees/typed/locked' is locked: typed fixture lock"},"type":"worktreeError"} native={"code":"WORKTREE_LOCKED","details":{"path":"/private/tmp/a08-typed-owner-Qvl1OP/repo/.orca-worktrees/typed/locked","reason":"typed fixture lock"},"message":"Worktree '/private/tmp/a08-typed-owner-Qvl1OP/repo/.orca-worktrees/typed/locked' is locked: typed fixture lock"}
A08 typed dirty delete: serialized owner -> native adapter exact code/message/path/count/files; target preserved; worker joined/root removed
test remote::workspace_api::worktrees::authority_tests::local_worktree_errors_survive_owner_wire_and_native_adapter ... ok
A08 queued symlink replacement managed_child=false HTTP=400 outside_sentinel_untouched=true
A08 interrupted owner pid=77278 replay=false status=signal: 9 (SIGKILL) reaped=true
A08 queued symlink replacement managed_child=true HTTP=409 outside_sentinel_untouched=true
A08 gate fixture cleanup completed; errors=[]
A08 shared owner IPC + seven HTTP slots=8 ninth=429 queued revoke=401x7 local=201 only_one_git_target=true listeners_workers_joined=true private_root_removed=true
test remote::workspace_api::worktrees::authority_tests::owner_http_gate_and_eight_admissions ... ok
A08 interrupted owner pid=78721 replay=true status=exit status: 0 reaped=true
A08 interrupted Git transaction private_root_removed=true
test remote::workspace_api::worktrees::authority_tests::interrupted_git_transaction_restart_never_repeats ... ok
A08 followthrough journal_failure=false request=3913a5ae-3339-4983-857a-cbfd49a22dec workspace=project-22f4027a47344291be81655076ce9782 non_head=82de1d36dee89ebe65d039f9b4835448dadcf56d restart_no_repeat=true prunable_preview=200 dirty_inspection=unavailable
A08 delete-vs-spawn request=1d18afe7-0808-495d-be54-bdd2647193b2 spawn_observed_at_shared_gate=true blocked_until_delete_publication=true spawn_refused=true workers_joined=true root_removed=true
test remote::workspace_api::worktrees::authority_tests::followthrough_delete_publication_blocks_spawn ... ok
A08 followthrough write failure private_root_removed=true
A08 followthrough prune request=fe1f619e-d25d-4641-8fb7-f1aea073a1ec workspace=project-7d3bf39796f14750aac9cdc20df21d44 original_result_replayed=true restart=true
A08 ACTIVE owner=77345 git=78112 hook=78290 cwd=/private/var/folders/zh/7cc25lt91b1_dj577306nwdh0000gn/T/.tmpj2p7zT/repo/.orca-worktrees/project-8cf580fd2be8457e93fe50d226055540/interrupted
A08 followthrough prune workers_awaited=true private_root_removed=true
test remote::workspace_api::worktrees::authority_tests::followthrough_prune_partial_replays_after_restart ... ok
A08 ACTIVE owner_reaped=true git_group=78112 fixture_cleanup_signal=SIGKILL hook_eof=true (nonchildren not waitpid-reapable)
A08 interrupted owner pid=77345 replay=false status=signal: 9 (SIGKILL) reaped=true
A08 interrupted owner pid=79287 replay=true status=exit status: 0 reaped=true
A08 interrupted Git transaction private_root_removed=true
test remote::workspace_api::worktrees::authority_tests::followthrough_owner_crash_while_git_active ... ok
A08_TYPED_RESULT case=partial wire={"error":{"code":"WORKTREE_REMOVED_BRANCH_RETAINED","details":{"branch":"orca/typed/partial","branchDeleted":false,"cause":{"code":"GIT_ERROR","details":{"command":"git branch -D -- orca/typed/partial","exitCode":1,"stderr":"error: could not delete reference refs/heads/orca/typed/partial: cannot lock ref 'refs/heads/orca/typed/partial': Unable to create '/private/tmp/a08-typed-owner-Qvl1OP/repo/.git/refs/heads/orca/typed/partial.lock': File exists.\n\nAnother git process seems to be running in this repository, e.g.\nan editor opened by 'git commit'. Please make sure all processes\nare terminated then try again. If it still fails, a git process\nmay have crashed in this repository earlier:\nremove the file manually to continue."},"message":"Git command failed (git branch -D -- orca/typed/partial): error: could not delete reference refs/heads/orca/typed/partial: cannot lock ref 'refs/heads/orca/typed/partial': Unable to create '/private/tmp/a08-typed-owner-Qvl1OP/repo/.git/refs/heads/orca/typed/partial.lock': File exists.\n\nAnother git process seems to be running in this repository, e.g.\nan editor opened by 'git commit'. Please make sure all processes\nare terminated then try again. If it still fails, a git process\nmay have crashed in this repository earlier:\nremove the file manually to continue. (exit code: Some(1))"},"path":"/private/tmp/a08-typed-owner-Qvl1OP/repo/.orca-worktrees/typed/partial","worktreeRemoved":true},"message":"Worktree '/private/tmp/a08-typed-owner-Qvl1OP/repo/.orca-worktrees/typed/partial' was removed but branch 'orca/typed/partial' was retained: Git command failed (git branch -D -- orca/typed/partial): error: could not delete reference refs/heads/orca/typed/partial: cannot lock ref 'refs/heads/orca/typed/partial': Unable to create '/private/tmp/a08-typed-owner-Qvl1OP/repo/.git/refs/heads/orca/typed/partial.lock': File exists.\n\nAnother git process seems to be running in this repository, e.g.\nan editor opened by 'git commit'. Please make sure all processes\nare terminated then try again. If it still fails, a git process\nmay have crashed in this repository earlier:\nremove the file manually to continue. (exit code: Some(1))"},"type":"worktreeError"} native={"code":"WORKTREE_REMOVED_BRANCH_RETAINED","details":{"branch":"orca/typed/partial","branchDeleted":false,"cause":{"code":"GIT_ERROR","details":{"command":"git branch -D -- orca/typed/partial","exitCode":1,"stderr":"error: could not delete reference refs/heads/orca/typed/partial: cannot lock ref 'refs/heads/orca/typed/partial': Unable to create '/private/tmp/a08-typed-owner-Qvl1OP/repo/.git/refs/heads/orca/typed/partial.lock': File exists.\n\nAnother git process seems to be running in this repository, e.g.\nan editor opened by 'git commit'. Please make sure all processes\nare terminated then try again. If it still fails, a git process\nmay have crashed in this repository earlier:\nremove the file manually to continue."},"message":"Git command failed (git branch -D -- orca/typed/partial): error: could not delete reference refs/heads/orca/typed/partial: cannot lock ref 'refs/heads/orca/typed/partial': Unable to create '/private/tmp/a08-typed-owner-Qvl1OP/repo/.git/refs/heads/orca/typed/partial.lock': File exists.\n\nAnother git process seems to be running in this repository, e.g.\nan editor opened by 'git commit'. Please make sure all processes\nare terminated then try again. If it still fails, a git process\nmay have crashed in this repository earlier:\nremove the file manually to continue. (exit code: Some(1))"},"path":"/private/tmp/a08-typed-owner-Qvl1OP/repo/.orca-worktrees/typed/partial","worktreeRemoved":true},"message":"Worktree '/private/tmp/a08-typed-owner-Qvl1OP/repo/.orca-worktrees/typed/partial' was removed but branch 'orca/typed/partial' was retained: Git command failed (git branch -D -- orca/typed/partial): error: could not delete reference refs/heads/orca/typed/partial: cannot lock ref 'refs/heads/orca/typed/partial': Unable to create '/private/tmp/a08-typed-owner-Qvl1OP/repo/.git/refs/heads/orca/typed/partial.lock': File exists.\n\nAnother git process seems to be running in this repository, e.g.\nan editor opened by 'git commit'. Please make sure all processes\nare terminated then try again. If it still fails, a git process\nmay have crashed in this repository earlier:\nremove the file manually to continue. (exit code: Some(1))"}
A08 followthrough journal_failure=true request=4eef17ef-0677-41fa-bb16-418d99817db0 workspace=project-3387f471242641a99700114a4a2c5827 non_head=7b58f04a97dd7278b93108af023f68343e148a5e restart_no_repeat=true prunable_preview=200 dirty_inspection=unavailable
A08 followthrough write failure private_root_removed=true
test remote::workspace_api::worktrees::authority_tests::followthrough_write_failures_non_head_and_prunable_preview ... ok
A08_TYPED_ORIGINAL pid=79865 cwd=/private/tmp/a08-typed-owner-Qvl1OP/repo/.orca-worktrees/typed/busy session=6e0dae60-fda4-44ec-b82e-051aa90886c8
A08_TYPED_RESULT case=busy wire={"error":{"code":"WORKTREE_BUSY","details":{"liveSessionIds":["6e0dae60-fda4-44ec-b82e-051aa90886c8"],"path":"/private/tmp/a08-typed-owner-Qvl1OP/repo/.orca-worktrees/typed/busy"},"message":"Worktree '/private/tmp/a08-typed-owner-Qvl1OP/repo/.orca-worktrees/typed/busy' has live sessions"},"type":"worktreeError"} native={"code":"WORKTREE_BUSY","details":{"liveSessionIds":["6e0dae60-fda4-44ec-b82e-051aa90886c8"],"path":"/private/tmp/a08-typed-owner-Qvl1OP/repo/.orca-worktrees/typed/busy"},"message":"Worktree '/private/tmp/a08-typed-owner-Qvl1OP/repo/.orca-worktrees/typed/busy' has live sessions"}
A08_TYPED_PTY_CLEANUP pid=79865 absent=true already_reaped=true
A08_TYPED_CLEANUP listener_joined=true socket_refused=true root=/tmp/a08-typed-owner-Qvl1OP absent=true failed=false
test remote::workspace_api::worktrees::authority_tests::typed_owner_repair_private_uds_and_native_adapter ... ok

test result: ok. 10 passed; 0 failed; 0 ignored; 0 measured; 940 filtered out; finished in 2.79s

