    Blocking waiting for file lock on build directory
   Compiling ferryx v2026.908.1 (/Users/indo/code/project/orca-lite-wt/herdr-resume-01a097f8/src-tauri)
warning: unnecessary `unsafe` block
  --> src/macos_file_drop.rs:79:28
   |
79 |             let location = unsafe { info.draggingLocation() };
   |                            ^^^^^^ unnecessary `unsafe` block
   |
   = note: `#[warn(unused_unsafe)]` (part of `#[warn(unused)]`) on by default

warning: unnecessary `unsafe` block
  --> src/macos_file_drop.rs:80:25
   |
80 |             let point = unsafe { self.convertPoint_fromView(location, None) };
   |                         ^^^^^^ unnecessary `unsafe` block

warning: unnecessary `unsafe` block
   --> src/macos_file_drop.rs:102:46
    |
102 |     let pasteboard: Retained<NSPasteboard> = unsafe { info.draggingPasteboard() };
    |                                              ^^^^^^ unnecessary `unsafe` block

warning: unnecessary `unsafe` block
   --> src/macos_file_drop.rs:105:25
    |
105 |     if let Some(list) = unsafe { pasteboard.propertyListForType(&legacy) } {
    |                         ^^^^^^ unnecessary `unsafe` block

warning: unnecessary `unsafe` block
   --> src/macos_file_drop.rs:122:25
    |
122 |     if let Some(text) = unsafe { pasteboard.stringForType(file_url_type) } {
    |                         ^^^^^^ unnecessary `unsafe` block

warning: unnecessary `unsafe` block
   --> src/macos_file_drop.rs:123:28
    |
123 |         if let Some(url) = unsafe { NSURL::URLWithString(&text) } {
    |                            ^^^^^^ unnecessary `unsafe` block

warning: unnecessary `unsafe` block
   --> src/macos_file_drop.rs:124:33
    |
124 |             if let Some(path) = unsafe { url.path() } {
    |                                 ^^^^^^ unnecessary `unsafe` block

warning: unnecessary `unsafe` block
   --> src/macos_file_drop.rs:169:5
    |
169 |     unsafe { view.registerForDraggedTypes(&types) };
    |     ^^^^^^ unnecessary `unsafe` block

warning: unused variable: `token`
    --> src/remote/auth.rs:1399:14
     |
1399 |         let (token, device) = auth
     |              ^^^^^ help: if this is intentional, prefix it with an underscore: `_token`
     |
     = note: `#[warn(unused_variables)]` (part of `#[warn(unused)]`) on by default

warning: unused variable: `scroll_daemon_client`
   --> src/lib.rs:915:9
    |
915 |     let scroll_daemon_client = Arc::clone(&daemon_client);
    |         ^^^^^^^^^^^^^^^^^^^^ help: if this is intentional, prefix it with an underscore: `_scroll_daemon_client`

warning: field `app` is never read
  --> src/ipc/notifications.rs:28:5
   |
27 | pub struct TauriNotificationBackend<R: Runtime> {
   |            ------------------------ field in this struct
28 |     app: AppHandle<R>,
   |     ^^^
   |
   = note: `#[warn(dead_code)]` (part of `#[warn(unused)]`) on by default

warning: constant `GHOSTTY_TERMINAL_SCREEN_PRIMARY` is never used
  --> src/native_terminal/sys/constants.rs:56:11
   |
56 | pub const GHOSTTY_TERMINAL_SCREEN_PRIMARY: c_int = 0;
   |           ^^^^^^^^^^^^^^^^^^^^^^^^^^^^^^^

warning: function `no_auth_query` is never used
    --> src/remote/server.rs:2871:12
     |
2871 |         fn no_auth_query() -> AuthQuery {
     |            ^^^^^^^^^^^^^

warning: struct `WriterLeaseGuard` is never constructed
  --> src/worktree/manager.rs:86:19
   |
86 | pub(crate) struct WriterLeaseGuard {
   |                   ^^^^^^^^^^^^^^^^

warning: associated items `new`, `canonical_path`, and `owner_id` are never used
   --> src/worktree/manager.rs:93:8
    |
 92 | impl WriterLeaseGuard {
    | --------------------- associated items in this implementation
 93 |     fn new(registry: WriterLeaseRegistry, canonical_path: PathBuf, owner_id: String) -> Self {
    |        ^^^
...
101 |     pub(crate) fn canonical_path(&self) -> &Path {
    |                   ^^^^^^^^^^^^^^
...
105 |     pub(crate) fn owner_id(&self) -> &str {
    |                   ^^^^^^^^

warning: method `acquire_writer_lease` is never used
   --> src/worktree/manager.rs:338:19
    |
134 | impl WorktreeManager {
    | -------------------- method in this implementation
...
338 |     pub(crate) fn acquire_writer_lease(
    |                   ^^^^^^^^^^^^^^^^^^^^

warning: `ferryx` (lib test) generated 16 warnings (run `cargo fix --lib -p ferryx --tests` to apply 2 suggestions)
    Finished `test` profile [unoptimized] target(s) in 26.46s
     Running unittests src/lib.rs (src-tauri/target/debug/deps/ferryx_lib-82e1988715e4a304)

running 8 tests
test daemon::session_service::machine_tests::crash::child ... ok
test daemon::session_service::machine_tests::provider_resume_child ... ok

running 1 test
A09 queued revocation: subscribed admission, no intent, no PTY, root removed
test daemon::session_service::machine_tests::queued_revocation_rechecks_before_journal_or_pty ... ok

running 1 test

thread 'tokio-rt-worker' (452668) panicked at src/daemon/session_service_machine_tests.rs:125:33:
A09 controlled interruption at sessionIntent
note: run with `RUST_BACKTRACE=1` environment variable to display a backtrace
test daemon::session_service::machine_tests::machine_mutation_slots_are_shared_and_bounded ... ok
A09 actual-owner-crash phase=sessionIntent exit=73 original_pty_pid=None kernel-exit-observed=false original-intent-restored=true no-respawn=true
A09 crash cleanup: private owner waited, listener dropped, root removed
A09 interruption=sessionIntent target=c90afee0-a9b3-4c0c-af06-e8d118362569 original_pid=None replay=outcomeUnknown no-repeat=true
A09 interrupted owner cleanup: every owned PTY reaped and private root removed

running 1 test

thread 'tokio-rt-worker' (452668) panicked at src/daemon/session_service_machine_tests.rs:125:33:
A09 controlled interruption at sessionSpawned
A09 interruption=sessionSpawned target=6fd8685b-98d1-4db1-aa0f-e0958f982efa original_pid=Some(99910) replay=outcomeUnknown no-repeat=true
A09 actual-owner-crash phase=sessionSpawned exit=73 original_pty_pid=Some(99930) kernel-exit-observed=true original-intent-restored=true no-respawn=true
A09 crash cleanup: private owner waited, listener dropped, root removed

running 1 test
A09 actual-owner-crash phase=sessionCommitted exit=73 original_pty_pid=Some(284) kernel-exit-observed=true original-intent-restored=true no-respawn=true
A09 crash cleanup: private owner waited, listener dropped, root removed
test daemon::session_service::machine_tests::crash::actual_owner_crash_reconciles_without_respawn ... ok
A09 interrupted owner cleanup: every owned PTY reaped and private root removed
test daemon::session_service::machine_tests::interrupted_spawn_never_repeats_preallocated_intent ... ok
A09 provider: remote executable fixture consumed --session/existing-provider-id; transcript CWD verified; cross-device claim conflict; typed key rejected; no generated provider ID
test daemon::session_service::machine_tests::provider_resume_child ... ok

test result: ok. 1 passed; 0 failed; 0 ignored; 0 measured; 959 filtered out; finished in 1.65s

A09 provider fixture cleanup: private child waited; PTY lifecycle joined; private executable/transcript/root removed
test daemon::session_service::machine_tests::provider_resume_uses_only_remote_validated_identity ... ok
A09 capacity: 64 real PTYs live, 65th refused before intent
A09 capacity cleanup: all 64 PTYs reaped; all lifecycle writers completed; root removed
test daemon::session_service::machine_tests::sixty_four_live_machine_sessions_are_the_admission_limit ... ok

test result: ok. 8 passed; 0 failed; 0 ignored; 0 measured; 952 filtered out; finished in 20.35s

