   Compiling ferryx v2026.908.1 (/Users/indo/code/project/orca-lite-wt/herdr-resume-01a097f8/src-tauri)
error[E0277]: the trait bound `std::string::String: std::convert::From<AcquireError>` is not satisfied
  --> src/remote/machine_events.rs:70:25
   |
70 |             let _slot = events.snapshot_slots.acquire().await.map_err(crate::ipc::IpcError::internal)?;
   |                         ^^^^^^^^^^^^^^^^^^^^^^^^^^^^^^^^^^^^^^^^^^^^^^^^^^^^^^^^^^^^^^^^^^^^^^^^^^^^^ the trait `std::convert::From<AcquireError>` is not implemented for `std::string::String`
   |
   = help: the following other types implement trait `std::convert::From<T>`:
             `std::string::String` implements `std::convert::From<&mut str>`
             `std::string::String` implements `std::convert::From<&std::string::String>`
             `std::string::String` implements `std::convert::From<&str>`
             `std::string::String` implements `std::convert::From<AssetKey>`
             `std::string::String` implements `std::convert::From<Box<str>>`
             `std::string::String` implements `std::convert::From<Uuid>`
             `std::string::String` implements `std::convert::From<char>`
             `std::string::String` implements `std::convert::From<std::borrow::Cow<'_, str>>`
             `std::string::String` implements `std::convert::From<tauri::Url>`
   = note: required for `AcquireError` to implement `Into<std::string::String>`
note: required by a bound in `ipc::error::IpcError::internal`
  --> src/ipc/error.rs:88:35
   |
88 |     pub fn internal(message: impl Into<String>) -> Self {
   |                                   ^^^^^^^^^^^^ required by this bound in `IpcError::internal`

error[E0277]: the trait bound `std::string::String: std::convert::From<AcquireError>` is not satisfied
  --> src/remote/machine_events.rs:70:71
   |
70 |             let _slot = events.snapshot_slots.acquire().await.map_err(crate::ipc::IpcError::internal)?;
   |                                                                       ^^^^^^^^^^^^^^^^^^^^^^^^^^^^^^ the trait `std::convert::From<AcquireError>` is not implemented for `std::string::String`
   |
   = help: the following other types implement trait `std::convert::From<T>`:
             `std::string::String` implements `std::convert::From<&mut str>`
             `std::string::String` implements `std::convert::From<&std::string::String>`
             `std::string::String` implements `std::convert::From<&str>`
             `std::string::String` implements `std::convert::From<AssetKey>`
             `std::string::String` implements `std::convert::From<Box<str>>`
             `std::string::String` implements `std::convert::From<Uuid>`
             `std::string::String` implements `std::convert::From<char>`
             `std::string::String` implements `std::convert::From<std::borrow::Cow<'_, str>>`
             `std::string::String` implements `std::convert::From<tauri::Url>`
   = note: required for `AcquireError` to implement `Into<std::string::String>`
note: required by a bound in `ipc::error::IpcError::internal`
  --> src/ipc/error.rs:88:35
   |
88 |     pub fn internal(message: impl Into<String>) -> Self {
   |                                   ^^^^^^^^^^^^ required by this bound in `IpcError::internal`

warning: unnecessary `unsafe` block
  --> src/macos_file_drop.rs:79:28
   |
79 |             let location = unsafe { info.draggingLocation() };
   |                            ^^^^^^ unnecessary `unsafe` block
   |
   = note: `#[warn(unused_unsafe)]` (part of `#[warn(unused)]`) on by default

warning: unnecessary `unsafe` block
  --> src/macos_file_drop.rs:80:25
   |
80 |             let point = unsafe { self.convertPoint_fromView(location, None) };
   |                         ^^^^^^ unnecessary `unsafe` block

warning: unnecessary `unsafe` block
   --> src/macos_file_drop.rs:102:46
    |
102 |     let pasteboard: Retained<NSPasteboard> = unsafe { info.draggingPasteboard() };
    |                                              ^^^^^^ unnecessary `unsafe` block

warning: unnecessary `unsafe` block
   --> src/macos_file_drop.rs:105:25
    |
105 |     if let Some(list) = unsafe { pasteboard.propertyListForType(&legacy) } {
    |                         ^^^^^^ unnecessary `unsafe` block

warning: unnecessary `unsafe` block
   --> src/macos_file_drop.rs:122:25
    |
122 |     if let Some(text) = unsafe { pasteboard.stringForType(file_url_type) } {
    |                         ^^^^^^ unnecessary `unsafe` block

warning: unnecessary `unsafe` block
   --> src/macos_file_drop.rs:123:28
    |
123 |         if let Some(url) = unsafe { NSURL::URLWithString(&text) } {
    |                            ^^^^^^ unnecessary `unsafe` block

warning: unnecessary `unsafe` block
   --> src/macos_file_drop.rs:124:33
    |
124 |             if let Some(path) = unsafe { url.path() } {
    |                                 ^^^^^^ unnecessary `unsafe` block

warning: unnecessary `unsafe` block
   --> src/macos_file_drop.rs:169:5
    |
169 |     unsafe { view.registerForDraggedTypes(&types) };
    |     ^^^^^^ unnecessary `unsafe` block

warning: unused variable: `token`
    --> src/remote/auth.rs:1399:14
     |
1399 |         let (token, device) = auth
     |              ^^^^^ help: if this is intentional, prefix it with an underscore: `_token`
     |
     = note: `#[warn(unused_variables)]` (part of `#[warn(unused)]`) on by default

warning: unused variable: `scroll_daemon_client`
   --> src/lib.rs:915:9
    |
915 |     let scroll_daemon_client = Arc::clone(&daemon_client);
    |         ^^^^^^^^^^^^^^^^^^^^ help: if this is intentional, prefix it with an underscore: `_scroll_daemon_client`

For more information about this error, try `rustc --explain E0277`.
warning: `ferryx` (lib test) generated 10 warnings
error: could not compile `ferryx` (lib test) due to 2 previous errors; 10 warnings emitted
