   Compiling cfg-if v1.0.4
   Compiling libc v0.2.189
   Compiling serde_core v1.0.229
   Compiling zerofrom v0.1.8
   Compiling itoa v1.0.18
   Compiling scopeguard v1.2.0
   Compiling memchr v2.8.3
   Compiling writeable v0.6.4
   Compiling litemap v0.8.3
   Compiling bytes v1.12.1
   Compiling utf8_iter v1.0.4
   Compiling siphasher v1.0.3
   Compiling lock_api v0.4.14
   Compiling phf_shared v0.13.1
   Compiling icu_properties_data v2.3.0
   Compiling icu_normalizer_data v2.3.0
   Compiling phf_generator v0.13.1
   Compiling zmij v1.0.23
   Compiling log v0.4.34
   Compiling http v1.5.0
   Compiling yoke v0.8.3
   Compiling time-core v0.1.9
   Compiling zerovec v0.11.8
   Compiling num-conv v0.2.2
   Compiling thiserror v2.0.20
   Compiling bitflags v2.13.2
   Compiling phf_macros v0.13.1
   Compiling winnow v1.0.4
   Compiling powerfmt v0.2.0
   Compiling toml_writer v1.1.2+spec-1.1.0
   Compiling toml_parser v1.1.3+spec-1.1.0
   Compiling tinystr v0.8.4
   Compiling phf_codegen v0.13.1
   Compiling objc2-exception-helper v0.1.1
   Compiling icu_locale_core v2.3.0
   Compiling potential_utf v0.1.6
   Compiling zerotrie v0.2.5
   Compiling semver v1.0.28
   Compiling smallvec v1.16.1
   Compiling byteorder v1.5.0
   Compiling objc2-encode v4.1.0
   Compiling thiserror v1.0.69
   Compiling icu_collections v2.3.0
   Compiling typeid v1.0.3
   Compiling icu_provider v2.3.1
   Compiling objc2 v0.6.4
   Compiling serde_json v1.0.151
   Compiling aho-corasick v1.1.5
   Compiling unic-char-range v0.9.0
   Compiling fnv v1.0.7
   Compiling unic-common v0.9.0
   Compiling regex-syntax v0.8.11
   Compiling unic-ucd-version v0.9.0
   Compiling unic-char-property v0.9.0
   Compiling phf v0.13.1
   Compiling parking_lot_core v0.9.12
   Compiling string_cache_codegen v0.6.1
   Compiling base64 v0.23.1
   Compiling regex-automata v0.4.18
   Compiling equivalent v1.0.2
   Compiling alloc-no-stdlib v2.0.4
   Compiling hashbrown v0.17.1
   Compiling alloc-stdlib v0.2.4
   Compiling web_atoms v0.2.6
   Compiling indexmap v2.14.2
   Compiling parking_lot v0.12.5
   Compiling unic-ucd-ident v0.9.0
   Compiling block2 v0.6.2
   Compiling icu_properties v2.3.0
   Compiling icu_normalizer v2.3.0
   Compiling quick-xml v0.42.0
   Compiling regex v1.13.1
   Compiling serde_spanned v1.1.1
   Compiling same-file v1.0.6
   Compiling walkdir v2.5.0
   Compiling idna_adapter v1.2.2
   Compiling dispatch2 v0.3.1
   Compiling string_cache v0.9.0
   Compiling anyhow v1.0.104
   Compiling brotli-decompressor v5.0.3
   Compiling getrandom v0.4.3
   Compiling dunce v1.0.5
   Compiling once_cell v1.21.4
   Compiling ctor v0.8.0
   Compiling uuid v1.26.1
   Compiling brotli v8.0.4
   Compiling objc2-core-foundation v0.3.2
   Compiling idna v1.1.0
   Compiling selectors v0.36.1
   Compiling toml_datetime v1.1.1+spec-1.1.0
   Compiling glob v0.3.4
   Compiling stable_deref_trait v1.2.1
   Compiling toml v1.1.6+spec-1.1.0
   Compiling cssparser v0.36.0
   Compiling markup5ever v0.38.0
   Compiling url v2.5.8
   Compiling swift-rs v1.0.8
   Compiling time v0.3.55
   Compiling html5ever v0.38.0
   Compiling serde v1.0.229
   Compiling cfb v0.7.3
   Compiling jsonptr v0.6.3
   Compiling erased-serde v0.4.10
   Compiling dom_query v0.27.0
   Compiling plist v1.10.1
   Compiling schemars v0.8.22
   Compiling cargo_metadata v0.19.2
   Compiling serde-untagged v0.1.9
   Compiling infer v0.19.0
   Compiling json-patch v3.0.1
   Compiling urlpattern v0.3.0
   Compiling objc2-foundation v0.3.2
   Compiling serde_with v3.23.0
   Compiling errno v0.3.14
   Compiling pin-project-lite v0.2.17
   Compiling bitflags v1.3.2
   Compiling rustc_version v0.4.1
   Compiling percent-encoding v2.3.2
   Compiling core-foundation-sys v0.8.7
   Compiling option-ext v0.2.0
   Compiling tauri-utils v2.9.3
   Compiling signal-hook-registry v1.4.8
   Compiling mio v1.2.3
   Compiling socket2 v0.6.5
   Compiling bytemuck v1.25.2
   Compiling typenum v1.20.1
   Compiling tokio v1.53.1
   Compiling generic-array v0.14.7
   Compiling winnow v0.7.15
   Compiling form_urlencoded v1.2.2
   Compiling toml_datetime v0.7.5+spec-1.1.0
   Compiling futures-core v0.3.34
   Compiling toml v0.9.12+spec-1.1.0
   Compiling block-buffer v0.10.4
   Compiling crypto-common v0.1.7
   Compiling dirs-sys v0.5.0
   Compiling embed-resource v3.0.11
   Compiling heck v0.5.0
   Compiling simd-adler32 v0.3.10
   Compiling tauri-winres v0.3.6
   Compiling dirs v6.0.0
   Compiling digest v0.10.7
   Compiling cargo_toml v0.22.3
   Compiling objc2-app-kit v0.3.2
   Compiling tauri-plugin v2.6.3
   Compiling getrandom v0.2.17
   Compiling adler2 v2.0.1
   Compiling zeroize v1.9.0
   Compiling tauri-build v2.6.3
   Compiling deranged v0.5.8
   Compiling time-macros v0.2.32
   Compiling lazy_static v1.5.0
   Compiling crc32fast v1.5.1
   Compiling miniz_oxide v0.9.1
   Compiling num-traits v0.2.19
   Compiling flate2 v1.1.10
   Compiling tauri v2.11.5
   Compiling rustls-pki-types v1.15.1
   Compiling miniz_oxide v0.8.9
   Compiling fdeflate v0.3.7
   Compiling core-foundation v0.10.1
   Compiling tracing-core v0.1.36
   Compiling base64 v0.22.1
   Compiling arrayvec v0.7.8
   Compiling symphonia-core v0.5.5
   Compiling getrandom v0.3.4
   Compiling untrusted v0.9.0
   Compiling subtle v2.6.1
   Compiling raw-window-handle v0.6.2
   Compiling ring v0.17.14
   Compiling dpi v0.1.2
   Compiling http-body v1.1.0
   Compiling zerocopy v0.8.57
   Compiling futures-sink v0.3.34
   Compiling simdutf8 v0.1.5
   Compiling tracing v0.1.44
   Compiling encoding_rs v0.8.41
   Compiling crossbeam-utils v0.8.23
   Compiling rustls-webpki v0.103.15
   Compiling futures-task v0.3.34
   Compiling foreign-types-shared v0.3.1
   Compiling tower-service v0.3.3
   Compiling slab v0.4.12
   Compiling foreign-types v0.5.0
   Compiling futures-util v0.3.34
   Compiling symphonia-metadata v0.5.5
   Compiling rustls v0.23.44
   Compiling crossbeam-channel v0.5.17
   Compiling cookie v0.18.2
   Compiling httparse v1.10.1
   Compiling core-graphics-types v0.2.0
   Compiling png v0.17.16
   Compiling objc2-web-kit v0.3.2
   Compiling cpufeatures v0.2.17
   Compiling mime v0.3.17
   Compiling sha2 v0.10.9
   Compiling ppv-lite86 v0.2.21
   Compiling ico v0.5.0
   Compiling core-graphics v0.25.0
   Compiling png v0.18.1
   Compiling unicode-segmentation v1.13.3
   Compiling try-lock v0.2.5
   Compiling tower-layer v0.3.3
   Compiling pxfm v0.1.30
   Compiling want v0.3.1
   Compiling keyboard-types v0.7.0
   Compiling tao v0.35.3
   Compiling tauri-codegen v2.6.3
   Compiling moxcms v0.8.1
   Compiling wry v0.55.1
   Compiling system-configuration-sys v0.6.0
   Compiling webpki-roots v1.0.9
   Compiling futures-channel v0.3.34
   Compiling sync_wrapper v1.0.2
   Compiling core-foundation v0.9.4
   Compiling tauri-runtime v2.11.3
   Compiling httpdate v1.0.3
   Compiling atomic-waker v1.1.2
   Compiling byteorder-lite v0.1.0
   Compiling hyper v1.11.1
   Compiling serialize-to-javascript v0.1.2
   Compiling tauri-runtime-wry v2.11.4
   Compiling image v0.25.10
   Compiling system-configuration v0.7.0
   Compiling tauri-macros v2.6.3
   Compiling muda v0.19.3
   Compiling tokio-rustls v0.26.5
   Compiling symphonia-utils-xiph v0.5.5
   Compiling window-vibrancy v0.6.0
   Compiling rand_core v0.9.5
   Compiling embed_plist v1.2.2
   Compiling ipnet v2.12.2
   Compiling hyper-util v0.1.20
   Compiling rand_chacha v0.9.0
   Compiling tower v0.5.3
   Compiling http-body-util v0.1.5
   Compiling tauri-plugin-fs v2.5.2
   Compiling objc2-core-audio-types v0.3.2
   Compiling objc2-core-audio v0.3.2
   Compiling rand v0.9.5
   Compiling rustix v1.1.4
   Compiling security-framework-sys v2.17.0
   Compiling security-framework v3.7.0
   Compiling objc2-audio-toolbox v0.3.2
   Compiling hyper-rustls v0.27.9
   Compiling tower-http v0.6.11
   Compiling sha1 v0.10.7
   Compiling tokio-util v0.7.19
   Compiling num-integer v0.1.47
   Compiling tauri-plugin-updater v2.11.0
   Compiling tauri-plugin-process v2.3.1
   Compiling tauri-plugin-notification v2.4.0
   Compiling tauri-plugin-dialog v2.7.3
   Compiling rand_core v0.6.4
   Compiling curve25519-dalek v4.1.3
   Compiling data-encoding v2.11.1
   Compiling ryu v1.0.23
   Compiling extended v0.1.0
   Compiling unicase v2.9.0
   Compiling tungstenite v0.29.0
   Compiling mime_guess v2.0.5
   Compiling serde_urlencoded v0.7.1
   Compiling symphonia-format-riff v0.5.5
   Compiling num-bigint v0.4.8
   Compiling coreaudio-rs v0.14.2
   Compiling rustls-platform-verifier v0.7.0
   Compiling xattr v1.6.1
   Compiling mac-notification-sys v0.6.15
   Compiling symphonia-format-isomp4 v0.5.5
   Compiling symphonia-bundle-flac v0.5.5
   Compiling symphonia-format-ogg v0.5.5
   Compiling symphonia-codec-vorbis v0.5.5
   Compiling webpki-roots v0.26.11
   Compiling symphonia-bundle-mp3 v0.5.5
   Compiling symphonia-codec-aac v0.5.5
   Compiling symphonia-codec-pcm v0.5.5
   Compiling objc2-osa-kit v0.3.2
   Compiling filetime v0.2.29
   Compiling mach2 v0.5.0
   Compiling dasp_sample v0.11.0
   Compiling fastrand v2.5.0
   Compiling signature v2.2.0
   Compiling tempfile v3.27.0
   Compiling ed25519 v2.2.3
   Compiling cpal v0.17.3
   Compiling osakit v0.3.1
   Compiling tar v0.4.46
   Compiling symphonia v0.5.5
   Compiling tokio-tungstenite v0.29.0
   Compiling nix v0.28.0
   Compiling notify-rust v4.18.0
   Compiling reqwest v0.13.5
   Compiling num-rational v0.4.2
   Compiling rfd v0.16.0
   Compiling rand_chacha v0.3.1
   Compiling axum-core v0.5.6
   Compiling tracing-log v0.2.0
   Compiling sharded-slab v0.1.7
   Compiling ferryx v2026.908.1 (/Users/indo/code/project/orca-lite-wt/herdr-wave2/src-tauri)
   Compiling filedescriptor v0.8.3
   Compiling notify-types v2.1.0
   Compiling serde_path_to_error v0.1.20
   Compiling fsevent-sys v4.1.0
   Compiling serial2 v0.2.38
   Compiling thread_local v1.1.10
   Compiling matchit v0.8.4
   Compiling downcast-rs v1.2.1
   Compiling minisign-verify v0.2.5
   Compiling shell-words v1.1.1
   Compiling nu-ansi-term v0.50.3
   Compiling portable-pty v0.9.0
   Compiling axum v0.8.9
   Compiling tracing-subscriber v0.3.23
   Compiling notify v8.2.0
   Compiling ed25519-dalek v2.2.0
   Compiling rand v0.8.8
   Compiling rodio v0.22.2
   Compiling reqwest v0.12.28
   Compiling tower-http v0.7.1
   Compiling objc2-user-notifications v0.3.2
   Compiling objc2-core-text v0.3.2
   Compiling objc2-core-graphics v0.3.2
   Compiling tokio-stream v0.1.19
   Compiling tokio-test v0.4.5
warning: unused import: `Manager`
  --> src/ipc/notifications.rs:21:24
   |
21 | use tauri::{AppHandle, Manager, Runtime, State};
   |                        ^^^^^^^
   |
   = note: `#[warn(unused_imports)]` (part of `#[warn(unused)]`) on by default

warning: unnecessary `unsafe` block
  --> src/macos_file_drop.rs:79:28
   |
79 |             let location = unsafe { info.draggingLocation() };
   |                            ^^^^^^ unnecessary `unsafe` block
   |
   = note: `#[warn(unused_unsafe)]` (part of `#[warn(unused)]`) on by default

warning: unnecessary `unsafe` block
  --> src/macos_file_drop.rs:80:25
   |
80 |             let point = unsafe { self.convertPoint_fromView(location, None) };
   |                         ^^^^^^ unnecessary `unsafe` block

warning: unnecessary `unsafe` block
   --> src/macos_file_drop.rs:102:46
    |
102 |     let pasteboard: Retained<NSPasteboard> = unsafe { info.draggingPasteboard() };
    |                                              ^^^^^^ unnecessary `unsafe` block

warning: unnecessary `unsafe` block
   --> src/macos_file_drop.rs:105:25
    |
105 |     if let Some(list) = unsafe { pasteboard.propertyListForType(&legacy) } {
    |                         ^^^^^^ unnecessary `unsafe` block

warning: unnecessary `unsafe` block
   --> src/macos_file_drop.rs:122:25
    |
122 |     if let Some(text) = unsafe { pasteboard.stringForType(file_url_type) } {
    |                         ^^^^^^ unnecessary `unsafe` block

warning: unnecessary `unsafe` block
   --> src/macos_file_drop.rs:123:28
    |
123 |         if let Some(url) = unsafe { NSURL::URLWithString(&text) } {
    |                            ^^^^^^ unnecessary `unsafe` block

warning: unnecessary `unsafe` block
   --> src/macos_file_drop.rs:124:33
    |
124 |             if let Some(path) = unsafe { url.path() } {
    |                                 ^^^^^^ unnecessary `unsafe` block

warning: unnecessary `unsafe` block
   --> src/macos_file_drop.rs:169:5
    |
169 |     unsafe { view.registerForDraggedTypes(&types) };
    |     ^^^^^^ unnecessary `unsafe` block

warning: unused variable: `scroll_daemon_client`
   --> src/lib.rs:915:9
    |
915 |     let scroll_daemon_client = Arc::clone(&daemon_client);
    |         ^^^^^^^^^^^^^^^^^^^^ help: if this is intentional, prefix it with an underscore: `_scroll_daemon_client`
    |
    = note: `#[warn(unused_variables)]` (part of `#[warn(unused)]`) on by default

warning: field `app` is never read
  --> src/ipc/notifications.rs:28:5
   |
27 | pub struct TauriNotificationBackend<R: Runtime> {
   |            ------------------------ field in this struct
28 |     app: AppHandle<R>,
   |     ^^^
   |
   = note: `#[warn(dead_code)]` (part of `#[warn(unused)]`) on by default

warning: constant `GHOSTTY_TERMINAL_SCREEN_PRIMARY` is never used
  --> src/native_terminal/sys/constants.rs:56:11
   |
56 | pub const GHOSTTY_TERMINAL_SCREEN_PRIMARY: c_int = 0;
   |           ^^^^^^^^^^^^^^^^^^^^^^^^^^^^^^^

warning: methods `synchronized_output_deadline`, `expire_synchronized_output`, and `finish_synchronized_output` are never used
   --> src/native_terminal/terminal.rs:169:19
    |
133 | impl NativeTerminal {
    | ------------------- methods in this implementation
...
169 |     pub(crate) fn synchronized_output_deadline(&self) -> Option<tokio::time::Instant> {
    |                   ^^^^^^^^^^^^^^^^^^^^^^^^^^^^
...
173 |     pub(crate) fn expire_synchronized_output(
    |                   ^^^^^^^^^^^^^^^^^^^^^^^^^^
...
184 |     pub(crate) fn finish_synchronized_output(&mut self) -> Result<(), NativeTerminalError> {
    |                   ^^^^^^^^^^^^^^^^^^^^^^^^^^

warning: method `wait_and_reap` is never used
   --> src/terminal/session.rs:270:19
    |
 61 | impl PtySession {
    | --------------- method in this implementation
...
270 |     pub(crate) fn wait_and_reap(&self) -> Result<Option<i32>, PtyError> {
    |                   ^^^^^^^^^^^^^

warning: function `with_local_worktree_budget` is never used
   --> src/worktree/git.rs:115:15
    |
115 | pub(crate) fn with_local_worktree_budget<T>(work: impl FnOnce() -> T) -> T {
    |               ^^^^^^^^^^^^^^^^^^^^^^^^^^

warning: struct `WriterLeaseGuard` is never constructed
  --> src/worktree/manager.rs:86:19
   |
86 | pub(crate) struct WriterLeaseGuard {
   |                   ^^^^^^^^^^^^^^^^

warning: associated items `new`, `canonical_path`, and `owner_id` are never used
   --> src/worktree/manager.rs:93:8
    |
 92 | impl WriterLeaseGuard {
    | --------------------- associated items in this implementation
 93 |     fn new(registry: WriterLeaseRegistry, canonical_path: PathBuf, owner_id: String) -> Self {
    |        ^^^
...
101 |     pub(crate) fn canonical_path(&self) -> &Path {
    |                   ^^^^^^^^^^^^^^
...
105 |     pub(crate) fn owner_id(&self) -> &str {
    |                   ^^^^^^^^

warning: method `acquire_writer_lease` is never used
   --> src/worktree/manager.rs:338:19
    |
134 | impl WorktreeManager {
    | -------------------- method in this implementation
...
338 |     pub(crate) fn acquire_writer_lease(
    |                   ^^^^^^^^^^^^^^^^^^^^

warning: `ferryx` (lib) generated 18 warnings (run `cargo fix --lib -p ferryx` to apply 2 suggestions)
error: linking with `cc` failed: exit status: 1
  |
  = note:  "cc" "/var/folders/zh/7cc25lt91b1_dj577306nwdh0000gn/T/rustc1OVEYR/symbols.o" "<25 object files omitted>" "/Users/indo/code/project/orca-lite-wt/herdr-wave2/src-tauri/target/debug/deps/{libferryx_lib,libtracing_subscriber-1787c5f04451519b,libthread_local-cf9578e3cff48294,libnu_ansi_term-a5a3b357fd3d675f,libsharded_slab-aae051824b48b512,libtracing_log-b93ad76197af46ea,libtauri_plugin_updater-d8955594d4a89395,libosakit-47342e6fc827702a,libobjc2_osa_kit-c15ce41b4a247d1d,libtar-e8f42382384f7dff,libxattr-864462ea7acc6e0a,libfiletime-dce3b4a1a0e2f901,libtempfile-a585dc3275dbe62b,libfastrand-58765205410993e5,librustix-f7e1a354e110220d,libreqwest-191e717684e36488,librustls_platform_verifier-7efc51b5d8ebde6e,libsecurity_framework-a81e05ff6f9b7558,libsecurity_framework_sys-328bf018b8efb715,libminisign_verify-7438bc5240b81ab6,libtauri_plugin_process-d749eec66032382d,libtauri_plugin_notification-fd1fd12a2c6ded00,libnotify_rust-689bd8af50421af3,libmac_notification_sys-2148e63f3234d913,libmime_guess-cbaff3fc8699d3de,libunicase-d96e5e0826f5fe5e,libreqwest-d4264e7fe56fcb19,libhyper_rustls-1930755bc5210f58,libtower_http-756871ec0d979d16,libtokio_util-941171f6af7abd0a,libtoml-5aa4c84f8e953c9d,libwinnow-811454ba78755cfc,libtoml_datetime-3f7444d5a4245643,libportable_pty-bfa5b63037757150,libshell_words-0061643a1144eaa5,libserial2-6bcb870711996f53,libfiledescriptor-f984d488158deb78,libnix-703a75bed15b428e,libdowncast_rs-1bdd194e26c351be,libtower_http-52dbc31315fd1bd4,libaxum-f352b6f4c54be363,libserde_path_to_error-ca2e35b144d129b3,libserde_urlencoded-add612b031cb2125,libryu-0f2c5debc2326c7e,libmatchit-b5275d3771ced52c,libtokio_tungstenite-98c047258bfe11d8,libwebpki_roots-d9b761eed9a1f08f,libwebpki_roots-5fe13d625543cc38,libtokio_rustls-8f2351e16d9b9dfe,libtungstenite-f789021cf35011d1,libdata_encoding-2c9b4e9cf9860e49,librand-e6953446f63573f5,librand_chacha-ff0041e13f1f672d,librand_core-9d054bcc6461d8b7,librustls-b8eb2360aeab5613,libwebpki-403c92b6f25ad1ea,libring-50583fadf5c19920,libuntrusted-e8fd776117d76b2c,librustls_pki_types-89695d95054e3772,libsha1-9e00b0fc22de15cd,libhyper_util-b5b30688ed83cd1b,libsystem_configuration-8454695b52a42e9f,libsystem_configuration_sys-dd2006969ad386c3,libcore_foundation-0cb7376dc4480c8c,libbase64-80c574e62179e036,libipnet-07f343ff5c3b6205,libhyper-a9ad1e9e0fa4a2f4,libwant-98d99c66b918387a,libtry_lock-da593a79b54e72ae,libhttparse-5934c055ab1614be,libatomic_waker-b0bffc3cf38abbeb,libhttpdate-e980ef76d740a208,libfutures_channel-debf45631a8d9a9d,libaxum_core-d810d91023c9e3af,libhttp_body_util-e80196220ed71080,libhttp_body-ca21c12e03f890d8,libtracing-e7dd5aee77498a95,libtracing_core-212490f72768f831,libtower-ebcfb8c7f4b58e26,libsync_wrapper-2d188c2801eff842,libtower_layer-b221d6b536670d08,libtower_service-c1ab1cd4f8f339d6,librand-fa971e47d3d8d169,librand_chacha-521e27feee462941,libppv_lite86-c31f783325c15ec3,libzerocopy-9e0837873b57c00a,libed25519_dalek-2365b271bdabe51c,librand_core-708dcc242cf9f4fa,libgetrandom-35ef53ae6a4e01af,libcurve25519_dalek-ac9dfb66c0db702f,libzeroize-89255e795bd31661,libsubtle-f6b86f92daa97ced,libed25519-6dfb238857421414,libsignature-233ac885298929b1,libobjc2_user_notifications-2f02a003f4f63953,librodio-814b7114f3fbeeda,libsymphonia-7b11ab056c326597,libsymphonia_format_riff-79559e6fe71fedd6,libsymphonia_format_ogg-bbb7ce52d66889b8,libsymphonia_format_isomp4-57dd176896fece50,libsymphonia_codec_vorbis-2daae2eabe314055,libsymphonia_codec_pcm-51a178bb50aa7f13,libsymphonia_codec_aac-0960e29ef9e35e6d,libsymphonia_bundle_mp3-bbaad33ad24079d5,libsymphonia_bundle_flac-a80cf3cef4436c92,libsymphonia_utils_xiph-2683a232960b1961,libsymphonia_metadata-5e79e0e959bc1fef,libencoding_rs-04c6b928f02d10d8,libsimdutf8-ff2a72e7c1aef771,libsymphonia_core-694bb8189f5e3bdb,liblazy_static-f1b193ea9b0b2d95,libbitflags-fc563d35d55f7f61,libarrayvec-474621095d7769dd,libnum_rational-51140e3c5f1e3901,libnum_bigint-46f7cfd3a83e650a,libnum_integer-9815592f73a68382,libcpal-5d5cb1e10d0b8c79,libmach2-4c9008e076ab460d,libdasp_sample-b6488ce2f699a279,libcoreaudio-773015c5f9856520,libobjc2_audio_toolbox-cec32ed8685bb627,libobjc2_core_audio-26c579ac3f1c0aab,libobjc2_core_audio_types-931a105649c62584,libtauri_plugin_dialog-b88a29067fffe3a6,librfd-1a852af2e662a29d,libtauri_plugin_fs-a6cd90c8c7872640,libnotify-8a0f098e8dc71196,libfsevent_sys-be07a283cf73f419,libnotify_types-b48aea4a9349abd7,libsha2-25b91f29147bc908,libdigest-a2f1ebc346050564,libblock_buffer-99ba0e11cc3da59d,libcrypto_common-684d9d709663397c,libgeneric_array-2143e48c70c3b975,libtypenum-d0ecd774e4fd3ff5,libtauri-60486d1a920587ba,libmime-4d10f548eb0f4473,libgetrandom-4564ed58bc18d7bc,libtauri_runtime_wry-efd005d8e2bea1c7,libwry-e8cd13c451feffc8,libdirs-c5a258b1480bbd7e,libdirs_sys-c1fecd00ef4c48ca,liboption_ext-089ff3792682c18c,libtao-2d8e05f29c3eeca3,libcore_graphics-1167272dfce74a9b,libforeign_types-893d268f8203bc38,libforeign_types_shared-c227875a8c1a0078,libcore_graphics_types-891cf750a4e9ce55,libcore_foundation-41e126cd21bdda4d,libcore_foundation_sys-288a2d755650be3d,liblog-b48a04249e74892e,libmuda-0b73c54c18c154d7,libkeyboard_types-23867cd766b80103,libunicode_segmentation-7e2c32706ba2d3a9,libonce_cell-c43e9fa2ed5f14b5,libcrossbeam_channel-16f6bf4d0f824790,libcrossbeam_utils-765c212b8d88c124,libimage-c634f3814a0655db,libbytemuck-aceebec12678f0cc,libbyteorder_lite-5f83e3559303b525,libmoxcms-30bb780892afb7f6,libpxfm-68a60bccd6e11bbe,libpng-6b1302cad25e7a88,libflate2-d3a47939571062e6,libminiz_oxide-5e989d75b520e9c9,libfdeflate-4a174d94adbcec0b,libsimd_adler32-7772d200a07f58c5,libcrc32fast-9008dd0122c5c746,libnum_traits-d076752476bc8695,libwindow_vibrancy-a2e048cd93bc12a6,libtauri_runtime-54ab251be0bf43d3,libobjc2_web_kit-6591f6035318f594,libobjc2_app_kit-bb4a086c0a704de0,libobjc2_foundation-848aab268b77eedc,libobjc2_core_foundation-94a98edd7dda1dd4,libdispatch2-46247d25a3209752,libbitflags-ac22ebb7b632a807,libblock2-7e4277b2261046dc,libobjc2-e8bce5b05b031cc9,libobjc2_exception_helper-a47130aa9fd33b2a,libobjc2_encode-b0478ac980bb44ee,libdpi-6e46fa4aaaf5f37f,libserialize_to_javascript-411cabe12079d740,libraw_window_handle-d2b7daba74cb5f7a,libtauri_utils-c2ab874dd9c38b27,libdunce-e4e36eef635fdc4d,libinfer-797d5d76fd6aa7c3,libcfb-06324f1325394a38,libfnv-8eddd583da5e63ac,libbyteorder-6f2fd9e56991dc6d,libuuid-01dc03bbedcc66f1,libgetrandom-e99b3d33a4d07ed6,libbrotli-f9b921b602894d15,libbrotli_decompressor-9e47477a5a33e7dc,liballoc_stdlib-7a0e46c85b637531,liballoc_no_stdlib-d932c609af5157cf,liburlpattern-41e883434e649e3d,libunic_ucd_ident-2f57794ab62faf3e,libunic_ucd_version-a71f1a325b9d4cc0,libunic_common-caff9cf3ef1d7c96,libunic_char_property-507fa9f782bfe0b0,libunic_char_range-9767a28fc3e890d3,libglob-af9f1a00889b1137,libwalkdir-3847852f2ebaf559,libsame_file-3850703a028eaa69,libctor-ad32e55e6befdf8f,libplist-d6dd3dbf30005f52,libquick_xml-c3ccda5a500e257e,libbase64-f0d846b41fe7d9ea,libindexmap-644b7b2a90b7ce9b,libequivalent-4d602d504de81892,libhashbrown-22085a42a398f01c,libjson_patch-c14f015bf17e5adc,libthiserror-c308feff1e7e2e99,libjsonptr-6ecfd022faa6d86d,libserde_with-052cddfd4160ea46,libserde_json-62fd70741f4479ce,libzmij-e0d944b2cbd9c29e,libhttp-6c979ff57c3ba6cf,libitoa-3ff105766e042291,libphf-1f59334639778f9d,libphf_shared-1fd6b623a07ed987,libsiphasher-6f45ab652dee223e,libtoml-9866a455f33f0dcc,libtoml_writer-acadcef3df8b47bd,libtoml_parser-6ed06d8f17f8678a,libwinnow-07860b1f8c1e2737,libserde_spanned-bfc96d43546cfafe,libtoml_datetime-a814f4a28e86cfd5,libserde_untagged-da9af9f770b5b191,liberased_serde-9f59412fc310931a,libtypeid-3cd5acf80d3c2a34,liburl-c1239738ad4840d2,libidna-cee78fbf47209599,libidna_adapter-c0c88d473494eeb4,libicu_properties-9a7e1c5f024dff1a,libicu_properties_data-6238f0ddee653f37,libicu_normalizer-19678df08933289a,libicu_normalizer_data-d8d8685e82fa57d6,libicu_collections-6261dd63306f67a7,libutf8_iter-f397a552692e5ae1,libpotential_utf-eaa7e184bacc71f2,libicu_provider-7ad82737cbde856c,libicu_locale_core-c0b019b671186e1c,libtinystr-85b12cad6be1e8e1,liblitemap-b81c630440db3952,libwriteable-86d29caeeb06d204,libzerovec-791757f07816b3bc,libzerotrie-5fd1520cc4ad94f6,libyoke-cd30382eabb02b84,libstable_deref_trait-2c3b0a7029402d41,libzerofrom-3b59fea90ffa36fe,libform_urlencoded-72d53622942c245e,libpercent_encoding-da65008b411bfe11,libanyhow-403bb8d72015634b,libsemver-5acf4e72e715e843,libembed_plist-8c599e263df46f0c,libtokio-a0ae1adf1f022cb8,libsignal_hook_registry-d059ffaabd2a0766,liberrno-454f7f07c5e72dec,libsocket2-4e1185f68d706490,libbytes-4afa55d86a3bc939,libmio-6eeeb2e340c8a9a4,libparking_lot-0b8d399e2ea696f7,libparking_lot_core-b961d67ca7053995,liblibc-e7009e86dfa866b8,libcfg_if-910eb05bc9a9e024,libsmallvec-f9fa888f8f3b8e78,liblock_api-b39d18939fd97e2b,libscopeguard-b48a43a5955c38e4,libfutures_util-1fd3634b83050431,libslab-17583d08d98d8bec,libpin_project_lite-f1efcbb9fac1edc6,libfutures_sink-8e06c89d5bd6186d,libfutures_task-0a96387a9d6ca545,libfutures_core-2e92a83619cfc70c,libcookie-1f2764459b201e6c,libtime-ff84ebd80ec253ed,libpowerfmt-542077cc85112e34,libnum_conv-2b5626e08270b5c0,libderanged-5c96c499b4d2c32d,libtime_core-2077de1864196adf,libregex-568f98faeabe2cf5,libregex_automata-375d6f6dcffc2649,libaho_corasick-18aa20cf9c474d57,libmemchr-988debb6f0cf1511,libregex_syntax-23e44a5bb3d84570,libthiserror-77d40841b60fb8ab,libserde-680443159b28c387,libserde_core-149966489df4acc7}.rlib" "<sysroot>/lib/rustlib/aarch64-apple-darwin/lib/{libstd-*,libpanic_unwind-*,libobject-*,libmemchr-*,libaddr2line-*,libgimli-*,libcfg_if-*,librustc_demangle-*,libstd_detect-*,libhashbrown-*,librustc_std_workspace_alloc-*,libminiz_oxide-*,libadler2-*,libunwind-*,liblibc-*,librustc_std_workspace_core-*,liballoc-*,libcore-*,libcompiler_builtins-*}.rlib" "-framework" "ApplicationServices" "-framework" "CoreFoundation" "-framework" "OSAKit" "-framework" "Security" "-framework" "AppKit" "-framework" "SystemConfiguration" "-framework" "UserNotifications" "-framework" "AudioToolbox" "-framework" "CoreAudio" "-framework" "AppKit" "-framework" "CoreFoundation" "-framework" "CoreServices" "-framework" "WebKit" "-framework" "ApplicationServices" "-framework" "CoreGraphics" "-framework" "Carbon" "-framework" "CoreVideo" "-framework" "CoreFoundation" "-framework" "CoreGraphics" "-framework" "CoreGraphics" "-framework" "CoreFoundation" "-framework" "WebKit" "-framework" "AppKit" "-framework" "Foundation" "-framework" "CoreFoundation" "-lSystem" "-lobjc" "-framework" "Foundation" "-liconv" "-lSystem" "-lc" "-lm" "-arch" "arm64" "-mmacosx-version-min=11.0.0" "-L" "/Users/indo/code/project/orca-lite-wt/herdr-wave2/src-tauri/target/debug/build/ferryx-feda5f62b3b11d45/out/ghostty_vt/lib" "-L" "/Users/indo/code/project/orca-lite-wt/herdr-wave2/src-tauri/target/debug/build/ring-47fbf610a6fb580a/out" "-L" "/Users/indo/code/project/orca-lite-wt/herdr-wave2/src-tauri/target/debug/build/objc2-exception-helper-8c97f30b205fc16c/out" "-L" "/Users/indo/code/project/orca-lite-wt/herdr-wave2/src-tauri/target/debug/build/mac-notification-sys-32dbfa7816d117e7/out" "-o" "/Users/indo/code/project/orca-lite-wt/herdr-wave2/src-tauri/target/debug/deps/ferryx_cli-bb3114dd8a28410f" "-Wl,-dead_strip" "-nodefaultlibs"
  = note: some arguments are omitted. use `--verbose` to show all linker arguments
  = note: ld: warning: ignoring duplicate libraries: '-lSystem'
          ld: warning: object file (/Users/indo/code/project/orca-lite-wt/herdr-wave2/src-tauri/target/debug/deps/libferryx_lib.rlib[259](base64.o)) was built for newer 'macOS' version (13.0) than being linked (11.0)
          ld: warning: object file (/Users/indo/code/project/orca-lite-wt/herdr-wave2/src-tauri/target/debug/deps/libferryx_lib.rlib[262](vt.o)) was built for newer 'macOS' version (13.0) than being linked (11.0)
          ld: warning: object file (/Users/indo/code/project/orca-lite-wt/herdr-wave2/src-tauri/target/debug/deps/libferryx_lib.rlib[263](wuffs-v0.4.o)) was built for newer 'macOS' version (13.0) than being linked (11.0)
          ld: warning: object file (/Users/indo/code/project/orca-lite-wt/herdr-wave2/src-tauri/target/debug/deps/libferryx_lib.rlib[264](libghostty-vt-static_zcu.o)) was built for newer 'macOS' version (13.0) than being linked (11.0)
          ld: warning: object file (/Users/indo/code/project/orca-lite-wt/herdr-wave2/src-tauri/target/debug/deps/libferryx_lib.rlib[265](compiler_rt.o)) was built for newer 'macOS' version (13.0) than being linked (11.0)
          ld: warning: object file (/Users/indo/code/project/orca-lite-wt/herdr-wave2/src-tauri/target/debug/deps/libferryx_lib.rlib[266](simdutf.o)) was built for newer 'macOS' version (13.0) than being linked (11.0)
          ld: warning: object file (/Users/indo/code/project/orca-lite-wt/herdr-wave2/src-tauri/target/debug/deps/libferryx_lib.rlib[269](targets.o)) was built for newer 'macOS' version (13.0) than being linked (11.0)
          ld: warning: object file (/Users/indo/code/project/orca-lite-wt/herdr-wave2/src-tauri/target/debug/deps/libferryx_lib.rlib[270](libhighway_zcu.o)) was built for newer 'macOS' version (13.0) than being linked (11.0)
          ld: warning: object file (/Users/indo/code/project/orca-lite-wt/herdr-wave2/src-tauri/target/debug/deps/libring-50583fadf5c19920.rlib[19](25ac62e5b3c53843-curve25519.o)) was built for newer 'macOS' version (26.5) than being linked (11.0)
          ld: warning: object file (/Users/indo/code/project/orca-lite-wt/herdr-wave2/src-tauri/target/debug/deps/libring-50583fadf5c19920.rlib[20](0bbbd18bda93c05b-aes_nohw.o)) was built for newer 'macOS' version (26.5) than being linked (11.0)
          ld: warning: object file (/Users/indo/code/project/orca-lite-wt/herdr-wave2/src-tauri/target/debug/deps/libring-50583fadf5c19920.rlib[21](00c879ee3285a50d-montgomery.o)) was built for newer 'macOS' version (26.5) than being linked (11.0)
          ld: warning: object file (/Users/indo/code/project/orca-lite-wt/herdr-wave2/src-tauri/target/debug/deps/libring-50583fadf5c19920.rlib[22](00c879ee3285a50d-montgomery_inv.o)) was built for newer 'macOS' version (26.5) than being linked (11.0)
          ld: warning: object file (/Users/indo/code/project/orca-lite-wt/herdr-wave2/src-tauri/target/debug/deps/libring-50583fadf5c19920.rlib[23](a0330e891e733f4e-ecp_nistz.o)) was built for newer 'macOS' version (26.5) than being linked (11.0)
          ld: warning: object file (/Users/indo/code/project/orca-lite-wt/herdr-wave2/src-tauri/target/debug/deps/libring-50583fadf5c19920.rlib[25](a0330e891e733f4e-gfp_p384.o)) was built for newer 'macOS' version (26.5) than being linked (11.0)
          ld: warning: object file (/Users/indo/code/project/orca-lite-wt/herdr-wave2/src-tauri/target/debug/deps/libring-50583fadf5c19920.rlib[27](aaa1ba3e455ee2e1-limbs.o)) was built for newer 'macOS' version (26.5) than being linked (11.0)
          ld: warning: object file (/Users/indo/code/project/orca-lite-wt/herdr-wave2/src-tauri/target/debug/deps/libring-50583fadf5c19920.rlib[28](a4019cc0736b0423-mem.o)) was built for newer 'macOS' version (26.5) than being linked (11.0)
          ld: warning: object file (/Users/indo/code/project/orca-lite-wt/herdr-wave2/src-tauri/target/debug/deps/libring-50583fadf5c19920.rlib[29](d5a9841f3dc6e253-poly1305.o)) was built for newer 'macOS' version (26.5) than being linked (11.0)
          ld: warning: object file (/Users/indo/code/project/orca-lite-wt/herdr-wave2/src-tauri/target/debug/deps/libring-50583fadf5c19920.rlib[30](a0330e891e733f4e-p256-nistz.o)) was built for newer 'macOS' version (26.5) than being linked (11.0)
          ld: warning: object file (/Users/indo/code/project/orca-lite-wt/herdr-wave2/src-tauri/target/debug/deps/libring-50583fadf5c19920.rlib[31](c322a0bcc369f531-chacha-armv8-ios64.o)) was built for newer 'macOS' version (26.5) than being linked (11.0)
          ld: warning: object file (/Users/indo/code/project/orca-lite-wt/herdr-wave2/src-tauri/target/debug/deps/libring-50583fadf5c19920.rlib[32](c322a0bcc369f531-chacha20_poly1305_armv8-ios64.o)) was built for newer 'macOS' version (26.5) than being linked (11.0)
          ld: warning: object file (/Users/indo/code/project/orca-lite-wt/herdr-wave2/src-tauri/target/debug/deps/libring-50583fadf5c19920.rlib[33](c322a0bcc369f531-aesv8-armx-ios64.o)) was built for newer 'macOS' version (26.5) than being linked (11.0)
          ld: warning: object file (/Users/indo/code/project/orca-lite-wt/herdr-wave2/src-tauri/target/debug/deps/libring-50583fadf5c19920.rlib[34](c322a0bcc369f531-aesv8-gcm-armv8-ios64.o)) was built for newer 'macOS' version (26.5) than being linked (11.0)
          ld: warning: object file (/Users/indo/code/project/orca-lite-wt/herdr-wave2/src-tauri/target/debug/deps/libring-50583fadf5c19920.rlib[35](c322a0bcc369f531-ghash-neon-armv8-ios64.o)) was built for newer 'macOS' version (26.5) than being linked (11.0)
          ld: warning: object file (/Users/indo/code/project/orca-lite-wt/herdr-wave2/src-tauri/target/debug/deps/libring-50583fadf5c19920.rlib[36](c322a0bcc369f531-ghashv8-armx-ios64.o)) was built for newer 'macOS' version (26.5) than being linked (11.0)
          ld: warning: object file (/Users/indo/code/project/orca-lite-wt/herdr-wave2/src-tauri/target/debug/deps/libring-50583fadf5c19920.rlib[37](c322a0bcc369f531-vpaes-armv8-ios64.o)) was built for newer 'macOS' version (26.5) than being linked (11.0)
          ld: warning: object file (/Users/indo/code/project/orca-lite-wt/herdr-wave2/src-tauri/target/debug/deps/libring-50583fadf5c19920.rlib[38](c322a0bcc369f531-armv8-mont-ios64.o)) was built for newer 'macOS' version (26.5) than being linked (11.0)
          ld: warning: object file (/Users/indo/code/project/orca-lite-wt/herdr-wave2/src-tauri/target/debug/deps/libring-50583fadf5c19920.rlib[39](c322a0bcc369f531-p256-armv8-asm-ios64.o)) was built for newer 'macOS' version (26.5) than being linked (11.0)
          ld: warning: object file (/Users/indo/code/project/orca-lite-wt/herdr-wave2/src-tauri/target/debug/deps/libring-50583fadf5c19920.rlib[40](c322a0bcc369f531-sha512-armv8-ios64.o)) was built for newer 'macOS' version (26.5) than being linked (11.0)
          ld: warning: object file (/Users/indo/code/project/orca-lite-wt/herdr-wave2/src-tauri/target/debug/deps/libring-50583fadf5c19920.rlib[41](c322a0bcc369f531-sha256-armv8-ios64.o)) was built for newer 'macOS' version (26.5) than being linked (11.0)
          ld: warning: object file (/Users/indo/code/project/orca-lite-wt/herdr-wave2/src-tauri/target/debug/deps/libobjc2_exception_helper-a47130aa9fd33b2a.rlib[4](dce005d523844fc4-try_catch.o)) was built for newer 'macOS' version (26.5) than being linked (11.0)
          ld: write() failed, errno=28 (No space left on device)
          clang: error: linker command failed with exit code 1 (use -v to see invocation)
          

error: could not compile `ferryx` (bin "ferryx-cli") due to 1 previous error
warning: build failed, waiting for other jobs to finish...
error: linking with `cc` failed: exit status: 1
  |
  = note:  "cc" "/var/folders/zh/7cc25lt91b1_dj577306nwdh0000gn/T/rustcX66NRR/symbols.o" "<25 object files omitted>" "/Users/indo/code/project/orca-lite-wt/herdr-wave2/src-tauri/target/debug/deps/{libferryx_lib,libtracing_subscriber-1787c5f04451519b,libthread_local-cf9578e3cff48294,libnu_ansi_term-a5a3b357fd3d675f,libsharded_slab-aae051824b48b512,libtracing_log-b93ad76197af46ea,libtauri_plugin_updater-d8955594d4a89395,libosakit-47342e6fc827702a,libobjc2_osa_kit-c15ce41b4a247d1d,libtar-e8f42382384f7dff,libxattr-864462ea7acc6e0a,libfiletime-dce3b4a1a0e2f901,libtempfile-a585dc3275dbe62b,libfastrand-58765205410993e5,librustix-f7e1a354e110220d,libreqwest-191e717684e36488,librustls_platform_verifier-7efc51b5d8ebde6e,libsecurity_framework-a81e05ff6f9b7558,libsecurity_framework_sys-328bf018b8efb715,libminisign_verify-7438bc5240b81ab6,libtauri_plugin_process-d749eec66032382d,libtauri_plugin_notification-fd1fd12a2c6ded00,libnotify_rust-689bd8af50421af3,libmac_notification_sys-2148e63f3234d913,libmime_guess-cbaff3fc8699d3de,libunicase-d96e5e0826f5fe5e,libreqwest-d4264e7fe56fcb19,libhyper_rustls-1930755bc5210f58,libtower_http-756871ec0d979d16,libtokio_util-941171f6af7abd0a,libtoml-5aa4c84f8e953c9d,libwinnow-811454ba78755cfc,libtoml_datetime-3f7444d5a4245643,libportable_pty-bfa5b63037757150,libshell_words-0061643a1144eaa5,libserial2-6bcb870711996f53,libfiledescriptor-f984d488158deb78,libnix-703a75bed15b428e,libdowncast_rs-1bdd194e26c351be,libtower_http-52dbc31315fd1bd4,libaxum-f352b6f4c54be363,libserde_path_to_error-ca2e35b144d129b3,libserde_urlencoded-add612b031cb2125,libryu-0f2c5debc2326c7e,libmatchit-b5275d3771ced52c,libtokio_tungstenite-98c047258bfe11d8,libwebpki_roots-d9b761eed9a1f08f,libwebpki_roots-5fe13d625543cc38,libtokio_rustls-8f2351e16d9b9dfe,libtungstenite-f789021cf35011d1,libdata_encoding-2c9b4e9cf9860e49,librand-e6953446f63573f5,librand_chacha-ff0041e13f1f672d,librand_core-9d054bcc6461d8b7,librustls-b8eb2360aeab5613,libwebpki-403c92b6f25ad1ea,libring-50583fadf5c19920,libuntrusted-e8fd776117d76b2c,librustls_pki_types-89695d95054e3772,libsha1-9e00b0fc22de15cd,libhyper_util-b5b30688ed83cd1b,libsystem_configuration-8454695b52a42e9f,libsystem_configuration_sys-dd2006969ad386c3,libcore_foundation-0cb7376dc4480c8c,libbase64-80c574e62179e036,libipnet-07f343ff5c3b6205,libhyper-a9ad1e9e0fa4a2f4,libwant-98d99c66b918387a,libtry_lock-da593a79b54e72ae,libhttparse-5934c055ab1614be,libatomic_waker-b0bffc3cf38abbeb,libhttpdate-e980ef76d740a208,libfutures_channel-debf45631a8d9a9d,libaxum_core-d810d91023c9e3af,libhttp_body_util-e80196220ed71080,libhttp_body-ca21c12e03f890d8,libtracing-e7dd5aee77498a95,libtracing_core-212490f72768f831,libtower-ebcfb8c7f4b58e26,libsync_wrapper-2d188c2801eff842,libtower_layer-b221d6b536670d08,libtower_service-c1ab1cd4f8f339d6,librand-fa971e47d3d8d169,librand_chacha-521e27feee462941,libppv_lite86-c31f783325c15ec3,libzerocopy-9e0837873b57c00a,libed25519_dalek-2365b271bdabe51c,librand_core-708dcc242cf9f4fa,libgetrandom-35ef53ae6a4e01af,libcurve25519_dalek-ac9dfb66c0db702f,libzeroize-89255e795bd31661,libsubtle-f6b86f92daa97ced,libed25519-6dfb238857421414,libsignature-233ac885298929b1,libobjc2_user_notifications-2f02a003f4f63953,librodio-814b7114f3fbeeda,libsymphonia-7b11ab056c326597,libsymphonia_format_riff-79559e6fe71fedd6,libsymphonia_format_ogg-bbb7ce52d66889b8,libsymphonia_format_isomp4-57dd176896fece50,libsymphonia_codec_vorbis-2daae2eabe314055,libsymphonia_codec_pcm-51a178bb50aa7f13,libsymphonia_codec_aac-0960e29ef9e35e6d,libsymphonia_bundle_mp3-bbaad33ad24079d5,libsymphonia_bundle_flac-a80cf3cef4436c92,libsymphonia_utils_xiph-2683a232960b1961,libsymphonia_metadata-5e79e0e959bc1fef,libencoding_rs-04c6b928f02d10d8,libsimdutf8-ff2a72e7c1aef771,libsymphonia_core-694bb8189f5e3bdb,liblazy_static-f1b193ea9b0b2d95,libbitflags-fc563d35d55f7f61,libarrayvec-474621095d7769dd,libnum_rational-51140e3c5f1e3901,libnum_bigint-46f7cfd3a83e650a,libnum_integer-9815592f73a68382,libcpal-5d5cb1e10d0b8c79,libmach2-4c9008e076ab460d,libdasp_sample-b6488ce2f699a279,libcoreaudio-773015c5f9856520,libobjc2_audio_toolbox-cec32ed8685bb627,libobjc2_core_audio-26c579ac3f1c0aab,libobjc2_core_audio_types-931a105649c62584,libtauri_plugin_dialog-b88a29067fffe3a6,librfd-1a852af2e662a29d,libtauri_plugin_fs-a6cd90c8c7872640,libnotify-8a0f098e8dc71196,libfsevent_sys-be07a283cf73f419,libnotify_types-b48aea4a9349abd7,libsha2-25b91f29147bc908,libdigest-a2f1ebc346050564,libblock_buffer-99ba0e11cc3da59d,libcrypto_common-684d9d709663397c,libgeneric_array-2143e48c70c3b975,libtypenum-d0ecd774e4fd3ff5,libtauri-60486d1a920587ba,libmime-4d10f548eb0f4473,libgetrandom-4564ed58bc18d7bc,libtauri_runtime_wry-efd005d8e2bea1c7,libwry-e8cd13c451feffc8,libdirs-c5a258b1480bbd7e,libdirs_sys-c1fecd00ef4c48ca,liboption_ext-089ff3792682c18c,libtao-2d8e05f29c3eeca3,libcore_graphics-1167272dfce74a9b,libforeign_types-893d268f8203bc38,libforeign_types_shared-c227875a8c1a0078,libcore_graphics_types-891cf750a4e9ce55,libcore_foundation-41e126cd21bdda4d,libcore_foundation_sys-288a2d755650be3d,liblog-b48a04249e74892e,libmuda-0b73c54c18c154d7,libkeyboard_types-23867cd766b80103,libunicode_segmentation-7e2c32706ba2d3a9,libonce_cell-c43e9fa2ed5f14b5,libcrossbeam_channel-16f6bf4d0f824790,libcrossbeam_utils-765c212b8d88c124,libimage-c634f3814a0655db,libbytemuck-aceebec12678f0cc,libbyteorder_lite-5f83e3559303b525,libmoxcms-30bb780892afb7f6,libpxfm-68a60bccd6e11bbe,libpng-6b1302cad25e7a88,libflate2-d3a47939571062e6,libminiz_oxide-5e989d75b520e9c9,libfdeflate-4a174d94adbcec0b,libsimd_adler32-7772d200a07f58c5,libcrc32fast-9008dd0122c5c746,libnum_traits-d076752476bc8695,libwindow_vibrancy-a2e048cd93bc12a6,libtauri_runtime-54ab251be0bf43d3,libobjc2_web_kit-6591f6035318f594,libobjc2_app_kit-bb4a086c0a704de0,libobjc2_foundation-848aab268b77eedc,libobjc2_core_foundation-94a98edd7dda1dd4,libdispatch2-46247d25a3209752,libbitflags-ac22ebb7b632a807,libblock2-7e4277b2261046dc,libobjc2-e8bce5b05b031cc9,libobjc2_exception_helper-a47130aa9fd33b2a,libobjc2_encode-b0478ac980bb44ee,libdpi-6e46fa4aaaf5f37f,libserialize_to_javascript-411cabe12079d740,libraw_window_handle-d2b7daba74cb5f7a,libtauri_utils-c2ab874dd9c38b27,libdunce-e4e36eef635fdc4d,libinfer-797d5d76fd6aa7c3,libcfb-06324f1325394a38,libfnv-8eddd583da5e63ac,libbyteorder-6f2fd9e56991dc6d,libuuid-01dc03bbedcc66f1,libgetrandom-e99b3d33a4d07ed6,libbrotli-f9b921b602894d15,libbrotli_decompressor-9e47477a5a33e7dc,liballoc_stdlib-7a0e46c85b637531,liballoc_no_stdlib-d932c609af5157cf,liburlpattern-41e883434e649e3d,libunic_ucd_ident-2f57794ab62faf3e,libunic_ucd_version-a71f1a325b9d4cc0,libunic_common-caff9cf3ef1d7c96,libunic_char_property-507fa9f782bfe0b0,libunic_char_range-9767a28fc3e890d3,libglob-af9f1a00889b1137,libwalkdir-3847852f2ebaf559,libsame_file-3850703a028eaa69,libctor-ad32e55e6befdf8f,libplist-d6dd3dbf30005f52,libquick_xml-c3ccda5a500e257e,libbase64-f0d846b41fe7d9ea,libindexmap-644b7b2a90b7ce9b,libequivalent-4d602d504de81892,libhashbrown-22085a42a398f01c,libjson_patch-c14f015bf17e5adc,libthiserror-c308feff1e7e2e99,libjsonptr-6ecfd022faa6d86d,libserde_with-052cddfd4160ea46,libserde_json-62fd70741f4479ce,libzmij-e0d944b2cbd9c29e,libhttp-6c979ff57c3ba6cf,libitoa-3ff105766e042291,libphf-1f59334639778f9d,libphf_shared-1fd6b623a07ed987,libsiphasher-6f45ab652dee223e,libtoml-9866a455f33f0dcc,libtoml_writer-acadcef3df8b47bd,libtoml_parser-6ed06d8f17f8678a,libwinnow-07860b1f8c1e2737,libserde_spanned-bfc96d43546cfafe,libtoml_datetime-a814f4a28e86cfd5,libserde_untagged-da9af9f770b5b191,liberased_serde-9f59412fc310931a,libtypeid-3cd5acf80d3c2a34,liburl-c1239738ad4840d2,libidna-cee78fbf47209599,libidna_adapter-c0c88d473494eeb4,libicu_properties-9a7e1c5f024dff1a,libicu_properties_data-6238f0ddee653f37,libicu_normalizer-19678df08933289a,libicu_normalizer_data-d8d8685e82fa57d6,libicu_collections-6261dd63306f67a7,libutf8_iter-f397a552692e5ae1,libpotential_utf-eaa7e184bacc71f2,libicu_provider-7ad82737cbde856c,libicu_locale_core-c0b019b671186e1c,libtinystr-85b12cad6be1e8e1,liblitemap-b81c630440db3952,libwriteable-86d29caeeb06d204,libzerovec-791757f07816b3bc,libzerotrie-5fd1520cc4ad94f6,libyoke-cd30382eabb02b84,libstable_deref_trait-2c3b0a7029402d41,libzerofrom-3b59fea90ffa36fe,libform_urlencoded-72d53622942c245e,libpercent_encoding-da65008b411bfe11,libanyhow-403bb8d72015634b,libsemver-5acf4e72e715e843,libembed_plist-8c599e263df46f0c,libtokio-a0ae1adf1f022cb8,libsignal_hook_registry-d059ffaabd2a0766,liberrno-454f7f07c5e72dec,libsocket2-4e1185f68d706490,libbytes-4afa55d86a3bc939,libmio-6eeeb2e340c8a9a4,libparking_lot-0b8d399e2ea696f7,libparking_lot_core-b961d67ca7053995,liblibc-e7009e86dfa866b8,libcfg_if-910eb05bc9a9e024,libsmallvec-f9fa888f8f3b8e78,liblock_api-b39d18939fd97e2b,libscopeguard-b48a43a5955c38e4,libfutures_util-1fd3634b83050431,libslab-17583d08d98d8bec,libpin_project_lite-f1efcbb9fac1edc6,libfutures_sink-8e06c89d5bd6186d,libfutures_task-0a96387a9d6ca545,libfutures_core-2e92a83619cfc70c,libcookie-1f2764459b201e6c,libtime-ff84ebd80ec253ed,libpowerfmt-542077cc85112e34,libnum_conv-2b5626e08270b5c0,libderanged-5c96c499b4d2c32d,libtime_core-2077de1864196adf,libregex-568f98faeabe2cf5,libregex_automata-375d6f6dcffc2649,libaho_corasick-18aa20cf9c474d57,libmemchr-988debb6f0cf1511,libregex_syntax-23e44a5bb3d84570,libthiserror-77d40841b60fb8ab,libserde-680443159b28c387,libserde_core-149966489df4acc7}.rlib" "<sysroot>/lib/rustlib/aarch64-apple-darwin/lib/{libstd-*,libpanic_unwind-*,libobject-*,libmemchr-*,libaddr2line-*,libgimli-*,libcfg_if-*,librustc_demangle-*,libstd_detect-*,libhashbrown-*,librustc_std_workspace_alloc-*,libminiz_oxide-*,libadler2-*,libunwind-*,liblibc-*,librustc_std_workspace_core-*,liballoc-*,libcore-*,libcompiler_builtins-*}.rlib" "-framework" "ApplicationServices" "-framework" "CoreFoundation" "-framework" "OSAKit" "-framework" "Security" "-framework" "AppKit" "-framework" "SystemConfiguration" "-framework" "UserNotifications" "-framework" "AudioToolbox" "-framework" "CoreAudio" "-framework" "AppKit" "-framework" "CoreFoundation" "-framework" "CoreServices" "-framework" "WebKit" "-framework" "ApplicationServices" "-framework" "CoreGraphics" "-framework" "Carbon" "-framework" "CoreVideo" "-framework" "CoreFoundation" "-framework" "CoreGraphics" "-framework" "CoreGraphics" "-framework" "CoreFoundation" "-framework" "WebKit" "-framework" "AppKit" "-framework" "Foundation" "-framework" "CoreFoundation" "-lSystem" "-lobjc" "-framework" "Foundation" "-liconv" "-lSystem" "-lc" "-lm" "-arch" "arm64" "-mmacosx-version-min=11.0.0" "-L" "/Users/indo/code/project/orca-lite-wt/herdr-wave2/src-tauri/target/debug/build/ferryx-feda5f62b3b11d45/out/ghostty_vt/lib" "-L" "/Users/indo/code/project/orca-lite-wt/herdr-wave2/src-tauri/target/debug/build/ring-47fbf610a6fb580a/out" "-L" "/Users/indo/code/project/orca-lite-wt/herdr-wave2/src-tauri/target/debug/build/objc2-exception-helper-8c97f30b205fc16c/out" "-L" "/Users/indo/code/project/orca-lite-wt/herdr-wave2/src-tauri/target/debug/build/mac-notification-sys-32dbfa7816d117e7/out" "-o" "/Users/indo/code/project/orca-lite-wt/herdr-wave2/src-tauri/target/debug/deps/ferryx-4339b5fbac73f6f6" "-Wl,-dead_strip" "-nodefaultlibs"
  = note: some arguments are omitted. use `--verbose` to show all linker arguments
  = note: ld: warning: ignoring duplicate libraries: '-lSystem'
          ld: warning: object file (/Users/indo/code/project/orca-lite-wt/herdr-wave2/src-tauri/target/debug/deps/libferryx_lib.rlib[259](base64.o)) was built for newer 'macOS' version (13.0) than being linked (11.0)
          ld: warning: object file (/Users/indo/code/project/orca-lite-wt/herdr-wave2/src-tauri/target/debug/deps/libferryx_lib.rlib[262](vt.o)) was built for newer 'macOS' version (13.0) than being linked (11.0)
          ld: warning: object file (/Users/indo/code/project/orca-lite-wt/herdr-wave2/src-tauri/target/debug/deps/libferryx_lib.rlib[263](wuffs-v0.4.o)) was built for newer 'macOS' version (13.0) than being linked (11.0)
          ld: warning: object file (/Users/indo/code/project/orca-lite-wt/herdr-wave2/src-tauri/target/debug/deps/libferryx_lib.rlib[264](libghostty-vt-static_zcu.o)) was built for newer 'macOS' version (13.0) than being linked (11.0)
          ld: warning: object file (/Users/indo/code/project/orca-lite-wt/herdr-wave2/src-tauri/target/debug/deps/libferryx_lib.rlib[265](compiler_rt.o)) was built for newer 'macOS' version (13.0) than being linked (11.0)
          ld: warning: object file (/Users/indo/code/project/orca-lite-wt/herdr-wave2/src-tauri/target/debug/deps/libferryx_lib.rlib[266](simdutf.o)) was built for newer 'macOS' version (13.0) than being linked (11.0)
          ld: warning: object file (/Users/indo/code/project/orca-lite-wt/herdr-wave2/src-tauri/target/debug/deps/libferryx_lib.rlib[269](targets.o)) was built for newer 'macOS' version (13.0) than being linked (11.0)
          ld: warning: object file (/Users/indo/code/project/orca-lite-wt/herdr-wave2/src-tauri/target/debug/deps/libferryx_lib.rlib[270](libhighway_zcu.o)) was built for newer 'macOS' version (13.0) than being linked (11.0)
          ld: warning: object file (/Users/indo/code/project/orca-lite-wt/herdr-wave2/src-tauri/target/debug/deps/libring-50583fadf5c19920.rlib[19](25ac62e5b3c53843-curve25519.o)) was built for newer 'macOS' version (26.5) than being linked (11.0)
          ld: warning: object file (/Users/indo/code/project/orca-lite-wt/herdr-wave2/src-tauri/target/debug/deps/libring-50583fadf5c19920.rlib[20](0bbbd18bda93c05b-aes_nohw.o)) was built for newer 'macOS' version (26.5) than being linked (11.0)
          ld: warning: object file (/Users/indo/code/project/orca-lite-wt/herdr-wave2/src-tauri/target/debug/deps/libring-50583fadf5c19920.rlib[21](00c879ee3285a50d-montgomery.o)) was built for newer 'macOS' version (26.5) than being linked (11.0)
          ld: warning: object file (/Users/indo/code/project/orca-lite-wt/herdr-wave2/src-tauri/target/debug/deps/libring-50583fadf5c19920.rlib[22](00c879ee3285a50d-montgomery_inv.o)) was built for newer 'macOS' version (26.5) than being linked (11.0)
          ld: warning: object file (/Users/indo/code/project/orca-lite-wt/herdr-wave2/src-tauri/target/debug/deps/libring-50583fadf5c19920.rlib[23](a0330e891e733f4e-ecp_nistz.o)) was built for newer 'macOS' version (26.5) than being linked (11.0)
          ld: warning: object file (/Users/indo/code/project/orca-lite-wt/herdr-wave2/src-tauri/target/debug/deps/libring-50583fadf5c19920.rlib[25](a0330e891e733f4e-gfp_p384.o)) was built for newer 'macOS' version (26.5) than being linked (11.0)
          ld: warning: object file (/Users/indo/code/project/orca-lite-wt/herdr-wave2/src-tauri/target/debug/deps/libring-50583fadf5c19920.rlib[27](aaa1ba3e455ee2e1-limbs.o)) was built for newer 'macOS' version (26.5) than being linked (11.0)
          ld: warning: object file (/Users/indo/code/project/orca-lite-wt/herdr-wave2/src-tauri/target/debug/deps/libring-50583fadf5c19920.rlib[28](a4019cc0736b0423-mem.o)) was built for newer 'macOS' version (26.5) than being linked (11.0)
          ld: warning: object file (/Users/indo/code/project/orca-lite-wt/herdr-wave2/src-tauri/target/debug/deps/libring-50583fadf5c19920.rlib[29](d5a9841f3dc6e253-poly1305.o)) was built for newer 'macOS' version (26.5) than being linked (11.0)
          ld: warning: object file (/Users/indo/code/project/orca-lite-wt/herdr-wave2/src-tauri/target/debug/deps/libring-50583fadf5c19920.rlib[30](a0330e891e733f4e-p256-nistz.o)) was built for newer 'macOS' version (26.5) than being linked (11.0)
          ld: warning: object file (/Users/indo/code/project/orca-lite-wt/herdr-wave2/src-tauri/target/debug/deps/libring-50583fadf5c19920.rlib[31](c322a0bcc369f531-chacha-armv8-ios64.o)) was built for newer 'macOS' version (26.5) than being linked (11.0)
          ld: warning: object file (/Users/indo/code/project/orca-lite-wt/herdr-wave2/src-tauri/target/debug/deps/libring-50583fadf5c19920.rlib[32](c322a0bcc369f531-chacha20_poly1305_armv8-ios64.o)) was built for newer 'macOS' version (26.5) than being linked (11.0)
          ld: warning: object file (/Users/indo/code/project/orca-lite-wt/herdr-wave2/src-tauri/target/debug/deps/libring-50583fadf5c19920.rlib[33](c322a0bcc369f531-aesv8-armx-ios64.o)) was built for newer 'macOS' version (26.5) than being linked (11.0)
          ld: warning: object file (/Users/indo/code/project/orca-lite-wt/herdr-wave2/src-tauri/target/debug/deps/libring-50583fadf5c19920.rlib[34](c322a0bcc369f531-aesv8-gcm-armv8-ios64.o)) was built for newer 'macOS' version (26.5) than being linked (11.0)
          ld: warning: object file (/Users/indo/code/project/orca-lite-wt/herdr-wave2/src-tauri/target/debug/deps/libring-50583fadf5c19920.rlib[35](c322a0bcc369f531-ghash-neon-armv8-ios64.o)) was built for newer 'macOS' version (26.5) than being linked (11.0)
          ld: warning: object file (/Users/indo/code/project/orca-lite-wt/herdr-wave2/src-tauri/target/debug/deps/libring-50583fadf5c19920.rlib[36](c322a0bcc369f531-ghashv8-armx-ios64.o)) was built for newer 'macOS' version (26.5) than being linked (11.0)
          ld: warning: object file (/Users/indo/code/project/orca-lite-wt/herdr-wave2/src-tauri/target/debug/deps/libring-50583fadf5c19920.rlib[37](c322a0bcc369f531-vpaes-armv8-ios64.o)) was built for newer 'macOS' version (26.5) than being linked (11.0)
          ld: warning: object file (/Users/indo/code/project/orca-lite-wt/herdr-wave2/src-tauri/target/debug/deps/libring-50583fadf5c19920.rlib[38](c322a0bcc369f531-armv8-mont-ios64.o)) was built for newer 'macOS' version (26.5) than being linked (11.0)
          ld: warning: object file (/Users/indo/code/project/orca-lite-wt/herdr-wave2/src-tauri/target/debug/deps/libring-50583fadf5c19920.rlib[39](c322a0bcc369f531-p256-armv8-asm-ios64.o)) was built for newer 'macOS' version (26.5) than being linked (11.0)
          ld: warning: object file (/Users/indo/code/project/orca-lite-wt/herdr-wave2/src-tauri/target/debug/deps/libring-50583fadf5c19920.rlib[40](c322a0bcc369f531-sha512-armv8-ios64.o)) was built for newer 'macOS' version (26.5) than being linked (11.0)
          ld: warning: object file (/Users/indo/code/project/orca-lite-wt/herdr-wave2/src-tauri/target/debug/deps/libring-50583fadf5c19920.rlib[41](c322a0bcc369f531-sha256-armv8-ios64.o)) was built for newer 'macOS' version (26.5) than being linked (11.0)
          ld: warning: object file (/Users/indo/code/project/orca-lite-wt/herdr-wave2/src-tauri/target/debug/deps/libobjc2_exception_helper-a47130aa9fd33b2a.rlib[4](dce005d523844fc4-try_catch.o)) was built for newer 'macOS' version (26.5) than being linked (11.0)
          ld: write() failed, errno=28 (No space left on device)
          clang: error: linker command failed with exit code 1 (use -v to see invocation)
          

error: could not compile `ferryx` (bin "ferryx") due to 1 previous error
rustc-LLVM ERROR: IO failure on output stream: No space left on device
rustc-LLVM ERROR: IO failure on output stream: No space left on device
rustc-LLVM ERROR: IO failure on output stream: No space left on device
error: could not compile `ferryx` (bin "ferryx-relay")

Caused by:
  process didn't exit successfully: `/Users/indo/.rustup/toolchains/stable-aarch64-apple-darwin/bin/rustc --crate-name ferryx_relay --edition=2021 src/bin/relay.rs --error-format=json --json=diagnostic-rendered-ansi,artifacts,future-incompat --crate-type bin --emit=dep-info,link -C embed-bitcode=no -C debuginfo=2 -C split-debuginfo=unpacked --check-cfg 'cfg(docsrs,test)' --check-cfg 'cfg(feature, values("default", "native-terminal"))' -C metadata=e1159bbe1b0d2bcd -C extra-filename=-a405fbb9f2fbbe62 --out-dir /Users/indo/code/project/orca-lite-wt/herdr-wave2/src-tauri/target/debug/deps -C incremental=/Users/indo/code/project/orca-lite-wt/herdr-wave2/src-tauri/target/debug/incremental -L dependency=/Users/indo/code/project/orca-lite-wt/herdr-wave2/src-tauri/target/debug/deps --extern anyhow=/Users/indo/code/project/orca-lite-wt/herdr-wave2/src-tauri/target/debug/deps/libanyhow-403bb8d72015634b.rlib --extern axum=/Users/indo/code/project/orca-lite-wt/herdr-wave2/src-tauri/target/debug/deps/libaxum-f352b6f4c54be363.rlib --extern base64=/Users/indo/code/project/orca-lite-wt/herdr-wave2/src-tauri/target/debug/deps/libbase64-f0d846b41fe7d9ea.rlib --extern block2=/Users/indo/code/project/orca-lite-wt/herdr-wave2/src-tauri/target/debug/deps/libblock2-7e4277b2261046dc.rlib --extern cookie=/Users/indo/code/project/orca-lite-wt/herdr-wave2/src-tauri/target/debug/deps/libcookie-1f2764459b201e6c.rlib --extern dispatch2=/Users/indo/code/project/orca-lite-wt/herdr-wave2/src-tauri/target/debug/deps/libdispatch2-46247d25a3209752.rlib --extern ed25519_dalek=/Users/indo/code/project/orca-lite-wt/herdr-wave2/src-tauri/target/debug/deps/libed25519_dalek-2365b271bdabe51c.rlib --extern ferryx_lib=/Users/indo/code/project/orca-lite-wt/herdr-wave2/src-tauri/target/debug/deps/libferryx_lib.rlib --extern futures_util=/Users/indo/code/project/orca-lite-wt/herdr-wave2/src-tauri/target/debug/deps/libfutures_util-1fd3634b83050431.rlib --extern libc=/Users/indo/code/project/orca-lite-wt/herdr-wave2/src-tauri/target/debug/deps/liblibc-e7009e86dfa866b8.rlib --extern mime_guess=/Users/indo/code/project/orca-lite-wt/herdr-wave2/src-tauri/target/debug/deps/libmime_guess-cbaff3fc8699d3de.rlib --extern notify=/Users/indo/code/project/orca-lite-wt/herdr-wave2/src-tauri/target/debug/deps/libnotify-8a0f098e8dc71196.rlib --extern objc2=/Users/indo/code/project/orca-lite-wt/herdr-wave2/src-tauri/target/debug/deps/libobjc2-e8bce5b05b031cc9.rlib --extern objc2_app_kit=/Users/indo/code/project/orca-lite-wt/herdr-wave2/src-tauri/target/debug/deps/libobjc2_app_kit-bb4a086c0a704de0.rlib --extern objc2_core_foundation=/Users/indo/code/project/orca-lite-wt/herdr-wave2/src-tauri/target/debug/deps/libobjc2_core_foundation-94a98edd7dda1dd4.rlib --extern objc2_core_graphics=/Users/indo/code/project/orca-lite-wt/herdr-wave2/src-tauri/target/debug/deps/libobjc2_core_graphics-775e9d9fc8e39e15.rlib --extern objc2_core_text=/Users/indo/code/project/orca-lite-wt/herdr-wave2/src-tauri/target/debug/deps/libobjc2_core_text-5bc65ec8c1dbf787.rlib --extern objc2_foundation=/Users/indo/code/project/orca-lite-wt/herdr-wave2/src-tauri/target/debug/deps/libobjc2_foundation-848aab268b77eedc.rlib --extern objc2_user_notifications=/Users/indo/code/project/orca-lite-wt/herdr-wave2/src-tauri/target/debug/deps/libobjc2_user_notifications-2f02a003f4f63953.rlib --extern objc2_web_kit=/Users/indo/code/project/orca-lite-wt/herdr-wave2/src-tauri/target/debug/deps/libobjc2_web_kit-6591f6035318f594.rlib --extern parking_lot=/Users/indo/code/project/orca-lite-wt/herdr-wave2/src-tauri/target/debug/deps/libparking_lot-0b8d399e2ea696f7.rlib --extern png=/Users/indo/code/project/orca-lite-wt/herdr-wave2/src-tauri/target/debug/deps/libpng-6b1302cad25e7a88.rlib --extern portable_pty=/Users/indo/code/project/orca-lite-wt/herdr-wave2/src-tauri/target/debug/deps/libportable_pty-bfa5b63037757150.rlib --extern rand=/Users/indo/code/project/orca-lite-wt/herdr-wave2/src-tauri/target/debug/deps/librand-fa971e47d3d8d169.rlib --extern regex=/Users/indo/code/project/orca-lite-wt/herdr-wave2/src-tauri/target/debug/deps/libregex-568f98faeabe2cf5.rlib --extern reqwest=/Users/indo/code/project/orca-lite-wt/herdr-wave2/src-tauri/target/debug/deps/libreqwest-d4264e7fe56fcb19.rlib --extern rodio=/Users/indo/code/project/orca-lite-wt/herdr-wave2/src-tauri/target/debug/deps/librodio-814b7114f3fbeeda.rlib --extern serde=/Users/indo/code/project/orca-lite-wt/herdr-wave2/src-tauri/target/debug/deps/libserde-680443159b28c387.rlib --extern serde_json=/Users/indo/code/project/orca-lite-wt/herdr-wave2/src-tauri/target/debug/deps/libserde_json-62fd70741f4479ce.rlib --extern sha2=/Users/indo/code/project/orca-lite-wt/herdr-wave2/src-tauri/target/debug/deps/libsha2-25b91f29147bc908.rlib --extern tauri=/Users/indo/code/project/orca-lite-wt/herdr-wave2/src-tauri/target/debug/deps/libtauri-60486d1a920587ba.rlib --extern tauri_plugin_dialog=/Users/indo/code/project/orca-lite-wt/herdr-wave2/src-tauri/target/debug/deps/libtauri_plugin_dialog-b88a29067fffe3a6.rlib --extern tauri_plugin_notification=/Users/indo/code/project/orca-lite-wt/herdr-wave2/src-tauri/target/debug/deps/libtauri_plugin_notification-fd1fd12a2c6ded00.rlib --extern tauri_plugin_process=/Users/indo/code/project/orca-lite-wt/herdr-wave2/src-tauri/target/debug/deps/libtauri_plugin_process-d749eec66032382d.rlib --extern tauri_plugin_updater=/Users/indo/code/project/orca-lite-wt/herdr-wave2/src-tauri/target/debug/deps/libtauri_plugin_updater-d8955594d4a89395.rlib --extern thiserror=/Users/indo/code/project/orca-lite-wt/herdr-wave2/src-tauri/target/debug/deps/libthiserror-77d40841b60fb8ab.rlib --extern time=/Users/indo/code/project/orca-lite-wt/herdr-wave2/src-tauri/target/debug/deps/libtime-ff84ebd80ec253ed.rlib --extern tokio=/Users/indo/code/project/orca-lite-wt/herdr-wave2/src-tauri/target/debug/deps/libtokio-a0ae1adf1f022cb8.rlib --extern tokio_tungstenite=/Users/indo/code/project/orca-lite-wt/herdr-wave2/src-tauri/target/debug/deps/libtokio_tungstenite-98c047258bfe11d8.rlib --extern toml=/Users/indo/code/project/orca-lite-wt/herdr-wave2/src-tauri/target/debug/deps/libtoml-5aa4c84f8e953c9d.rlib --extern tower_http=/Users/indo/code/project/orca-lite-wt/herdr-wave2/src-tauri/target/debug/deps/libtower_http-52dbc31315fd1bd4.rlib --extern tracing=/Users/indo/code/project/orca-lite-wt/herdr-wave2/src-tauri/target/debug/deps/libtracing-e7dd5aee77498a95.rlib --extern tracing_subscriber=/Users/indo/code/project/orca-lite-wt/herdr-wave2/src-tauri/target/debug/deps/libtracing_subscriber-1787c5f04451519b.rlib --extern uuid=/Users/indo/code/project/orca-lite-wt/herdr-wave2/src-tauri/target/debug/deps/libuuid-01dc03bbedcc66f1.rlib -L native=/Users/indo/code/project/orca-lite-wt/herdr-wave2/src-tauri/target/debug/build/ferryx-feda5f62b3b11d45/out/ghostty_vt/lib -L native=/Users/indo/code/project/orca-lite-wt/herdr-wave2/src-tauri/target/debug/build/ring-47fbf610a6fb580a/out -L native=/Users/indo/code/project/orca-lite-wt/herdr-wave2/src-tauri/target/debug/build/objc2-exception-helper-8c97f30b205fc16c/out -L native=/Users/indo/code/project/orca-lite-wt/herdr-wave2/src-tauri/target/debug/build/mac-notification-sys-32dbfa7816d117e7/out --cfg desktop --cfg dev --check-cfg 'cfg(desktop)' --check-cfg 'cfg(mobile)' --check-cfg 'cfg(dev)'` (exit status: 101)
error: could not compile `ferryx` (test "machine_sessions")

Caused by:
  process didn't exit successfully: `/Users/indo/.rustup/toolchains/stable-aarch64-apple-darwin/bin/rustc --crate-name machine_sessions --edition=2021 tests/machine_sessions.rs --error-format=json --json=diagnostic-rendered-ansi,artifacts,future-incompat --emit=dep-info,link -C embed-bitcode=no -C debuginfo=2 -C split-debuginfo=unpacked --test --check-cfg 'cfg(docsrs,test)' --check-cfg 'cfg(feature, values("default", "native-terminal"))' -C metadata=fe942cd14aa125d9 -C extra-filename=-bef4a95ad0fc82a1 --out-dir /Users/indo/code/project/orca-lite-wt/herdr-wave2/src-tauri/target/debug/deps -C incremental=/Users/indo/code/project/orca-lite-wt/herdr-wave2/src-tauri/target/debug/incremental -L dependency=/Users/indo/code/project/orca-lite-wt/herdr-wave2/src-tauri/target/debug/deps --extern anyhow=/Users/indo/code/project/orca-lite-wt/herdr-wave2/src-tauri/target/debug/deps/libanyhow-403bb8d72015634b.rlib --extern axum=/Users/indo/code/project/orca-lite-wt/herdr-wave2/src-tauri/target/debug/deps/libaxum-f352b6f4c54be363.rlib --extern base64=/Users/indo/code/project/orca-lite-wt/herdr-wave2/src-tauri/target/debug/deps/libbase64-f0d846b41fe7d9ea.rlib --extern block2=/Users/indo/code/project/orca-lite-wt/herdr-wave2/src-tauri/target/debug/deps/libblock2-7e4277b2261046dc.rlib --extern cookie=/Users/indo/code/project/orca-lite-wt/herdr-wave2/src-tauri/target/debug/deps/libcookie-1f2764459b201e6c.rlib --extern dispatch2=/Users/indo/code/project/orca-lite-wt/herdr-wave2/src-tauri/target/debug/deps/libdispatch2-46247d25a3209752.rlib --extern ed25519_dalek=/Users/indo/code/project/orca-lite-wt/herdr-wave2/src-tauri/target/debug/deps/libed25519_dalek-2365b271bdabe51c.rlib --extern ferryx_lib=/Users/indo/code/project/orca-lite-wt/herdr-wave2/src-tauri/target/debug/deps/libferryx_lib.rlib --extern futures_util=/Users/indo/code/project/orca-lite-wt/herdr-wave2/src-tauri/target/debug/deps/libfutures_util-1fd3634b83050431.rlib --extern libc=/Users/indo/code/project/orca-lite-wt/herdr-wave2/src-tauri/target/debug/deps/liblibc-e7009e86dfa866b8.rlib --extern mime_guess=/Users/indo/code/project/orca-lite-wt/herdr-wave2/src-tauri/target/debug/deps/libmime_guess-cbaff3fc8699d3de.rlib --extern notify=/Users/indo/code/project/orca-lite-wt/herdr-wave2/src-tauri/target/debug/deps/libnotify-8a0f098e8dc71196.rlib --extern objc2=/Users/indo/code/project/orca-lite-wt/herdr-wave2/src-tauri/target/debug/deps/libobjc2-e8bce5b05b031cc9.rlib --extern objc2_app_kit=/Users/indo/code/project/orca-lite-wt/herdr-wave2/src-tauri/target/debug/deps/libobjc2_app_kit-bb4a086c0a704de0.rlib --extern objc2_core_foundation=/Users/indo/code/project/orca-lite-wt/herdr-wave2/src-tauri/target/debug/deps/libobjc2_core_foundation-94a98edd7dda1dd4.rlib --extern objc2_core_graphics=/Users/indo/code/project/orca-lite-wt/herdr-wave2/src-tauri/target/debug/deps/libobjc2_core_graphics-775e9d9fc8e39e15.rlib --extern objc2_core_text=/Users/indo/code/project/orca-lite-wt/herdr-wave2/src-tauri/target/debug/deps/libobjc2_core_text-5bc65ec8c1dbf787.rlib --extern objc2_foundation=/Users/indo/code/project/orca-lite-wt/herdr-wave2/src-tauri/target/debug/deps/libobjc2_foundation-848aab268b77eedc.rlib --extern objc2_user_notifications=/Users/indo/code/project/orca-lite-wt/herdr-wave2/src-tauri/target/debug/deps/libobjc2_user_notifications-2f02a003f4f63953.rlib --extern objc2_web_kit=/Users/indo/code/project/orca-lite-wt/herdr-wave2/src-tauri/target/debug/deps/libobjc2_web_kit-6591f6035318f594.rlib --extern parking_lot=/Users/indo/code/project/orca-lite-wt/herdr-wave2/src-tauri/target/debug/deps/libparking_lot-0b8d399e2ea696f7.rlib --extern png=/Users/indo/code/project/orca-lite-wt/herdr-wave2/src-tauri/target/debug/deps/libpng-6b1302cad25e7a88.rlib --extern portable_pty=/Users/indo/code/project/orca-lite-wt/herdr-wave2/src-tauri/target/debug/deps/libportable_pty-bfa5b63037757150.rlib --extern rand=/Users/indo/code/project/orca-lite-wt/herdr-wave2/src-tauri/target/debug/deps/librand-fa971e47d3d8d169.rlib --extern regex=/Users/indo/code/project/orca-lite-wt/herdr-wave2/src-tauri/target/debug/deps/libregex-568f98faeabe2cf5.rlib --extern reqwest=/Users/indo/code/project/orca-lite-wt/herdr-wave2/src-tauri/target/debug/deps/libreqwest-d4264e7fe56fcb19.rlib --extern rodio=/Users/indo/code/project/orca-lite-wt/herdr-wave2/src-tauri/target/debug/deps/librodio-814b7114f3fbeeda.rlib --extern serde=/Users/indo/code/project/orca-lite-wt/herdr-wave2/src-tauri/target/debug/deps/libserde-680443159b28c387.rlib --extern serde_json=/Users/indo/code/project/orca-lite-wt/herdr-wave2/src-tauri/target/debug/deps/libserde_json-62fd70741f4479ce.rlib --extern sha2=/Users/indo/code/project/orca-lite-wt/herdr-wave2/src-tauri/target/debug/deps/libsha2-25b91f29147bc908.rlib --extern tauri=/Users/indo/code/project/orca-lite-wt/herdr-wave2/src-tauri/target/debug/deps/libtauri-60486d1a920587ba.rlib --extern tauri_plugin_dialog=/Users/indo/code/project/orca-lite-wt/herdr-wave2/src-tauri/target/debug/deps/libtauri_plugin_dialog-b88a29067fffe3a6.rlib --extern tauri_plugin_notification=/Users/indo/code/project/orca-lite-wt/herdr-wave2/src-tauri/target/debug/deps/libtauri_plugin_notification-fd1fd12a2c6ded00.rlib --extern tauri_plugin_process=/Users/indo/code/project/orca-lite-wt/herdr-wave2/src-tauri/target/debug/deps/libtauri_plugin_process-d749eec66032382d.rlib --extern tauri_plugin_updater=/Users/indo/code/project/orca-lite-wt/herdr-wave2/src-tauri/target/debug/deps/libtauri_plugin_updater-d8955594d4a89395.rlib --extern tempfile=/Users/indo/code/project/orca-lite-wt/herdr-wave2/src-tauri/target/debug/deps/libtempfile-a585dc3275dbe62b.rlib --extern thiserror=/Users/indo/code/project/orca-lite-wt/herdr-wave2/src-tauri/target/debug/deps/libthiserror-77d40841b60fb8ab.rlib --extern time=/Users/indo/code/project/orca-lite-wt/herdr-wave2/src-tauri/target/debug/deps/libtime-ff84ebd80ec253ed.rlib --extern tokio=/Users/indo/code/project/orca-lite-wt/herdr-wave2/src-tauri/target/debug/deps/libtokio-a0ae1adf1f022cb8.rlib --extern tokio_test=/Users/indo/code/project/orca-lite-wt/herdr-wave2/src-tauri/target/debug/deps/libtokio_test-3b426bc07b1cca1b.rlib --extern tokio_tungstenite=/Users/indo/code/project/orca-lite-wt/herdr-wave2/src-tauri/target/debug/deps/libtokio_tungstenite-98c047258bfe11d8.rlib --extern toml=/Users/indo/code/project/orca-lite-wt/herdr-wave2/src-tauri/target/debug/deps/libtoml-5aa4c84f8e953c9d.rlib --extern tower_http=/Users/indo/code/project/orca-lite-wt/herdr-wave2/src-tauri/target/debug/deps/libtower_http-52dbc31315fd1bd4.rlib --extern tracing=/Users/indo/code/project/orca-lite-wt/herdr-wave2/src-tauri/target/debug/deps/libtracing-e7dd5aee77498a95.rlib --extern tracing_subscriber=/Users/indo/code/project/orca-lite-wt/herdr-wave2/src-tauri/target/debug/deps/libtracing_subscriber-1787c5f04451519b.rlib --extern uuid=/Users/indo/code/project/orca-lite-wt/herdr-wave2/src-tauri/target/debug/deps/libuuid-01dc03bbedcc66f1.rlib -L native=/Users/indo/code/project/orca-lite-wt/herdr-wave2/src-tauri/target/debug/build/ferryx-feda5f62b3b11d45/out/ghostty_vt/lib -L native=/Users/indo/code/project/orca-lite-wt/herdr-wave2/src-tauri/target/debug/build/ring-47fbf610a6fb580a/out -L native=/Users/indo/code/project/orca-lite-wt/herdr-wave2/src-tauri/target/debug/build/objc2-exception-helper-8c97f30b205fc16c/out -L native=/Users/indo/code/project/orca-lite-wt/herdr-wave2/src-tauri/target/debug/build/mac-notification-sys-32dbfa7816d117e7/out --cfg desktop --cfg dev --check-cfg 'cfg(desktop)' --check-cfg 'cfg(mobile)' --check-cfg 'cfg(dev)'` (exit status: 101)

exit=101
