   Compiling ferryx v2026.908.1 (/Users/indo/code/project/orca-lite-wt/herdr-resume-01a097f8/src-tauri)
warning: unused import: `Manager`
  --> src/ipc/notifications.rs:21:24
   |
21 | use tauri::{AppHandle, Manager, Runtime, State};
   |                        ^^^^^^^
   |
   = note: `#[warn(unused_imports)]` (part of `#[warn(unused)]`) on by default

warning: unnecessary `unsafe` block
  --> src/macos_file_drop.rs:79:28
   |
79 |             let location = unsafe { info.draggingLocation() };
   |                            ^^^^^^ unnecessary `unsafe` block
   |
   = note: `#[warn(unused_unsafe)]` (part of `#[warn(unused)]`) on by default

warning: unnecessary `unsafe` block
  --> src/macos_file_drop.rs:80:25
   |
80 |             let point = unsafe { self.convertPoint_fromView(location, None) };
   |                         ^^^^^^ unnecessary `unsafe` block

warning: unnecessary `unsafe` block
   --> src/macos_file_drop.rs:102:46
    |
102 |     let pasteboard: Retained<NSPasteboard> = unsafe { info.draggingPasteboard() };
    |                                              ^^^^^^ unnecessary `unsafe` block

warning: unnecessary `unsafe` block
   --> src/macos_file_drop.rs:105:25
    |
105 |     if let Some(list) = unsafe { pasteboard.propertyListForType(&legacy) } {
    |                         ^^^^^^ unnecessary `unsafe` block

warning: unnecessary `unsafe` block
   --> src/macos_file_drop.rs:122:25
    |
122 |     if let Some(text) = unsafe { pasteboard.stringForType(file_url_type) } {
    |                         ^^^^^^ unnecessary `unsafe` block

warning: unnecessary `unsafe` block
   --> src/macos_file_drop.rs:123:28
    |
123 |         if let Some(url) = unsafe { NSURL::URLWithString(&text) } {
    |                            ^^^^^^ unnecessary `unsafe` block

warning: unnecessary `unsafe` block
   --> src/macos_file_drop.rs:124:33
    |
124 |             if let Some(path) = unsafe { url.path() } {
    |                                 ^^^^^^ unnecessary `unsafe` block

warning: unnecessary `unsafe` block
   --> src/macos_file_drop.rs:169:5
    |
169 |     unsafe { view.registerForDraggedTypes(&types) };
    |     ^^^^^^ unnecessary `unsafe` block

warning: unused variable: `scroll_daemon_client`
   --> src/lib.rs:915:9
    |
915 |     let scroll_daemon_client = Arc::clone(&daemon_client);
    |         ^^^^^^^^^^^^^^^^^^^^ help: if this is intentional, prefix it with an underscore: `_scroll_daemon_client`
    |
    = note: `#[warn(unused_variables)]` (part of `#[warn(unused)]`) on by default

warning: field `app` is never read
  --> src/ipc/notifications.rs:28:5
   |
27 | pub struct TauriNotificationBackend<R: Runtime> {
   |            ------------------------ field in this struct
28 |     app: AppHandle<R>,
   |     ^^^
   |
   = note: `#[warn(dead_code)]` (part of `#[warn(unused)]`) on by default

warning: constant `GHOSTTY_TERMINAL_SCREEN_PRIMARY` is never used
  --> src/native_terminal/sys/constants.rs:56:11
   |
56 | pub const GHOSTTY_TERMINAL_SCREEN_PRIMARY: c_int = 0;
   |           ^^^^^^^^^^^^^^^^^^^^^^^^^^^^^^^

warning: methods `synchronized_output_deadline`, `expire_synchronized_output`, and `finish_synchronized_output` are never used
   --> src/native_terminal/terminal.rs:169:19
    |
133 | impl NativeTerminal {
    | ------------------- methods in this implementation
...
169 |     pub(crate) fn synchronized_output_deadline(&self) -> Option<tokio::time::Instant> {
    |                   ^^^^^^^^^^^^^^^^^^^^^^^^^^^^
...
173 |     pub(crate) fn expire_synchronized_output(
    |                   ^^^^^^^^^^^^^^^^^^^^^^^^^^
...
184 |     pub(crate) fn finish_synchronized_output(&mut self) -> Result<(), NativeTerminalError> {
    |                   ^^^^^^^^^^^^^^^^^^^^^^^^^^

warning: method `wait_and_reap` is never used
   --> src/terminal/session.rs:270:19
    |
 61 | impl PtySession {
    | --------------- method in this implementation
...
270 |     pub(crate) fn wait_and_reap(&self) -> Result<Option<i32>, PtyError> {
    |                   ^^^^^^^^^^^^^

warning: function `with_local_worktree_budget` is never used
   --> src/worktree/git.rs:115:15
    |
115 | pub(crate) fn with_local_worktree_budget<T>(work: impl FnOnce() -> T) -> T {
    |               ^^^^^^^^^^^^^^^^^^^^^^^^^^

warning: struct `WriterLeaseGuard` is never constructed
  --> src/worktree/manager.rs:86:19
   |
86 | pub(crate) struct WriterLeaseGuard {
   |                   ^^^^^^^^^^^^^^^^

warning: associated items `new`, `canonical_path`, and `owner_id` are never used
   --> src/worktree/manager.rs:93:8
    |
 92 | impl WriterLeaseGuard {
    | --------------------- associated items in this implementation
 93 |     fn new(registry: WriterLeaseRegistry, canonical_path: PathBuf, owner_id: String) -> Self {
    |        ^^^
...
101 |     pub(crate) fn canonical_path(&self) -> &Path {
    |                   ^^^^^^^^^^^^^^
...
105 |     pub(crate) fn owner_id(&self) -> &str {
    |                   ^^^^^^^^

warning: method `acquire_writer_lease` is never used
   --> src/worktree/manager.rs:338:19
    |
134 | impl WorktreeManager {
    | -------------------- method in this implementation
...
338 |     pub(crate) fn acquire_writer_lease(
    |                   ^^^^^^^^^^^^^^^^^^^^

warning: `ferryx` (lib) generated 18 warnings (run `cargo fix --lib -p ferryx` to apply 2 suggestions)
error[E0618]: expected function, found `reqwest::Response`
  --> tests/machine_sessions.rs:80:22
   |
 6 | async fn response(request: reqwest::RequestBuilder, expected: u16) -> Value {
   | --------------------------------------------------------------------------- this function of the same name is available here, but it's shadowed by the local binding
...
68 |         let response = client.post(format!("http://{addr}/api/v1/sessions")).bearer_auth(&token).body(request.to_string()).send().await.u...
   |             -------- `response` has type `reqwest::Response`
...
80 |         let replay = response(client.post(&sessions_url).bearer_auth(&token).body(request.to_string()), 201).await;
   |                      ^^^^^^^^-------------------------------------------------------------------------------
   |                      |
   |                      call expression requires function

error[E0618]: expected function, found `reqwest::Response`
  --> tests/machine_sessions.rs:85:9
   |
 6 | async fn response(request: reqwest::RequestBuilder, expected: u16) -> Value {
   | --------------------------------------------------------------------------- this function of the same name is available here, but it's shadowed by the local binding
...
68 |         let response = client.post(format!("http://{addr}/api/v1/sessions")).bearer_auth(&token).body(request.to_string()).send().await.u...
   |             -------- `response` has type `reqwest::Response`
...
85 |         response(client.post(&sessions_url).bearer_auth(&token).body(changed.to_string()), 409).await;
   |         ^^^^^^^^-------------------------------------------------------------------------------
   |         |
   |         call expression requires function

error[E0618]: expected function, found `reqwest::Response`
  --> tests/machine_sessions.rs:86:25
   |
 6 | async fn response(request: reqwest::RequestBuilder, expected: u16) -> Value {
   | --------------------------------------------------------------------------- this function of the same name is available here, but it's shadowed by the local binding
...
68 |         let response = client.post(format!("http://{addr}/api/v1/sessions")).bearer_auth(&token).body(request.to_string()).send().await.unwrap();
   |             -------- `response` has type `reqwest::Response`
...
86 |         let operation = response(client.get(format!("http://{addr}/api/v1/workspace/operations/{}", request["requestId"].as_str().unwrap())).bearer_auth(&token), 200).aw...
   |                         ^^^^^^^^--------------------------------------------------------------------------------------------------------------------------------------
   |                         |
   |                         call expression requires function

error[E0618]: expected function, found `reqwest::Response`
  --> tests/machine_sessions.rs:89:22
   |
 6 |   async fn response(request: reqwest::RequestBuilder, expected: u16) -> Value {
   |   --------------------------------------------------------------------------- this function of the same name is available here, but it's shadowed by the local binding
...
68 |           let response = client.post(format!("http://{addr}/api/v1/sessions")).bearer_auth(&token).body(request.to_string()).send().await.u...
   |               -------- `response` has type `reqwest::Response`
...
89 |           let second = response(client.post(format!("http://{addr}/api/v1/workspace/projects")).bearer_auth(&token)
   |                        -^^^^^^^- help: consider using a semicolon here to finish the statement: `;`
   |  ______________________|
   | |
90 | |             .body(json!({"requestId":uuid::Uuid::new_v4().to_string(),"repoPath":root.path().join("second")}).to_string()), 201).await;
   | |________________________________________________________________________________________________________________________________- call expression requires function

error[E0618]: expected function, found `reqwest::Response`
  --> tests/machine_sessions.rs:92:30
   |
 6 | async fn response(request: reqwest::RequestBuilder, expected: u16) -> Value {
   | --------------------------------------------------------------------------- this function of the same name is available here, but it's shadowed by the local binding
...
68 |         let response = client.post(format!("http://{addr}/api/v1/sessions")).bearer_auth(&token).body(request.to_string()).send().await.u...
   |             -------- `response` has type `reqwest::Response`
...
92 |         let created_second = response(client.post(&sessions_url).bearer_auth(&token).body(second_request.to_string()), 201).await;
   |                              ^^^^^^^^--------------------------------------------------------------------------------------
   |                              |
   |                              call expression requires function

error[E0618]: expected function, found `reqwest::Response`
  --> tests/machine_sessions.rs:97:22
   |
 6 | async fn response(request: reqwest::RequestBuilder, expected: u16) -> Value {
   | --------------------------------------------------------------------------- this function of the same name is available here, but it's shadowed by the local binding
...
68 |         let response = client.post(format!("http://{addr}/api/v1/sessions")).bearer_auth(&token).body(request.to_string()).send().await.u...
   |             -------- `response` has type `reqwest::Response`
...
97 |         let listed = response(client.get(&sessions_url).bearer_auth(&token), 200).await;
   |                      ^^^^^^^^----------------------------------------------------
   |                      |
   |                      call expression requires function

error[E0618]: expected function, found `reqwest::Response`
   --> tests/machine_sessions.rs:100:22
    |
  6 | async fn response(request: reqwest::RequestBuilder, expected: u16) -> Value {
    | --------------------------------------------------------------------------- this function of the same name is available here, but it's shadowed by the local binding
...
 68 |         let response = client.post(format!("http://{addr}/api/v1/sessions")).bearer_auth(&token).body(request.to_string()).send().await.u...
    |             -------- `response` has type `reqwest::Response`
...
100 |         let mirror = response(client.get(&sessions_url).bearer_auth("mirror-token"), 200).await;
    |                      ^^^^^^^^------------------------------------------------------------
    |                      |
    |                      call expression requires function

error[E0618]: expected function, found `reqwest::Response`
   --> tests/machine_sessions.rs:102:9
    |
  6 | async fn response(request: reqwest::RequestBuilder, expected: u16) -> Value {
    | --------------------------------------------------------------------------- this function of the same name is available here, but it's shadowed by the local binding
...
 68 |         let response = client.post(format!("http://{addr}/api/v1/sessions")).bearer_auth(&token).body(request.to_string()).send().await.u...
    |             -------- `response` has type `reqwest::Response`
...
102 |         response(client.post(&sessions_url).bearer_auth("mirror-token").body(request.to_string()), 403).await;
    |         ^^^^^^^^---------------------------------------------------------------------------------------
    |         |
    |         call expression requires function

error[E0618]: expected function, found `reqwest::Response`
   --> tests/machine_sessions.rs:103:9
    |
  6 | async fn response(request: reqwest::RequestBuilder, expected: u16) -> Value {
    | --------------------------------------------------------------------------- this function of the same name is available here, but it's shadowed by the local binding
...
 68 |         let response = client.post(format!("http://{addr}/api/v1/sessions")).bearer_auth(&token).body(request.to_string()).send().await.u...
    |             -------- `response` has type `reqwest::Response`
...
103 |         response(client.get(format!("{sessions_url}/{id}")).bearer_auth("mirror-token"), 403).await;
    |         ^^^^^^^^-----------------------------------------------------------------------------
    |         |
    |         call expression requires function

error[E0618]: expected function, found `reqwest::Response`
   --> tests/machine_sessions.rs:104:9
    |
  6 | async fn response(request: reqwest::RequestBuilder, expected: u16) -> Value {
    | --------------------------------------------------------------------------- this function of the same name is available here, but it's shadowed by the local binding
...
 68 |         let response = client.post(format!("http://{addr}/api/v1/sessions")).bearer_auth(&token).body(request.to_string()).send().await.u...
    |             -------- `response` has type `reqwest::Response`
...
104 |         response(client.post(&sessions_url).body(request.to_string()), 401).await;
    |         ^^^^^^^^-----------------------------------------------------------
    |         |
    |         call expression requires function

error[E0618]: expected function, found `reqwest::Response`
   --> tests/machine_sessions.rs:105:9
    |
  6 | async fn response(request: reqwest::RequestBuilder, expected: u16) -> Value {
    | --------------------------------------------------------------------------- this function of the same name is available here, but it's shadowed by the local binding
...
 68 |         let response = client.post(format!("http://{addr}/api/v1/sessions")).bearer_auth(&token).body(request.to_string()).send().await.u...
    |             -------- `response` has type `reqwest::Response`
...
105 |         response(client.post(&sessions_url).bearer_auth(&token).body("x".repeat(65537)), 413).await;
    |         ^^^^^^^^-----------------------------------------------------------------------------
    |         |
    |         call expression requires function

error[E0618]: expected function, found `reqwest::Response`
   --> tests/machine_sessions.rs:108:13
    |
  6 | async fn response(request: reqwest::RequestBuilder, expected: u16) -> Value {
    | --------------------------------------------------------------------------- this function of the same name is available here, but it's shadowed by the local binding
...
 68 |         let response = client.post(format!("http://{addr}/api/v1/sessions")).bearer_auth(&token).body(request.to_string()).send().await.u...
    |             -------- `response` has type `reqwest::Response`
...
108 |             response(client.post(&sessions_url).bearer_auth(&token).body(invalid.to_string()), 400).await;
    |             ^^^^^^^^-------------------------------------------------------------------------------
    |             |
    |             call expression requires function

error[E0618]: expected function, found `reqwest::Response`
   --> tests/machine_sessions.rs:112:13
    |
  6 | async fn response(request: reqwest::RequestBuilder, expected: u16) -> Value {
    | --------------------------------------------------------------------------- this function of the same name is available here, but it's shadowed by the local binding
...
 68 |         let response = client.post(format!("http://{addr}/api/v1/sessions")).bearer_auth(&token).body(request.to_string()).send().await.u...
    |             -------- `response` has type `reqwest::Response`
...
112 |             response(client.post(&sessions_url).bearer_auth(&token).body(invalid.to_string()), 400).await;
    |             ^^^^^^^^-------------------------------------------------------------------------------
    |             |
    |             call expression requires function

error[E0618]: expected function, found `reqwest::Response`
   --> tests/machine_sessions.rs:115:9
    |
  6 | async fn response(request: reqwest::RequestBuilder, expected: u16) -> Value {
    | --------------------------------------------------------------------------- this function of the same name is available here, but it's shadowed by the local binding
...
 68 |         let response = client.post(format!("http://{addr}/api/v1/sessions")).bearer_auth(&token).body(request.to_string()).send().await.u...
    |             -------- `response` has type `reqwest::Response`
...
115 |         response(client.post(&sessions_url).bearer_auth(&token).body(invalid.to_string()), 409).await;
    |         ^^^^^^^^-------------------------------------------------------------------------------
    |         |
    |         call expression requires function

error[E0618]: expected function, found `reqwest::Response`
   --> tests/machine_sessions.rs:118:13
    |
  6 | async fn response(request: reqwest::RequestBuilder, expected: u16) -> Value {
    | --------------------------------------------------------------------------- this function of the same name is available here, but it's shadowed by the local binding
...
 68 |         let response = client.post(format!("http://{addr}/api/v1/sessions")).bearer_auth(&token).body(request.to_string()).send().await.u...
    |             -------- `response` has type `reqwest::Response`
...
118 |             response(client.post(&sessions_url).bearer_auth(&token).body(invalid.to_string()), 400).await;
    |             ^^^^^^^^-------------------------------------------------------------------------------
    |             |
    |             call expression requires function

error[E0618]: expected function, found `reqwest::Response`
   --> tests/machine_sessions.rs:122:9
    |
  6 | async fn response(request: reqwest::RequestBuilder, expected: u16) -> Value {
    | --------------------------------------------------------------------------- this function of the same name is available here, but it's shadowed by the local binding
...
 68 |         let response = client.post(format!("http://{addr}/api/v1/sessions")).bearer_auth(&token).body(request.to_string()).send().await.u...
    |             -------- `response` has type `reqwest::Response`
...
122 |         response(client.post(&sessions_url).bearer_auth(&token).body(unsupported.to_string()), 422).await;
    |         ^^^^^^^^-----------------------------------------------------------------------------------
    |         |
    |         call expression requires function

error[E0618]: expected function, found `reqwest::Response`
   --> tests/machine_sessions.rs:125:9
    |
  6 | async fn response(request: reqwest::RequestBuilder, expected: u16) -> Value {
    | --------------------------------------------------------------------------- this function of the same name is available here, but it's shadowed by the local binding
...
 68 |         let response = client.post(format!("http://{addr}/api/v1/sessions")).bearer_auth(&token).body(request.to_string()).send().await.u...
    |             -------- `response` has type `reqwest::Response`
...
125 |         response(client.delete(format!("{sessions_url}/{id}")).bearer_auth(&token).body(stale.to_string()), 409).await;
    |         ^^^^^^^^------------------------------------------------------------------------------------------------
    |         |
    |         call expression requires function

error[E0618]: expected function, found `reqwest::Response`
   --> tests/machine_sessions.rs:126:9
    |
  6 | async fn response(request: reqwest::RequestBuilder, expected: u16) -> Value {
    | --------------------------------------------------------------------------- this function of the same name is available here, but it's shadowed by the local binding
...
 68 |         let response = client.post(format!("http://{addr}/api/v1/sessions")).bearer_auth(&token).body(request.to_string()).send().await.u...
    |             -------- `response` has type `reqwest::Response`
...
126 |         response(client.delete(format!("{sessions_url}/{id}")).bearer_auth("other-token").body(close.to_string()), 409).await;
    |         ^^^^^^^^-------------------------------------------------------------------------------------------------------
    |         |
    |         call expression requires function

error[E0618]: expected function, found `reqwest::Response`
   --> tests/machine_sessions.rs:128:9
    |
  6 | async fn response(request: reqwest::RequestBuilder, expected: u16) -> Value {
    | --------------------------------------------------------------------------- this function of the same name is available here, but it's shadowed by the local binding
...
 68 |         let response = client.post(format!("http://{addr}/api/v1/sessions")).bearer_auth(&token).body(request.to_string()).send().await.u...
    |             -------- `response` has type `reqwest::Response`
...
128 |         response(client.delete(format!("{sessions_url}/{id}")).bearer_auth(&token).body(close.to_string()), 204).await;
    |         ^^^^^^^^------------------------------------------------------------------------------------------------
    |         |
    |         call expression requires function

error[E0618]: expected function, found `reqwest::Response`
   --> tests/machine_sessions.rs:131:9
    |
  6 | async fn response(request: reqwest::RequestBuilder, expected: u16) -> Value {
    | --------------------------------------------------------------------------- this function of the same name is available here, but it's shadowed by the local binding
...
 68 |         let response = client.post(format!("http://{addr}/api/v1/sessions")).bearer_auth(&token).body(request.to_string()).send().await.u...
    |             -------- `response` has type `reqwest::Response`
...
131 |         response(client.delete(format!("{sessions_url}/{id}")).bearer_auth(&token).body(close.to_string()), 204).await;
    |         ^^^^^^^^------------------------------------------------------------------------------------------------
    |         |
    |         call expression requires function

error[E0618]: expected function, found `reqwest::Response`
   --> tests/machine_sessions.rs:132:22
    |
  6 | async fn response(request: reqwest::RequestBuilder, expected: u16) -> Value {
    | --------------------------------------------------------------------------- this function of the same name is available here, but it's shadowed by the local binding
...
 68 |         let response = client.post(format!("http://{addr}/api/v1/sessions")).bearer_auth(&token).body(request.to_string()).send().await.u...
    |             -------- `response` has type `reqwest::Response`
...
132 |         let detail = response(client.get(format!("{sessions_url}/{id}")).bearer_auth(&token), 200).await;
    |                      ^^^^^^^^---------------------------------------------------------------------
    |                      |
    |                      call expression requires function

error[E0618]: expected function, found `reqwest::Response`
   --> tests/machine_sessions.rs:136:9
    |
  6 |   async fn response(request: reqwest::RequestBuilder, expected: u16) -> Value {
    |   --------------------------------------------------------------------------- this function of the same name is available here, but it's shadowed by the local binding
...
 68 |           let response = client.post(format!("http://{addr}/api/v1/sessions")).bearer_auth(&token).body(request.to_string()).send().await.u...
    |               -------- `response` has type `reqwest::Response`
...
136 |           response(client.delete(format!("{sessions_url}/{second_id}")).bearer_auth(&token)
    |           -^^^^^^^- help: consider using a semicolon here to finish the statement: `;`
    |  _________|
    | |
137 | |             .body(json!({"requestId":uuid::Uuid::new_v4().to_string(),"daemonEpoch":epoch}).to_string()), 204).await;
    | |______________________________________________________________________________________________________________- call expression requires function

For more information about this error, try `rustc --explain E0618`.
error: could not compile `ferryx` (test "machine_sessions") due to 22 previous errors
warning: build failed, waiting for other jobs to finish...
