   Compiling ferryx v2026.908.1 (/Users/indo/code/project/orca-lite-wt/herdr-resume-01a097f8/src-tauri)
warning: unused import: `Manager`
  --> src/ipc/notifications.rs:21:24
   |
21 | use tauri::{AppHandle, Manager, Runtime, State};
   |                        ^^^^^^^
   |
   = note: `#[warn(unused_imports)]` (part of `#[warn(unused)]`) on by default

warning: variable does not need to be mutable
    --> src/remote/server.rs:1237:31
     |
1237 |     let (session, attachment, mut lease) = while_device_authorized(&mut revoked,
     |                               ----^^^^^
     |                               |
     |                               help: remove this `mut`
     |
     = note: `#[warn(unused_mut)]` (part of `#[warn(unused)]`) on by default

warning: unnecessary `unsafe` block
  --> src/macos_file_drop.rs:79:28
   |
79 |             let location = unsafe { info.draggingLocation() };
   |                            ^^^^^^ unnecessary `unsafe` block
   |
   = note: `#[warn(unused_unsafe)]` (part of `#[warn(unused)]`) on by default

warning: unnecessary `unsafe` block
  --> src/macos_file_drop.rs:80:25
   |
80 |             let point = unsafe { self.convertPoint_fromView(location, None) };
   |                         ^^^^^^ unnecessary `unsafe` block

warning: unnecessary `unsafe` block
   --> src/macos_file_drop.rs:102:46
    |
102 |     let pasteboard: Retained<NSPasteboard> = unsafe { info.draggingPasteboard() };
    |                                              ^^^^^^ unnecessary `unsafe` block

warning: unnecessary `unsafe` block
   --> src/macos_file_drop.rs:105:25
    |
105 |     if let Some(list) = unsafe { pasteboard.propertyListForType(&legacy) } {
    |                         ^^^^^^ unnecessary `unsafe` block

warning: unnecessary `unsafe` block
   --> src/macos_file_drop.rs:122:25
    |
122 |     if let Some(text) = unsafe { pasteboard.stringForType(file_url_type) } {
    |                         ^^^^^^ unnecessary `unsafe` block

warning: unnecessary `unsafe` block
   --> src/macos_file_drop.rs:123:28
    |
123 |         if let Some(url) = unsafe { NSURL::URLWithString(&text) } {
    |                            ^^^^^^ unnecessary `unsafe` block

warning: unnecessary `unsafe` block
   --> src/macos_file_drop.rs:124:33
    |
124 |             if let Some(path) = unsafe { url.path() } {
    |                                 ^^^^^^ unnecessary `unsafe` block

warning: unnecessary `unsafe` block
   --> src/macos_file_drop.rs:169:5
    |
169 |     unsafe { view.registerForDraggedTypes(&types) };
    |     ^^^^^^ unnecessary `unsafe` block

warning: unused variable: `scroll_daemon_client`
   --> src/lib.rs:915:9
    |
915 |     let scroll_daemon_client = Arc::clone(&daemon_client);
    |         ^^^^^^^^^^^^^^^^^^^^ help: if this is intentional, prefix it with an underscore: `_scroll_daemon_client`
    |
    = note: `#[warn(unused_variables)]` (part of `#[warn(unused)]`) on by default

warning: field `app` is never read
  --> src/ipc/notifications.rs:28:5
   |
27 | pub struct TauriNotificationBackend<R: Runtime> {
   |            ------------------------ field in this struct
28 |     app: AppHandle<R>,
   |     ^^^
   |
   = note: `#[warn(dead_code)]` (part of `#[warn(unused)]`) on by default

warning: constant `GHOSTTY_TERMINAL_SCREEN_PRIMARY` is never used
  --> src/native_terminal/sys/constants.rs:56:11
   |
56 | pub const GHOSTTY_TERMINAL_SCREEN_PRIMARY: c_int = 0;
   |           ^^^^^^^^^^^^^^^^^^^^^^^^^^^^^^^

warning: methods `synchronized_output_deadline`, `expire_synchronized_output`, and `finish_synchronized_output` are never used
   --> src/native_terminal/terminal.rs:169:19
    |
133 | impl NativeTerminal {
    | ------------------- methods in this implementation
...
169 |     pub(crate) fn synchronized_output_deadline(&self) -> Option<tokio::time::Instant> {
    |                   ^^^^^^^^^^^^^^^^^^^^^^^^^^^^
...
173 |     pub(crate) fn expire_synchronized_output(
    |                   ^^^^^^^^^^^^^^^^^^^^^^^^^^
...
184 |     pub(crate) fn finish_synchronized_output(&mut self) -> Result<(), NativeTerminalError> {
    |                   ^^^^^^^^^^^^^^^^^^^^^^^^^^

warning: method `wait_and_reap` is never used
   --> src/terminal/session.rs:270:19
    |
 61 | impl PtySession {
    | --------------- method in this implementation
...
270 |     pub(crate) fn wait_and_reap(&self) -> Result<Option<i32>, PtyError> {
    |                   ^^^^^^^^^^^^^

warning: function `with_local_worktree_budget` is never used
   --> src/worktree/git.rs:115:15
    |
115 | pub(crate) fn with_local_worktree_budget<T>(work: impl FnOnce() -> T) -> T {
    |               ^^^^^^^^^^^^^^^^^^^^^^^^^^

warning: struct `WriterLeaseGuard` is never constructed
  --> src/worktree/manager.rs:86:19
   |
86 | pub(crate) struct WriterLeaseGuard {
   |                   ^^^^^^^^^^^^^^^^

warning: associated items `new`, `canonical_path`, and `owner_id` are never used
   --> src/worktree/manager.rs:93:8
    |
 92 | impl WriterLeaseGuard {
    | --------------------- associated items in this implementation
 93 |     fn new(registry: WriterLeaseRegistry, canonical_path: PathBuf, owner_id: String) -> Self {
    |        ^^^
...
101 |     pub(crate) fn canonical_path(&self) -> &Path {
    |                   ^^^^^^^^^^^^^^
...
105 |     pub(crate) fn owner_id(&self) -> &str {
    |                   ^^^^^^^^

warning: method `acquire_writer_lease` is never used
   --> src/worktree/manager.rs:338:19
    |
134 | impl WorktreeManager {
    | -------------------- method in this implementation
...
338 |     pub(crate) fn acquire_writer_lease(
    |                   ^^^^^^^^^^^^^^^^^^^^

warning: `ferryx` (lib) generated 19 warnings (run `cargo fix --lib -p ferryx` to apply 3 suggestions)
    Finished `test` profile [unoptimized] target(s) in 22.09s
     Running tests/machine_sessions.rs (src-tauri/target/debug/deps/machine_sessions-2563e0ceaac4adbb)

running 1 test
A09 native shell resolver session=65891297-08c4-440d-8ed8-438e72a75abb shell=/bin/zsh
A09 shell session=65891297-08c4-440d-8ed8-438e72a75abb pid=87415 cwd=/private/tmp/a10-green.K1p0wP/tmp/.tmpjqszIr/project
A09 native shell resolver session=65891297-08c4-440d-8ed8-438e72a75abb shell=/bin/zsh
A09 shell session=65891297-08c4-440d-8ed8-438e72a75abb pid=87415 cwd=/private/tmp/a10-green.K1p0wP/tmp/.tmpjqszIr/project
A09 native shell resolver session=d301b2d2-e789-4332-a501-3f2c4d8ae0a4 shell=/bin/zsh
A09 shell session=d301b2d2-e789-4332-a501-3f2c4d8ae0a4 pid=87586 cwd=/private/tmp/a10-green.K1p0wP/tmp/.tmpjqszIr/second
A09 native shell resolver session=0df75cbf-4196-4d0d-b1d9-13662153575e shell=/bin/zsh
A09 shell session=0df75cbf-4196-4d0d-b1d9-13662153575e pid=87773 cwd=/private/tmp/a10-green.K1p0wP/tmp/.tmpjqszIr/second/.orca-worktrees/project-1338b7e0c1394fd7a17b1d93928dc5ef/a09
A09 native shell resolver session=99599d30-9b84-4dcc-919e-dbd31727eec8 shell=/bin/zsh
A09 shell session=99599d30-9b84-4dcc-919e-dbd31727eec8 pid=87869 cwd=/private/tmp/a10-green.K1p0wP/tmp/.tmpjqszIr/project/nested
A09 native shell resolver session=867f72c6-a0ea-4c82-acf9-fe997f62e7e8 shell=/bin/zsh
A09 shell session=867f72c6-a0ea-4c82-acf9-fe997f62e7e8 pid=87886 cwd=/private/tmp/a10-green.K1p0wP/tmp/.tmpjqszIr/project/nested
A09 native shell resolver session=d301b2d2-e789-4332-a501-3f2c4d8ae0a4 shell=/bin/zsh
A09 shell session=d301b2d2-e789-4332-a501-3f2c4d8ae0a4 pid=87586 cwd=/private/tmp/a10-green.K1p0wP/tmp/.tmpjqszIr/second
A09 HTTP replay=same-target same-PID=true changed-digest=409 two-roots=true close=reaped epoch=1789261083356
A09 cleanup: private listener joined; owned sessions closed; private root removed
test machine_session_creation_uses_owner ... ok

test result: ok. 1 passed; 0 failed; 0 ignored; 0 measured; 0 filtered out; finished in 26.73s

     Running tests/machine_terminal_stream.rs (src-tauri/target/debug/deps/machine_terminal_stream-075b1a2f4f6c9b40)

running 1 test

thread 'machine_streams_use_original_owner_and_ignore_mirror_focus' (859022) panicked at tests/machine_terminal_stream.rs:32:93:
machine socket must attach independently of mirror selection: Http(Response { status: 409, version: HTTP/1.1, headers: {"content-type": "text/plain; charset=utf-8", "access-control-allow-origin": "*", "content-length": "25", "date": "Sun, 13 Sep 2026 00:58:31 GMT"}, body: Some([83, 69, 83, 83, 73, 79, 78, 95, 79, 87, 78, 69, 82, 83, 72, 73, 80, 95, 67, 72, 65, 78, 71, 69, 68]) })
note: run with `RUST_BACKTRACE=1` environment variable to display a backtrace
A10 cleanup reaped session=3f45953f-0c00-49aa-ab40-9a876d4b0901 pid=None
A10 cleanup reaped session=69ceb780-713b-4605-847f-1cdfdb4cf2fa pid=None
A10 cleanup listener joined/refused; original PTYs reaped; private root removed
test machine_streams_use_original_owner_and_ignore_mirror_focus ... FAILED

failures:

failures:
    machine_streams_use_original_owner_and_ignore_mirror_focus

test result: FAILED. 0 passed; 1 failed; 0 ignored; 0 measured; 0 filtered out; finished in 2.53s

error: test failed, to rerun pass `--test machine_terminal_stream`

command exit=101
supervisor removed=/tmp/a10-green.K1p0wP
