Supervisor SSH timeout180s
 73 | impl PtySession {
    | --------------- methods in this implementation
...
153 |     pub(crate) fn begin_closing(&self) -> bool {
    |                   ^^^^^^^^^^^^^
...
166 |     pub(crate) fn mark_exited(&self, code: Option<i32>) {
    |                   ^^^^^^^^^^^
...
170 |     pub(crate) fn mark_failed(&self, reason: impl Into<String>) {
    |                   ^^^^^^^^^^^
...
389 |     pub(crate) fn output_receiver_closed(&self) -> bool {
    |                   ^^^^^^^^^^^^^^^^^^^^^^
    |
    = note: `#[warn(dead_code)]` (part of `#[warn(unused)]`) on by default

warning: `ferryx-pty-input-native-proof` (test "native") generated 1 warning
    Finished `test` profile [unoptimized] target(s) in 0.98s
     Running native.rs (target\debug\deps\native-fd513a3ee92bde05.exe)

running 2 tests
test child ... ok
PTY_OUTPUT "\u{1b}[6n"
PTY_OUTPUT "\u{1b}[?9001h\u{1b}[?1004h"
PTY_OUTPUT "\u{1b}[m\u{1b}]0;C:\\Users\\sook\\ferryx-a10-input-01a0983c\\target\\debug\\deps\\native-fd513a3ee92bde05.exe\u{7}\u{1b}[?25h"
PTY_OUTPUT "\r\nrunning 1 test\r\n"
SATURATED pid=20056 accepted=8400896 cwd=C:\Users\sook\ferryx-a10-input-01a0983c\home
test native_saturation_drop_and_deadline has been running for over 60 seconds
PTY_OUTPUT "test child has been running for over 60 seconds\r\n"


ProcessId       : 24416
ParentProcessId : 19108
ExecutablePath  : C:\Users\sook\ferryx-a10-input-01a0983c\target\debug\deps\native-fd513a3ee92bde05.exe

ProcessId       : 20056
ParentProcessId : 24416
ExecutablePath  : C:\Users\sook\ferryx-a10-input-01a0983c\target\debug\deps\native-fd513a3ee92bde05.exe



#< CLIXML
<Objs Version="1.1.0.1" xmlns="http://schemas.microsoft.com/powershell/2004/04"><Obj S="progress" RefId="0"><TN RefId="0"><T>System.Management.Automation.PSCustomObject</T><T>System.Object</T></TN><MS><I64 N="SourceId">1</I64><PR N="Record"><AV>Preparing modules for first use.</AV><AI>0</AI><Nil /><PI>-1</PI><PC>-1</PC><T>Completed</T><SR>-1</SR><SD> </SD></PR></MS></Obj><Obj S="progress" RefId="1"><TNRef RefId="0" /><MS><I64 N="SourceId">2</I64><PR N="Record"><AV>Preparing modules for first use.</AV><AI>0</AI><Nil /><PI>-1</PI><PC>-1</PC><T>Completed</T><SR>-1</SR><SD> </SD></PR></MS></Obj><Obj S="progress" RefId="2"><TNRef RefId="0" /><MS><I64 N="SourceId">1</I64><PR N="Record"><AV>Preparing modules for first use.</AV><AI>0</AI><Nil /><PI>-1</PI><PC>-1</PC><T>Completed</T><SR>-1</SR><SD> </SD></PR></MS></Obj></Objs>