warning: unused import: `Manager`
  --> src/ipc/notifications.rs:21:24
   |
21 | use tauri::{AppHandle, Manager, Runtime, State};
   |                        ^^^^^^^
   |
   = note: `#[warn(unused_imports)]` (part of `#[warn(unused)]`) on by default

warning: unnecessary `unsafe` block
  --> src/macos_file_drop.rs:79:28
   |
79 |             let location = unsafe { info.draggingLocation() };
   |                            ^^^^^^ unnecessary `unsafe` block
   |
   = note: `#[warn(unused_unsafe)]` (part of `#[warn(unused)]`) on by default

warning: unnecessary `unsafe` block
  --> src/macos_file_drop.rs:80:25
   |
80 |             let point = unsafe { self.convertPoint_fromView(location, None) };
   |                         ^^^^^^ unnecessary `unsafe` block

warning: unnecessary `unsafe` block
   --> src/macos_file_drop.rs:102:46
    |
102 |     let pasteboard: Retained<NSPasteboard> = unsafe { info.draggingPasteboard() };
    |                                              ^^^^^^ unnecessary `unsafe` block

warning: unnecessary `unsafe` block
   --> src/macos_file_drop.rs:105:25
    |
105 |     if let Some(list) = unsafe { pasteboard.propertyListForType(&legacy) } {
    |                         ^^^^^^ unnecessary `unsafe` block

warning: unnecessary `unsafe` block
   --> src/macos_file_drop.rs:122:25
    |
122 |     if let Some(text) = unsafe { pasteboard.stringForType(file_url_type) } {
    |                         ^^^^^^ unnecessary `unsafe` block

warning: unnecessary `unsafe` block
   --> src/macos_file_drop.rs:123:28
    |
123 |         if let Some(url) = unsafe { NSURL::URLWithString(&text) } {
    |                            ^^^^^^ unnecessary `unsafe` block

warning: unnecessary `unsafe` block
   --> src/macos_file_drop.rs:124:33
    |
124 |             if let Some(path) = unsafe { url.path() } {
    |                                 ^^^^^^ unnecessary `unsafe` block

warning: unnecessary `unsafe` block
   --> src/macos_file_drop.rs:169:5
    |
169 |     unsafe { view.registerForDraggedTypes(&types) };
    |     ^^^^^^ unnecessary `unsafe` block

warning: unused variable: `scroll_daemon_client`
   --> src/lib.rs:915:9
    |
915 |     let scroll_daemon_client = Arc::clone(&daemon_client);
    |         ^^^^^^^^^^^^^^^^^^^^ help: if this is intentional, prefix it with an underscore: `_scroll_daemon_client`
    |
    = note: `#[warn(unused_variables)]` (part of `#[warn(unused)]`) on by default

warning: method `machine_sessions` is never used
   --> src/daemon/session_service.rs:345:19
    |
221 | impl DaemonSessionService {
    | ------------------------- method in this implementation
...
345 |     pub(crate) fn machine_sessions(&self, epoch: crate::scoped_contracts::Epoch) -> Result<crate::remote::machine_protocol::Sessions, Str...
    |                   ^^^^^^^^^^^^^^^^
    |
    = note: `#[warn(dead_code)]` (part of `#[warn(unused)]`) on by default

warning: field `app` is never read
  --> src/ipc/notifications.rs:28:5
   |
27 | pub struct TauriNotificationBackend<R: Runtime> {
   |            ------------------------ field in this struct
28 |     app: AppHandle<R>,
   |     ^^^

warning: constant `GHOSTTY_TERMINAL_SCREEN_PRIMARY` is never used
  --> src/native_terminal/sys/constants.rs:56:11
   |
56 | pub const GHOSTTY_TERMINAL_SCREEN_PRIMARY: c_int = 0;
   |           ^^^^^^^^^^^^^^^^^^^^^^^^^^^^^^^

warning: methods `synchronized_output_deadline`, `expire_synchronized_output`, and `finish_synchronized_output` are never used
   --> src/native_terminal/terminal.rs:169:19
    |
133 | impl NativeTerminal {
    | ------------------- methods in this implementation
...
169 |     pub(crate) fn synchronized_output_deadline(&self) -> Option<tokio::time::Instant> {
    |                   ^^^^^^^^^^^^^^^^^^^^^^^^^^^^
...
173 |     pub(crate) fn expire_synchronized_output(
    |                   ^^^^^^^^^^^^^^^^^^^^^^^^^^
...
184 |     pub(crate) fn finish_synchronized_output(&mut self) -> Result<(), NativeTerminalError> {
    |                   ^^^^^^^^^^^^^^^^^^^^^^^^^^

warning: method `wait_and_reap` is never used
   --> src/terminal/session.rs:364:19
    |
 73 | impl PtySession {
    | --------------- method in this implementation
...
364 |     pub(crate) fn wait_and_reap(&self) -> Result<Option<i32>, PtyError> {
    |                   ^^^^^^^^^^^^^

warning: function `with_local_worktree_budget` is never used
   --> src/worktree/git.rs:115:15
    |
115 | pub(crate) fn with_local_worktree_budget<T>(work: impl FnOnce() -> T) -> T {
    |               ^^^^^^^^^^^^^^^^^^^^^^^^^^

warning: struct `WriterLeaseGuard` is never constructed
  --> src/worktree/manager.rs:86:19
   |
86 | pub(crate) struct WriterLeaseGuard {
   |                   ^^^^^^^^^^^^^^^^

warning: associated items `new`, `canonical_path`, and `owner_id` are never used
   --> src/worktree/manager.rs:93:8
    |
 92 | impl WriterLeaseGuard {
    | --------------------- associated items in this implementation
 93 |     fn new(registry: WriterLeaseRegistry, canonical_path: PathBuf, owner_id: String) -> Self {
    |        ^^^
...
101 |     pub(crate) fn canonical_path(&self) -> &Path {
    |                   ^^^^^^^^^^^^^^
...
105 |     pub(crate) fn owner_id(&self) -> &str {
    |                   ^^^^^^^^

warning: method `acquire_writer_lease` is never used
   --> src/worktree/manager.rs:338:19
    |
134 | impl WorktreeManager {
    | -------------------- method in this implementation
...
338 |     pub(crate) fn acquire_writer_lease(
    |                   ^^^^^^^^^^^^^^^^^^^^

warning: `ferryx` (lib) generated 19 warnings (run `cargo fix --lib -p ferryx` to apply 2 suggestions)
   Compiling ferryx v2026.908.1 (/Users/indo/code/project/orca-lite-wt/herdr-resume-01a097f8/src-tauri)
    Finished `test` profile [unoptimized] target(s) in 3.16s
     Running tests/daemon_handover_contract.rs (src-tauri/target/debug/deps/daemon_handover_contract-f635b88b30e6ab09)

running 5 tests
test machine_retirement::final_machine_close_is_durable_before_predecessor_retires ... V02 launched owned PID 54310 handover=false root /tmp/fx-v02-ARw9XF
V02 owned shell PID 54343 session 63a43b32-490f-4263-bd25-82fc905e10e2 daemon PID 54310 root /tmp/fx-v02-ARw9XF
V02 launched owned PID 54346 handover=true root /tmp/fx-v02-ARw9XF
RETIREMENT durable close request=f6db2549-17fe-4289-a3d9-fc88d39038c0 status204=true state=completed outcome=noContent owner=54310 shell=54343
RETIREMENT final assertion predecessor=54310 replacement=54346 shell=54343 close204=true durable_operation=f6db2549-17fe-4289-a3d9-fc88d39038c0 predecessor_reaped=exit status: 0
V02 reaped owned PID 54310 (exit status: 0) root /tmp/fx-v02-ARw9XF
V02 readiness receiver dropped
V02 reaped owned PID 54346 (signal: 9 (SIGKILL)) root /tmp/fx-v02-ARw9XF
RETIREMENT cleanup children_reaped=true drains_joined=true listeners_closed=true root_removed=/tmp/fx-v02-ARw9XF
ok
test test_owned_children_cleanup_on_error_and_panic ... V02 launched owned PID 54361 handover=false root /tmp/fx-v02-w942Xu
V02 owned shell PID 54372 session 0551e284-d52d-4434-a14b-2fccb0f522b0 daemon PID 54361 root /tmp/fx-v02-w942Xu
V02 launched owned PID 54373 handover=true root /tmp/fx-v02-w942Xu
V02 owned shell PID 54379 session ccd3beca-df33-424d-a791-3b001bb102e0 daemon PID 54373 root /tmp/fx-v02-w942Xu
V02 closed PTY 0551e284-d52d-4434-a14b-2fccb0f522b0 via owned PID 54361 at /tmp/fx-v02-w942Xu/runtime/legacy-54361-1789269022134.sock
V02 closed PTY ccd3beca-df33-424d-a791-3b001bb102e0 via owned PID 54373 at /tmp/fx-v02-w942Xu/runtime/daemon.sock
V02 reaped owned PID 54361 (exit status: 0) root /tmp/fx-v02-w942Xu
V02 readiness receiver dropped
V02 reaped owned PID 54373 (signal: 9 (SIGKILL)) root /tmp/fx-v02-w942Xu
V02 confirmed absent owned PID 54361 root /tmp/fx-v02-w942Xu
V02 confirmed absent owned PID 54373 root /tmp/fx-v02-w942Xu
V02 confirmed absent owned PID 54372 root /tmp/fx-v02-w942Xu
V02 confirmed absent owned PID 54379 root /tmp/fx-v02-w942Xu
V02 launched owned PID 54390 handover=false root /tmp/fx-v02-DZV8WT
V02 owned shell PID 54401 session 4254dd5a-96e2-4b3b-8fb8-2c764dd66d3d daemon PID 54390 root /tmp/fx-v02-DZV8WT
V02 launched owned PID 54402 handover=true root /tmp/fx-v02-DZV8WT
V02 owned shell PID 54408 session 46f6515a-f978-4d7b-bb80-163d60051fcc daemon PID 54402 root /tmp/fx-v02-DZV8WT

thread 'test_owned_children_cleanup_on_error_and_panic' (1669851) panicked at tests/daemon_handover_contract.rs:806:21:
V02 intentional owned-child cleanup proof
note: run with `RUST_BACKTRACE=1` environment variable to display a backtrace
V02 closed PTY 4254dd5a-96e2-4b3b-8fb8-2c764dd66d3d via owned PID 54390 at /tmp/fx-v02-DZV8WT/runtime/legacy-54390-1789269024486.sock
V02 closed PTY 46f6515a-f978-4d7b-bb80-163d60051fcc via owned PID 54402 at /tmp/fx-v02-DZV8WT/runtime/daemon.sock
V02 reaped owned PID 54390 (exit status: 0) root /tmp/fx-v02-DZV8WT
V02 readiness receiver dropped
V02 reaped owned PID 54402 (signal: 9 (SIGKILL)) root /tmp/fx-v02-DZV8WT
V02 confirmed absent owned PID 54390 root /tmp/fx-v02-DZV8WT
V02 confirmed absent owned PID 54402 root /tmp/fx-v02-DZV8WT
V02 confirmed absent owned PID 54401 root /tmp/fx-v02-DZV8WT
V02 confirmed absent owned PID 54408 root /tmp/fx-v02-DZV8WT
ok
test test_private_daemon_command_safety ... ok
test test_rolling_handover_prepare_abort_rollback ... V02 launched owned PID 54418 handover=false root /tmp/fx-v02-4WLfzM
V02 reaped owned PID 54418 (signal: 9 (SIGKILL)) root /tmp/fx-v02-4WLfzM
ok
test test_rolling_handover_two_daemon_lifecycle ... V02 launched owned PID 54419 handover=false root /tmp/fx-v02-3gxmFx
V02 launched owned PID 54431 handover=true root /tmp/fx-v02-3gxmFx
V02 reaped owned PID 54419 (exit status: 0) root /tmp/fx-v02-3gxmFx
V02 readiness receiver dropped
V02 reaped owned PID 54431 (signal: 9 (SIGKILL)) root /tmp/fx-v02-3gxmFx
ok

test result: ok. 5 passed; 0 failed; 0 ignored; 0 measured; 0 filtered out; finished in 14.22s

     Running tests/machine_sessions.rs (src-tauri/target/debug/deps/machine_sessions-df6ae9a44dc4635b)

running 1 test
test machine_session_creation_uses_owner ... A09 native shell resolver session=a807b026-0ad2-42c0-9b13-9dc7cf5c2d2b shell=/bin/zsh
A09 shell session=a807b026-0ad2-42c0-9b13-9dc7cf5c2d2b pid=54547 cwd=/private/tmp/a10-owner-aggregate.d0LLBj/tmp/.tmpEmRP6V/project
A09 native shell resolver session=a807b026-0ad2-42c0-9b13-9dc7cf5c2d2b shell=/bin/zsh
A09 shell session=a807b026-0ad2-42c0-9b13-9dc7cf5c2d2b pid=54547 cwd=/private/tmp/a10-owner-aggregate.d0LLBj/tmp/.tmpEmRP6V/project
A09 native shell resolver session=b8c25f39-fb2d-4497-a0c7-cb5ac1e88b37 shell=/bin/zsh
A09 shell session=b8c25f39-fb2d-4497-a0c7-cb5ac1e88b37 pid=54718 cwd=/private/tmp/a10-owner-aggregate.d0LLBj/tmp/.tmpEmRP6V/second
A09 native shell resolver session=144067cf-41d3-43e8-b662-0dfd8c6fa0f7 shell=/bin/zsh
A09 shell session=144067cf-41d3-43e8-b662-0dfd8c6fa0f7 pid=54914 cwd=/private/tmp/a10-owner-aggregate.d0LLBj/tmp/.tmpEmRP6V/second/.orca-worktrees/project-a9a07171d7df43af841440a249081ec2/a09
A09 native shell resolver session=c1332881-c60c-446a-a9b4-2e733f4362f6 shell=/bin/zsh
A09 shell session=c1332881-c60c-446a-a9b4-2e733f4362f6 pid=55023 cwd=/private/tmp/a10-owner-aggregate.d0LLBj/tmp/.tmpEmRP6V/project/nested
A09 native shell resolver session=85c1c8cb-43a2-4f9a-acdd-622ae499c652 shell=/bin/zsh
A09 shell session=85c1c8cb-43a2-4f9a-acdd-622ae499c652 pid=55040 cwd=/private/tmp/a10-owner-aggregate.d0LLBj/tmp/.tmpEmRP6V/project/nested
A09 native shell resolver session=b8c25f39-fb2d-4497-a0c7-cb5ac1e88b37 shell=/bin/zsh
A09 shell session=b8c25f39-fb2d-4497-a0c7-cb5ac1e88b37 pid=54718 cwd=/private/tmp/a10-owner-aggregate.d0LLBj/tmp/.tmpEmRP6V/second
A09 HTTP replay=same-target same-PID=true changed-digest=409 two-roots=true close=reaped epoch=1789269029934
A09 cleanup: private listener joined; owned sessions closed; private root removed
ok

test result: ok. 1 passed; 0 failed; 0 ignored; 0 measured; 0 filtered out; finished in 26.39s

     Running tests/pty_input_cancellation.rs (src-tauri/target/debug/deps/pty_input_cancellation-3d24a03e6b0e896e)

running 3 tests
test input_child ... ok
test saturated_production_input_is_cancellable ... A10 saturation original_pid=55112 cwd=/tmp/a10-owner-aggregate.d0LLBj/tmp/.tmpA8bp1E accepted=1022 received=1023
A10 input cleanup: original child reaped, output drain joined, root removed
ok
test spawn_without_runtime_returns_error_without_registering_session ... ok

test result: ok. 3 passed; 0 failed; 0 ignored; 0 measured; 0 filtered out; finished in 0.06s

     Running tests/pty_receiver_cleanup.rs (src-tauri/target/debug/deps/pty_receiver_cleanup-c825016c2ac940da)

running 3 tests
test dropped_sole_receiver_closes_and_reaps_continuous_writer ... A10_RECEIVER_OWNED pid=55120 session=ef52a215-4213-4173-a277-551cc16a6d5b injected=false
A10_RECEIVER_CLOSE pid=55120 injected=false result=Ok(Ok(())) state=Exited { code: Some(1) } reaped=true reader_finished=true
A10_RECEIVER_CLEANUP pid=55120 injected=false root_removed=true production_reaped=true reader_finished=true
ok
test injected_failure_after_receiver_drop_still_reaps_owned_writer ... A10_RECEIVER_OWNED pid=55129 session=30e774bf-0f34-45a2-a5c6-bfd644880e8b injected=true

thread 'injected_failure_after_receiver_drop_still_reaps_owned_writer' (1672003) panicked at tests/pty_receiver_cleanup.rs:102:17:
Box<dyn Any>
note: run with `RUST_BACKTRACE=1` environment variable to display a backtrace
A10_RECEIVER_CLOSE pid=55129 injected=true result=Ok(Ok(())) state=Exited { code: Some(1) } reaped=true reader_finished=true
A10_RECEIVER_CLEANUP pid=55129 injected=true root_removed=true production_reaped=true reader_finished=true
A10_RECEIVER_INJECTED_FAILURE_ACCEPTED pid=55129
ok
test writing_child ... ok

test result: ok. 3 passed; 0 failed; 0 ignored; 0 measured; 0 filtered out; finished in 1.27s

     Running tests/relay_pairing_generation_regression.rs (src-tauri/target/debug/deps/relay_pairing_generation_regression-29cacc516dd18674)

running 8 tests
test a11_joint_machine_relay_runtime ... A11 lost real TCP reply after completed201; operation lookup recovered target={"daemonEpoch":"1789269059301","machineId":"4da56b19-276b-4a38-9f8f-b6e5e11048c8","sessionId":"8331c75b-0998-47d3-9add-f98626a62384"}
A11 second-root original pid=55269 cwd=/private/tmp/a10-owner-aggregate.d0LLBj/tmp/.tmpmMAiHe/second-root epoch=1789269059301
A11 relay-only executed proof pid=55210 cwd=/private/tmp/a10-owner-aggregate.d0LLBj/tmp/.tmpmMAiHe/project %2F space target={"daemonEpoch":"1789269059301","machineId":"4da56b19-276b-4a38-9f8f-b6e5e11048c8","sessionId":"8331c75b-0998-47d3-9add-f98626a62384"} cursor=Output { sequence: 27, gap: None }
A11 real PTY suffix and 1MiB retained-history gap passed; unchanged pid=55210 cursor=121
A11 resize103x37/interrupt/suffix/gap passed
A11 DELETE body preserved; original pid=55210 reaped; create replay/detail/ticket replay passed
R4 CLEANUP runtime/connection tasks joined; private directory explicitly removed; failed_scenario=false
ok
test a11_real_pty_failure_containment ... A11 lost real TCP reply after completed201; operation lookup recovered target={"daemonEpoch":"1789269070168","machineId":"ba322030-fc46-488b-9768-ccb30fc036ff","sessionId":"84f97aef-f474-421a-8348-ad99983ad1dc"}
A11 second-root original pid=55447 cwd=/private/tmp/a10-owner-aggregate.d0LLBj/tmp/.tmpPg4lEY/second-root epoch=1789269070168

thread 'a11_real_pty_failure_containment' (1672555) panicked at tests/relay_pairing_generation_regression.rs:187:29:
A11 injected failure with two live relay PTYs
note: run with `RUST_BACKTRACE=1` environment variable to display a backtrace
A11 cleanup original pid=None reaped
A11 cleanup original pid=None reaped
R4 CLEANUP runtime/connection tasks joined; private directory explicitly removed; failed_scenario=true
ok
test machine_http_transport ... R4 CLEANUP runtime/connection tasks joined; private directory explicitly removed; failed_scenario=false
ok
test machine_routes_reach_relay_admission ... R4 CLEANUP runtime/connection tasks joined; private directory explicitly removed; failed_scenario=false
ok
test r4_absolute_replacement_filename_direct_and_relay ... R4 real gateway: absolute U+FFFD direct=200 relay=200 equal; malformed direct=400 relay=400; preferences direct=200 relay=200
R4 CLEANUP runtime/connection tasks joined; private directory explicitly removed; failed_scenario=false
ok
test r4_failure_path_joins_connections_and_removes_store ... 
thread 'r4_failure_path_joins_connections_and_removes_store' (1672884) panicked at tests/relay_pairing_generation_regression.rs:405:9:
injected failure after live control registration
R4 CLEANUP runtime/connection tasks joined; private directory explicitly removed; failed_scenario=true
R4 injected failure: panic propagated after runtime joined; store absent; listener refused
ok
test second_machine_first_pairing_is_not_blocked_by_an_unrelated_connection ... R4 CLEANUP runtime/connection tasks joined; private directory explicitly removed; failed_scenario=false
ok
test stale_registration_stops_being_claimable_after_control_replacement ... R4 CLEANUP runtime/connection tasks joined; private directory explicitly removed; failed_scenario=false
R4 CLEANUP runtime/connection tasks joined; private directory explicitly removed; failed_scenario=false
ok

test result: ok. 8 passed; 0 failed; 0 ignored; 0 measured; 0 filtered out; finished in 13.39s

     Running tests/worktree_safety.rs (src-tauri/target/debug/deps/worktree_safety-295bdca974b42ec3)

running 9 tests
test active_writer_blocks_delete ... ok
test default_delete_rejects_clean_unmerged_branch ... ok
test explicit_destructive_delete_removes_clean_unmerged_branch ... ok
test five_concurrent_worktree_terminal_lifecycles_remain_isolated ... ok
test pty_spawn_failure_does_not_claim_exclusive_writer ... ok
test pty_worktree_ownership_clears_on_close_and_natural_exit ... ok
test same_worktree_supports_multiple_interactive_pty_sessions ... ok
test second_writer_is_rejected_and_release_allows_reacquire ... ok
test unavailable_base_ref_leaves_no_managed_parent_directory ... ok

test result: ok. 9 passed; 0 failed; 0 ignored; 0 measured; 0 filtered out; finished in 9.06s

