   Compiling ferryx v2026.908.1 (/Users/indo/code/project/orca-lite-wt/herdr-resume-01a097f8/src-tauri)
warning: unnecessary `unsafe` block
  --> src/macos_file_drop.rs:79:28
   |
79 |             let location = unsafe { info.draggingLocation() };
   |                            ^^^^^^ unnecessary `unsafe` block
   |
   = note: `#[warn(unused_unsafe)]` (part of `#[warn(unused)]`) on by default

warning: unnecessary `unsafe` block
  --> src/macos_file_drop.rs:80:25
   |
80 |             let point = unsafe { self.convertPoint_fromView(location, None) };
   |                         ^^^^^^ unnecessary `unsafe` block

warning: unnecessary `unsafe` block
   --> src/macos_file_drop.rs:102:46
    |
102 |     let pasteboard: Retained<NSPasteboard> = unsafe { info.draggingPasteboard() };
    |                                              ^^^^^^ unnecessary `unsafe` block

warning: unnecessary `unsafe` block
   --> src/macos_file_drop.rs:105:25
    |
105 |     if let Some(list) = unsafe { pasteboard.propertyListForType(&legacy) } {
    |                         ^^^^^^ unnecessary `unsafe` block

warning: unnecessary `unsafe` block
   --> src/macos_file_drop.rs:122:25
    |
122 |     if let Some(text) = unsafe { pasteboard.stringForType(file_url_type) } {
    |                         ^^^^^^ unnecessary `unsafe` block

warning: unnecessary `unsafe` block
   --> src/macos_file_drop.rs:123:28
    |
123 |         if let Some(url) = unsafe { NSURL::URLWithString(&text) } {
    |                            ^^^^^^ unnecessary `unsafe` block

warning: unnecessary `unsafe` block
   --> src/macos_file_drop.rs:124:33
    |
124 |             if let Some(path) = unsafe { url.path() } {
    |                                 ^^^^^^ unnecessary `unsafe` block

warning: unnecessary `unsafe` block
   --> src/macos_file_drop.rs:169:5
    |
169 |     unsafe { view.registerForDraggedTypes(&types) };
    |     ^^^^^^ unnecessary `unsafe` block

warning: unused variable: `token`
    --> src/remote/auth.rs:1399:14
     |
1399 |         let (token, device) = auth
     |              ^^^^^ help: if this is intentional, prefix it with an underscore: `_token`
     |
     = note: `#[warn(unused_variables)]` (part of `#[warn(unused)]`) on by default

warning: unused variable: `scroll_daemon_client`
   --> src/lib.rs:915:9
    |
915 |     let scroll_daemon_client = Arc::clone(&daemon_client);
    |         ^^^^^^^^^^^^^^^^^^^^ help: if this is intentional, prefix it with an underscore: `_scroll_daemon_client`

warning: field `app` is never read
  --> src/ipc/notifications.rs:28:5
   |
27 | pub struct TauriNotificationBackend<R: Runtime> {
   |            ------------------------ field in this struct
28 |     app: AppHandle<R>,
   |     ^^^
   |
   = note: `#[warn(dead_code)]` (part of `#[warn(unused)]`) on by default

warning: constant `GHOSTTY_TERMINAL_SCREEN_PRIMARY` is never used
  --> src/native_terminal/sys/constants.rs:56:11
   |
56 | pub const GHOSTTY_TERMINAL_SCREEN_PRIMARY: c_int = 0;
   |           ^^^^^^^^^^^^^^^^^^^^^^^^^^^^^^^

warning: function `no_auth_query` is never used
    --> src/remote/server.rs:3051:12
     |
3051 |         fn no_auth_query() -> AuthQuery {
     |            ^^^^^^^^^^^^^

warning: struct `WriterLeaseGuard` is never constructed
  --> src/worktree/manager.rs:86:19
   |
86 | pub(crate) struct WriterLeaseGuard {
   |                   ^^^^^^^^^^^^^^^^

warning: associated items `new`, `canonical_path`, and `owner_id` are never used
   --> src/worktree/manager.rs:93:8
    |
 92 | impl WriterLeaseGuard {
    | --------------------- associated items in this implementation
 93 |     fn new(registry: WriterLeaseRegistry, canonical_path: PathBuf, owner_id: String) -> Self {
    |        ^^^
...
101 |     pub(crate) fn canonical_path(&self) -> &Path {
    |                   ^^^^^^^^^^^^^^
...
105 |     pub(crate) fn owner_id(&self) -> &str {
    |                   ^^^^^^^^

warning: method `acquire_writer_lease` is never used
   --> src/worktree/manager.rs:338:19
    |
134 | impl WorktreeManager {
    | -------------------- method in this implementation
...
338 |     pub(crate) fn acquire_writer_lease(
    |                   ^^^^^^^^^^^^^^^^^^^^

warning: `ferryx` (lib test) generated 16 warnings (run `cargo fix --lib -p ferryx --tests` to apply 2 suggestions)
    Finished `test` profile [unoptimized] target(s) in 24.50s
     Running unittests src/lib.rs (src-tauri/target/debug/deps/ferryx_lib-82e1988715e4a304)

running 13 tests
A10 sole controller: old drop cannot release replacement; disconnect records reservation; controlled expiry permits other device
test remote::tests::security::sockets::a10_controller_generation_disconnect_and_exact_reservation_boundary ... ok
test remote::tests::security::sockets::a_permanent_device_token_in_the_query_string_is_rejected ... ok
test remote::tests::security::sockets::gateway_socket_ticket_is_bound_to_its_requested_target ... ok
test remote::tests::security::sockets::gateway_refuses_to_mint_a_socket_ticket_without_a_valid_bearer ... [CLIENT_FRAME] Text: ok{"event":"remote_active_selection_changed","payload":{"attentionInventory":[],"sessionId":"session","tabId":null,"terminalTabs":[],"workspaceId":null,"worktreeLabel":null,"worktreeSlug":null}}

test remote::tests::security::sockets::revoke_during_raw_attachment_prevents_upgrade ... ok
[CLIENT_FRAME] Text: {"type":"remoteStatus","state":"connected","generation":"7"}
[CLIENT_FRAME] Binary len: 89
[CLIENT_FRAME] Binary len: 89
[CLIENT_FRAME] Binary len: 89
[CLIENT_FRAME] Text: {"type":"remoteStatus","state":"reconnecting","generation":"8"}
[CLIENT_FRAME] Binary len: 89
[CLIENT_FRAME] Binary len: 89
[CLIENT_FRAME] Close
[CLIENT_FRAME] Close
[CLIENT_FRAME] Close
[CLIENT_FRAME] Text: {"type":"remoteStatus","state":"disconnected","generation":"9"}
[CLIENT_FRAME] Binary len: 108
[CLIENT_FRAME] Text: {"type":"remoteStatus","state":"connected","generation":"10"}
[CLIENT_FRAME] Binary len: 55
[CLIENT_FRAME] Text: {"event":"remote_active_selection_changed","payload":{"attentionInventory":[],"sessionId":"session","tabId":null,"terminalTabs":[],"workspaceId":null,"worktreeLabel":null,"worktreeSlug":null}}
test remote::tests::security::sockets::revoke_cancels_pending_raw_input ... ok
test remote::tests::security::sockets::revoke_before_raw_upgrade_is_not_lost ... ok
test remote::tests::security::sockets::revoke_before_event_upgrade_is_not_lost ... ok
test remote::tests::security::sockets::ssh_reconnect_safety_web_raw_gap_order ... ok
[CLIENT_FRAME] Binary len: 89
test remote::tests::security::sockets::gateway_issues_single_use_socket_tickets_and_rejects_a_replayed_one ... ok
[CLIENT_FRAME] Binary len: 51
[CLIENT_FRAME] Text: {"event":"remote_active_selection_changed","payload":{"attentionInventory":[],"sessionId":"session","tabId":null,"terminalTabs":[],"workspaceId":null,"worktreeLabel":null,"worktreeSlug":null}}
[CLIENT_FRAME] Text: {"type":"remoteStatus","state":"expired","generation":"11"}
test remote::tests::security::sockets::ssh_reconnect_safety_web_raw_status_input_probe ... ok
[CLIENT_FRAME] Binary len: 89
[CLIENT_FRAME] Close
[CLIENT_FRAME] Close
[CLIENT_FRAME] Text: {"event":"after_revoke","payload":{}}
[CLIENT_FRAME] Close
[CLIENT_FRAME] Close
[CLIENT_FRAME] Close
test remote::tests::security::sockets::revoke_closes_all_event_sockets_only_for_that_device ... ok
[CLIENT_FRAME] Binary len: 58
[CLIENT_FRAME] Close
test remote::tests::security::sockets::revoke_closes_all_raw_sockets_only_for_that_device ... ok

test result: ok. 13 passed; 0 failed; 0 ignored; 0 measured; 949 filtered out; finished in 0.02s


command exit=0
supervisor removed=/tmp/a10-security.WS9zgV
