   Compiling ferryx v2026.908.1 (/Users/indo/code/project/orca-lite-wt/herdr-resume-01a097f8/src-tauri)
warning: unused import: `Manager`
  --> src/ipc/notifications.rs:21:24
   |
21 | use tauri::{AppHandle, Manager, Runtime, State};
   |                        ^^^^^^^
   |
   = note: `#[warn(unused_imports)]` (part of `#[warn(unused)]`) on by default

warning: unnecessary `unsafe` block
  --> src/macos_file_drop.rs:79:28
   |
79 |             let location = unsafe { info.draggingLocation() };
   |                            ^^^^^^ unnecessary `unsafe` block
   |
   = note: `#[warn(unused_unsafe)]` (part of `#[warn(unused)]`) on by default

warning: unnecessary `unsafe` block
  --> src/macos_file_drop.rs:80:25
   |
80 |             let point = unsafe { self.convertPoint_fromView(location, None) };
   |                         ^^^^^^ unnecessary `unsafe` block

warning: unnecessary `unsafe` block
   --> src/macos_file_drop.rs:102:46
    |
102 |     let pasteboard: Retained<NSPasteboard> = unsafe { info.draggingPasteboard() };
    |                                              ^^^^^^ unnecessary `unsafe` block

warning: unnecessary `unsafe` block
   --> src/macos_file_drop.rs:105:25
    |
105 |     if let Some(list) = unsafe { pasteboard.propertyListForType(&legacy) } {
    |                         ^^^^^^ unnecessary `unsafe` block

warning: unnecessary `unsafe` block
   --> src/macos_file_drop.rs:122:25
    |
122 |     if let Some(text) = unsafe { pasteboard.stringForType(file_url_type) } {
    |                         ^^^^^^ unnecessary `unsafe` block

warning: unnecessary `unsafe` block
   --> src/macos_file_drop.rs:123:28
    |
123 |         if let Some(url) = unsafe { NSURL::URLWithString(&text) } {
    |                            ^^^^^^ unnecessary `unsafe` block

warning: unnecessary `unsafe` block
   --> src/macos_file_drop.rs:124:33
    |
124 |             if let Some(path) = unsafe { url.path() } {
    |                                 ^^^^^^ unnecessary `unsafe` block

warning: unnecessary `unsafe` block
   --> src/macos_file_drop.rs:169:5
    |
169 |     unsafe { view.registerForDraggedTypes(&types) };
    |     ^^^^^^ unnecessary `unsafe` block

warning: unused variable: `scroll_daemon_client`
   --> src/lib.rs:915:9
    |
915 |     let scroll_daemon_client = Arc::clone(&daemon_client);
    |         ^^^^^^^^^^^^^^^^^^^^ help: if this is intentional, prefix it with an underscore: `_scroll_daemon_client`
    |
    = note: `#[warn(unused_variables)]` (part of `#[warn(unused)]`) on by default

warning: method `machine_sessions` is never used
   --> src/daemon/session_service.rs:345:19
    |
221 | impl DaemonSessionService {
    | ------------------------- method in this implementation
...
345 |     pub(crate) fn machine_sessions(&self, epoch: crate::scoped_contracts::Epoch) -> Result<crate::remote::machine_protocol::Sessions, Str...
    |                   ^^^^^^^^^^^^^^^^
    |
    = note: `#[warn(dead_code)]` (part of `#[warn(unused)]`) on by default

warning: field `app` is never read
  --> src/ipc/notifications.rs:28:5
   |
27 | pub struct TauriNotificationBackend<R: Runtime> {
   |            ------------------------ field in this struct
28 |     app: AppHandle<R>,
   |     ^^^

warning: constant `GHOSTTY_TERMINAL_SCREEN_PRIMARY` is never used
  --> src/native_terminal/sys/constants.rs:56:11
   |
56 | pub const GHOSTTY_TERMINAL_SCREEN_PRIMARY: c_int = 0;
   |           ^^^^^^^^^^^^^^^^^^^^^^^^^^^^^^^

warning: methods `synchronized_output_deadline`, `expire_synchronized_output`, and `finish_synchronized_output` are never used
   --> src/native_terminal/terminal.rs:169:19
    |
133 | impl NativeTerminal {
    | ------------------- methods in this implementation
...
169 |     pub(crate) fn synchronized_output_deadline(&self) -> Option<tokio::time::Instant> {
    |                   ^^^^^^^^^^^^^^^^^^^^^^^^^^^^
...
173 |     pub(crate) fn expire_synchronized_output(
    |                   ^^^^^^^^^^^^^^^^^^^^^^^^^^
...
184 |     pub(crate) fn finish_synchronized_output(&mut self) -> Result<(), NativeTerminalError> {
    |                   ^^^^^^^^^^^^^^^^^^^^^^^^^^

warning: method `wait_and_reap` is never used
   --> src/terminal/session.rs:364:19
    |
 73 | impl PtySession {
    | --------------- method in this implementation
...
364 |     pub(crate) fn wait_and_reap(&self) -> Result<Option<i32>, PtyError> {
    |                   ^^^^^^^^^^^^^

warning: function `with_local_worktree_budget` is never used
   --> src/worktree/git.rs:115:15
    |
115 | pub(crate) fn with_local_worktree_budget<T>(work: impl FnOnce() -> T) -> T {
    |               ^^^^^^^^^^^^^^^^^^^^^^^^^^

warning: struct `WriterLeaseGuard` is never constructed
  --> src/worktree/manager.rs:86:19
   |
86 | pub(crate) struct WriterLeaseGuard {
   |                   ^^^^^^^^^^^^^^^^

warning: associated items `new`, `canonical_path`, and `owner_id` are never used
   --> src/worktree/manager.rs:93:8
    |
 92 | impl WriterLeaseGuard {
    | --------------------- associated items in this implementation
 93 |     fn new(registry: WriterLeaseRegistry, canonical_path: PathBuf, owner_id: String) -> Self {
    |        ^^^
...
101 |     pub(crate) fn canonical_path(&self) -> &Path {
    |                   ^^^^^^^^^^^^^^
...
105 |     pub(crate) fn owner_id(&self) -> &str {
    |                   ^^^^^^^^

warning: method `acquire_writer_lease` is never used
   --> src/worktree/manager.rs:338:19
    |
134 | impl WorktreeManager {
    | -------------------- method in this implementation
...
338 |     pub(crate) fn acquire_writer_lease(
    |                   ^^^^^^^^^^^^^^^^^^^^

warning: `ferryx` (lib) generated 19 warnings (run `cargo fix --lib -p ferryx` to apply 2 suggestions)
    Finished `test` profile [unoptimized] target(s) in 24.05s
     Running tests/a10_output_budget.rs (src-tauri/target/debug/deps/a10_output_budget-917505660c39a807)

running 7 tests
test snapshot_precedes_live_output_when_replay_has_a_gap ... ok
test payload_is_released_when_subscription_is_dropped ... ok
test zero_byte_boundaries_are_bounded_when_consumer_is_held ... ok
test overflow_signals_when_writer_holds_an_in_flight_frame ... ok
test charge_survives_receive_when_frame_is_in_flight ... ok
test replay_is_rejected_when_history_exceeds_machine_budget ... ok
test pending_output_stays_within_one_mib_when_consumer_is_held ... ok

test result: ok. 7 passed; 0 failed; 0 ignored; 0 measured; 0 filtered out; finished in 0.01s

     Running tests/a10_output_budget_pty.rs (src-tauri/target/debug/deps/a10_output_budget_pty-803603447199b0e9)

running 2 tests
A10_HUB_OWNED pid=98286 session=1c8ccca6-0c90-41d8-b218-59e3e53d3085 injected=true
A10_HUB_OWNED pid=98287 session=1441d6a9-e8f9-43cc-a3b4-b6df518d193a injected=false

thread 'owned_resources_are_closed_when_mid_publish_panics' (1477199) panicked at tests/a10_output_budget_pty.rs:44:17:
Box<dyn Any>
note: run with `RUST_BACKTRACE=1` environment variable to display a backtrace
A10_HUB_CLEANUP pid=98287 injected=false reaped=true reader_finished=true root_removed=true
A10_HUB_PTY pid=98287 sibling_bytes=2097152 peak_charged=1047560 ceiling=1048576 reaped=true reader_finished=true
test sibling_progresses_when_real_pty_overflows_held_subscription ... ok
A10_HUB_CLEANUP pid=98286 injected=true reaped=true reader_finished=true root_removed=true
test owned_resources_are_closed_when_mid_publish_panics ... ok

test result: ok. 2 passed; 0 failed; 0 ignored; 0 measured; 0 filtered out; finished in 0.08s

     Running tests/a10_output_socket.rs (src-tauri/target/debug/deps/a10_output_socket-6a31f0ab8bed1b69)

running 1 test
A10_OUTPUT_SOCKET original_pid=98373 sibling_pid=98390 unequal_pending=1100000 overflow_closed=true reconnect_gap=true
A10_OUTPUT_SOCKET_CLEANUP pid=Some(98390) reaped=true reader_finished=true listener_joined=true root_removed=true
A10_OUTPUT_SOCKET_CLEANUP pid=Some(98373) reaped=true reader_finished=true listener_joined=true root_removed=true
test machine_socket_disconnects_when_held_output_exceeds_byte_budget ... ok

test result: ok. 1 passed; 0 failed; 0 ignored; 0 measured; 0 filtered out; finished in 2.44s

     Running tests/machine_terminal_stream.rs (src-tauri/target/debug/deps/machine_terminal_stream-a022dee364b523b8)

running 1 test
A10 executed marker session=51549591-b17a-4a5e-ba00-881a362098b8 pid=98521 cwd=/private/tmp/a10-owner-parent.TBGmKH/tmp/.tmpqMgQxX/one epoch="1789266969699" selection=mirror-one
A10 executed marker session=57abfb97-e3e8-4871-905d-71d1a9787ece pid=98588 cwd=/private/tmp/a10-owner-parent.TBGmKH/tmp/.tmpqMgQxX/two epoch="1789266969699" selection=mirror-one
A10 executed marker session=51549591-b17a-4a5e-ba00-881a362098b8 pid=98521 cwd=/private/tmp/a10-owner-parent.TBGmKH/tmp/.tmpqMgQxX/one epoch="1789266969699" selection=mirror-two
A10 executed marker session=57abfb97-e3e8-4871-905d-71d1a9787ece pid=98588 cwd=/private/tmp/a10-owner-parent.TBGmKH/tmp/.tmpqMgQxX/two epoch="1789266969699" selection=mirror-two
A10 executed marker session=51549591-b17a-4a5e-ba00-881a362098b8 pid=98521 cwd=/private/tmp/a10-owner-parent.TBGmKH/tmp/.tmpqMgQxX/one epoch="1789266969699" selection=mirror-three
A10 executed marker session=57abfb97-e3e8-4871-905d-71d1a9787ece pid=98588 cwd=/private/tmp/a10-owner-parent.TBGmKH/tmp/.tmpqMgQxX/two epoch="1789266969699" selection=mirror-three
A10 controller replacement/stale-input/stale-resize/conflict/HTTP-close-conflict/replay/gap/empty/ticket-reuse/64KiB+1/16KiB+1/revoked-input passed original_pid=Some(98521) epoch=1789266969699
A10 cleanup reaped session=51549591-b17a-4a5e-ba00-881a362098b8 pid=None
A10 cleanup reaped session=57abfb97-e3e8-4871-905d-71d1a9787ece pid=None
A10 cleanup listener joined/refused; original PTYs reaped; private root removed
test machine_streams_use_original_owner_and_ignore_mirror_focus ... ok

test result: ok. 1 passed; 0 failed; 0 ignored; 0 measured; 0 filtered out; finished in 2.49s

