owned_root=/tmp/a10-saturated.RZkX20
   Compiling ferryx v2026.908.1 (/Users/indo/code/project/orca-lite-wt/herdr-resume-01a097f8/src-tauri)
warning: unnecessary `unsafe` block
  --> src/macos_file_drop.rs:79:28
   |
79 |             let location = unsafe { info.draggingLocation() };
   |                            ^^^^^^ unnecessary `unsafe` block
   |
   = note: `#[warn(unused_unsafe)]` (part of `#[warn(unused)]`) on by default

warning: unnecessary `unsafe` block
  --> src/macos_file_drop.rs:80:25
   |
80 |             let point = unsafe { self.convertPoint_fromView(location, None) };
   |                         ^^^^^^ unnecessary `unsafe` block

warning: unnecessary `unsafe` block
   --> src/macos_file_drop.rs:102:46
    |
102 |     let pasteboard: Retained<NSPasteboard> = unsafe { info.draggingPasteboard() };
    |                                              ^^^^^^ unnecessary `unsafe` block

warning: unnecessary `unsafe` block
   --> src/macos_file_drop.rs:105:25
    |
105 |     if let Some(list) = unsafe { pasteboard.propertyListForType(&legacy) } {
    |                         ^^^^^^ unnecessary `unsafe` block

warning: unnecessary `unsafe` block
   --> src/macos_file_drop.rs:122:25
    |
122 |     if let Some(text) = unsafe { pasteboard.stringForType(file_url_type) } {
    |                         ^^^^^^ unnecessary `unsafe` block

warning: unnecessary `unsafe` block
   --> src/macos_file_drop.rs:123:28
    |
123 |         if let Some(url) = unsafe { NSURL::URLWithString(&text) } {
    |                            ^^^^^^ unnecessary `unsafe` block

warning: unnecessary `unsafe` block
   --> src/macos_file_drop.rs:124:33
    |
124 |             if let Some(path) = unsafe { url.path() } {
    |                                 ^^^^^^ unnecessary `unsafe` block

warning: unnecessary `unsafe` block
   --> src/macos_file_drop.rs:169:5
    |
169 |     unsafe { view.registerForDraggedTypes(&types) };
    |     ^^^^^^ unnecessary `unsafe` block

warning: unused variable: `token`
    --> src/remote/auth.rs:1399:14
     |
1399 |         let (token, device) = auth
     |              ^^^^^ help: if this is intentional, prefix it with an underscore: `_token`
     |
     = note: `#[warn(unused_variables)]` (part of `#[warn(unused)]`) on by default

warning: unused variable: `scroll_daemon_client`
   --> src/lib.rs:916:9
    |
916 |     let scroll_daemon_client = Arc::clone(&daemon_client);
    |         ^^^^^^^^^^^^^^^^^^^^ help: if this is intentional, prefix it with an underscore: `_scroll_daemon_client`

warning: method `machine_sessions` is never used
   --> src/daemon/session_service.rs:366:19
    |
227 | impl DaemonSessionService {
    | ------------------------- method in this implementation
...
366 |     pub(crate) fn machine_sessions(&self, epoch: crate::scoped_contracts::Epoch) -> Result<crate::remote::machine_protocol::Sessions, Str...
    |                   ^^^^^^^^^^^^^^^^
    |
    = note: `#[warn(dead_code)]` (part of `#[warn(unused)]`) on by default

warning: field `app` is never read
  --> src/ipc/notifications.rs:28:5
   |
27 | pub struct TauriNotificationBackend<R: Runtime> {
   |            ------------------------ field in this struct
28 |     app: AppHandle<R>,
   |     ^^^

warning: constant `GHOSTTY_TERMINAL_SCREEN_PRIMARY` is never used
  --> src/native_terminal/sys/constants.rs:56:11
   |
56 | pub const GHOSTTY_TERMINAL_SCREEN_PRIMARY: c_int = 0;
   |           ^^^^^^^^^^^^^^^^^^^^^^^^^^^^^^^

warning: function `disconnect_and_revoke` is never used
  --> src/remote/machine_input_cancellation_tests.rs:57:21
   |
57 | pub(super) async fn disconnect_and_revoke() {
   |                     ^^^^^^^^^^^^^^^^^^^^^

warning: function `no_auth_query` is never used
    --> src/remote/server.rs:3116:12
     |
3116 |         fn no_auth_query() -> AuthQuery {
     |            ^^^^^^^^^^^^^

warning: struct `WriterLeaseGuard` is never constructed
  --> src/worktree/manager.rs:86:19
   |
86 | pub(crate) struct WriterLeaseGuard {
   |                   ^^^^^^^^^^^^^^^^

warning: associated items `new`, `canonical_path`, and `owner_id` are never used
   --> src/worktree/manager.rs:93:8
    |
 92 | impl WriterLeaseGuard {
    | --------------------- associated items in this implementation
 93 |     fn new(registry: WriterLeaseRegistry, canonical_path: PathBuf, owner_id: String) -> Self {
    |        ^^^
...
101 |     pub(crate) fn canonical_path(&self) -> &Path {
    |                   ^^^^^^^^^^^^^^
...
105 |     pub(crate) fn owner_id(&self) -> &str {
    |                   ^^^^^^^^

warning: method `acquire_writer_lease` is never used
   --> src/worktree/manager.rs:338:19
    |
134 | impl WorktreeManager {
    | -------------------- method in this implementation
...
338 |     pub(crate) fn acquire_writer_lease(
    |                   ^^^^^^^^^^^^^^^^^^^^

warning: `ferryx` (lib test) generated 18 warnings (run `cargo fix --lib -p ferryx --tests` to apply 2 suggestions)
    Finished `test` profile [unoptimized] target(s) in 32.04s
     Running unittests src/lib.rs (/Users/indo/code/project/orca-lite-wt/herdr-resume-01a097f8/src-tauri/target/debug/deps/ferryx_lib-fede6191c14a3d71)

running 5 tests
test remote::server::machine_input_cancellation_tests::input_is_cancelled_when_full_queue_precedes_close ... A10 kernel WouldBlock original_pid=2261 accepted=1022
A10 real socket input pending scenario=SaturatedQueue

thread 'remote::server::machine_input_cancellation_tests::input_is_cancelled_when_full_queue_precedes_close' (2223531) panicked at src/remote/machine_input_cancellation_tests.rs:40:85:
cancellation must drop pending input without waiting for PTY timeout: Elapsed(())
note: run with `RUST_BACKTRACE=1` environment variable to display a backtrace
A10 cleanup reaped pid=None id=f850d40d-7045-474c-823b-dcb797c3366d
A10 cleanup listener joined; private root removed
FAILED
test remote::server::machine_input_cancellation_tests::input_is_cancelled_when_generation_is_replaced ... A10 kernel WouldBlock original_pid=2292 accepted=1022
A10 real socket input pending scenario=Replace

thread 'remote::server::machine_input_cancellation_tests::input_is_cancelled_when_generation_is_replaced' (2223681) panicked at src/remote/../../tests/support/machine_input_fixture.rs:50:92:
new generation admission must not wait for saturated PTY: Elapsed(())
A10 cleanup reaped pid=None id=2ce026d6-8055-4d90-be91-3e7d9b8392d5
A10 cleanup listener joined; private root removed
FAILED
test remote::server::machine_input_cancellation_tests::input_is_cancelled_when_grant_is_revoked ... A10 kernel WouldBlock original_pid=2340 accepted=1022
A10 real socket input pending scenario=Revoke
A10 drained original_pid=2340 received=1023 forbidden=0
A10 cleanup reaped pid=None id=65086e66-025c-4bc7-b1bd-2ccf853a76e8
A10 cleanup listener joined; private root removed
ok
test remote::server::machine_input_cancellation_tests::input_is_cancelled_when_socket_disconnects ... A10 kernel WouldBlock original_pid=2364 accepted=1022
A10 real socket input pending scenario=Disconnect
A10 drained original_pid=2364 received=1023 forbidden=0
A10 cleanup reaped pid=None id=4f47f96d-6f1b-4679-99d6-6b9d97f8cf50
A10 cleanup listener joined; private root removed
ok
test remote::server::machine_input_cancellation_tests::sibling_pty_is_responsive_when_first_input_is_saturated ... A10 kernel WouldBlock original_pid=2386 accepted=1022

thread 'remote::server::machine_input_cancellation_tests::sibling_pty_is_responsive_when_first_input_is_saturated' (2223931) panicked at src/remote/machine_input_cancellation_tests.rs:88:18:
sibling PTY must not serialize behind saturated machine input: Elapsed(())
A10 cleanup reaped pid=None id=52d64a59-07b3-4dda-b991-89656243d196

thread 'remote::server::machine_input_cancellation_tests::sibling_pty_is_responsive_when_first_input_is_saturated' (2223931) panicked at src/remote/../../tests/support/machine_input_fixture.rs:59:48:
called `Option::unwrap()` on a `None` value
FAILED

failures:

failures:
    remote::server::machine_input_cancellation_tests::input_is_cancelled_when_full_queue_precedes_close
    remote::server::machine_input_cancellation_tests::input_is_cancelled_when_generation_is_replaced
    remote::server::machine_input_cancellation_tests::sibling_pty_is_responsive_when_first_input_is_saturated

test result: FAILED. 2 passed; 3 failed; 0 ignored; 0 measured; 1009 filtered out; finished in 11.16s

error: test failed, to rerun pass `--lib`
exit=101 owned_root_removed_by_trap=/tmp/a10-saturated.RZkX20
