    Blocking waiting for file lock on build directory
   Compiling ferryx v2026.908.1 (/Users/indo/code/project/orca-lite-wt/herdr-resume-01a097f8/src-tauri)
warning: unnecessary `unsafe` block
  --> src/macos_file_drop.rs:79:28
   |
79 |             let location = unsafe { info.draggingLocation() };
   |                            ^^^^^^ unnecessary `unsafe` block
   |
   = note: `#[warn(unused_unsafe)]` (part of `#[warn(unused)]`) on by default

warning: unnecessary `unsafe` block
  --> src/macos_file_drop.rs:80:25
   |
80 |             let point = unsafe { self.convertPoint_fromView(location, None) };
   |                         ^^^^^^ unnecessary `unsafe` block

warning: unnecessary `unsafe` block
   --> src/macos_file_drop.rs:102:46
    |
102 |     let pasteboard: Retained<NSPasteboard> = unsafe { info.draggingPasteboard() };
    |                                              ^^^^^^ unnecessary `unsafe` block

warning: unnecessary `unsafe` block
   --> src/macos_file_drop.rs:105:25
    |
105 |     if let Some(list) = unsafe { pasteboard.propertyListForType(&legacy) } {
    |                         ^^^^^^ unnecessary `unsafe` block

warning: unnecessary `unsafe` block
   --> src/macos_file_drop.rs:122:25
    |
122 |     if let Some(text) = unsafe { pasteboard.stringForType(file_url_type) } {
    |                         ^^^^^^ unnecessary `unsafe` block

warning: unnecessary `unsafe` block
   --> src/macos_file_drop.rs:123:28
    |
123 |         if let Some(url) = unsafe { NSURL::URLWithString(&text) } {
    |                            ^^^^^^ unnecessary `unsafe` block

warning: unnecessary `unsafe` block
   --> src/macos_file_drop.rs:124:33
    |
124 |             if let Some(path) = unsafe { url.path() } {
    |                                 ^^^^^^ unnecessary `unsafe` block

warning: unnecessary `unsafe` block
   --> src/macos_file_drop.rs:169:5
    |
169 |     unsafe { view.registerForDraggedTypes(&types) };
    |     ^^^^^^ unnecessary `unsafe` block

warning: unused variable: `token`
    --> src/remote/auth.rs:1399:14
     |
1399 |         let (token, device) = auth
     |              ^^^^^ help: if this is intentional, prefix it with an underscore: `_token`
     |
     = note: `#[warn(unused_variables)]` (part of `#[warn(unused)]`) on by default

warning: unused variable: `scroll_daemon_client`
   --> src/lib.rs:915:9
    |
915 |     let scroll_daemon_client = Arc::clone(&daemon_client);
    |         ^^^^^^^^^^^^^^^^^^^^ help: if this is intentional, prefix it with an underscore: `_scroll_daemon_client`

warning: method `machine_sessions` is never used
   --> src/daemon/session_service.rs:345:19
    |
221 | impl DaemonSessionService {
    | ------------------------- method in this implementation
...
345 |     pub(crate) fn machine_sessions(&self, epoch: crate::scoped_contracts::Epoch) -> Result<crate::remote::machine_protocol::Sessions, Str...
    |                   ^^^^^^^^^^^^^^^^
    |
    = note: `#[warn(dead_code)]` (part of `#[warn(unused)]`) on by default

warning: field `app` is never read
  --> src/ipc/notifications.rs:28:5
   |
27 | pub struct TauriNotificationBackend<R: Runtime> {
   |            ------------------------ field in this struct
28 |     app: AppHandle<R>,
   |     ^^^

warning: constant `GHOSTTY_TERMINAL_SCREEN_PRIMARY` is never used
  --> src/native_terminal/sys/constants.rs:56:11
   |
56 | pub const GHOSTTY_TERMINAL_SCREEN_PRIMARY: c_int = 0;
   |           ^^^^^^^^^^^^^^^^^^^^^^^^^^^^^^^

warning: function `no_auth_query` is never used
    --> src/remote/server.rs:3102:12
     |
3102 |         fn no_auth_query() -> AuthQuery {
     |            ^^^^^^^^^^^^^

warning: struct `WriterLeaseGuard` is never constructed
  --> src/worktree/manager.rs:86:19
   |
86 | pub(crate) struct WriterLeaseGuard {
   |                   ^^^^^^^^^^^^^^^^

warning: associated items `new`, `canonical_path`, and `owner_id` are never used
   --> src/worktree/manager.rs:93:8
    |
 92 | impl WriterLeaseGuard {
    | --------------------- associated items in this implementation
 93 |     fn new(registry: WriterLeaseRegistry, canonical_path: PathBuf, owner_id: String) -> Self {
    |        ^^^
...
101 |     pub(crate) fn canonical_path(&self) -> &Path {
    |                   ^^^^^^^^^^^^^^
...
105 |     pub(crate) fn owner_id(&self) -> &str {
    |                   ^^^^^^^^

warning: method `acquire_writer_lease` is never used
   --> src/worktree/manager.rs:338:19
    |
134 | impl WorktreeManager {
    | -------------------- method in this implementation
...
338 |     pub(crate) fn acquire_writer_lease(
    |                   ^^^^^^^^^^^^^^^^^^^^

warning: unused `OwnedSemaphorePermit` that must be used
   --> src/remote/journal_contention_tests.rs:150:5
    |
150 |     drained.unwrap().unwrap();
    |     ^^^^^^^^^^^^^^^^^^^^^^^^^
    |
    = note: `#[warn(unused_must_use)]` (part of `#[warn(unused)]`) on by default
help: use `let _ = ...` to ignore the resulting value
    |
150 |     let _ = drained.unwrap().unwrap();
    |     +++++++

warning: `ferryx` (lib test) generated 18 warnings (run `cargo fix --lib -p ferryx --tests` to apply 2 suggestions)
    Finished `test` profile [unoptimized] target(s) in 38.22s
     Running unittests src/lib.rs (src-tauri/target/debug/deps/ferryx_lib-fede6191c14a3d71)

running 0 tests

test result: ok. 0 passed; 0 failed; 0 ignored; 0 measured; 975 filtered out; finished in 0.00s


selector=journal_contention exit=0
    Blocking waiting for file lock on build directory
warning: unnecessary `unsafe` block
  --> src/macos_file_drop.rs:79:28
   |
79 |             let location = unsafe { info.draggingLocation() };
   |                            ^^^^^^ unnecessary `unsafe` block
   |
   = note: `#[warn(unused_unsafe)]` (part of `#[warn(unused)]`) on by default

warning: unnecessary `unsafe` block
  --> src/macos_file_drop.rs:80:25
   |
80 |             let point = unsafe { self.convertPoint_fromView(location, None) };
   |                         ^^^^^^ unnecessary `unsafe` block

warning: unnecessary `unsafe` block
   --> src/macos_file_drop.rs:102:46
    |
102 |     let pasteboard: Retained<NSPasteboard> = unsafe { info.draggingPasteboard() };
    |                                              ^^^^^^ unnecessary `unsafe` block

warning: unnecessary `unsafe` block
   --> src/macos_file_drop.rs:105:25
    |
105 |     if let Some(list) = unsafe { pasteboard.propertyListForType(&legacy) } {
    |                         ^^^^^^ unnecessary `unsafe` block

warning: unnecessary `unsafe` block
   --> src/macos_file_drop.rs:122:25
    |
122 |     if let Some(text) = unsafe { pasteboard.stringForType(file_url_type) } {
    |                         ^^^^^^ unnecessary `unsafe` block

warning: unnecessary `unsafe` block
   --> src/macos_file_drop.rs:123:28
    |
123 |         if let Some(url) = unsafe { NSURL::URLWithString(&text) } {
    |                            ^^^^^^ unnecessary `unsafe` block

warning: unnecessary `unsafe` block
   --> src/macos_file_drop.rs:124:33
    |
124 |             if let Some(path) = unsafe { url.path() } {
    |                                 ^^^^^^ unnecessary `unsafe` block

warning: unnecessary `unsafe` block
   --> src/macos_file_drop.rs:169:5
    |
169 |     unsafe { view.registerForDraggedTypes(&types) };
    |     ^^^^^^ unnecessary `unsafe` block

warning: unused variable: `token`
    --> src/remote/auth.rs:1399:14
     |
1399 |         let (token, device) = auth
     |              ^^^^^ help: if this is intentional, prefix it with an underscore: `_token`
     |
     = note: `#[warn(unused_variables)]` (part of `#[warn(unused)]`) on by default

warning: unused variable: `scroll_daemon_client`
   --> src/lib.rs:915:9
    |
915 |     let scroll_daemon_client = Arc::clone(&daemon_client);
    |         ^^^^^^^^^^^^^^^^^^^^ help: if this is intentional, prefix it with an underscore: `_scroll_daemon_client`

warning: method `machine_sessions` is never used
   --> src/daemon/session_service.rs:345:19
    |
221 | impl DaemonSessionService {
    | ------------------------- method in this implementation
...
345 |     pub(crate) fn machine_sessions(&self, epoch: crate::scoped_contracts::Epoch) -> Result<crate::remote::machine_protocol::Sessions, Str...
    |                   ^^^^^^^^^^^^^^^^
    |
    = note: `#[warn(dead_code)]` (part of `#[warn(unused)]`) on by default

warning: field `app` is never read
  --> src/ipc/notifications.rs:28:5
   |
27 | pub struct TauriNotificationBackend<R: Runtime> {
   |            ------------------------ field in this struct
28 |     app: AppHandle<R>,
   |     ^^^

warning: constant `GHOSTTY_TERMINAL_SCREEN_PRIMARY` is never used
  --> src/native_terminal/sys/constants.rs:56:11
   |
56 | pub const GHOSTTY_TERMINAL_SCREEN_PRIMARY: c_int = 0;
   |           ^^^^^^^^^^^^^^^^^^^^^^^^^^^^^^^

warning: function `no_auth_query` is never used
    --> src/remote/server.rs:3102:12
     |
3102 |         fn no_auth_query() -> AuthQuery {
     |            ^^^^^^^^^^^^^

warning: struct `WriterLeaseGuard` is never constructed
  --> src/worktree/manager.rs:86:19
   |
86 | pub(crate) struct WriterLeaseGuard {
   |                   ^^^^^^^^^^^^^^^^

warning: associated items `new`, `canonical_path`, and `owner_id` are never used
   --> src/worktree/manager.rs:93:8
    |
 92 | impl WriterLeaseGuard {
    | --------------------- associated items in this implementation
 93 |     fn new(registry: WriterLeaseRegistry, canonical_path: PathBuf, owner_id: String) -> Self {
    |        ^^^
...
101 |     pub(crate) fn canonical_path(&self) -> &Path {
    |                   ^^^^^^^^^^^^^^
...
105 |     pub(crate) fn owner_id(&self) -> &str {
    |                   ^^^^^^^^

warning: method `acquire_writer_lease` is never used
   --> src/worktree/manager.rs:338:19
    |
134 | impl WorktreeManager {
    | -------------------- method in this implementation
...
338 |     pub(crate) fn acquire_writer_lease(
    |                   ^^^^^^^^^^^^^^^^^^^^

warning: unused `OwnedSemaphorePermit` that must be used
   --> src/remote/journal_contention_tests.rs:150:5
    |
150 |     drained.unwrap().unwrap();
    |     ^^^^^^^^^^^^^^^^^^^^^^^^^
    |
    = note: `#[warn(unused_must_use)]` (part of `#[warn(unused)]`) on by default
help: use `let _ = ...` to ignore the resulting value
    |
150 |     let _ = drained.unwrap().unwrap();
    |     +++++++

warning: `ferryx` (lib test) generated 18 warnings (run `cargo fix --lib -p ferryx --tests` to apply 2 suggestions)
    Finished `test` profile [unoptimized] target(s) in 1.72s
     Running unittests src/lib.rs (src-tauri/target/debug/deps/ferryx_lib-fede6191c14a3d71)

running 1 test
test daemon::server::machine_gateway::tests::idle_connection_expires_when_peer_sends_no_request ... ok

test result: ok. 1 passed; 0 failed; 0 ignored; 0 measured; 974 filtered out; finished in 10.01s


selector=idle_connection_expires exit=0
warning: unused import: `Manager`
  --> src/ipc/notifications.rs:21:24
   |
21 | use tauri::{AppHandle, Manager, Runtime, State};
   |                        ^^^^^^^
   |
   = note: `#[warn(unused_imports)]` (part of `#[warn(unused)]`) on by default

warning: unnecessary `unsafe` block
  --> src/macos_file_drop.rs:79:28
   |
79 |             let location = unsafe { info.draggingLocation() };
   |                            ^^^^^^ unnecessary `unsafe` block
   |
   = note: `#[warn(unused_unsafe)]` (part of `#[warn(unused)]`) on by default

warning: unnecessary `unsafe` block
  --> src/macos_file_drop.rs:80:25
   |
80 |             let point = unsafe { self.convertPoint_fromView(location, None) };
   |                         ^^^^^^ unnecessary `unsafe` block

warning: unnecessary `unsafe` block
   --> src/macos_file_drop.rs:102:46
    |
102 |     let pasteboard: Retained<NSPasteboard> = unsafe { info.draggingPasteboard() };
    |                                              ^^^^^^ unnecessary `unsafe` block

warning: unnecessary `unsafe` block
   --> src/macos_file_drop.rs:105:25
    |
105 |     if let Some(list) = unsafe { pasteboard.propertyListForType(&legacy) } {
    |                         ^^^^^^ unnecessary `unsafe` block

warning: unnecessary `unsafe` block
   --> src/macos_file_drop.rs:122:25
    |
122 |     if let Some(text) = unsafe { pasteboard.stringForType(file_url_type) } {
    |                         ^^^^^^ unnecessary `unsafe` block

warning: unnecessary `unsafe` block
   --> src/macos_file_drop.rs:123:28
    |
123 |         if let Some(url) = unsafe { NSURL::URLWithString(&text) } {
    |                            ^^^^^^ unnecessary `unsafe` block

warning: unnecessary `unsafe` block
   --> src/macos_file_drop.rs:124:33
    |
124 |             if let Some(path) = unsafe { url.path() } {
    |                                 ^^^^^^ unnecessary `unsafe` block

warning: unnecessary `unsafe` block
   --> src/macos_file_drop.rs:169:5
    |
169 |     unsafe { view.registerForDraggedTypes(&types) };
    |     ^^^^^^ unnecessary `unsafe` block

warning: unused variable: `scroll_daemon_client`
   --> src/lib.rs:915:9
    |
915 |     let scroll_daemon_client = Arc::clone(&daemon_client);
    |         ^^^^^^^^^^^^^^^^^^^^ help: if this is intentional, prefix it with an underscore: `_scroll_daemon_client`
    |
    = note: `#[warn(unused_variables)]` (part of `#[warn(unused)]`) on by default

warning: method `machine_sessions` is never used
   --> src/daemon/session_service.rs:345:19
    |
221 | impl DaemonSessionService {
    | ------------------------- method in this implementation
...
345 |     pub(crate) fn machine_sessions(&self, epoch: crate::scoped_contracts::Epoch) -> Result<crate::remote::machine_protocol::Sessions, Str...
    |                   ^^^^^^^^^^^^^^^^
    |
    = note: `#[warn(dead_code)]` (part of `#[warn(unused)]`) on by default

warning: field `app` is never read
  --> src/ipc/notifications.rs:28:5
   |
27 | pub struct TauriNotificationBackend<R: Runtime> {
   |            ------------------------ field in this struct
28 |     app: AppHandle<R>,
   |     ^^^

warning: constant `GHOSTTY_TERMINAL_SCREEN_PRIMARY` is never used
  --> src/native_terminal/sys/constants.rs:56:11
   |
56 | pub const GHOSTTY_TERMINAL_SCREEN_PRIMARY: c_int = 0;
   |           ^^^^^^^^^^^^^^^^^^^^^^^^^^^^^^^

warning: methods `synchronized_output_deadline`, `expire_synchronized_output`, and `finish_synchronized_output` are never used
   --> src/native_terminal/terminal.rs:169:19
    |
133 | impl NativeTerminal {
    | ------------------- methods in this implementation
...
169 |     pub(crate) fn synchronized_output_deadline(&self) -> Option<tokio::time::Instant> {
    |                   ^^^^^^^^^^^^^^^^^^^^^^^^^^^^
...
173 |     pub(crate) fn expire_synchronized_output(
    |                   ^^^^^^^^^^^^^^^^^^^^^^^^^^
...
184 |     pub(crate) fn finish_synchronized_output(&mut self) -> Result<(), NativeTerminalError> {
    |                   ^^^^^^^^^^^^^^^^^^^^^^^^^^

warning: method `wait_and_reap` is never used
   --> src/terminal/session.rs:364:19
    |
 73 | impl PtySession {
    | --------------- method in this implementation
...
364 |     pub(crate) fn wait_and_reap(&self) -> Result<Option<i32>, PtyError> {
    |                   ^^^^^^^^^^^^^

warning: function `with_local_worktree_budget` is never used
   --> src/worktree/git.rs:115:15
    |
115 | pub(crate) fn with_local_worktree_budget<T>(work: impl FnOnce() -> T) -> T {
    |               ^^^^^^^^^^^^^^^^^^^^^^^^^^

warning: struct `WriterLeaseGuard` is never constructed
  --> src/worktree/manager.rs:86:19
   |
86 | pub(crate) struct WriterLeaseGuard {
   |                   ^^^^^^^^^^^^^^^^

warning: associated items `new`, `canonical_path`, and `owner_id` are never used
   --> src/worktree/manager.rs:93:8
    |
 92 | impl WriterLeaseGuard {
    | --------------------- associated items in this implementation
 93 |     fn new(registry: WriterLeaseRegistry, canonical_path: PathBuf, owner_id: String) -> Self {
    |        ^^^
...
101 |     pub(crate) fn canonical_path(&self) -> &Path {
    |                   ^^^^^^^^^^^^^^
...
105 |     pub(crate) fn owner_id(&self) -> &str {
    |                   ^^^^^^^^

warning: method `acquire_writer_lease` is never used
   --> src/worktree/manager.rs:338:19
    |
134 | impl WorktreeManager {
    | -------------------- method in this implementation
...
338 |     pub(crate) fn acquire_writer_lease(
    |                   ^^^^^^^^^^^^^^^^^^^^

warning: `ferryx` (lib) generated 19 warnings (run `cargo fix --lib -p ferryx` to apply 2 suggestions)
   Compiling ferryx v2026.908.1 (/Users/indo/code/project/orca-lite-wt/herdr-resume-01a097f8/src-tauri)
    Finished `test` profile [unoptimized] target(s) in 1.19s
     Running tests/daemon_handover_contract.rs (src-tauri/target/debug/deps/daemon_handover_contract-f635b88b30e6ab09)

running 5 tests
test test_private_daemon_command_safety ... ok
V02 launched owned PID 15595 handover=false root /tmp/fx-v02-wfnnZH
V02 launched owned PID 15596 handover=false root /tmp/fx-v02-ehIqx3
V02 launched owned PID 15597 handover=false root /tmp/fx-v02-f5MHfM
V02 launched owned PID 15598 handover=false root /tmp/fx-v02-eeo7ZM
V02 reaped owned PID 15596 (signal: 9 (SIGKILL)) root /tmp/fx-v02-ehIqx3
test test_rolling_handover_prepare_abort_rollback ... ok
V02 launched owned PID 15621 handover=true root /tmp/fx-v02-f5MHfM
V02 owned shell PID 15642 session e2fca474-b4e6-46d5-ae5a-1b632e9a78b3 daemon PID 15598 root /tmp/fx-v02-eeo7ZM
V02 launched owned PID 15644 handover=true root /tmp/fx-v02-eeo7ZM
V02 owned shell PID 15654 session 89e7cc32-dfe7-403a-a760-ee0ece5c0b88 daemon PID 15644 root /tmp/fx-v02-eeo7ZM
V02 owned shell PID 15661 session 789d5cc9-ede8-4a7e-a66b-016d152adde1 daemon PID 15595 root /tmp/fx-v02-wfnnZH
V02 launched owned PID 15664 handover=true root /tmp/fx-v02-wfnnZH
V02 closed PTY e2fca474-b4e6-46d5-ae5a-1b632e9a78b3 via owned PID 15598 at /tmp/fx-v02-eeo7ZM/runtime/legacy-15598-1789267754989.sock
V02 reaped owned PID 15597 (exit status: 0) root /tmp/fx-v02-f5MHfM
V02 readiness receiver dropped
V02 reaped owned PID 15621 (signal: 9 (SIGKILL)) root /tmp/fx-v02-f5MHfM
test test_rolling_handover_two_daemon_lifecycle ... ok
V02 closed PTY 89e7cc32-dfe7-403a-a760-ee0ece5c0b88 via owned PID 15644 at /tmp/fx-v02-eeo7ZM/runtime/daemon.sock
V02 reaped owned PID 15598 (exit status: 0) root /tmp/fx-v02-eeo7ZM
V02 readiness receiver dropped
V02 reaped owned PID 15644 (signal: 9 (SIGKILL)) root /tmp/fx-v02-eeo7ZM
V02 confirmed absent owned PID 15598 root /tmp/fx-v02-eeo7ZM
V02 confirmed absent owned PID 15644 root /tmp/fx-v02-eeo7ZM
V02 confirmed absent owned PID 15642 root /tmp/fx-v02-eeo7ZM
V02 confirmed absent owned PID 15654 root /tmp/fx-v02-eeo7ZM
V02 launched owned PID 15675 handover=false root /tmp/fx-v02-ISoSO3
V02 owned shell PID 15686 session 076fb272-c88f-4ecd-a3c9-a2ef9ece2609 daemon PID 15675 root /tmp/fx-v02-ISoSO3
V02 launched owned PID 15687 handover=true root /tmp/fx-v02-ISoSO3
V02 owned shell PID 15693 session bc8c283f-2973-453d-bcda-e461e7c4fa79 daemon PID 15687 root /tmp/fx-v02-ISoSO3

thread 'test_owned_children_cleanup_on_error_and_panic' (1557024) panicked at tests/daemon_handover_contract.rs:806:21:
V02 intentional owned-child cleanup proof
note: run with `RUST_BACKTRACE=1` environment variable to display a backtrace
V02 closed PTY 076fb272-c88f-4ecd-a3c9-a2ef9ece2609 via owned PID 15675 at /tmp/fx-v02-ISoSO3/runtime/legacy-15675-1789267757335.sock
V02 closed PTY bc8c283f-2973-453d-bcda-e461e7c4fa79 via owned PID 15687 at /tmp/fx-v02-ISoSO3/runtime/daemon.sock
V02 reaped owned PID 15675 (exit status: 0) root /tmp/fx-v02-ISoSO3
V02 readiness receiver dropped
V02 reaped owned PID 15687 (signal: 9 (SIGKILL)) root /tmp/fx-v02-ISoSO3
V02 confirmed absent owned PID 15675 root /tmp/fx-v02-ISoSO3
V02 confirmed absent owned PID 15687 root /tmp/fx-v02-ISoSO3
V02 confirmed absent owned PID 15686 root /tmp/fx-v02-ISoSO3
V02 confirmed absent owned PID 15693 root /tmp/fx-v02-ISoSO3
test test_owned_children_cleanup_on_error_and_panic ... ok
RETIREMENT durable close request=51b11809-3fc7-4612-bc06-266bfda8dac6 status204=true state=completed outcome=noContent owner=15595 shell=15661
RETIREMENT final assertion predecessor=15595 replacement=15664 shell=15661 close204=true durable_operation=51b11809-3fc7-4612-bc06-266bfda8dac6 predecessor_reaped=exit status: 0
V02 reaped owned PID 15595 (exit status: 0) root /tmp/fx-v02-wfnnZH
V02 readiness receiver dropped
V02 reaped owned PID 15664 (signal: 9 (SIGKILL)) root /tmp/fx-v02-wfnnZH
RETIREMENT cleanup children_reaped=true drains_joined=true listeners_closed=true root_removed=/tmp/fx-v02-wfnnZH
test machine_retirement::final_machine_close_is_durable_before_predecessor_retires ... ok

test result: ok. 5 passed; 0 failed; 0 ignored; 0 measured; 0 filtered out; finished in 7.00s

     Running tests/machine_sessions.rs (src-tauri/target/debug/deps/machine_sessions-df6ae9a44dc4635b)

running 1 test
A09 native shell resolver session=85f5c583-0746-4ddf-96f5-faaff59ac7cc shell=/bin/zsh
A09 shell session=85f5c583-0746-4ddf-96f5-faaff59ac7cc pid=15833 cwd=/private/tmp/a10-retirement-F4IWpE/tmp/.tmphlmSfN/project
A09 native shell resolver session=85f5c583-0746-4ddf-96f5-faaff59ac7cc shell=/bin/zsh
A09 shell session=85f5c583-0746-4ddf-96f5-faaff59ac7cc pid=15833 cwd=/private/tmp/a10-retirement-F4IWpE/tmp/.tmphlmSfN/project
A09 native shell resolver session=22864351-7a50-4a1a-bc58-d32a10c954d9 shell=/bin/zsh
A09 shell session=22864351-7a50-4a1a-bc58-d32a10c954d9 pid=16021 cwd=/private/tmp/a10-retirement-F4IWpE/tmp/.tmphlmSfN/second
A09 native shell resolver session=9a435828-f393-4932-9eb3-b922495f02e9 shell=/bin/zsh
A09 shell session=9a435828-f393-4932-9eb3-b922495f02e9 pid=16210 cwd=/private/tmp/a10-retirement-F4IWpE/tmp/.tmphlmSfN/second/.orca-worktrees/project-7ef3bc93058141b78be9cf5a1f6dc8f3/a09
A09 native shell resolver session=3dd017f7-cff1-43cb-8b87-3b0038c7742e shell=/bin/zsh
A09 shell session=3dd017f7-cff1-43cb-8b87-3b0038c7742e pid=16305 cwd=/private/tmp/a10-retirement-F4IWpE/tmp/.tmphlmSfN/project/nested
A09 native shell resolver session=82a4927a-511b-4ca0-aaba-48614ea39d35 shell=/bin/zsh
A09 shell session=82a4927a-511b-4ca0-aaba-48614ea39d35 pid=16322 cwd=/private/tmp/a10-retirement-F4IWpE/tmp/.tmphlmSfN/project/nested
A09 native shell resolver session=22864351-7a50-4a1a-bc58-d32a10c954d9 shell=/bin/zsh
A09 shell session=22864351-7a50-4a1a-bc58-d32a10c954d9 pid=16021 cwd=/private/tmp/a10-retirement-F4IWpE/tmp/.tmphlmSfN/second
A09 HTTP replay=same-target same-PID=true changed-digest=409 two-roots=true close=reaped epoch=1789267761185
A09 cleanup: private listener joined; owned sessions closed; private root removed
test machine_session_creation_uses_owner ... ok

test result: ok. 1 passed; 0 failed; 0 ignored; 0 measured; 0 filtered out; finished in 26.48s


integration_exit=0

supervisor=/tmp/a10-retirement-F4IWpE removed final_exit=0
