   Compiling ferryx v2026.908.1 (/Users/indo/code/project/orca-lite-wt/herdr-resume-01a097f8/src-tauri)
warning: unused import: `Manager`
  --> src/ipc/notifications.rs:21:24
   |
21 | use tauri::{AppHandle, Manager, Runtime, State};
   |                        ^^^^^^^
   |
   = note: `#[warn(unused_imports)]` (part of `#[warn(unused)]`) on by default

warning: unnecessary `unsafe` block
  --> src/macos_file_drop.rs:79:28
   |
79 |             let location = unsafe { info.draggingLocation() };
   |                            ^^^^^^ unnecessary `unsafe` block
   |
   = note: `#[warn(unused_unsafe)]` (part of `#[warn(unused)]`) on by default

warning: unnecessary `unsafe` block
  --> src/macos_file_drop.rs:80:25
   |
80 |             let point = unsafe { self.convertPoint_fromView(location, None) };
   |                         ^^^^^^ unnecessary `unsafe` block

warning: unnecessary `unsafe` block
   --> src/macos_file_drop.rs:102:46
    |
102 |     let pasteboard: Retained<NSPasteboard> = unsafe { info.draggingPasteboard() };
    |                                              ^^^^^^ unnecessary `unsafe` block

warning: unnecessary `unsafe` block
   --> src/macos_file_drop.rs:105:25
    |
105 |     if let Some(list) = unsafe { pasteboard.propertyListForType(&legacy) } {
    |                         ^^^^^^ unnecessary `unsafe` block

warning: unnecessary `unsafe` block
   --> src/macos_file_drop.rs:122:25
    |
122 |     if let Some(text) = unsafe { pasteboard.stringForType(file_url_type) } {
    |                         ^^^^^^ unnecessary `unsafe` block

warning: unnecessary `unsafe` block
   --> src/macos_file_drop.rs:123:28
    |
123 |         if let Some(url) = unsafe { NSURL::URLWithString(&text) } {
    |                            ^^^^^^ unnecessary `unsafe` block

warning: unnecessary `unsafe` block
   --> src/macos_file_drop.rs:124:33
    |
124 |             if let Some(path) = unsafe { url.path() } {
    |                                 ^^^^^^ unnecessary `unsafe` block

warning: unnecessary `unsafe` block
   --> src/macos_file_drop.rs:169:5
    |
169 |     unsafe { view.registerForDraggedTypes(&types) };
    |     ^^^^^^ unnecessary `unsafe` block

warning: unused variable: `scroll_daemon_client`
   --> src/lib.rs:915:9
    |
915 |     let scroll_daemon_client = Arc::clone(&daemon_client);
    |         ^^^^^^^^^^^^^^^^^^^^ help: if this is intentional, prefix it with an underscore: `_scroll_daemon_client`
    |
    = note: `#[warn(unused_variables)]` (part of `#[warn(unused)]`) on by default

warning: methods `attach_machine_output` and `machine_sessions` are never used
   --> src/daemon/session_service.rs:222:19
    |
221 | impl DaemonSessionService {
    | ------------------------- methods in this implementation
222 |     pub(crate) fn attach_machine_output(
    |                   ^^^^^^^^^^^^^^^^^^^^^
...
345 |     pub(crate) fn machine_sessions(&self, epoch: crate::scoped_contracts::Epoch) -> Result<crate::remote::machine_protocol::Sessions, Str...
    |                   ^^^^^^^^^^^^^^^^
    |
    = note: `#[warn(dead_code)]` (part of `#[warn(unused)]`) on by default

warning: field `app` is never read
  --> src/ipc/notifications.rs:28:5
   |
27 | pub struct TauriNotificationBackend<R: Runtime> {
   |            ------------------------ field in this struct
28 |     app: AppHandle<R>,
   |     ^^^

warning: constant `GHOSTTY_TERMINAL_SCREEN_PRIMARY` is never used
  --> src/native_terminal/sys/constants.rs:56:11
   |
56 | pub const GHOSTTY_TERMINAL_SCREEN_PRIMARY: c_int = 0;
   |           ^^^^^^^^^^^^^^^^^^^^^^^^^^^^^^^

warning: methods `synchronized_output_deadline`, `expire_synchronized_output`, and `finish_synchronized_output` are never used
   --> src/native_terminal/terminal.rs:169:19
    |
133 | impl NativeTerminal {
    | ------------------- methods in this implementation
...
169 |     pub(crate) fn synchronized_output_deadline(&self) -> Option<tokio::time::Instant> {
    |                   ^^^^^^^^^^^^^^^^^^^^^^^^^^^^
...
173 |     pub(crate) fn expire_synchronized_output(
    |                   ^^^^^^^^^^^^^^^^^^^^^^^^^^
...
184 |     pub(crate) fn finish_synchronized_output(&mut self) -> Result<(), NativeTerminalError> {
    |                   ^^^^^^^^^^^^^^^^^^^^^^^^^^

warning: method `wait_and_reap` is never used
   --> src/terminal/session.rs:364:19
    |
 73 | impl PtySession {
    | --------------- method in this implementation
...
364 |     pub(crate) fn wait_and_reap(&self) -> Result<Option<i32>, PtyError> {
    |                   ^^^^^^^^^^^^^

warning: function `with_local_worktree_budget` is never used
   --> src/worktree/git.rs:115:15
    |
115 | pub(crate) fn with_local_worktree_budget<T>(work: impl FnOnce() -> T) -> T {
    |               ^^^^^^^^^^^^^^^^^^^^^^^^^^

warning: struct `WriterLeaseGuard` is never constructed
  --> src/worktree/manager.rs:86:19
   |
86 | pub(crate) struct WriterLeaseGuard {
   |                   ^^^^^^^^^^^^^^^^

warning: associated items `new`, `canonical_path`, and `owner_id` are never used
   --> src/worktree/manager.rs:93:8
    |
 92 | impl WriterLeaseGuard {
    | --------------------- associated items in this implementation
 93 |     fn new(registry: WriterLeaseRegistry, canonical_path: PathBuf, owner_id: String) -> Self {
    |        ^^^
...
101 |     pub(crate) fn canonical_path(&self) -> &Path {
    |                   ^^^^^^^^^^^^^^
...
105 |     pub(crate) fn owner_id(&self) -> &str {
    |                   ^^^^^^^^

warning: method `acquire_writer_lease` is never used
   --> src/worktree/manager.rs:338:19
    |
134 | impl WorktreeManager {
    | -------------------- method in this implementation
...
338 |     pub(crate) fn acquire_writer_lease(
    |                   ^^^^^^^^^^^^^^^^^^^^

warning: `ferryx` (lib) generated 19 warnings (run `cargo fix --lib -p ferryx` to apply 2 suggestions)
    Finished `test` profile [unoptimized] target(s) in 20.52s
     Running tests/daemon_handover_contract.rs (src-tauri/target/debug/deps/daemon_handover_contract-f635b88b30e6ab09)

running 1 test
V02 launched owned PID 82027 handover=false root /tmp/fx-v02-Tnu38L
V02 owned shell PID 82078 session 091be18f-5e27-48a6-a07a-4307abe1dc21 daemon PID 82027 root /tmp/fx-v02-Tnu38L
V02 launched owned PID 82081 handover=true root /tmp/fx-v02-Tnu38L
RETIREMENT durable journal={"records":{"[\"retirement\",\"7e29717a-4f71-4e54-aa8c-34a62941bb9d\"]":{"completedAt":1789266436,"createdAt":1789266436,"deviceId":"retirement","digest":"1e0d0cbe7a6ce49e0455b17be6cf59132aeaa04299df2ad2e3767f08cce303dd","kind":"createSession","operation":{"outcome":{"kind":"session","session":{"cols":80,"cwd":"/private/tmp/fx-v02-Tnu38L/repo","endSequence":"0","providerSession":null,"rows":24,"running":true,"startSequence":"0","target":{"daemonEpoch":"1789266436081","machineId":"4f62cdce-48ac-4211-853f-ecd2be68cd0d","sessionId":"091be18f-5e27-48a6-a07a-4307abe1dc21"},"workspaceId":"project-45b8ab4af86f489abd7c159f85e3d698","worktree":null}},"requestId":"7e29717a-4f71-4e54-aa8c-34a62941bb9d","state":"completed"},"outcomeSummary":"session","requestId":"7e29717a-4f71-4e54-aa8c-34a62941bb9d","resource":"{\"machineId\":\"4f62cdce-48ac-4211-853f-ecd2be68cd0d\",\"daemonEpoch\":\"1789266436081\",\"sessionId\":\"091be18f-5e27-48a6-a07a-4307abe1dc21\"}","status":201},"[\"retirement\",\"aee36636-af9c-42d9-9889-962866af716e\"]":{"completedAt":1789266436,"createdAt":1789266436,"deviceId":"retirement","digest":"eeccc790043e643c3bed482ef726e4e6d6c06510443e676d2bbd6c364ad0870d","kind":"registerProject","operation":{"outcome":{"kind":"project","project":{"availability":"ready","gitBranch":"main","gitCommonDir":"/private/tmp/fx-v02-Tnu38L/repo/.git","gitHead":"08ba8f867fe5a1a6a63c69f26d4da1fe049f76c4","gitRemote":null,"gitRoot":"/private/tmp/fx-v02-Tnu38L/repo","repoRoot":"/private/tmp/fx-v02-Tnu38L/repo","revision":"1","workspaceId":"project-45b8ab4af86f489abd7c159f85e3d698"}},"requestId":"aee36636-af9c-42d9-9889-962866af716e","state":"completed"},"outcomeSummary":"project","requestId":"aee36636-af9c-42d9-9889-962866af716e","resource":"project-45b8ab4af86f489abd7c159f85e3d698","status":201},"[\"retirement\",\"f0b42b9f-b07a-4d31-8874-56ca04c0915e\"]":{"completedAt":1789266441,"createdAt":1789266436,"deviceId":"retirement","digest":"a5bc966cd34ef51b6cdfcf36cf5b1c25a94efce90f651373f8eb17aac389b77f","kind":"closeSession","operation":{"outcome":{"kind":"noContent"},"requestId":"f0b42b9f-b07a-4d31-8874-56ca04c0915e","state":"completed"},"outcomeSummary":"noContent","requestId":"f0b42b9f-b07a-4d31-8874-56ca04c0915e","resource":"{\"machineId\":\"4f62cdce-48ac-4211-853f-ecd2be68cd0d\",\"daemonEpoch\":\"1789266436081\",\"sessionId\":\"091be18f-5e27-48a6-a07a-4307abe1dc21\"}","status":204}},"session_revision":3,"sessions":{"091be18f-5e27-48a6-a07a-4307abe1dc21":{"creatorDevice":"retirement","exit":{"code":1,"signal":null},"session":{"cols":80,"cwd":"/private/tmp/fx-v02-Tnu38L/repo","endSequence":"0","providerSession":null,"rows":24,"running":false,"startSequence":"0","target":{"daemonEpoch":"1789266436081","machineId":"4f62cdce-48ac-4211-853f-ecd2be68cd0d","sessionId":"091be18f-5e27-48a6-a07a-4307abe1dc21"},"workspaceId":"project-45b8ab4af86f489abd7c159f85e3d698","worktree":null}}},"version":1}

thread 'machine_retirement::final_machine_close_is_durable_before_predecessor_retires' (1419598) panicked at tests/support/machine_retirement.rs:63:5:
assertion `left == right` failed: {"error":{"code":"OPERATION_NOT_FOUND","details":{},"message":"OPERATION_NOT_FOUND","requestId":"f0b42b9f-b07a-4d31-8874-56ca04c0915e","retryable":false}}
  left: 404
 right: 200
note: run with `RUST_BACKTRACE=1` environment variable to display a backtrace
V02 reaped owned PID 82027 (exit status: 0) root /tmp/fx-v02-Tnu38L
V02 readiness receiver dropped
V02 reaped owned PID 82081 (signal: 9 (SIGKILL)) root /tmp/fx-v02-Tnu38L
test machine_retirement::final_machine_close_is_durable_before_predecessor_retires ... FAILED

failures:

failures:
    machine_retirement::final_machine_close_is_durable_before_predecessor_retires

test result: FAILED. 0 passed; 1 failed; 0 ignored; 0 measured; 4 filtered out; finished in 6.94s

error: test failed, to rerun pass `--test daemon_handover_contract`

command_exit=101 supervisor=/tmp/a10-retirement-s0PQTr
supervisor removed
