...
389 |     pub(crate) fn output_receiver_closed(&self) -> bool {
    |                   ^^^^^^^^^^^^^^^^^^^^^^
    |
    = note: `#[warn(dead_code)]` (part of `#[warn(unused)]`) on by default

warning: `ferryx-pty-input-native-proof` (test "native") generated 1 warning
    Finished `test` profile [unoptimized] target(s) in 1.15s
     Running native.rs (target\debug\deps\native-fd513a3ee92bde05.exe)

running 2 tests
test child ... ok
PTY_OUTPUT "\u{1b}[6n"
PTY_OUTPUT "\u{1b}[?9001h\u{1b}[?1004h"
PTY_OUTPUT "\u{1b}[m\u{1b}]0;C:\\Users\\sook\\ferryx-a10-input-01a0983c\\target\\debug\\deps\\native-fd513a3ee92bde05.exe\u{7}\u{1b}[?25h"
PTY_OUTPUT "\r\nrunning 1 test\r\n"
SATURATED pid=8516 accepted=8220672 cwd=C:\Users\sook\ferryx-a10-input-01a0983c\home
DEADLINE_ARMED
CLOCK_ADVANCED
DEADLINE_PASSED
CHILD_RELEASED
SENTINEL_WRITTEN
GREEN original_pid=8516 accepted=8220672 received=8220673 cancelled_bytes=0 deadline=10s-controlled
PTY_OUTPUT "\r\nthread 'child' (7184) panicked at native.rs:29:33:\r\ncalled `Result::unwrap()` on an `Err` value: Error { kind: UnexpectedEof, message: \"failed to fill whole buffer\" }\r\n"
PTY_OUTPUT "\u{1b}[?9001l\u{1b}[?1004l"
CLEANUP original child reaped; reader/drain joined; listener/handles dropped
test native_saturation_drop_and_deadline ... ok

test result: ok. 2 passed; 0 failed; 0 ignored; 0 measured; 0 filtered out; finished in 13.41s

#< CLIXML
<Objs Version="1.1.0.1" xmlns="http://schemas.microsoft.com/powershell/2004/04"><Obj S="progress" RefId="0"><TN RefId="0"><T>System.Management.Automation.PSCustomObject</T><T>System.Object</T></TN><MS><I64 N="SourceId">1</I64><PR N="Record"><AV>Preparing modules for first use.</AV><AI>0</AI><Nil /><PI>-1</PI><PC>-1</PC><T>Completed</T><SR>-1</SR><SD> </SD></PR></MS></Obj></Objs>