   Compiling ferryx v2026.908.1 (/Users/indo/code/project/orca-lite-wt/herdr-resume-01a097f8/src-tauri)
warning: unnecessary `unsafe` block
  --> src/macos_file_drop.rs:79:28
   |
79 |             let location = unsafe { info.draggingLocation() };
   |                            ^^^^^^ unnecessary `unsafe` block
   |
   = note: `#[warn(unused_unsafe)]` (part of `#[warn(unused)]`) on by default

warning: unnecessary `unsafe` block
  --> src/macos_file_drop.rs:80:25
   |
80 |             let point = unsafe { self.convertPoint_fromView(location, None) };
   |                         ^^^^^^ unnecessary `unsafe` block

warning: unnecessary `unsafe` block
   --> src/macos_file_drop.rs:102:46
    |
102 |     let pasteboard: Retained<NSPasteboard> = unsafe { info.draggingPasteboard() };
    |                                              ^^^^^^ unnecessary `unsafe` block

warning: unnecessary `unsafe` block
   --> src/macos_file_drop.rs:105:25
    |
105 |     if let Some(list) = unsafe { pasteboard.propertyListForType(&legacy) } {
    |                         ^^^^^^ unnecessary `unsafe` block

warning: unnecessary `unsafe` block
   --> src/macos_file_drop.rs:122:25
    |
122 |     if let Some(text) = unsafe { pasteboard.stringForType(file_url_type) } {
    |                         ^^^^^^ unnecessary `unsafe` block

warning: unnecessary `unsafe` block
   --> src/macos_file_drop.rs:123:28
    |
123 |         if let Some(url) = unsafe { NSURL::URLWithString(&text) } {
    |                            ^^^^^^ unnecessary `unsafe` block

warning: unnecessary `unsafe` block
   --> src/macos_file_drop.rs:124:33
    |
124 |             if let Some(path) = unsafe { url.path() } {
    |                                 ^^^^^^ unnecessary `unsafe` block

warning: unnecessary `unsafe` block
   --> src/macos_file_drop.rs:169:5
    |
169 |     unsafe { view.registerForDraggedTypes(&types) };
    |     ^^^^^^ unnecessary `unsafe` block

warning: unused variable: `token`
    --> src/remote/auth.rs:1399:14
     |
1399 |         let (token, device) = auth
     |              ^^^^^ help: if this is intentional, prefix it with an underscore: `_token`
     |
     = note: `#[warn(unused_variables)]` (part of `#[warn(unused)]`) on by default

warning: unused variable: `scroll_daemon_client`
   --> src/lib.rs:915:9
    |
915 |     let scroll_daemon_client = Arc::clone(&daemon_client);
    |         ^^^^^^^^^^^^^^^^^^^^ help: if this is intentional, prefix it with an underscore: `_scroll_daemon_client`

warning: field `app` is never read
  --> src/ipc/notifications.rs:28:5
   |
27 | pub struct TauriNotificationBackend<R: Runtime> {
   |            ------------------------ field in this struct
28 |     app: AppHandle<R>,
   |     ^^^
   |
   = note: `#[warn(dead_code)]` (part of `#[warn(unused)]`) on by default

warning: constant `GHOSTTY_TERMINAL_SCREEN_PRIMARY` is never used
  --> src/native_terminal/sys/constants.rs:56:11
   |
56 | pub const GHOSTTY_TERMINAL_SCREEN_PRIMARY: c_int = 0;
   |           ^^^^^^^^^^^^^^^^^^^^^^^^^^^^^^^

warning: function `no_auth_query` is never used
    --> src/remote/server.rs:3051:12
     |
3051 |         fn no_auth_query() -> AuthQuery {
     |            ^^^^^^^^^^^^^

warning: struct `WriterLeaseGuard` is never constructed
  --> src/worktree/manager.rs:86:19
   |
86 | pub(crate) struct WriterLeaseGuard {
   |                   ^^^^^^^^^^^^^^^^

warning: associated items `new`, `canonical_path`, and `owner_id` are never used
   --> src/worktree/manager.rs:93:8
    |
 92 | impl WriterLeaseGuard {
    | --------------------- associated items in this implementation
 93 |     fn new(registry: WriterLeaseRegistry, canonical_path: PathBuf, owner_id: String) -> Self {
    |        ^^^
...
101 |     pub(crate) fn canonical_path(&self) -> &Path {
    |                   ^^^^^^^^^^^^^^
...
105 |     pub(crate) fn owner_id(&self) -> &str {
    |                   ^^^^^^^^

warning: method `acquire_writer_lease` is never used
   --> src/worktree/manager.rs:338:19
    |
134 | impl WorktreeManager {
    | -------------------- method in this implementation
...
338 |     pub(crate) fn acquire_writer_lease(
    |                   ^^^^^^^^^^^^^^^^^^^^

warning: `ferryx` (lib test) generated 16 warnings (run `cargo fix --lib -p ferryx --tests` to apply 2 suggestions)
    Finished `test` profile [unoptimized] target(s) in 23.53s
     Running unittests src/lib.rs (src-tauri/target/debug/deps/ferryx_lib-82e1988715e4a304)

running 2 tests
A10 sole controller: old drop cannot release replacement; disconnect records reservation; controlled expiry permits other device
test remote::tests::security::sockets::a10_controller_generation_disconnect_and_exact_reservation_boundary ... ok
[CLIENT_FRAME] Text: {"type":"attached","target":{"machineId":"5a59b1a5-4453-4aee-89f8-a2f6459c0905","daemonEpoch":"1789261920510","sessionId":"d0d081db-2437-4588-abf5-55bbcc14354e"},"generation":"1","cols":80,"rows":24,"startSequence":"0","endSequence":"0","replayGap":null}
[CLIENT_FRAME] Close
[CLIENT_FRAME] Text: {"type":"attached","target":{"machineId":"5a59b1a5-4453-4aee-89f8-a2f6459c0905","daemonEpoch":"1789261920510","sessionId":"d0d081db-2437-4588-abf5-55bbcc14354e"},"generation":"2","cols":80,"rows":24,"startSequence":"0","endSequence":"0","replayGap":null}
[CLIENT_FRAME] Binary len: 128
[CLIENT_FRAME] Binary len: 106
[CLIENT_FRAME] Text: {"status":"closed","target":{"daemonEpoch":"1789261920510","machineId":"5a59b1a5-4453-4aee-89f8-a2f6459c0905","sessionId":"d0d081db-2437-4588-abf5-55bbcc14354e"},"type":"status"}
[CLIENT_FRAME] Close
A10 actual socket release: reserved other=409; controlled15s expiry=attach; creator close=409; sole current controller close=204; original_pid=Some(7818) epoch=1789261920510 reaped=true
A10 joint socket-close cleanup: listener stopped, original PTYs/lifecycles reaped, root removed
test remote::tests::security::sockets::a10_real_socket_reservation_transfers_http_close_authority ... ok

test result: ok. 2 passed; 0 failed; 0 ignored; 0 measured; 961 filtered out; finished in 5.36s


command exit=0
supervisor removed=/tmp/a10-joint.bYYoen
