
COMMAND=['cargo', 'test', '--locked', '--manifest-path', '/Users/indo/code/project/orca-lite-wt/herdr-resume-01a097f8/src-tauri/Cargo.toml', '--no-default-features', '--test', 'relay_pairing_generation_regression', '--', '--nocapture', '--test-threads=1']
   Compiling ferryx v2026.908.1 (/Users/indo/code/project/orca-lite-wt/herdr-resume-01a097f8/src-tauri)
warning: unused import: `Manager`
  --> src/ipc/notifications.rs:21:24
   |
21 | use tauri::{AppHandle, Manager, Runtime, State};
   |                        ^^^^^^^
   |
   = note: `#[warn(unused_imports)]` (part of `#[warn(unused)]`) on by default

warning: unnecessary `unsafe` block
  --> src/macos_file_drop.rs:79:28
   |
79 |             let location = unsafe { info.draggingLocation() };
   |                            ^^^^^^ unnecessary `unsafe` block
   |
   = note: `#[warn(unused_unsafe)]` (part of `#[warn(unused)]`) on by default

warning: unnecessary `unsafe` block
  --> src/macos_file_drop.rs:80:25
   |
80 |             let point = unsafe { self.convertPoint_fromView(location, None) };
   |                         ^^^^^^ unnecessary `unsafe` block

warning: unnecessary `unsafe` block
   --> src/macos_file_drop.rs:102:46
    |
102 |     let pasteboard: Retained<NSPasteboard> = unsafe { info.draggingPasteboard() };
    |                                              ^^^^^^ unnecessary `unsafe` block

warning: unnecessary `unsafe` block
   --> src/macos_file_drop.rs:105:25
    |
105 |     if let Some(list) = unsafe { pasteboard.propertyListForType(&legacy) } {
    |                         ^^^^^^ unnecessary `unsafe` block

warning: unnecessary `unsafe` block
   --> src/macos_file_drop.rs:122:25
    |
122 |     if let Some(text) = unsafe { pasteboard.stringForType(file_url_type) } {
    |                         ^^^^^^ unnecessary `unsafe` block

warning: unnecessary `unsafe` block
   --> src/macos_file_drop.rs:123:28
    |
123 |         if let Some(url) = unsafe { NSURL::URLWithString(&text) } {
    |                            ^^^^^^ unnecessary `unsafe` block

warning: unnecessary `unsafe` block
   --> src/macos_file_drop.rs:124:33
    |
124 |             if let Some(path) = unsafe { url.path() } {
    |                                 ^^^^^^ unnecessary `unsafe` block

warning: unnecessary `unsafe` block
   --> src/macos_file_drop.rs:169:5
    |
169 |     unsafe { view.registerForDraggedTypes(&types) };
    |     ^^^^^^ unnecessary `unsafe` block

warning: unused variable: `scroll_daemon_client`
   --> src/lib.rs:915:9
    |
915 |     let scroll_daemon_client = Arc::clone(&daemon_client);
    |         ^^^^^^^^^^^^^^^^^^^^ help: if this is intentional, prefix it with an underscore: `_scroll_daemon_client`
    |
    = note: `#[warn(unused_variables)]` (part of `#[warn(unused)]`) on by default

warning: method `machine_sessions` is never used
   --> src/daemon/session_service.rs:345:19
    |
221 | impl DaemonSessionService {
    | ------------------------- method in this implementation
...
345 |     pub(crate) fn machine_sessions(&self, epoch: crate::scoped_contracts::Epoch) -> Result<crate::remote::machine_protocol::Sessions, Str...
    |                   ^^^^^^^^^^^^^^^^
    |
    = note: `#[warn(dead_code)]` (part of `#[warn(unused)]`) on by default

warning: field `app` is never read
  --> src/ipc/notifications.rs:28:5
   |
27 | pub struct TauriNotificationBackend<R: Runtime> {
   |            ------------------------ field in this struct
28 |     app: AppHandle<R>,
   |     ^^^

warning: constant `GHOSTTY_TERMINAL_SCREEN_PRIMARY` is never used
  --> src/native_terminal/sys/constants.rs:56:11
   |
56 | pub const GHOSTTY_TERMINAL_SCREEN_PRIMARY: c_int = 0;
   |           ^^^^^^^^^^^^^^^^^^^^^^^^^^^^^^^

warning: methods `synchronized_output_deadline`, `expire_synchronized_output`, and `finish_synchronized_output` are never used
   --> src/native_terminal/terminal.rs:169:19
    |
133 | impl NativeTerminal {
    | ------------------- methods in this implementation
...
169 |     pub(crate) fn synchronized_output_deadline(&self) -> Option<tokio::time::Instant> {
    |                   ^^^^^^^^^^^^^^^^^^^^^^^^^^^^
...
173 |     pub(crate) fn expire_synchronized_output(
    |                   ^^^^^^^^^^^^^^^^^^^^^^^^^^
...
184 |     pub(crate) fn finish_synchronized_output(&mut self) -> Result<(), NativeTerminalError> {
    |                   ^^^^^^^^^^^^^^^^^^^^^^^^^^

warning: function `event_projects` is never used
   --> src/remote/workspace_api.rs:410:21
    |
410 | pub(crate) async fn event_projects(service: Arc<crate::daemon::workspace_service::DaemonWorkspaceService>) -> Result<Projects, String> {
    |                     ^^^^^^^^^^^^^^

warning: method `wait_and_reap` is never used
   --> src/terminal/session.rs:364:19
    |
 73 | impl PtySession {
    | --------------- method in this implementation
...
364 |     pub(crate) fn wait_and_reap(&self) -> Result<Option<i32>, PtyError> {
    |                   ^^^^^^^^^^^^^

warning: function `with_local_worktree_budget` is never used
   --> src/worktree/git.rs:115:15
    |
115 | pub(crate) fn with_local_worktree_budget<T>(work: impl FnOnce() -> T) -> T {
    |               ^^^^^^^^^^^^^^^^^^^^^^^^^^

warning: struct `WriterLeaseGuard` is never constructed
  --> src/worktree/manager.rs:86:19
   |
86 | pub(crate) struct WriterLeaseGuard {
   |                   ^^^^^^^^^^^^^^^^

warning: associated items `new`, `canonical_path`, and `owner_id` are never used
   --> src/worktree/manager.rs:93:8
    |
 92 | impl WriterLeaseGuard {
    | --------------------- associated items in this implementation
 93 |     fn new(registry: WriterLeaseRegistry, canonical_path: PathBuf, owner_id: String) -> Self {
    |        ^^^
...
101 |     pub(crate) fn canonical_path(&self) -> &Path {
    |                   ^^^^^^^^^^^^^^
...
105 |     pub(crate) fn owner_id(&self) -> &str {
    |                   ^^^^^^^^

warning: method `acquire_writer_lease` is never used
   --> src/worktree/manager.rs:338:19
    |
134 | impl WorktreeManager {
    | -------------------- method in this implementation
...
338 |     pub(crate) fn acquire_writer_lease(
    |                   ^^^^^^^^^^^^^^^^^^^^

warning: `ferryx` (lib) generated 20 warnings (run `cargo fix --lib -p ferryx` to apply 2 suggestions)
    Finished `test` profile [unoptimized] target(s) in 21.63s
     Running tests/relay_pairing_generation_regression.rs (src-tauri/target/debug/deps/relay_pairing_generation_regression-29cacc516dd18674)

running 8 tests
test a11_joint_machine_relay_runtime ... A11 lost real TCP reply after completed201; operation lookup recovered target={"daemonEpoch":"1789268154950","machineId":"141976f3-d489-4e8f-8de7-be4231f8bd8a","sessionId":"a4f97b83-401d-4a84-b41a-8530cc7ecb13"}
A11 second-root original pid=25917 cwd=/private/tmp/a11-followthrough-clean-q3xaiv19/tmp/.tmpkScPu2/second-root epoch=1789268154950
A11 relay-only executed proof pid=25846 cwd=/private/tmp/a11-followthrough-clean-q3xaiv19/tmp/.tmpkScPu2/project %2F space target={"daemonEpoch":"1789268154950","machineId":"141976f3-d489-4e8f-8de7-be4231f8bd8a","sessionId":"a4f97b83-401d-4a84-b41a-8530cc7ecb13"} cursor=Output { sequence: 30, gap: None }
A11 real PTY suffix and 1MiB retained-history gap passed; unchanged pid=25846 cursor=108
A11 resize103x37/interrupt/suffix/gap passed
A11 DELETE body preserved; original pid=25846 reaped; create replay/detail/ticket replay passed
R4 CLEANUP runtime/connection tasks joined; private directory explicitly removed; failed_scenario=false
ok
test a11_real_pty_failure_containment ... A11 lost real TCP reply after completed201; operation lookup recovered target={"daemonEpoch":"1789268165847","machineId":"9235fd5d-6017-4612-ab00-2883ccbb46e2","sessionId":"68fa8bfc-64d8-4949-8d07-63b0a62d7472"}
A11 second-root original pid=26330 cwd=/private/tmp/a11-followthrough-clean-q3xaiv19/tmp/.tmpwnUYxy/second-root epoch=1789268165847

thread 'a11_real_pty_failure_containment' (1592674) panicked at tests/relay_pairing_generation_regression.rs:187:29:
A11 injected failure with two live relay PTYs
note: run with `RUST_BACKTRACE=1` environment variable to display a backtrace
A11 cleanup original pid=None reaped
A11 cleanup original pid=None reaped
R4 CLEANUP runtime/connection tasks joined; private directory explicitly removed; failed_scenario=true
ok
test machine_http_transport ... R4 CLEANUP runtime/connection tasks joined; private directory explicitly removed; failed_scenario=false
ok
test machine_routes_reach_relay_admission ... R4 CLEANUP runtime/connection tasks joined; private directory explicitly removed; failed_scenario=false
ok
test r4_absolute_replacement_filename_direct_and_relay ... R4 real gateway: absolute U+FFFD direct=200 relay=200 equal; malformed direct=400 relay=400; preferences direct=200 relay=200
R4 CLEANUP runtime/connection tasks joined; private directory explicitly removed; failed_scenario=false
ok
test r4_failure_path_joins_connections_and_removes_store ... 
thread 'r4_failure_path_joins_connections_and_removes_store' (1593340) panicked at tests/relay_pairing_generation_regression.rs:405:9:
injected failure after live control registration
R4 CLEANUP runtime/connection tasks joined; private directory explicitly removed; failed_scenario=true
R4 injected failure: panic propagated after runtime joined; store absent; listener refused
ok
test second_machine_first_pairing_is_not_blocked_by_an_unrelated_connection ... R4 CLEANUP runtime/connection tasks joined; private directory explicitly removed; failed_scenario=false
ok
test stale_registration_stops_being_claimable_after_control_replacement ... R4 CLEANUP runtime/connection tasks joined; private directory explicitly removed; failed_scenario=false
R4 CLEANUP runtime/connection tasks joined; private directory explicitly removed; failed_scenario=false
ok

test result: ok. 8 passed; 0 failed; 0 ignored; 0 measured; 0 filtered out; finished in 13.46s


EXIT=0

COMMAND=['cargo', 'test', '--locked', '--manifest-path', '/Users/indo/code/project/orca-lite-wt/herdr-resume-01a097f8/src-tauri/Cargo.toml', '--no-default-features', '--lib', 'remote::relay_server::tests::a11_expired_ticket_wire_boundary', '--', '--nocapture']
   Compiling ferryx v2026.908.1 (/Users/indo/code/project/orca-lite-wt/herdr-resume-01a097f8/src-tauri)
warning: unnecessary `unsafe` block
  --> src/macos_file_drop.rs:79:28
   |
79 |             let location = unsafe { info.draggingLocation() };
   |                            ^^^^^^ unnecessary `unsafe` block
   |
   = note: `#[warn(unused_unsafe)]` (part of `#[warn(unused)]`) on by default

warning: unnecessary `unsafe` block
  --> src/macos_file_drop.rs:80:25
   |
80 |             let point = unsafe { self.convertPoint_fromView(location, None) };
   |                         ^^^^^^ unnecessary `unsafe` block

warning: unnecessary `unsafe` block
   --> src/macos_file_drop.rs:102:46
    |
102 |     let pasteboard: Retained<NSPasteboard> = unsafe { info.draggingPasteboard() };
    |                                              ^^^^^^ unnecessary `unsafe` block

warning: unnecessary `unsafe` block
   --> src/macos_file_drop.rs:105:25
    |
105 |     if let Some(list) = unsafe { pasteboard.propertyListForType(&legacy) } {
    |                         ^^^^^^ unnecessary `unsafe` block

warning: unnecessary `unsafe` block
   --> src/macos_file_drop.rs:122:25
    |
122 |     if let Some(text) = unsafe { pasteboard.stringForType(file_url_type) } {
    |                         ^^^^^^ unnecessary `unsafe` block

warning: unnecessary `unsafe` block
   --> src/macos_file_drop.rs:123:28
    |
123 |         if let Some(url) = unsafe { NSURL::URLWithString(&text) } {
    |                            ^^^^^^ unnecessary `unsafe` block

warning: unnecessary `unsafe` block
   --> src/macos_file_drop.rs:124:33
    |
124 |             if let Some(path) = unsafe { url.path() } {
    |                                 ^^^^^^ unnecessary `unsafe` block

warning: unnecessary `unsafe` block
   --> src/macos_file_drop.rs:169:5
    |
169 |     unsafe { view.registerForDraggedTypes(&types) };
    |     ^^^^^^ unnecessary `unsafe` block

warning: unused variable: `token`
    --> src/remote/auth.rs:1399:14
     |
1399 |         let (token, device) = auth
     |              ^^^^^ help: if this is intentional, prefix it with an underscore: `_token`
     |
     = note: `#[warn(unused_variables)]` (part of `#[warn(unused)]`) on by default

warning: unused variable: `scroll_daemon_client`
   --> src/lib.rs:915:9
    |
915 |     let scroll_daemon_client = Arc::clone(&daemon_client);
    |         ^^^^^^^^^^^^^^^^^^^^ help: if this is intentional, prefix it with an underscore: `_scroll_daemon_client`

warning: method `machine_sessions` is never used
   --> src/daemon/session_service.rs:345:19
    |
221 | impl DaemonSessionService {
    | ------------------------- method in this implementation
...
345 |     pub(crate) fn machine_sessions(&self, epoch: crate::scoped_contracts::Epoch) -> Result<crate::remote::machine_protocol::Sessions, Str...
    |                   ^^^^^^^^^^^^^^^^
    |
    = note: `#[warn(dead_code)]` (part of `#[warn(unused)]`) on by default

warning: field `app` is never read
  --> src/ipc/notifications.rs:28:5
   |
27 | pub struct TauriNotificationBackend<R: Runtime> {
   |            ------------------------ field in this struct
28 |     app: AppHandle<R>,
   |     ^^^

warning: constant `GHOSTTY_TERMINAL_SCREEN_PRIMARY` is never used
  --> src/native_terminal/sys/constants.rs:56:11
   |
56 | pub const GHOSTTY_TERMINAL_SCREEN_PRIMARY: c_int = 0;
   |           ^^^^^^^^^^^^^^^^^^^^^^^^^^^^^^^

warning: function `no_auth_query` is never used
    --> src/remote/server.rs:3102:12
     |
3102 |         fn no_auth_query() -> AuthQuery {
     |            ^^^^^^^^^^^^^

warning: struct `WriterLeaseGuard` is never constructed
  --> src/worktree/manager.rs:86:19
   |
86 | pub(crate) struct WriterLeaseGuard {
   |                   ^^^^^^^^^^^^^^^^

warning: associated items `new`, `canonical_path`, and `owner_id` are never used
   --> src/worktree/manager.rs:93:8
    |
 92 | impl WriterLeaseGuard {
    | --------------------- associated items in this implementation
 93 |     fn new(registry: WriterLeaseRegistry, canonical_path: PathBuf, owner_id: String) -> Self {
    |        ^^^
...
101 |     pub(crate) fn canonical_path(&self) -> &Path {
    |                   ^^^^^^^^^^^^^^
...
105 |     pub(crate) fn owner_id(&self) -> &str {
    |                   ^^^^^^^^

warning: method `acquire_writer_lease` is never used
   --> src/worktree/manager.rs:338:19
    |
134 | impl WorktreeManager {
    | -------------------- method in this implementation
...
338 |     pub(crate) fn acquire_writer_lease(
    |                   ^^^^^^^^^^^^^^^^^^^^

warning: `ferryx` (lib test) generated 17 warnings (run `cargo fix --lib -p ferryx --tests` to apply 2 suggestions)
    Finished `test` profile [unoptimized] target(s) in 28.27s
     Running unittests src/lib.rs (src-tauri/target/debug/deps/ferryx_lib-fede6191c14a3d71)

running 1 test
A11 expired ticket exact boundary: actual WS401; single-use record consumed
test remote::relay_server::tests::a11_expired_ticket_wire_boundary ... ok

test result: ok. 1 passed; 0 failed; 0 ignored; 0 measured; 975 filtered out; finished in 0.01s


EXIT=0

COMMAND=['cargo', 'check', '--locked', '--manifest-path', '/Users/indo/code/project/orca-lite-wt/herdr-resume-01a097f8/src-tauri/Cargo.toml', '--no-default-features', '--bin', 'ferryx-cli', '--bin', 'ferryx-relay']
    Checking ferryx v2026.908.1 (/Users/indo/code/project/orca-lite-wt/herdr-resume-01a097f8/src-tauri)
warning: unused import: `Manager`
  --> src/ipc/notifications.rs:21:24
   |
21 | use tauri::{AppHandle, Manager, Runtime, State};
   |                        ^^^^^^^
   |
   = note: `#[warn(unused_imports)]` (part of `#[warn(unused)]`) on by default

error[E0061]: this method takes 4 arguments but 3 arguments were supplied
   --> src/remote/workspace_api/worktrees.rs:459:25
    |
459 |                 service.worktree_committed(&payload.workspace_id, delete, revision);
    |                         ^^^^^^^^^^^^^^^^^^----------------------------------------- argument #4 of type `&machine_protocol::Worktree` is missing
    |
note: method defined here
   --> src/daemon/workspace_service.rs:99:19
    |
 99 | ...fn worktree_committed(&self, workspace: &str, removed: bool, revision: crate::scoped_contracts::Epoch, worktree: &crate::remote::machine_protocol::Worktree) {
    |       ^^^^^^^^^^^^^^^^^^                                                                                  ----------------------------------------------------
help: provide the argument
    |
459 |                 service.worktree_committed(&payload.workspace_id, delete, revision, /* &machine_protocol::Worktree */);
    |                                                                                   +++++++++++++++++++++++++++++++++++

error[E0061]: this method takes 4 arguments but 3 arguments were supplied
  --> src/remote/workspace_api/worktrees.rs:48:13
   |
48 |     service.worktree_committed(workspace, removed, revision);
   |             ^^^^^^^^^^^^^^^^^^------------------------------ argument #4 of type `&machine_protocol::Worktree` is missing
   |
note: method defined here
  --> src/daemon/workspace_service.rs:99:19
   |
99 | ...fn worktree_committed(&self, workspace: &str, removed: bool, revision: crate::scoped_contracts::Epoch, worktree: &crate::remote::machine_protocol::Worktree) {
   |       ^^^^^^^^^^^^^^^^^^                                                                                  ----------------------------------------------------
help: provide the argument
   |
48 |     service.worktree_committed(workspace, removed, revision, /* &machine_protocol::Worktree */);
   |                                                            +++++++++++++++++++++++++++++++++++

warning: unnecessary `unsafe` block
  --> src/macos_file_drop.rs:79:28
   |
79 |             let location = unsafe { info.draggingLocation() };
   |                            ^^^^^^ unnecessary `unsafe` block
   |
   = note: `#[warn(unused_unsafe)]` (part of `#[warn(unused)]`) on by default

warning: unnecessary `unsafe` block
  --> src/macos_file_drop.rs:80:25
   |
80 |             let point = unsafe { self.convertPoint_fromView(location, None) };
   |                         ^^^^^^ unnecessary `unsafe` block

warning: unnecessary `unsafe` block
   --> src/macos_file_drop.rs:102:46
    |
102 |     let pasteboard: Retained<NSPasteboard> = unsafe { info.draggingPasteboard() };
    |                                              ^^^^^^ unnecessary `unsafe` block

warning: unnecessary `unsafe` block
   --> src/macos_file_drop.rs:105:25
    |
105 |     if let Some(list) = unsafe { pasteboard.propertyListForType(&legacy) } {
    |                         ^^^^^^ unnecessary `unsafe` block

warning: unnecessary `unsafe` block
   --> src/macos_file_drop.rs:122:25
    |
122 |     if let Some(text) = unsafe { pasteboard.stringForType(file_url_type) } {
    |                         ^^^^^^ unnecessary `unsafe` block

warning: unnecessary `unsafe` block
   --> src/macos_file_drop.rs:123:28
    |
123 |         if let Some(url) = unsafe { NSURL::URLWithString(&text) } {
    |                            ^^^^^^ unnecessary `unsafe` block

warning: unnecessary `unsafe` block
   --> src/macos_file_drop.rs:124:33
    |
124 |             if let Some(path) = unsafe { url.path() } {
    |                                 ^^^^^^ unnecessary `unsafe` block

warning: unnecessary `unsafe` block
   --> src/macos_file_drop.rs:169:5
    |
169 |     unsafe { view.registerForDraggedTypes(&types) };
    |     ^^^^^^ unnecessary `unsafe` block

warning: unused variable: `scroll_daemon_client`
   --> src/lib.rs:915:9
    |
915 |     let scroll_daemon_client = Arc::clone(&daemon_client);
    |         ^^^^^^^^^^^^^^^^^^^^ help: if this is intentional, prefix it with an underscore: `_scroll_daemon_client`
    |
    = note: `#[warn(unused_variables)]` (part of `#[warn(unused)]`) on by default

For more information about this error, try `rustc --explain E0061`.
warning: `ferryx` (lib) generated 10 warnings
error: could not compile `ferryx` (lib) due to 2 previous errors; 10 warnings emitted

EXIT=101
