   Compiling ferryx v2026.908.1 (/Users/indo/code/project/orca-lite-wt/herdr-resume-01a097f8/src-tauri)
warning: unused import: `Manager`
  --> src/ipc/notifications.rs:21:24
   |
21 | use tauri::{AppHandle, Manager, Runtime, State};
   |                        ^^^^^^^
   |
   = note: `#[warn(unused_imports)]` (part of `#[warn(unused)]`) on by default

warning: unnecessary `unsafe` block
  --> src/macos_file_drop.rs:79:28
   |
79 |             let location = unsafe { info.draggingLocation() };
   |                            ^^^^^^ unnecessary `unsafe` block
   |
   = note: `#[warn(unused_unsafe)]` (part of `#[warn(unused)]`) on by default

warning: unnecessary `unsafe` block
  --> src/macos_file_drop.rs:80:25
   |
80 |             let point = unsafe { self.convertPoint_fromView(location, None) };
   |                         ^^^^^^ unnecessary `unsafe` block

warning: unnecessary `unsafe` block
   --> src/macos_file_drop.rs:102:46
    |
102 |     let pasteboard: Retained<NSPasteboard> = unsafe { info.draggingPasteboard() };
    |                                              ^^^^^^ unnecessary `unsafe` block

warning: unnecessary `unsafe` block
   --> src/macos_file_drop.rs:105:25
    |
105 |     if let Some(list) = unsafe { pasteboard.propertyListForType(&legacy) } {
    |                         ^^^^^^ unnecessary `unsafe` block

warning: unnecessary `unsafe` block
   --> src/macos_file_drop.rs:122:25
    |
122 |     if let Some(text) = unsafe { pasteboard.stringForType(file_url_type) } {
    |                         ^^^^^^ unnecessary `unsafe` block

warning: unnecessary `unsafe` block
   --> src/macos_file_drop.rs:123:28
    |
123 |         if let Some(url) = unsafe { NSURL::URLWithString(&text) } {
    |                            ^^^^^^ unnecessary `unsafe` block

warning: unnecessary `unsafe` block
   --> src/macos_file_drop.rs:124:33
    |
124 |             if let Some(path) = unsafe { url.path() } {
    |                                 ^^^^^^ unnecessary `unsafe` block

warning: unnecessary `unsafe` block
   --> src/macos_file_drop.rs:169:5
    |
169 |     unsafe { view.registerForDraggedTypes(&types) };
    |     ^^^^^^ unnecessary `unsafe` block

warning: unused variable: `scroll_daemon_client`
   --> src/lib.rs:915:9
    |
915 |     let scroll_daemon_client = Arc::clone(&daemon_client);
    |         ^^^^^^^^^^^^^^^^^^^^ help: if this is intentional, prefix it with an underscore: `_scroll_daemon_client`
    |
    = note: `#[warn(unused_variables)]` (part of `#[warn(unused)]`) on by default

warning: method `machine_sessions` is never used
   --> src/daemon/session_service.rs:345:19
    |
221 | impl DaemonSessionService {
    | ------------------------- method in this implementation
...
345 |     pub(crate) fn machine_sessions(&self, epoch: crate::scoped_contracts::Epoch) -> Result<crate::remote::machine_protocol::Sessions, Str...
    |                   ^^^^^^^^^^^^^^^^
    |
    = note: `#[warn(dead_code)]` (part of `#[warn(unused)]`) on by default

warning: field `app` is never read
  --> src/ipc/notifications.rs:28:5
   |
27 | pub struct TauriNotificationBackend<R: Runtime> {
   |            ------------------------ field in this struct
28 |     app: AppHandle<R>,
   |     ^^^

warning: constant `GHOSTTY_TERMINAL_SCREEN_PRIMARY` is never used
  --> src/native_terminal/sys/constants.rs:56:11
   |
56 | pub const GHOSTTY_TERMINAL_SCREEN_PRIMARY: c_int = 0;
   |           ^^^^^^^^^^^^^^^^^^^^^^^^^^^^^^^

warning: methods `synchronized_output_deadline`, `expire_synchronized_output`, and `finish_synchronized_output` are never used
   --> src/native_terminal/terminal.rs:169:19
    |
133 | impl NativeTerminal {
    | ------------------- methods in this implementation
...
169 |     pub(crate) fn synchronized_output_deadline(&self) -> Option<tokio::time::Instant> {
    |                   ^^^^^^^^^^^^^^^^^^^^^^^^^^^^
...
173 |     pub(crate) fn expire_synchronized_output(
    |                   ^^^^^^^^^^^^^^^^^^^^^^^^^^
...
184 |     pub(crate) fn finish_synchronized_output(&mut self) -> Result<(), NativeTerminalError> {
    |                   ^^^^^^^^^^^^^^^^^^^^^^^^^^

warning: method `wait_and_reap` is never used
   --> src/terminal/session.rs:364:19
    |
 73 | impl PtySession {
    | --------------- method in this implementation
...
364 |     pub(crate) fn wait_and_reap(&self) -> Result<Option<i32>, PtyError> {
    |                   ^^^^^^^^^^^^^

warning: function `with_local_worktree_budget` is never used
   --> src/worktree/git.rs:115:15
    |
115 | pub(crate) fn with_local_worktree_budget<T>(work: impl FnOnce() -> T) -> T {
    |               ^^^^^^^^^^^^^^^^^^^^^^^^^^

warning: struct `WriterLeaseGuard` is never constructed
  --> src/worktree/manager.rs:86:19
   |
86 | pub(crate) struct WriterLeaseGuard {
   |                   ^^^^^^^^^^^^^^^^

warning: associated items `new`, `canonical_path`, and `owner_id` are never used
   --> src/worktree/manager.rs:93:8
    |
 92 | impl WriterLeaseGuard {
    | --------------------- associated items in this implementation
 93 |     fn new(registry: WriterLeaseRegistry, canonical_path: PathBuf, owner_id: String) -> Self {
    |        ^^^
...
101 |     pub(crate) fn canonical_path(&self) -> &Path {
    |                   ^^^^^^^^^^^^^^
...
105 |     pub(crate) fn owner_id(&self) -> &str {
    |                   ^^^^^^^^

warning: method `acquire_writer_lease` is never used
   --> src/worktree/manager.rs:338:19
    |
134 | impl WorktreeManager {
    | -------------------- method in this implementation
...
338 |     pub(crate) fn acquire_writer_lease(
    |                   ^^^^^^^^^^^^^^^^^^^^

warning: `ferryx` (lib) generated 19 warnings (run `cargo fix --lib -p ferryx` to apply 2 suggestions)
    Finished `test` profile [unoptimized] target(s) in 23.65s
     Running tests/machine_catalog_persistence.rs (src-tauri/target/debug/deps/machine_catalog_persistence-9847bc72e73de522)

running 4 tests
test catalog_owner_process ... ok
READY isolated service root=/tmp/a12-workspace-check.3x3QV2/tmp/.tmpjni937
IPC cleanup client_joined=true handler_joined=true duplex_closed=true injected=false
OWNER readiness=Ping/Pong pid=34932 command=register
IPC cleanup client_joined=true handler_joined=true duplex_closed=true injected=false
NORMALIZATION trimmed identity; unchanged revision; explicit exposure promotion verified
NORMALIZATION CLEANUP root=/tmp/a12-workspace-check.3x3QV2/tmp/.tmp7HIfSX absent=true
test normalized_registration_is_idempotent ... ok
RESTART isolated service
IPC cleanup client_joined=true handler_joined=true duplex_closed=true injected=false
OWNER cleanup pid=34932 reaped=true status=exit status: 0 sockets=[] command=register
CONCURRENT aliases canonical id=project-dd0ad903946f4edd81fd0ddde8c6614c mirror_exposed=false
PERMISSIONS catalog=600 parent=700
RESTORE invalid root retained without overwrite
RESTORE missing row retained without recreation
WRITE_FAILURE rename target directory: no success or published revision; mutations fenced
IPC cleanup client_joined=true handler_joined=true duplex_closed=true injected=false
OWNER readiness=Ping/Pong pid=35076 command=restore
OWNER cleanup pid=35076 reaped=true status=exit status: 0 sockets=[] command=restore
QUARANTINE invalid/newer catalog preserved; mutation refused
IPC cleanup client_joined=true handler_joined=true duplex_closed=true injected=false
OWNER readiness=Ping/Pong pid=35119 command=inject
OWNER cleanup pid=35119 reaped=true status=signal: 9 (SIGKILL) sockets=[] command=inject
QUARANTINE invalid/newer catalog preserved; mutation refused
CLEANUP root=/tmp/a12-workspace-check.3x3QV2/tmp/.tmpjni937 absent=true daemon_pids=[] sockets=[]
test registration_survives_isolated_service_restart ... ok

thread 'tokio-rt-worker' (1628741) panicked at tests/machine_catalog_persistence.rs:23:13:
injected IPC assertion after Pong
note: run with `RUST_BACKTRACE=1` environment variable to display a backtrace
IPC cleanup client_joined=true handler_joined=true duplex_closed=true injected=true
OWNER CLEANUP root=/tmp/a12-workspace-check.3x3QV2/tmp/.tmpAwkMiO absent=true
test isolated_owner_restart_and_failure_cleanup ... ok

test result: ok. 4 passed; 0 failed; 0 ignored; 0 measured; 0 filtered out; finished in 0.26s

     Running tests/machine_events.rs (src-tauri/target/debug/deps/machine_events-96a1656f4ab718d8)

running 1 test
A12 real WS projectRegistered canonical identity matches HTTP201; sequence newer than snapshot
A12 cleanup: listener joined/refused; no PTY created; private root removed
test machine_events_begin_with_authoritative_snapshot ... ok

test result: ok. 1 passed; 0 failed; 0 ignored; 0 measured; 0 filtered out; finished in 0.10s

     Running tests/machine_worktrees.rs (src-tauri/target/debug/deps/machine_worktrees-5daeaa4ae8a6057c)

running 2 tests
A08 HTTP GET worktrees status=200 body={"revision":"2","worktrees":[{"bare":false,"branch":"refs/heads/main","detached":false,"head":"087e8749651682131b2f45069c9281a2e99f289b","identity":null,"locked":null,"managed":false,"path":"/private/tmp/a12-workspace-check.3x3QV2/tmp/.tmpTDY7yI/repo space \"quote\" ü","prunable":null,"workspaceId":"project-99bc520da57540d98343a902b9451e98"}]}
A08 revision phase=initial listener_joined=true owner_dropped=true connection_refused=true
A08 revision phase=unchanged listener_joined=true owner_dropped=true connection_refused=true
A08 revision phase=changed listener_joined=true owner_dropped=true connection_refused=true
A08 revision post_commit_change=true unchanged_restart_equal=true offline_clean_change_stale_delete=true private_root_removed=true
test worktree_revision_survives_owner_restart ... ok
A08 LOST_REPLY owner_status=201 forwarded_response_bytes=0 intermediary_joined=true
A08 STALE_REVISION status=409 target_preserved=true refusal_replayed=true
A08_OWNER pid=36888 cwd=/private/tmp/a12-workspace-check.3x3QV2/tmp/.tmpTDY7yI/repo space "quote" ü/.orca-worktrees/project-99bc520da57540d98343a902b9451e98/feature
A08 OWNER close_complete=true session_removed=true pid=36888 absent=true already_reaped=true (shared owner fixture, not A09)
A08 delete scenario=locked status=409 body={"error":{"code":"WORKTREE_LOCKED","message":"WORKTREE_LOCKED","retryable":false,"requestId":"057a5308-2b32-4523-8afd-206e41172bfb","details":{}}}
A08 delete scenario=unmerged status=409 body={"error":{"code":"UNMERGED_BRANCH","message":"UNMERGED_BRANCH","retryable":false,"requestId":"57ada613-4fc8-49e8-9d90-022b0fafe506","details":{}}}
A08 delete scenario=partial status=409 body={"error":{"code":"WORKTREE_REMOVED_BRANCH_RETAINED","message":"WORKTREE_REMOVED_BRANCH_RETAINED","retryable":false,"requestId":"69a350bd-54dd-42c2-944b-3fa7ab7c1168","details":{"branch":"orca/project-99bc520da57540d98343a902b9451e98/partial","branchDeleted":false,"worktreeRemoved":true}}}
A08 delete scenario=remove-branch status=204 body=
A08 RESTART same_request_same_row=true managed_target_count=1
A08 CLEANUP listener_joined=true private_root_removed=true
test machine_worktree_http_contract ... ok

test result: ok. 2 passed; 0 failed; 0 ignored; 0 measured; 0 filtered out; finished in 7.33s

EXIT=0 supervisor_removed=/tmp/a12-workspace-check.3x3QV2
