    Blocking waiting for file lock on build directory
   Compiling ferryx v2026.908.1 (/Users/indo/code/project/orca-lite-wt/herdr-resume-01a097f8/src-tauri)
warning: unused import: `Manager`
  --> src/ipc/notifications.rs:21:24
   |
21 | use tauri::{AppHandle, Manager, Runtime, State};
   |                        ^^^^^^^
   |
   = note: `#[warn(unused_imports)]` (part of `#[warn(unused)]`) on by default

warning: unnecessary `unsafe` block
  --> src/macos_file_drop.rs:79:28
   |
79 |             let location = unsafe { info.draggingLocation() };
   |                            ^^^^^^ unnecessary `unsafe` block
   |
   = note: `#[warn(unused_unsafe)]` (part of `#[warn(unused)]`) on by default

warning: unnecessary `unsafe` block
  --> src/macos_file_drop.rs:80:25
   |
80 |             let point = unsafe { self.convertPoint_fromView(location, None) };
   |                         ^^^^^^ unnecessary `unsafe` block

warning: unnecessary `unsafe` block
   --> src/macos_file_drop.rs:102:46
    |
102 |     let pasteboard: Retained<NSPasteboard> = unsafe { info.draggingPasteboard() };
    |                                              ^^^^^^ unnecessary `unsafe` block

warning: unnecessary `unsafe` block
   --> src/macos_file_drop.rs:105:25
    |
105 |     if let Some(list) = unsafe { pasteboard.propertyListForType(&legacy) } {
    |                         ^^^^^^ unnecessary `unsafe` block

warning: unnecessary `unsafe` block
   --> src/macos_file_drop.rs:122:25
    |
122 |     if let Some(text) = unsafe { pasteboard.stringForType(file_url_type) } {
    |                         ^^^^^^ unnecessary `unsafe` block

warning: unnecessary `unsafe` block
   --> src/macos_file_drop.rs:123:28
    |
123 |         if let Some(url) = unsafe { NSURL::URLWithString(&text) } {
    |                            ^^^^^^ unnecessary `unsafe` block

warning: unnecessary `unsafe` block
   --> src/macos_file_drop.rs:124:33
    |
124 |             if let Some(path) = unsafe { url.path() } {
    |                                 ^^^^^^ unnecessary `unsafe` block

warning: unnecessary `unsafe` block
   --> src/macos_file_drop.rs:169:5
    |
169 |     unsafe { view.registerForDraggedTypes(&types) };
    |     ^^^^^^ unnecessary `unsafe` block

warning: unused variable: `scroll_daemon_client`
   --> src/lib.rs:916:9
    |
916 |     let scroll_daemon_client = Arc::clone(&daemon_client);
    |         ^^^^^^^^^^^^^^^^^^^^ help: if this is intentional, prefix it with an underscore: `_scroll_daemon_client`
    |
    = note: `#[warn(unused_variables)]` (part of `#[warn(unused)]`) on by default

warning: method `machine_sessions` is never used
   --> src/daemon/session_service.rs:366:19
    |
227 | impl DaemonSessionService {
    | ------------------------- method in this implementation
...
366 |     pub(crate) fn machine_sessions(&self, epoch: crate::scoped_contracts::Epoch) -> Result<crate::remote::machine_protocol::Sessions, Str...
    |                   ^^^^^^^^^^^^^^^^
    |
    = note: `#[warn(dead_code)]` (part of `#[warn(unused)]`) on by default

warning: field `app` is never read
  --> src/ipc/notifications.rs:28:5
   |
27 | pub struct TauriNotificationBackend<R: Runtime> {
   |            ------------------------ field in this struct
28 |     app: AppHandle<R>,
   |     ^^^

warning: constant `GHOSTTY_TERMINAL_SCREEN_PRIMARY` is never used
  --> src/native_terminal/sys/constants.rs:56:11
   |
56 | pub const GHOSTTY_TERMINAL_SCREEN_PRIMARY: c_int = 0;
   |           ^^^^^^^^^^^^^^^^^^^^^^^^^^^^^^^

warning: methods `synchronized_output_deadline`, `expire_synchronized_output`, and `finish_synchronized_output` are never used
   --> src/native_terminal/terminal.rs:169:19
    |
133 | impl NativeTerminal {
    | ------------------- methods in this implementation
...
169 |     pub(crate) fn synchronized_output_deadline(&self) -> Option<tokio::time::Instant> {
    |                   ^^^^^^^^^^^^^^^^^^^^^^^^^^^^
...
173 |     pub(crate) fn expire_synchronized_output(
    |                   ^^^^^^^^^^^^^^^^^^^^^^^^^^
...
184 |     pub(crate) fn finish_synchronized_output(&mut self) -> Result<(), NativeTerminalError> {
    |                   ^^^^^^^^^^^^^^^^^^^^^^^^^^

warning: method `wait_and_reap` is never used
   --> src/terminal/session.rs:364:19
    |
 73 | impl PtySession {
    | --------------- method in this implementation
...
364 |     pub(crate) fn wait_and_reap(&self) -> Result<Option<i32>, PtyError> {
    |                   ^^^^^^^^^^^^^

warning: function `with_local_worktree_budget` is never used
   --> src/worktree/git.rs:115:15
    |
115 | pub(crate) fn with_local_worktree_budget<T>(work: impl FnOnce() -> T) -> T {
    |               ^^^^^^^^^^^^^^^^^^^^^^^^^^

warning: struct `WriterLeaseGuard` is never constructed
  --> src/worktree/manager.rs:86:19
   |
86 | pub(crate) struct WriterLeaseGuard {
   |                   ^^^^^^^^^^^^^^^^

warning: associated items `new`, `canonical_path`, and `owner_id` are never used
   --> src/worktree/manager.rs:93:8
    |
 92 | impl WriterLeaseGuard {
    | --------------------- associated items in this implementation
 93 |     fn new(registry: WriterLeaseRegistry, canonical_path: PathBuf, owner_id: String) -> Self {
    |        ^^^
...
101 |     pub(crate) fn canonical_path(&self) -> &Path {
    |                   ^^^^^^^^^^^^^^
...
105 |     pub(crate) fn owner_id(&self) -> &str {
    |                   ^^^^^^^^

warning: method `acquire_writer_lease` is never used
   --> src/worktree/manager.rs:338:19
    |
134 | impl WorktreeManager {
    | -------------------- method in this implementation
...
338 |     pub(crate) fn acquire_writer_lease(
    |                   ^^^^^^^^^^^^^^^^^^^^

warning: `ferryx` (lib) generated 19 warnings (run `cargo fix --lib -p ferryx` to apply 2 suggestions)
    Finished `test` profile [unoptimized] target(s) in 32.32s
     Running tests/machine_events.rs (src-tauri/target/debug/deps/machine_events-96a1656f4ab718d8)

running 1 test
A12 real WS projectRegistered canonical identity matches HTTP201; sequence newer than snapshot
A12 real mirror WS receives ordered barrier only, no machine path payload
A12 native watcher missing/ready availability events preserve registered identity
[main (root-commit) 57543ef] base
A12 HTTP-created/deleted worktree records equal real WS committed payloads
A12 external Git checkout triggers debounced authoritative branch snapshot without polling HTTP
A12 receiver-before-snapshot overlap=70 committed local registrations; real WS lag resnapshot=71; reconnect retains original PTY Arc/target; explicit close reaped; unsubscribe observed
A12 unsubscribe while snapshot admission blocked cancels before permit release; watches dropped
A12 cleanup: listener joined/refused; all owned PTYs closed; private root removed
test machine_events_begin_with_authoritative_snapshot ... ok

test result: ok. 1 passed; 0 failed; 0 ignored; 0 measured; 0 filtered out; finished in 10.22s

     Running tests/machine_session_metadata.rs (src-tauri/target/debug/deps/machine_session_metadata-9b459db5b468dc0e)

running 1 test
A12 RED seam: real inactive owner PTY emitted title control after cd; subscribed machine WS awaiting metadata
A12 provider accepted only after real descendant environment discovery and exact owner transcript/CWD resolution
A12 actual IPC disconnect/drain, >=1s reconnect backoff, authoritative partial/recovery; successor redial/mirror redaction; forwarders=0 owner_streams=0 subscriptions=0
A12 real predecessor IPC/HTTP: retained title, exact original target, distinct gateway epoch, gateway PTY list empty; gateway/legacy listener tasks joined
A12 metadata machine WS + mirror barrier + HTTP retained/exit metadata; stale epoch/forged machine/unowned session/forged provider rejected
A12 cleanup: owned PTYs closed, grants revoked, listener task joined, machine subscriptions zero, fixture removed
test publishes_owner_metadata_when_inactive_shell_changes_title_and_cwd ... ok

test result: ok. 1 passed; 0 failed; 0 ignored; 0 measured; 0 filtered out; finished in 9.61s

     Running tests/machine_sessions.rs (src-tauri/target/debug/deps/machine_sessions-df6ae9a44dc4635b)

running 1 test
A09 native shell resolver session=7da399d5-d74c-43b7-9abc-38dab60e07b8 shell=/bin/zsh
A09 shell session=7da399d5-d74c-43b7-9abc-38dab60e07b8 pid=90628 cwd=/private/tmp/a12-metadata.o08BFFyU/tmp/.tmptdyXkO/project
A09 native shell resolver session=7da399d5-d74c-43b7-9abc-38dab60e07b8 shell=/bin/zsh
A09 shell session=7da399d5-d74c-43b7-9abc-38dab60e07b8 pid=90628 cwd=/private/tmp/a12-metadata.o08BFFyU/tmp/.tmptdyXkO/project
A09 native shell resolver session=2f30b312-35a5-4c00-9aed-92032a911806 shell=/bin/zsh
A09 shell session=2f30b312-35a5-4c00-9aed-92032a911806 pid=90667 cwd=/private/tmp/a12-metadata.o08BFFyU/tmp/.tmptdyXkO/second
A09 native shell resolver session=d1d9f9c4-7d17-4361-9bf7-722b8cb0b419 shell=/bin/zsh
A09 shell session=d1d9f9c4-7d17-4361-9bf7-722b8cb0b419 pid=90718 cwd=/private/tmp/a12-metadata.o08BFFyU/tmp/.tmptdyXkO/second/.orca-worktrees/project-8cb0e3c268b7477aa1d81de8153c8f3d/a09
A09 native shell resolver session=be27acfd-491b-484a-8b0c-f4b6428f7d83 shell=/bin/zsh
A09 shell session=be27acfd-491b-484a-8b0c-f4b6428f7d83 pid=90749 cwd=/private/tmp/a12-metadata.o08BFFyU/tmp/.tmptdyXkO/project/nested
A09 native shell resolver session=0b681ab6-bb0c-407a-bb23-2fc2beb93060 shell=/bin/zsh
A09 shell session=0b681ab6-bb0c-407a-bb23-2fc2beb93060 pid=90755 cwd=/private/tmp/a12-metadata.o08BFFyU/tmp/.tmptdyXkO/project/nested
A09 native shell resolver session=2f30b312-35a5-4c00-9aed-92032a911806 shell=/bin/zsh
A09 shell session=2f30b312-35a5-4c00-9aed-92032a911806 pid=90667 cwd=/private/tmp/a12-metadata.o08BFFyU/tmp/.tmptdyXkO/second
A09 HTTP replay=same-target same-PID=true changed-digest=409 two-roots=true close=reaped epoch=1789276021060
A09 cleanup: private listener joined; owned sessions closed; private root removed
test machine_session_creation_uses_owner ... ok

test result: ok. 1 passed; 0 failed; 0 ignored; 0 measured; 0 filtered out; finished in 26.45s

