   Compiling ferryx v2026.908.1 (/Users/indo/code/project/orca-lite-wt/herdr-resume-01a097f8/src-tauri)
error[E0004]: non-exhaustive patterns: `Ok(daemon::protocol::DaemonRequest::PairedHostOperation { .. })` not covered
    --> src/daemon/server.rs:1462:38
     |
1462 |                     let resp = match req {
     |                                      ^^^ pattern `Ok(daemon::protocol::DaemonRequest::PairedHostOperation { .. })` not covered
     |
note: `std::result::Result<daemon::protocol::DaemonRequest, serde_json::Error>` defined here
    --> /Users/indo/.rustup/toolchains/stable-aarch64-apple-darwin/lib/rustlib/src/rust/library/core/src/result.rs:557:1
     |
 557 | pub enum Result<T, E> {
     | ^^^^^^^^^^^^^^^^^^^^^
...
 561 |     Ok(#[stable(feature = "rust1", since = "1.0.0")] T),
     |     -- not covered
     = note: the matched value is of type `std::result::Result<daemon::protocol::DaemonRequest, serde_json::Error>`
help: ensure that all possible cases are being handled by adding a match arm with a wildcard pattern or an explicit pattern as shown
     |
2095 ~                 },
2096 ~                 Ok(daemon::protocol::DaemonRequest::PairedHostOperation { .. }) => todo!(),
     |

error[E0004]: non-exhaustive patterns: `&daemon::protocol::DaemonRequest::PairedHostOperation { .. }` not covered
   --> src/daemon/client.rs:151:11
    |
151 |     match req {
    |           ^^^ pattern `&daemon::protocol::DaemonRequest::PairedHostOperation { .. }` not covered
    |
note: `daemon::protocol::DaemonRequest` defined here
   --> src/daemon/protocol.rs:124:10
    |
124 | pub enum DaemonRequest {
    |          ^^^^^^^^^^^^^
...
227 |     PairedHostOperation { request: crate::paired_host::client::OperationRequest },
    |     ------------------- not covered
    = note: the matched value is of type `&daemon::protocol::DaemonRequest`
help: ensure that all possible cases are being handled by adding a match arm with a wildcard pattern or an explicit pattern as shown
    |
197 ~         DaemonRequest::Shutdown => "shutdown",
198 ~         &daemon::protocol::DaemonRequest::PairedHostOperation { .. } => todo!(),
    |

warning: unnecessary `unsafe` block
  --> src/macos_file_drop.rs:79:28
   |
79 |             let location = unsafe { info.draggingLocation() };
   |                            ^^^^^^ unnecessary `unsafe` block
   |
   = note: `#[warn(unused_unsafe)]` (part of `#[warn(unused)]`) on by default

warning: unnecessary `unsafe` block
  --> src/macos_file_drop.rs:80:25
   |
80 |             let point = unsafe { self.convertPoint_fromView(location, None) };
   |                         ^^^^^^ unnecessary `unsafe` block

warning: unnecessary `unsafe` block
   --> src/macos_file_drop.rs:102:46
    |
102 |     let pasteboard: Retained<NSPasteboard> = unsafe { info.draggingPasteboard() };
    |                                              ^^^^^^ unnecessary `unsafe` block

warning: unnecessary `unsafe` block
   --> src/macos_file_drop.rs:105:25
    |
105 |     if let Some(list) = unsafe { pasteboard.propertyListForType(&legacy) } {
    |                         ^^^^^^ unnecessary `unsafe` block

warning: unnecessary `unsafe` block
   --> src/macos_file_drop.rs:122:25
    |
122 |     if let Some(text) = unsafe { pasteboard.stringForType(file_url_type) } {
    |                         ^^^^^^ unnecessary `unsafe` block

warning: unnecessary `unsafe` block
   --> src/macos_file_drop.rs:123:28
    |
123 |         if let Some(url) = unsafe { NSURL::URLWithString(&text) } {
    |                            ^^^^^^ unnecessary `unsafe` block

warning: unnecessary `unsafe` block
   --> src/macos_file_drop.rs:124:33
    |
124 |             if let Some(path) = unsafe { url.path() } {
    |                                 ^^^^^^ unnecessary `unsafe` block

warning: unnecessary `unsafe` block
   --> src/macos_file_drop.rs:169:5
    |
169 |     unsafe { view.registerForDraggedTypes(&types) };
    |     ^^^^^^ unnecessary `unsafe` block

warning: unused variable: `token`
    --> src/remote/auth.rs:1399:14
     |
1399 |         let (token, device) = auth
     |              ^^^^^ help: if this is intentional, prefix it with an underscore: `_token`
     |
     = note: `#[warn(unused_variables)]` (part of `#[warn(unused)]`) on by default

warning: unused variable: `scroll_daemon_client`
   --> src/lib.rs:916:9
    |
916 |     let scroll_daemon_client = Arc::clone(&daemon_client);
    |         ^^^^^^^^^^^^^^^^^^^^ help: if this is intentional, prefix it with an underscore: `_scroll_daemon_client`

For more information about this error, try `rustc --explain E0004`.
warning: `ferryx` (lib test) generated 10 warnings
error: could not compile `ferryx` (lib test) due to 2 previous errors; 10 warnings emitted
