    Blocking waiting for file lock on build directory
   Compiling ferryx v2026.908.1 (/Users/indo/code/project/orca-lite-wt/herdr-resume-01a097f8/src-tauri)
error[E0433]: failed to resolve: could not find `service` in `paired_host`
   --> src/daemon/protocol.rs:223:51
    |
223 |     PairedHostPair { request: crate::paired_host::service::PairRequest },
    |                                                   ^^^^^^^ could not find `service` in `paired_host`

error[E0433]: failed to resolve: could not find `service` in `paired_host`
   --> src/daemon/protocol.rs:224:60
    |
224 |     PairedHostMigrateLegacy { request: crate::paired_host::service::MigrationRequest },
    |                                                            ^^^^^^^ could not find `service` in `paired_host`

error[E0433]: failed to resolve: could not find `service` in `paired_host`
   --> src/daemon/protocol.rs:276:50
    |
276 |     PairedHostError { error: crate::paired_host::service::ServiceError },
    |                                                  ^^^^^^^ could not find `service` in `paired_host`

error[E0433]: failed to resolve: could not find `service` in `paired_host`
   --> src/daemon/server.rs:763:39
    |
763 |     paired_hosts: crate::paired_host::service::PairedHostService,
    |                                       ^^^^^^^ could not find `service` in `paired_host`

error[E0433]: failed to resolve: could not find `service` in `paired_host`
   --> src/daemon/server.rs:901:48
    |
901 |         let paired_hosts = crate::paired_host::service::PairedHostService::open(
    |                                                ^^^^^^^ could not find `service` in `paired_host`

error[E0004]: non-exhaustive patterns: `&daemon::protocol::DaemonRequest::PairedHostList`, `&daemon::protocol::DaemonRequest::PairedHostPair { .. }`, `&daemon::protocol::DaemonRequest::PairedHostMigrateLegacy { .. }` and 1 more not covered
   --> src/daemon/client.rs:119:11
    |
119 |     match req {
    |           ^^^ patterns `&daemon::protocol::DaemonRequest::PairedHostList`, `&daemon::protocol::DaemonRequest::PairedHostPair { .. }`, `&daemon::protocol::DaemonRequest::PairedHostMigrateLegacy { .. }` and 1 more not covered
    |
note: `daemon::protocol::DaemonRequest` defined here
   --> src/daemon/protocol.rs:124:10
    |
124 | pub enum DaemonRequest {
    |          ^^^^^^^^^^^^^
...
222 |     PairedHostList,
    |     -------------- not covered
223 |     PairedHostPair { request: crate::paired_host::service::PairRequest },
    |     -------------- not covered
224 |     PairedHostMigrateLegacy { request: crate::paired_host::service::MigrationRequest },
    |     ----------------------- not covered
225 |     #[serde(rename_all = "camelCase")]
226 |     PairedHostForget { host_id: String, expected_generation: crate::scoped_contracts::Epoch },
    |     ---------------- not covered
    = note: the matched value is of type `&daemon::protocol::DaemonRequest`
help: ensure that all possible cases are being handled by adding a match arm with a wildcard pattern as shown, or multiple match arms
    |
158 ~         DaemonRequest::Shutdown => "shutdown",
159 ~         _ => todo!(),
    |

warning: unnecessary `unsafe` block
  --> src/macos_file_drop.rs:79:28
   |
79 |             let location = unsafe { info.draggingLocation() };
   |                            ^^^^^^ unnecessary `unsafe` block
   |
   = note: `#[warn(unused_unsafe)]` (part of `#[warn(unused)]`) on by default

warning: unnecessary `unsafe` block
  --> src/macos_file_drop.rs:80:25
   |
80 |             let point = unsafe { self.convertPoint_fromView(location, None) };
   |                         ^^^^^^ unnecessary `unsafe` block

warning: unnecessary `unsafe` block
   --> src/macos_file_drop.rs:102:46
    |
102 |     let pasteboard: Retained<NSPasteboard> = unsafe { info.draggingPasteboard() };
    |                                              ^^^^^^ unnecessary `unsafe` block

warning: unnecessary `unsafe` block
   --> src/macos_file_drop.rs:105:25
    |
105 |     if let Some(list) = unsafe { pasteboard.propertyListForType(&legacy) } {
    |                         ^^^^^^ unnecessary `unsafe` block

warning: unnecessary `unsafe` block
   --> src/macos_file_drop.rs:122:25
    |
122 |     if let Some(text) = unsafe { pasteboard.stringForType(file_url_type) } {
    |                         ^^^^^^ unnecessary `unsafe` block

warning: unnecessary `unsafe` block
   --> src/macos_file_drop.rs:123:28
    |
123 |         if let Some(url) = unsafe { NSURL::URLWithString(&text) } {
    |                            ^^^^^^ unnecessary `unsafe` block

warning: unnecessary `unsafe` block
   --> src/macos_file_drop.rs:124:33
    |
124 |             if let Some(path) = unsafe { url.path() } {
    |                                 ^^^^^^ unnecessary `unsafe` block

warning: unnecessary `unsafe` block
   --> src/macos_file_drop.rs:169:5
    |
169 |     unsafe { view.registerForDraggedTypes(&types) };
    |     ^^^^^^ unnecessary `unsafe` block

warning: unused variable: `token`
    --> src/remote/auth.rs:1399:14
     |
1399 |         let (token, device) = auth
     |              ^^^^^ help: if this is intentional, prefix it with an underscore: `_token`
     |
     = note: `#[warn(unused_variables)]` (part of `#[warn(unused)]`) on by default

warning: unused variable: `scroll_daemon_client`
   --> src/lib.rs:916:9
    |
916 |     let scroll_daemon_client = Arc::clone(&daemon_client);
    |         ^^^^^^^^^^^^^^^^^^^^ help: if this is intentional, prefix it with an underscore: `_scroll_daemon_client`

Some errors have detailed explanations: E0004, E0433.
For more information about an error, try `rustc --explain E0004`.
warning: `ferryx` (lib test) generated 10 warnings
error: could not compile `ferryx` (lib test) due to 6 previous errors; 10 warnings emitted
WATCH_PARENT_EXIT=101
SUPERVISOR=/tmp/fx-watch-parent.w2CjYC
