    Checking tokio v1.53.1
    Checking hyper v1.11.1
    Checking tokio-rustls v0.26.5
    Checking tower v0.5.3
    Checking tauri v2.11.5
    Checking hyper-util v0.1.20
    Checking hyper-rustls v0.27.9
    Checking tower-http v0.6.11
    Checking tokio-util v0.7.19
    Checking reqwest v0.13.5
    Checking tokio-tungstenite v0.29.0
    Checking axum v0.8.9
    Checking tauri-plugin-fs v2.5.2
    Checking tauri-plugin-process v2.3.1
    Checking tauri-plugin-notification v2.4.0
    Checking tauri-plugin-dialog v2.7.3
    Checking tauri-plugin-updater v2.11.0
    Checking reqwest v0.12.28
    Checking tokio-stream v0.1.19
    Checking ferryx v2026.908.1 (/Users/indo/code/project/orca-lite-wt/herdr-resume-01a097f8/src-tauri)
    Checking tokio-test v0.4.5
warning: unused import: `Manager`
  --> src/ipc/notifications.rs:21:24
   |
21 | use tauri::{AppHandle, Manager, Runtime, State};
   |                        ^^^^^^^
   |
   = note: `#[warn(unused_imports)]` (part of `#[warn(unused)]`) on by default

warning: unnecessary `unsafe` block
  --> src/macos_file_drop.rs:79:28
   |
79 |             let location = unsafe { info.draggingLocation() };
   |                            ^^^^^^ unnecessary `unsafe` block
   |
   = note: `#[warn(unused_unsafe)]` (part of `#[warn(unused)]`) on by default

warning: unnecessary `unsafe` block
  --> src/macos_file_drop.rs:80:25
   |
80 |             let point = unsafe { self.convertPoint_fromView(location, None) };
   |                         ^^^^^^ unnecessary `unsafe` block

warning: unnecessary `unsafe` block
   --> src/macos_file_drop.rs:102:46
    |
102 |     let pasteboard: Retained<NSPasteboard> = unsafe { info.draggingPasteboard() };
    |                                              ^^^^^^ unnecessary `unsafe` block

warning: unnecessary `unsafe` block
   --> src/macos_file_drop.rs:105:25
    |
105 |     if let Some(list) = unsafe { pasteboard.propertyListForType(&legacy) } {
    |                         ^^^^^^ unnecessary `unsafe` block

warning: unnecessary `unsafe` block
   --> src/macos_file_drop.rs:122:25
    |
122 |     if let Some(text) = unsafe { pasteboard.stringForType(file_url_type) } {
    |                         ^^^^^^ unnecessary `unsafe` block

warning: unnecessary `unsafe` block
   --> src/macos_file_drop.rs:123:28
    |
123 |         if let Some(url) = unsafe { NSURL::URLWithString(&text) } {
    |                            ^^^^^^ unnecessary `unsafe` block

warning: unnecessary `unsafe` block
   --> src/macos_file_drop.rs:124:33
    |
124 |             if let Some(path) = unsafe { url.path() } {
    |                                 ^^^^^^ unnecessary `unsafe` block

warning: unnecessary `unsafe` block
   --> src/macos_file_drop.rs:169:5
    |
169 |     unsafe { view.registerForDraggedTypes(&types) };
    |     ^^^^^^ unnecessary `unsafe` block

warning: unused variable: `scroll_daemon_client`
   --> src/lib.rs:916:9
    |
916 |     let scroll_daemon_client = Arc::clone(&daemon_client);
    |         ^^^^^^^^^^^^^^^^^^^^ help: if this is intentional, prefix it with an underscore: `_scroll_daemon_client`
    |
    = note: `#[warn(unused_variables)]` (part of `#[warn(unused)]`) on by default

warning: method `machine_sessions` is never used
   --> src/daemon/session_service.rs:366:19
    |
227 | impl DaemonSessionService {
    | ------------------------- method in this implementation
...
366 |     pub(crate) fn machine_sessions(&self, epoch: crate::scoped_contracts::Epoch) -> Result<crate::remote::machine_protocol::Sessions, Str...
    |                   ^^^^^^^^^^^^^^^^
    |
    = note: `#[warn(dead_code)]` (part of `#[warn(unused)]`) on by default

warning: field `app` is never read
  --> src/ipc/notifications.rs:28:5
   |
27 | pub struct TauriNotificationBackend<R: Runtime> {
   |            ------------------------ field in this struct
28 |     app: AppHandle<R>,
   |     ^^^

warning: constant `GHOSTTY_TERMINAL_SCREEN_PRIMARY` is never used
  --> src/native_terminal/sys/constants.rs:56:11
   |
56 | pub const GHOSTTY_TERMINAL_SCREEN_PRIMARY: c_int = 0;
   |           ^^^^^^^^^^^^^^^^^^^^^^^^^^^^^^^

warning: methods `synchronized_output_deadline`, `expire_synchronized_output`, and `finish_synchronized_output` are never used
   --> src/native_terminal/terminal.rs:169:19
    |
133 | impl NativeTerminal {
    | ------------------- methods in this implementation
...
169 |     pub(crate) fn synchronized_output_deadline(&self) -> Option<tokio::time::Instant> {
    |                   ^^^^^^^^^^^^^^^^^^^^^^^^^^^^
...
173 |     pub(crate) fn expire_synchronized_output(
    |                   ^^^^^^^^^^^^^^^^^^^^^^^^^^
...
184 |     pub(crate) fn finish_synchronized_output(&mut self) -> Result<(), NativeTerminalError> {
    |                   ^^^^^^^^^^^^^^^^^^^^^^^^^^

warning: method `wait_and_reap` is never used
   --> src/terminal/session.rs:364:19
    |
 73 | impl PtySession {
    | --------------- method in this implementation
...
364 |     pub(crate) fn wait_and_reap(&self) -> Result<Option<i32>, PtyError> {
    |                   ^^^^^^^^^^^^^

warning: function `with_local_worktree_budget` is never used
   --> src/worktree/git.rs:115:15
    |
115 | pub(crate) fn with_local_worktree_budget<T>(work: impl FnOnce() -> T) -> T {
    |               ^^^^^^^^^^^^^^^^^^^^^^^^^^

warning: struct `WriterLeaseGuard` is never constructed
  --> src/worktree/manager.rs:86:19
   |
86 | pub(crate) struct WriterLeaseGuard {
   |                   ^^^^^^^^^^^^^^^^

warning: associated items `new`, `canonical_path`, and `owner_id` are never used
   --> src/worktree/manager.rs:93:8
    |
 92 | impl WriterLeaseGuard {
    | --------------------- associated items in this implementation
 93 |     fn new(registry: WriterLeaseRegistry, canonical_path: PathBuf, owner_id: String) -> Self {
    |        ^^^
...
101 |     pub(crate) fn canonical_path(&self) -> &Path {
    |                   ^^^^^^^^^^^^^^
...
105 |     pub(crate) fn owner_id(&self) -> &str {
    |                   ^^^^^^^^

warning: method `acquire_writer_lease` is never used
   --> src/worktree/manager.rs:338:19
    |
134 | impl WorktreeManager {
    | -------------------- method in this implementation
...
338 |     pub(crate) fn acquire_writer_lease(
    |                   ^^^^^^^^^^^^^^^^^^^^

warning: `ferryx` (lib) generated 19 warnings (run `cargo fix --lib -p ferryx` to apply 2 suggestions)
error[E0432]: unresolved import `ferryx_lib::native_terminal::child_surface`
  --> tests/native_terminal_wayland_subsurface_contract.rs:10:34
   |
10 | use ferryx_lib::native_terminal::child_surface::{ChildSurfaceGeometry, WaylandSubsurfaceGeometry};
   |                                  ^^^^^^^^^^^^^ could not find `child_surface` in `native_terminal`
   |
note: found an item that was configured out
  --> /Users/indo/code/project/orca-lite-wt/herdr-resume-01a097f8/src-tauri/src/native_terminal/mod.rs:11:9
   |
10 | #[cfg(feature = "native-terminal")]
   |       --------------------------- the item is gated behind the `native-terminal` feature
11 | pub mod child_surface;
   |         ^^^^^^^^^^^^^

error[E0433]: failed to resolve: could not find `renderer` in `native_terminal`
  --> tests/native_terminal_wayland_subsurface_contract.rs:14:34
   |
14 | use ferryx_lib::native_terminal::renderer::font_manager::derived_cell_metrics_for_scale;
   |                                  ^^^^^^^^ could not find `renderer` in `native_terminal`
   |
note: found an item that was configured out
  --> /Users/indo/code/project/orca-lite-wt/herdr-resume-01a097f8/src-tauri/src/native_terminal/mod.rs:32:9
   |
31 | #[cfg(feature = "native-terminal")]
   |       --------------------------- the item is gated behind the `native-terminal` feature
32 | pub mod renderer;
   |         ^^^^^^^^

error[E0432]: unresolved import `ferryx_lib::native_terminal::composition`
  --> tests/native_terminal_wayland_subsurface_contract.rs:11:34
   |
11 | use ferryx_lib::native_terminal::composition::{
   |                                  ^^^^^^^^^^^ could not find `composition` in `native_terminal`
   |
note: found an item that was configured out
  --> /Users/indo/code/project/orca-lite-wt/herdr-resume-01a097f8/src-tauri/src/native_terminal/mod.rs:14:9
   |
13 | #[cfg(feature = "native-terminal")]
   |       --------------------------- the item is gated behind the `native-terminal` feature
14 | pub mod composition;
   |         ^^^^^^^^^^^

error[E0432]: unresolved import `ferryx_lib::native_terminal::surface_host`
  --> tests/native_terminal_wayland_subsurface_contract.rs:15:34
   |
15 | use ferryx_lib::native_terminal::surface_host::{
   |                                  ^^^^^^^^^^^^ could not find `surface_host` in `native_terminal`
   |
note: found an item that was configured out
  --> /Users/indo/code/project/orca-lite-wt/herdr-resume-01a097f8/src-tauri/src/native_terminal/mod.rs:41:9
   |
40 | #[cfg(feature = "native-terminal")]
   |       --------------------------- the item is gated behind the `native-terminal` feature
41 | pub mod surface_host;
   |         ^^^^^^^^^^^^

Some errors have detailed explanations: E0432, E0433.
For more information about an error, try `rustc --explain E0432`.
error: could not compile `ferryx` (test "native_terminal_wayland_subsurface_contract") due to 4 previous errors
warning: build failed, waiting for other jobs to finish...
warning: unused variable: `token`
    --> src/remote/auth.rs:1399:14
     |
1399 |         let (token, device) = auth
     |              ^^^^^ help: if this is intentional, prefix it with an underscore: `_token`
     |
     = note: `#[warn(unused_variables)]` (part of `#[warn(unused)]`) on by default

warning: unused variable: `scroll_daemon_client`
   --> src/lib.rs:916:9
    |
916 |     let scroll_daemon_client = Arc::clone(&daemon_client);
    |         ^^^^^^^^^^^^^^^^^^^^ help: if this is intentional, prefix it with an underscore: `_scroll_daemon_client`

warning: function `no_auth_query` is never used
    --> src/remote/server.rs:3135:12
     |
3135 |         fn no_auth_query() -> AuthQuery {
     |            ^^^^^^^^^^^^^

warning: `ferryx` (lib test) generated 17 warnings (14 duplicates) (run `cargo fix --lib -p ferryx --tests` to apply 2 suggestions)
