   Compiling ferryx v2026.908.1 (/Users/indo/code/project/orca-lite-wt/herdr-resume-01a097f8/src-tauri)
warning: unused import: `Manager`
  --> src/ipc/notifications.rs:21:24
   |
21 | use tauri::{AppHandle, Manager, Runtime, State};
   |                        ^^^^^^^
   |
   = note: `#[warn(unused_imports)]` (part of `#[warn(unused)]`) on by default

warning: unnecessary `unsafe` block
  --> src/macos_file_drop.rs:79:28
   |
79 |             let location = unsafe { info.draggingLocation() };
   |                            ^^^^^^ unnecessary `unsafe` block
   |
   = note: `#[warn(unused_unsafe)]` (part of `#[warn(unused)]`) on by default

warning: unnecessary `unsafe` block
  --> src/macos_file_drop.rs:80:25
   |
80 |             let point = unsafe { self.convertPoint_fromView(location, None) };
   |                         ^^^^^^ unnecessary `unsafe` block

warning: unnecessary `unsafe` block
   --> src/macos_file_drop.rs:102:46
    |
102 |     let pasteboard: Retained<NSPasteboard> = unsafe { info.draggingPasteboard() };
    |                                              ^^^^^^ unnecessary `unsafe` block

warning: unnecessary `unsafe` block
   --> src/macos_file_drop.rs:105:25
    |
105 |     if let Some(list) = unsafe { pasteboard.propertyListForType(&legacy) } {
    |                         ^^^^^^ unnecessary `unsafe` block

warning: unnecessary `unsafe` block
   --> src/macos_file_drop.rs:122:25
    |
122 |     if let Some(text) = unsafe { pasteboard.stringForType(file_url_type) } {
    |                         ^^^^^^ unnecessary `unsafe` block

warning: unnecessary `unsafe` block
   --> src/macos_file_drop.rs:123:28
    |
123 |         if let Some(url) = unsafe { NSURL::URLWithString(&text) } {
    |                            ^^^^^^ unnecessary `unsafe` block

warning: unnecessary `unsafe` block
   --> src/macos_file_drop.rs:124:33
    |
124 |             if let Some(path) = unsafe { url.path() } {
    |                                 ^^^^^^ unnecessary `unsafe` block

warning: unnecessary `unsafe` block
   --> src/macos_file_drop.rs:169:5
    |
169 |     unsafe { view.registerForDraggedTypes(&types) };
    |     ^^^^^^ unnecessary `unsafe` block

warning: unused variable: `scroll_daemon_client`
   --> src/lib.rs:916:9
    |
916 |     let scroll_daemon_client = Arc::clone(&daemon_client);
    |         ^^^^^^^^^^^^^^^^^^^^ help: if this is intentional, prefix it with an underscore: `_scroll_daemon_client`
    |
    = note: `#[warn(unused_variables)]` (part of `#[warn(unused)]`) on by default

warning: method `machine_sessions` is never used
   --> src/daemon/session_service.rs:345:19
    |
221 | impl DaemonSessionService {
    | ------------------------- method in this implementation
...
345 |     pub(crate) fn machine_sessions(&self, epoch: crate::scoped_contracts::Epoch) -> Result<crate::remote::machine_protocol::Sessions, Str...
    |                   ^^^^^^^^^^^^^^^^
    |
    = note: `#[warn(dead_code)]` (part of `#[warn(unused)]`) on by default

warning: field `app` is never read
  --> src/ipc/notifications.rs:28:5
   |
27 | pub struct TauriNotificationBackend<R: Runtime> {
   |            ------------------------ field in this struct
28 |     app: AppHandle<R>,
   |     ^^^

warning: constant `GHOSTTY_TERMINAL_SCREEN_PRIMARY` is never used
  --> src/native_terminal/sys/constants.rs:56:11
   |
56 | pub const GHOSTTY_TERMINAL_SCREEN_PRIMARY: c_int = 0;
   |           ^^^^^^^^^^^^^^^^^^^^^^^^^^^^^^^

warning: methods `synchronized_output_deadline`, `expire_synchronized_output`, and `finish_synchronized_output` are never used
   --> src/native_terminal/terminal.rs:169:19
    |
133 | impl NativeTerminal {
    | ------------------- methods in this implementation
...
169 |     pub(crate) fn synchronized_output_deadline(&self) -> Option<tokio::time::Instant> {
    |                   ^^^^^^^^^^^^^^^^^^^^^^^^^^^^
...
173 |     pub(crate) fn expire_synchronized_output(
    |                   ^^^^^^^^^^^^^^^^^^^^^^^^^^
...
184 |     pub(crate) fn finish_synchronized_output(&mut self) -> Result<(), NativeTerminalError> {
    |                   ^^^^^^^^^^^^^^^^^^^^^^^^^^

warning: method `wait_and_reap` is never used
   --> src/terminal/session.rs:364:19
    |
 73 | impl PtySession {
    | --------------- method in this implementation
...
364 |     pub(crate) fn wait_and_reap(&self) -> Result<Option<i32>, PtyError> {
    |                   ^^^^^^^^^^^^^

warning: function `with_local_worktree_budget` is never used
   --> src/worktree/git.rs:115:15
    |
115 | pub(crate) fn with_local_worktree_budget<T>(work: impl FnOnce() -> T) -> T {
    |               ^^^^^^^^^^^^^^^^^^^^^^^^^^

warning: struct `WriterLeaseGuard` is never constructed
  --> src/worktree/manager.rs:86:19
   |
86 | pub(crate) struct WriterLeaseGuard {
   |                   ^^^^^^^^^^^^^^^^

warning: associated items `new`, `canonical_path`, and `owner_id` are never used
   --> src/worktree/manager.rs:93:8
    |
 92 | impl WriterLeaseGuard {
    | --------------------- associated items in this implementation
 93 |     fn new(registry: WriterLeaseRegistry, canonical_path: PathBuf, owner_id: String) -> Self {
    |        ^^^
...
101 |     pub(crate) fn canonical_path(&self) -> &Path {
    |                   ^^^^^^^^^^^^^^
...
105 |     pub(crate) fn owner_id(&self) -> &str {
    |                   ^^^^^^^^

warning: method `acquire_writer_lease` is never used
   --> src/worktree/manager.rs:338:19
    |
134 | impl WorktreeManager {
    | -------------------- method in this implementation
...
338 |     pub(crate) fn acquire_writer_lease(
    |                   ^^^^^^^^^^^^^^^^^^^^

warning: `ferryx` (lib) generated 19 warnings (run `cargo fix --lib -p ferryx` to apply 2 suggestions)
    Finished `test` profile [unoptimized] target(s) in 24.74s
     Running tests/machine_catalog_persistence.rs (src-tauri/target/debug/deps/machine_catalog_persistence-9847bc72e73de522)

running 4 tests
test catalog_owner_process ... ok
READY isolated service root=/tmp/fx-a12-parent.eN8Ijq/tmp/.tmpEs3DxL
IPC cleanup client_joined=true handler_joined=true duplex_closed=true injected=false
OWNER readiness=Ping/Pong pid=4018 command=register
NORMALIZATION trimmed identity; unchanged revision; explicit exposure promotion verified
NORMALIZATION CLEANUP root=/tmp/fx-a12-parent.eN8Ijq/tmp/.tmpcOWJ5g absent=true
test normalized_registration_is_idempotent ... ok
IPC cleanup client_joined=true handler_joined=true duplex_closed=true injected=false
IPC cleanup client_joined=true handler_joined=true duplex_closed=true injected=false
OWNER cleanup pid=4018 reaped=true status=exit status: 0 sockets=[] command=register
RESTART isolated service
IPC cleanup client_joined=true handler_joined=true duplex_closed=true injected=false
OWNER readiness=Ping/Pong pid=4356 command=restore
OWNER cleanup pid=4356 reaped=true status=exit status: 0 sockets=[] command=restore
CONCURRENT aliases canonical id=project-55b8100e1fb8488db55d7dce1cb31590 mirror_exposed=false
PERMISSIONS catalog=600 parent=700
RESTORE invalid root retained without overwrite
RESTORE missing row retained without recreation
IPC cleanup client_joined=true handler_joined=true duplex_closed=true injected=false
OWNER readiness=Ping/Pong pid=4413 command=inject
OWNER cleanup pid=4413 reaped=true status=signal: 9 (SIGKILL) sockets=[] command=inject
WRITE_FAILURE rename target directory: no success or published revision; mutations fenced

thread 'tokio-rt-worker' (1774613) panicked at tests/machine_catalog_persistence.rs:23:13:
injected IPC assertion after Pong
note: run with `RUST_BACKTRACE=1` environment variable to display a backtrace
IPC cleanup client_joined=true handler_joined=true duplex_closed=true injected=true
OWNER CLEANUP root=/tmp/fx-a12-parent.eN8Ijq/tmp/.tmpdqVcQk absent=true
test isolated_owner_restart_and_failure_cleanup ... ok
QUARANTINE invalid/newer catalog preserved; mutation refused
QUARANTINE invalid/newer catalog preserved; mutation refused
CLEANUP root=/tmp/fx-a12-parent.eN8Ijq/tmp/.tmpEs3DxL absent=true daemon_pids=[] sockets=[]
test registration_survives_isolated_service_restart ... ok

test result: ok. 4 passed; 0 failed; 0 ignored; 0 measured; 0 filtered out; finished in 0.30s

     Running tests/machine_events.rs (src-tauri/target/debug/deps/machine_events-96a1656f4ab718d8)

running 1 test
A12 real WS projectRegistered canonical identity matches HTTP201; sequence newer than snapshot
A12 real mirror WS receives ordered barrier only, no machine path payload
A12 native watcher missing/ready availability events preserve registered identity
[main (root-commit) 1204583] base
A12 HTTP-created/deleted worktree records equal real WS committed payloads
A12 external Git checkout triggers debounced authoritative branch snapshot without polling HTTP
A12 receiver-before-snapshot overlap=70 committed local registrations; real WS lag resnapshot=71; reconnect retains original PTY Arc/target; explicit close reaped; unsubscribe observed
A12 unsubscribe while snapshot admission blocked cancels before permit release; watches dropped
A12 cleanup: listener joined/refused; all owned PTYs closed; private root removed
test machine_events_begin_with_authoritative_snapshot ... ok

test result: ok. 1 passed; 0 failed; 0 ignored; 0 measured; 0 filtered out; finished in 9.74s

     Running tests/machine_prunable_preview.rs (src-tauri/target/debug/deps/machine_prunable_preview-9bf13b7f5afef91c)

running 1 test
A08 HTTP missing locked=false status=200 body={"branchDeletion":{"ahead":null,"behind":null,"branch":"orca/project-053be4cf567e4addb18617d01504ef8e/missing","head":"e2134ee57acc56ed17f5af12bd712dfecc5ec09c","merged":false,"upstream":null},"branchDeletionError":null,"dirtyCount":null,"dirtyFiles":null,"dirtyInspection":"unavailable","liveSessionIds":["bb3f34bd-21bf-463d-8559-99a14494c77c"],"locked":null,"prunable":"gitdir file points to non-existent location","revision":"3"}
A08 HTTP missing DELETE guarded=404 locked=false
A08 HTTP symlink preview refused=400 Bad Request
A08 HTTP symlink preview refused=400 Bad Request
A08 HTTP symlink preview refused=400 Bad Request
A08 HTTP unavailable branch preview={"branchDeletion":null,"branchDeletionError":"INVALID_WORKTREE","dirtyCount":null,"dirtyFiles":null,"dirtyInspection":"unavailable","liveSessionIds":["bb3f34bd-21bf-463d-8559-99a14494c77c"],"locked":null,"prunable":"gitdir file points to non-existent location","revision":"6"}
A08 HTTP missing locked=true status=200 body={"branchDeletion":{"ahead":null,"behind":null,"branch":"orca/project-053be4cf567e4addb18617d01504ef8e/locked","head":"ec16b0e3cd00f5d05eabf52aac4debe9e5379e85","merged":false,"upstream":null},"branchDeletionError":null,"dirtyCount":null,"dirtyFiles":null,"dirtyInspection":"unavailable","liveSessionIds":["4a853719-57e1-4891-a0f6-ab02c0ce9639"],"locked":"A08 lock","prunable":null,"revision":"8"}
A08 HTTP missing DELETE guarded=404 locked=true
A08 HTTP symlink preview refused=400 Bad Request
A08 HTTP symlink preview refused=400 Bad Request
A08 HTTP symlink preview refused=400 Bad Request
A08 HTTP unavailable branch preview={"branchDeletion":null,"branchDeletionError":"INVALID_WORKTREE","dirtyCount":null,"dirtyFiles":null,"dirtyInspection":"unavailable","liveSessionIds":["4a853719-57e1-4891-a0f6-ab02c0ce9639"],"locked":"A08 lock","prunable":null,"revision":"9"}
A08 cleanup session=bb3f34bd-21bf-463d-8559-99a14494c77c close_awaited=true session_absent=true
A08 cleanup session=4a853719-57e1-4891-a0f6-ab02c0ce9639 close_awaited=true session_absent=true
A08 cleanup listener_joined=true connection_refused=true owner_dropped=true private_root_removed=true owned_sessions_closed=true
test missing_checkout_rich_preview_http ... ok

test result: ok. 1 passed; 0 failed; 0 ignored; 0 measured; 0 filtered out; finished in 1.87s

     Running tests/machine_worktree_transports.rs (src-tauri/target/debug/deps/machine_worktree_transports-57926cbf7fd4d996)

running 2 tests
test a08_transports_private_child ... ok

running 1 test
A08_TRANSPORT_OWNER pid=13235 cwd=/private/tmp/a08-transports-4eVj9f runtime=/tmp/a08-transports-4eVj9f/runtime socket=/tmp/a08-transports-4eVj9f/runtime/daemon.sock config=/tmp/a08-transports-4eVj9f/data/config.json auth=/tmp/a08-transports-4eVj9f/data/auth.json
A08_TRANSPORT_REQUEST method=POST url=http://127.0.0.1:56615/host/a08-transport-owner/api/v1/workspace/projects body={"repoPath":"/tmp/a08-transports-4eVj9f/repo","requestId":"4bb61bd6-5d8a-4f3d-befa-99de246ea934"}
A08_TRANSPORT_RESPONSE status=201 body={"availability":"ready","gitBranch":"main","gitCommonDir":"/private/tmp/a08-transports-4eVj9f/repo/.git","gitHead":"e1e3698533e9522e86eab13993dfa0f1ad9b1242","gitRemote":null,"gitRoot":"/private/tmp/a08-transports-4eVj9f/repo","repoRoot":"/private/tmp/a08-transports-4eVj9f/repo","revision":"1","workspaceId":"project-9b29de08bda9413cbc5dab6fc678cbb9"}
A08_TRANSPORT_REQUEST method=POST url=http://127.0.0.1:56615/host/a08-transport-owner/api/v1/workspace/worktrees body={"baseRef":"HEAD","requestId":"f47152f9-0f98-4b10-90a8-556dd673bf3c","workspaceId":"project-9b29de08bda9413cbc5dab6fc678cbb9","worktree":{"slug":"relay-keep","wsId":"project-9b29de08bda9413cbc5dab6fc678cbb9"}}
A08_TRANSPORT_RESPONSE status=201 body={"bare":false,"branch":"refs/heads/orca/project-9b29de08bda9413cbc5dab6fc678cbb9/relay-keep","detached":false,"head":"e1e3698533e9522e86eab13993dfa0f1ad9b1242","identity":{"slug":"relay-keep","wsId":"project-9b29de08bda9413cbc5dab6fc678cbb9"},"locked":null,"managed":true,"path":"/private/tmp/a08-transports-4eVj9f/repo/.orca-worktrees/project-9b29de08bda9413cbc5dab6fc678cbb9/relay-keep","prunable":null,"workspaceId":"project-9b29de08bda9413cbc5dab6fc678cbb9"}
A08_TRANSPORT_REQUEST method=GET url=http://127.0.0.1:56615/host/a08-transport-owner/api/v1/workspace/worktrees?workspaceId=project-9b29de08bda9413cbc5dab6fc678cbb9 body=null
A08_TRANSPORT_RESPONSE status=200 body={"revision":"2","worktrees":[{"bare":false,"branch":"refs/heads/main","detached":false,"head":"e1e3698533e9522e86eab13993dfa0f1ad9b1242","identity":null,"locked":null,"managed":false,"path":"/private/tmp/a08-transports-4eVj9f/repo","prunable":null,"workspaceId":"project-9b29de08bda9413cbc5dab6fc678cbb9"},{"bare":false,"branch":"refs/heads/orca/project-9b29de08bda9413cbc5dab6fc678cbb9/relay-keep","detached":false,"head":"e1e3698533e9522e86eab13993dfa0f1ad9b1242","identity":{"slug":"relay-keep","wsId":"project-9b29de08bda9413cbc5dab6fc678cbb9"},"locked":null,"managed":true,"path":"/private/tmp/a08-transports-4eVj9f/repo/.orca-worktrees/project-9b29de08bda9413cbc5dab6fc678cbb9/relay-keep","prunable":null,"workspaceId":"project-9b29de08bda9413cbc5dab6fc678cbb9"}]}
A08_TRANSPORT_REQUEST method=GET url=http://127.0.0.1:56615/host/a08-transport-owner/api/v1/workspace/worktrees/status?workspaceId=project-9b29de08bda9413cbc5dab6fc678cbb9&wsId=project-9b29de08bda9413cbc5dab6fc678cbb9&slug=relay-keep body=null
A08_TRANSPORT_RESPONSE status=200 body={"branchDeletion":{"ahead":null,"behind":null,"branch":"orca/project-9b29de08bda9413cbc5dab6fc678cbb9/relay-keep","head":"e1e3698533e9522e86eab13993dfa0f1ad9b1242","merged":true,"upstream":null},"dirtyCount":0,"dirtyFiles":[],"liveSessionIds":[],"locked":null,"prunable":null,"revision":"2"}
A08_TRANSPORT_REQUEST method=DELETE url=http://127.0.0.1:56615/host/a08-transport-owner/api/v1/workspace/worktrees body={"deleteBranch":false,"expectedRevision":"2","requestId":"5a6a21db-9222-48f9-bef7-b7a1d3a6e907","workspaceId":"project-9b29de08bda9413cbc5dab6fc678cbb9","worktree":{"slug":"relay-keep","wsId":"project-9b29de08bda9413cbc5dab6fc678cbb9"}}
A08_TRANSPORT_RESPONSE status=204 body=null
A08_TRANSPORT_REQUEST method=POST url=http://127.0.0.1:56615/host/a08-transport-owner/api/v1/workspace/worktrees body={"baseRef":"HEAD","requestId":"782b60ee-fe24-4c00-92c7-51f675ac922c","workspaceId":"project-9b29de08bda9413cbc5dab6fc678cbb9","worktree":{"slug":"relay-delete","wsId":"project-9b29de08bda9413cbc5dab6fc678cbb9"}}
A08_TRANSPORT_RESPONSE status=201 body={"bare":false,"branch":"refs/heads/orca/project-9b29de08bda9413cbc5dab6fc678cbb9/relay-delete","detached":false,"head":"e1e3698533e9522e86eab13993dfa0f1ad9b1242","identity":{"slug":"relay-delete","wsId":"project-9b29de08bda9413cbc5dab6fc678cbb9"},"locked":null,"managed":true,"path":"/private/tmp/a08-transports-4eVj9f/repo/.orca-worktrees/project-9b29de08bda9413cbc5dab6fc678cbb9/relay-delete","prunable":null,"workspaceId":"project-9b29de08bda9413cbc5dab6fc678cbb9"}
A08_TRANSPORT_REQUEST method=GET url=http://127.0.0.1:56615/host/a08-transport-owner/api/v1/workspace/worktrees?workspaceId=project-9b29de08bda9413cbc5dab6fc678cbb9 body=null
A08_TRANSPORT_RESPONSE status=200 body={"revision":"4","worktrees":[{"bare":false,"branch":"refs/heads/main","detached":false,"head":"e1e3698533e9522e86eab13993dfa0f1ad9b1242","identity":null,"locked":null,"managed":false,"path":"/private/tmp/a08-transports-4eVj9f/repo","prunable":null,"workspaceId":"project-9b29de08bda9413cbc5dab6fc678cbb9"},{"bare":false,"branch":"refs/heads/orca/project-9b29de08bda9413cbc5dab6fc678cbb9/relay-delete","detached":false,"head":"e1e3698533e9522e86eab13993dfa0f1ad9b1242","identity":{"slug":"relay-delete","wsId":"project-9b29de08bda9413cbc5dab6fc678cbb9"},"locked":null,"managed":true,"path":"/private/tmp/a08-transports-4eVj9f/repo/.orca-worktrees/project-9b29de08bda9413cbc5dab6fc678cbb9/relay-delete","prunable":null,"workspaceId":"project-9b29de08bda9413cbc5dab6fc678cbb9"}]}
A08_TRANSPORT_REQUEST method=GET url=http://127.0.0.1:56615/host/a08-transport-owner/api/v1/workspace/worktrees/status?workspaceId=project-9b29de08bda9413cbc5dab6fc678cbb9&wsId=project-9b29de08bda9413cbc5dab6fc678cbb9&slug=relay-delete body=null
A08_TRANSPORT_RESPONSE status=200 body={"branchDeletion":{"ahead":null,"behind":null,"branch":"orca/project-9b29de08bda9413cbc5dab6fc678cbb9/relay-delete","head":"e1e3698533e9522e86eab13993dfa0f1ad9b1242","merged":true,"upstream":null},"dirtyCount":0,"dirtyFiles":[],"liveSessionIds":[],"locked":null,"prunable":null,"revision":"4"}
A08_TRANSPORT_REQUEST method=DELETE url=http://127.0.0.1:56615/host/a08-transport-owner/api/v1/workspace/worktrees body={"deleteBranch":true,"expectedRevision":"4","requestId":"de4ad5e0-c0b7-4ce4-ba0e-4452a6194626","workspaceId":"project-9b29de08bda9413cbc5dab6fc678cbb9","worktree":{"slug":"relay-delete","wsId":"project-9b29de08bda9413cbc5dab6fc678cbb9"}}
A08_TRANSPORT_RESPONSE status=204 body=null
A08_TRANSPORT_REQUEST method=POST url=http://127.0.0.1:56615/host/a08-transport-owner/api/v1/workspace/worktrees body={"requestId":"7dcd4350-9acf-49c1-b431-b49a5859ea7c","workspaceId":"project-9b29de08bda9413cbc5dab6fc678cbb9","worktree":{"slug":"relay-lost","wsId":"project-9b29de08bda9413cbc5dab6fc678cbb9"}}
A08_TRANSPORT_RESPONSE status=201 body={"bare":false,"branch":"refs/heads/orca/project-9b29de08bda9413cbc5dab6fc678cbb9/relay-lost","detached":false,"head":"e1e3698533e9522e86eab13993dfa0f1ad9b1242","identity":{"slug":"relay-lost","wsId":"project-9b29de08bda9413cbc5dab6fc678cbb9"},"locked":null,"managed":true,"path":"/private/tmp/a08-transports-4eVj9f/repo/.orca-worktrees/project-9b29de08bda9413cbc5dab6fc678cbb9/relay-lost","prunable":null,"workspaceId":"project-9b29de08bda9413cbc5dab6fc678cbb9"}
A08_TRANSPORT_REQUEST method=GET url=http://127.0.0.1:56615/host/a08-transport-owner/api/v1/workspace/operations/7dcd4350-9acf-49c1-b431-b49a5859ea7c body=null
A08_TRANSPORT_RESPONSE status=200 body={"outcome":{"kind":"worktree","worktree":{"bare":false,"branch":"refs/heads/orca/project-9b29de08bda9413cbc5dab6fc678cbb9/relay-lost","detached":false,"head":"e1e3698533e9522e86eab13993dfa0f1ad9b1242","identity":{"slug":"relay-lost","wsId":"project-9b29de08bda9413cbc5dab6fc678cbb9"},"locked":null,"managed":true,"path":"/private/tmp/a08-transports-4eVj9f/repo/.orca-worktrees/project-9b29de08bda9413cbc5dab6fc678cbb9/relay-lost","prunable":null,"workspaceId":"project-9b29de08bda9413cbc5dab6fc678cbb9"}},"requestId":"7dcd4350-9acf-49c1-b431-b49a5859ea7c","state":"completed"}
A08_TRANSPORT_REQUEST method=GET url=http://127.0.0.1:56615/host/a08-transport-owner/api/v1/workspace/worktrees?workspaceId=project-9b29de08bda9413cbc5dab6fc678cbb9 body=null
A08_TRANSPORT_RESPONSE status=200 body={"revision":"6","worktrees":[{"bare":false,"branch":"refs/heads/main","detached":false,"head":"e1e3698533e9522e86eab13993dfa0f1ad9b1242","identity":null,"locked":null,"managed":false,"path":"/private/tmp/a08-transports-4eVj9f/repo","prunable":null,"workspaceId":"project-9b29de08bda9413cbc5dab6fc678cbb9"},{"bare":false,"branch":"refs/heads/orca/project-9b29de08bda9413cbc5dab6fc678cbb9/relay-lost","detached":false,"head":"e1e3698533e9522e86eab13993dfa0f1ad9b1242","identity":{"slug":"relay-lost","wsId":"project-9b29de08bda9413cbc5dab6fc678cbb9"},"locked":null,"managed":true,"path":"/private/tmp/a08-transports-4eVj9f/repo/.orca-worktrees/project-9b29de08bda9413cbc5dab6fc678cbb9/relay-lost","prunable":null,"workspaceId":"project-9b29de08bda9413cbc5dab6fc678cbb9"}]}
A08_RELAY_LOST original={"bare":false,"branch":"refs/heads/orca/project-9b29de08bda9413cbc5dab6fc678cbb9/relay-lost","detached":false,"head":"e1e3698533e9522e86eab13993dfa0f1ad9b1242","identity":{"slug":"relay-lost","wsId":"project-9b29de08bda9413cbc5dab6fc678cbb9"},"locked":null,"managed":true,"path":"/private/tmp/a08-transports-4eVj9f/repo/.orca-worktrees/project-9b29de08bda9413cbc5dab6fc678cbb9/relay-lost","prunable":null,"workspaceId":"project-9b29de08bda9413cbc5dab6fc678cbb9"} same_device=true replay_equal=true journal_equal=true actual_target_count=1 forwarded_reply_bytes=0 intermediary_joined=true
A08_UDS_REQUEST {"baseRef":"HEAD","type":"createWorktree","workspaceId":"project-9b29de08bda9413cbc5dab6fc678cbb9","worktree":{"slug":"uds-owned","wsId":"project-9b29de08bda9413cbc5dab6fc678cbb9"}}
A08_UDS_RESPONSE {"type":"createWorktreeOk","worktree":{"bare":false,"branch":"refs/heads/orca/project-9b29de08bda9413cbc5dab6fc678cbb9/uds-owned","detached":false,"head":"e1e3698533e9522e86eab13993dfa0f1ad9b1242","locked":null,"path":"/private/tmp/a08-transports-4eVj9f/repo/.orca-worktrees/project-9b29de08bda9413cbc5dab6fc678cbb9/uds-owned","prunable":null}}
A08_UDS_REQUEST {"deleteBranch":true,"type":"deleteWorktree","workspaceId":"project-9b29de08bda9413cbc5dab6fc678cbb9","worktree":{"slug":"uds-owned","wsId":"project-9b29de08bda9413cbc5dab6fc678cbb9"}}
A08_UDS_RESPONSE {"error":{"code":"DIRTY_WORKTREE","details":{"count":1,"files":["dirty.txt"],"path":"/private/tmp/a08-transports-4eVj9f/repo/.orca-worktrees/project-9b29de08bda9413cbc5dab6fc678cbb9/uds-owned"},"message":"Worktree at '/private/tmp/a08-transports-4eVj9f/repo/.orca-worktrees/project-9b29de08bda9413cbc5dab6fc678cbb9/uds-owned' is dirty (1 uncommitted/untracked files); deletion forbidden for 1-writer-1-worktree isolation"},"type":"worktreeError"}
A08_UDS_REQUEST {"deleteBranch":true,"type":"deleteWorktree","workspaceId":"project-9b29de08bda9413cbc5dab6fc678cbb9","worktree":{"slug":"uds-owned","wsId":"project-9b29de08bda9413cbc5dab6fc678cbb9"}}
A08_UDS_RESPONSE {"pruned":true,"type":"deleteWorktreeOk"}
A08_TRANSPORT_SUCCESS listeners_joined=true sockets_refused=true wrong_root_unchanged=true PTY_spawned=false
A08_TRANSPORT_RUNTIME joined=true failed=false
test a08_transports_private_child ... ok

test result: ok. 1 passed; 0 failed; 0 ignored; 0 measured; 1 filtered out; finished in 2.12s

A08_TRANSPORT_CLEANUP child_pid=13235 reaped=true exit=exit status: 0 private_root=/tmp/a08-transports-4eVj9f absent=true
test a08_transports_owned_process_lifecycle ... ok

test result: ok. 2 passed; 0 failed; 0 ignored; 0 measured; 0 filtered out; finished in 2.13s

     Running tests/machine_worktrees.rs (src-tauri/target/debug/deps/machine_worktrees-5daeaa4ae8a6057c)

running 2 tests
A08 HTTP GET worktrees status=200 body={"revision":"2","worktrees":[{"bare":false,"branch":"refs/heads/main","detached":false,"head":"c678a2d6107d347909eb005622b1419247a1fd58","identity":null,"locked":null,"managed":false,"path":"/private/tmp/fx-a12-parent.eN8Ijq/tmp/.tmp9ivpNr/repo space \"quote\" ü","prunable":null,"workspaceId":"project-0926f3eadda148248f84e8578ee6d1b1"}]}
A08 revision phase=initial listener_joined=true owner_dropped=true connection_refused=true
A08 revision phase=unchanged listener_joined=true owner_dropped=true connection_refused=true
A08 revision phase=changed listener_joined=true owner_dropped=true connection_refused=true
A08 revision post_commit_change=true unchanged_restart_equal=true offline_clean_change_stale_delete=true private_root_removed=true
test worktree_revision_survives_owner_restart ... ok
A08 LOST_REPLY owner_status=201 forwarded_response_bytes=0 intermediary_joined=true
A08 STALE_REVISION status=409 target_preserved=true refusal_replayed=true
A08_OWNER pid=16971 cwd=/private/tmp/fx-a12-parent.eN8Ijq/tmp/.tmp9ivpNr/repo space "quote" ü/.orca-worktrees/project-0926f3eadda148248f84e8578ee6d1b1/feature
A08 OWNER close_complete=true session_removed=true pid=16971 absent=true already_reaped=true (shared owner fixture, not A09)
A08 delete scenario=locked status=409 body={"error":{"code":"WORKTREE_LOCKED","message":"WORKTREE_LOCKED","retryable":false,"requestId":"e9a3a5d0-c758-45b7-8a65-1999d0329dce","details":{}}}
A08 delete scenario=unmerged status=409 body={"error":{"code":"UNMERGED_BRANCH","message":"UNMERGED_BRANCH","retryable":false,"requestId":"c2cf0eef-d6a9-4fec-8cbf-563c44a364a1","details":{}}}
A08 delete scenario=partial status=409 body={"error":{"code":"WORKTREE_REMOVED_BRANCH_RETAINED","message":"WORKTREE_REMOVED_BRANCH_RETAINED","retryable":false,"requestId":"a6160c29-3a3a-4bb3-ad37-d0cdf53ca4e2","details":{"branch":"orca/project-0926f3eadda148248f84e8578ee6d1b1/partial","branchDeleted":false,"worktreeRemoved":true}}}
A08 delete scenario=remove-branch status=204 body=
A08 RESTART same_request_same_row=true managed_target_count=1
A08 CLEANUP listener_joined=true private_root_removed=true
test machine_worktree_http_contract ... ok

test result: ok. 2 passed; 0 failed; 0 ignored; 0 measured; 0 filtered out; finished in 7.60s

    Blocking waiting for file lock on build directory
   Compiling ferryx v2026.908.1 (/Users/indo/code/project/orca-lite-wt/herdr-resume-01a097f8/src-tauri)
warning: unused import: `Manager`
  --> src/ipc/notifications.rs:21:24
   |
21 | use tauri::{AppHandle, Manager, Runtime, State};
   |                        ^^^^^^^
   |
   = note: `#[warn(unused_imports)]` (part of `#[warn(unused)]`) on by default

warning: unnecessary `unsafe` block
  --> src/macos_file_drop.rs:79:28
   |
79 |             let location = unsafe { info.draggingLocation() };
   |                            ^^^^^^ unnecessary `unsafe` block
   |
   = note: `#[warn(unused_unsafe)]` (part of `#[warn(unused)]`) on by default

warning: unnecessary `unsafe` block
  --> src/macos_file_drop.rs:80:25
   |
80 |             let point = unsafe { self.convertPoint_fromView(location, None) };
   |                         ^^^^^^ unnecessary `unsafe` block

warning: unnecessary `unsafe` block
   --> src/macos_file_drop.rs:102:46
    |
102 |     let pasteboard: Retained<NSPasteboard> = unsafe { info.draggingPasteboard() };
    |                                              ^^^^^^ unnecessary `unsafe` block

warning: unnecessary `unsafe` block
   --> src/macos_file_drop.rs:105:25
    |
105 |     if let Some(list) = unsafe { pasteboard.propertyListForType(&legacy) } {
    |                         ^^^^^^ unnecessary `unsafe` block

warning: unnecessary `unsafe` block
   --> src/macos_file_drop.rs:122:25
    |
122 |     if let Some(text) = unsafe { pasteboard.stringForType(file_url_type) } {
    |                         ^^^^^^ unnecessary `unsafe` block

warning: unnecessary `unsafe` block
   --> src/macos_file_drop.rs:123:28
    |
123 |         if let Some(url) = unsafe { NSURL::URLWithString(&text) } {
    |                            ^^^^^^ unnecessary `unsafe` block

warning: unnecessary `unsafe` block
   --> src/macos_file_drop.rs:124:33
    |
124 |             if let Some(path) = unsafe { url.path() } {
    |                                 ^^^^^^ unnecessary `unsafe` block

warning: unnecessary `unsafe` block
   --> src/macos_file_drop.rs:169:5
    |
169 |     unsafe { view.registerForDraggedTypes(&types) };
    |     ^^^^^^ unnecessary `unsafe` block

warning: unused variable: `scroll_daemon_client`
   --> src/lib.rs:916:9
    |
916 |     let scroll_daemon_client = Arc::clone(&daemon_client);
    |         ^^^^^^^^^^^^^^^^^^^^ help: if this is intentional, prefix it with an underscore: `_scroll_daemon_client`
    |
    = note: `#[warn(unused_variables)]` (part of `#[warn(unused)]`) on by default

warning: method `machine_sessions` is never used
   --> src/daemon/session_service.rs:350:19
    |
221 | impl DaemonSessionService {
    | ------------------------- method in this implementation
...
350 |     pub(crate) fn machine_sessions(&self, epoch: crate::scoped_contracts::Epoch) -> Result<crate::remote::machine_protocol::Sessions, Str...
    |                   ^^^^^^^^^^^^^^^^
    |
    = note: `#[warn(dead_code)]` (part of `#[warn(unused)]`) on by default

warning: field `app` is never read
  --> src/ipc/notifications.rs:28:5
   |
27 | pub struct TauriNotificationBackend<R: Runtime> {
   |            ------------------------ field in this struct
28 |     app: AppHandle<R>,
   |     ^^^

warning: constant `GHOSTTY_TERMINAL_SCREEN_PRIMARY` is never used
  --> src/native_terminal/sys/constants.rs:56:11
   |
56 | pub const GHOSTTY_TERMINAL_SCREEN_PRIMARY: c_int = 0;
   |           ^^^^^^^^^^^^^^^^^^^^^^^^^^^^^^^

warning: methods `synchronized_output_deadline`, `expire_synchronized_output`, and `finish_synchronized_output` are never used
   --> src/native_terminal/terminal.rs:169:19
    |
133 | impl NativeTerminal {
    | ------------------- methods in this implementation
...
169 |     pub(crate) fn synchronized_output_deadline(&self) -> Option<tokio::time::Instant> {
    |                   ^^^^^^^^^^^^^^^^^^^^^^^^^^^^
...
173 |     pub(crate) fn expire_synchronized_output(
    |                   ^^^^^^^^^^^^^^^^^^^^^^^^^^
...
184 |     pub(crate) fn finish_synchronized_output(&mut self) -> Result<(), NativeTerminalError> {
    |                   ^^^^^^^^^^^^^^^^^^^^^^^^^^

warning: method `wait_and_reap` is never used
   --> src/terminal/session.rs:364:19
    |
 73 | impl PtySession {
    | --------------- method in this implementation
...
364 |     pub(crate) fn wait_and_reap(&self) -> Result<Option<i32>, PtyError> {
    |                   ^^^^^^^^^^^^^

warning: function `with_local_worktree_budget` is never used
   --> src/worktree/git.rs:115:15
    |
115 | pub(crate) fn with_local_worktree_budget<T>(work: impl FnOnce() -> T) -> T {
    |               ^^^^^^^^^^^^^^^^^^^^^^^^^^

warning: struct `WriterLeaseGuard` is never constructed
  --> src/worktree/manager.rs:86:19
   |
86 | pub(crate) struct WriterLeaseGuard {
   |                   ^^^^^^^^^^^^^^^^

warning: associated items `new`, `canonical_path`, and `owner_id` are never used
   --> src/worktree/manager.rs:93:8
    |
 92 | impl WriterLeaseGuard {
    | --------------------- associated items in this implementation
 93 |     fn new(registry: WriterLeaseRegistry, canonical_path: PathBuf, owner_id: String) -> Self {
    |        ^^^
...
101 |     pub(crate) fn canonical_path(&self) -> &Path {
    |                   ^^^^^^^^^^^^^^
...
105 |     pub(crate) fn owner_id(&self) -> &str {
    |                   ^^^^^^^^

warning: method `acquire_writer_lease` is never used
   --> src/worktree/manager.rs:338:19
    |
134 | impl WorktreeManager {
    | -------------------- method in this implementation
...
338 |     pub(crate) fn acquire_writer_lease(
    |                   ^^^^^^^^^^^^^^^^^^^^

warning: `ferryx` (lib) generated 19 warnings (run `cargo fix --lib -p ferryx` to apply 2 suggestions)
    Finished `dev` profile [unoptimized] target(s) in 23.13s
A12_PARENT_EXIT=0
SUPERVISOR=/tmp/fx-a12-parent.eN8Ijq
