    Blocking waiting for file lock on build directory
warning: unnecessary `unsafe` block
  --> src/macos_file_drop.rs:79:28
   |
79 |             let location = unsafe { info.draggingLocation() };
   |                            ^^^^^^ unnecessary `unsafe` block
   |
   = note: `#[warn(unused_unsafe)]` (part of `#[warn(unused)]`) on by default

warning: unnecessary `unsafe` block
  --> src/macos_file_drop.rs:80:25
   |
80 |             let point = unsafe { self.convertPoint_fromView(location, None) };
   |                         ^^^^^^ unnecessary `unsafe` block

warning: unnecessary `unsafe` block
   --> src/macos_file_drop.rs:102:46
    |
102 |     let pasteboard: Retained<NSPasteboard> = unsafe { info.draggingPasteboard() };
    |                                              ^^^^^^ unnecessary `unsafe` block

warning: unnecessary `unsafe` block
   --> src/macos_file_drop.rs:105:25
    |
105 |     if let Some(list) = unsafe { pasteboard.propertyListForType(&legacy) } {
    |                         ^^^^^^ unnecessary `unsafe` block

warning: unnecessary `unsafe` block
   --> src/macos_file_drop.rs:122:25
    |
122 |     if let Some(text) = unsafe { pasteboard.stringForType(file_url_type) } {
    |                         ^^^^^^ unnecessary `unsafe` block

warning: unnecessary `unsafe` block
   --> src/macos_file_drop.rs:123:28
    |
123 |         if let Some(url) = unsafe { NSURL::URLWithString(&text) } {
    |                            ^^^^^^ unnecessary `unsafe` block

warning: unnecessary `unsafe` block
   --> src/macos_file_drop.rs:124:33
    |
124 |             if let Some(path) = unsafe { url.path() } {
    |                                 ^^^^^^ unnecessary `unsafe` block

warning: unnecessary `unsafe` block
   --> src/macos_file_drop.rs:169:5
    |
169 |     unsafe { view.registerForDraggedTypes(&types) };
    |     ^^^^^^ unnecessary `unsafe` block

warning: unused variable: `token`
    --> src/remote/auth.rs:1399:14
     |
1399 |         let (token, device) = auth
     |              ^^^^^ help: if this is intentional, prefix it with an underscore: `_token`
     |
     = note: `#[warn(unused_variables)]` (part of `#[warn(unused)]`) on by default

warning: unused variable: `scroll_daemon_client`
   --> src/lib.rs:916:9
    |
916 |     let scroll_daemon_client = Arc::clone(&daemon_client);
    |         ^^^^^^^^^^^^^^^^^^^^ help: if this is intentional, prefix it with an underscore: `_scroll_daemon_client`

warning: method `machine_sessions` is never used
   --> src/daemon/session_service.rs:354:19
    |
225 | impl DaemonSessionService {
    | ------------------------- method in this implementation
...
354 |     pub(crate) fn machine_sessions(&self, epoch: crate::scoped_contracts::Epoch) -> Result<crate::remote::machine_protocol::Sessions, Str...
    |                   ^^^^^^^^^^^^^^^^
    |
    = note: `#[warn(dead_code)]` (part of `#[warn(unused)]`) on by default

warning: field `app` is never read
  --> src/ipc/notifications.rs:28:5
   |
27 | pub struct TauriNotificationBackend<R: Runtime> {
   |            ------------------------ field in this struct
28 |     app: AppHandle<R>,
   |     ^^^

warning: constant `GHOSTTY_TERMINAL_SCREEN_PRIMARY` is never used
  --> src/native_terminal/sys/constants.rs:56:11
   |
56 | pub const GHOSTTY_TERMINAL_SCREEN_PRIMARY: c_int = 0;
   |           ^^^^^^^^^^^^^^^^^^^^^^^^^^^^^^^

warning: function `no_auth_query` is never used
    --> src/remote/server.rs:3102:12
     |
3102 |         fn no_auth_query() -> AuthQuery {
     |            ^^^^^^^^^^^^^

warning: struct `WriterLeaseGuard` is never constructed
  --> src/worktree/manager.rs:86:19
   |
86 | pub(crate) struct WriterLeaseGuard {
   |                   ^^^^^^^^^^^^^^^^

warning: associated items `new`, `canonical_path`, and `owner_id` are never used
   --> src/worktree/manager.rs:93:8
    |
 92 | impl WriterLeaseGuard {
    | --------------------- associated items in this implementation
 93 |     fn new(registry: WriterLeaseRegistry, canonical_path: PathBuf, owner_id: String) -> Self {
    |        ^^^
...
101 |     pub(crate) fn canonical_path(&self) -> &Path {
    |                   ^^^^^^^^^^^^^^
...
105 |     pub(crate) fn owner_id(&self) -> &str {
    |                   ^^^^^^^^

warning: method `acquire_writer_lease` is never used
   --> src/worktree/manager.rs:338:19
    |
134 | impl WorktreeManager {
    | -------------------- method in this implementation
...
338 |     pub(crate) fn acquire_writer_lease(
    |                   ^^^^^^^^^^^^^^^^^^^^

warning: `ferryx` (lib test) generated 17 warnings (run `cargo fix --lib -p ferryx --tests` to apply 2 suggestions)
    Finished `test` profile [unoptimized] target(s) in 20.15s
     Running unittests src/lib.rs (src-tauri/target/debug/deps/ferryx_lib-fede6191c14a3d71)

running 17 tests
test paired_host::inventory_tests::public_http_and_userinfo_fail_closed ... ok
test paired_host::inventory_tests::origin_normalization_is_identity_stable ... ok
test paired_host::inventory_tests::test_loopback_is_explicit_and_not_a_production_origin ... ok
test daemon::server::paired_host_process_tests::paired_host_process_child ... ok
test paired_host::service::native_transport_tests::secret_debug_and_production_origin_policy ... ok
A13 old_daemon_unavailable=true no_upgrade=true no_secret_sent=true cleanup=true
test daemon::client::paired_host_compatibility_tests::old_daemon_unknown_capability_never_receives_upgrade_or_secret ... ok
test paired_host::inventory_tests::real_private_persistence_restart_and_secret_exclusion ... A13 redirect_rejected=true no_token_forwarding=true migration_source_retained=true cleanup=true
ok
test paired_host::service::native_transport_tests::redirect_never_forwards_credential_and_failed_migration_preserves_source ... ok
test paired_host::inventory_tests::fixture_loopback_store_roundtrips_but_production_fails_closed ... ok
test paired_host::inventory_tests::mirror_and_unknown_do_not_become_machine_authority ... ok
test paired_host::inventory_tests::actual_write_failure_keeps_disk_and_legacy_authority_and_fences_leases ... ok
test paired_host::inventory_tests::migration_requires_host_proof_and_verified_copy_and_preserves_source ... ok
test paired_host::inventory_tests::corrupt_unknown_newer_and_external_replacement_never_overwrite ... ok
A13 paused_authenticated_http=true subscribed_gate=true stale_repair_rejected=true forgotten_tombstone_rejected=true other_host_preserved=true listener_refused=true root_removed=true
test paired_host::service::native_transport_tests::paused_authenticated_response_cannot_adopt_after_repair_or_forget ... ok
test paired_host::inventory_tests::re_pair_forget_and_revoke_cancel_only_captured_host_across_restart ... ok
A13 process pid=43032 reaped=true uds_refused=true success=true
A13 process pid=43037 reaped=true uds_refused=true success=true
A13 process pid=43042 reaped=true uds_refused=true success=true
A13 separate_process_restart=true real_relay_pair=true exact_generation=1 private_bytes_preserved=true injected_failure_reaped=true
A13 relay listener_refused=true
A13 process root=/private/tmp/a13-native.ePzTSGVC/tmp/.tmp6VVO9W removed=true
test daemon::server::paired_host_process_tests::paired_host_separate_process_restart ... ok
A13 real_uds=true relay_pair_exchange=true scope_negotiation=true re_pair=1,2,3 stale_forget=rejected lease_cancelled=true durable_readback=true restart=true failed_migration_preserved=true local_forget=true cross_host_isolation=true modes=700,600
A13 cleanup private_root=/private/tmp/a13-native.ePzTSGVC/tmp/.tmp0Avat1 absent=true
test daemon::server::paired_host_native_tests::native_daemon_relay_inventory_roundtrip ... ok

test result: ok. 17 passed; 0 failed; 0 ignored; 0 measured; 983 filtered out; finished in 0.52s

