    Blocking waiting for file lock on build directory
   Compiling ferryx v2026.908.1 (/Users/indo/code/project/orca-lite-wt/herdr-resume-01a097f8/src-tauri)
warning: unused import: `Manager`
  --> src/ipc/notifications.rs:21:24
   |
21 | use tauri::{AppHandle, Manager, Runtime, State};
   |                        ^^^^^^^
   |
   = note: `#[warn(unused_imports)]` (part of `#[warn(unused)]`) on by default

warning: unnecessary `unsafe` block
  --> src/macos_file_drop.rs:79:28
   |
79 |             let location = unsafe { info.draggingLocation() };
   |                            ^^^^^^ unnecessary `unsafe` block
   |
   = note: `#[warn(unused_unsafe)]` (part of `#[warn(unused)]`) on by default

warning: unnecessary `unsafe` block
  --> src/macos_file_drop.rs:80:25
   |
80 |             let point = unsafe { self.convertPoint_fromView(location, None) };
   |                         ^^^^^^ unnecessary `unsafe` block

warning: unnecessary `unsafe` block
   --> src/macos_file_drop.rs:102:46
    |
102 |     let pasteboard: Retained<NSPasteboard> = unsafe { info.draggingPasteboard() };
    |                                              ^^^^^^ unnecessary `unsafe` block

warning: unnecessary `unsafe` block
   --> src/macos_file_drop.rs:105:25
    |
105 |     if let Some(list) = unsafe { pasteboard.propertyListForType(&legacy) } {
    |                         ^^^^^^ unnecessary `unsafe` block

warning: unnecessary `unsafe` block
   --> src/macos_file_drop.rs:122:25
    |
122 |     if let Some(text) = unsafe { pasteboard.stringForType(file_url_type) } {
    |                         ^^^^^^ unnecessary `unsafe` block

warning: unnecessary `unsafe` block
   --> src/macos_file_drop.rs:123:28
    |
123 |         if let Some(url) = unsafe { NSURL::URLWithString(&text) } {
    |                            ^^^^^^ unnecessary `unsafe` block

warning: unnecessary `unsafe` block
   --> src/macos_file_drop.rs:124:33
    |
124 |             if let Some(path) = unsafe { url.path() } {
    |                                 ^^^^^^ unnecessary `unsafe` block

warning: unnecessary `unsafe` block
   --> src/macos_file_drop.rs:169:5
    |
169 |     unsafe { view.registerForDraggedTypes(&types) };
    |     ^^^^^^ unnecessary `unsafe` block

warning: unused variable: `scroll_daemon_client`
   --> src/lib.rs:916:9
    |
916 |     let scroll_daemon_client = Arc::clone(&daemon_client);
    |         ^^^^^^^^^^^^^^^^^^^^ help: if this is intentional, prefix it with an underscore: `_scroll_daemon_client`
    |
    = note: `#[warn(unused_variables)]` (part of `#[warn(unused)]`) on by default

warning: method `machine_sessions` is never used
   --> src/daemon/session_service.rs:356:19
    |
227 | impl DaemonSessionService {
    | ------------------------- method in this implementation
...
356 |     pub(crate) fn machine_sessions(&self, epoch: crate::scoped_contracts::Epoch) -> Result<crate::remote::machine_protocol::Sessions, Str...
    |                   ^^^^^^^^^^^^^^^^
    |
    = note: `#[warn(dead_code)]` (part of `#[warn(unused)]`) on by default

warning: field `app` is never read
  --> src/ipc/notifications.rs:28:5
   |
27 | pub struct TauriNotificationBackend<R: Runtime> {
   |            ------------------------ field in this struct
28 |     app: AppHandle<R>,
   |     ^^^

warning: constant `GHOSTTY_TERMINAL_SCREEN_PRIMARY` is never used
  --> src/native_terminal/sys/constants.rs:56:11
   |
56 | pub const GHOSTTY_TERMINAL_SCREEN_PRIMARY: c_int = 0;
   |           ^^^^^^^^^^^^^^^^^^^^^^^^^^^^^^^

warning: methods `synchronized_output_deadline`, `expire_synchronized_output`, and `finish_synchronized_output` are never used
   --> src/native_terminal/terminal.rs:169:19
    |
133 | impl NativeTerminal {
    | ------------------- methods in this implementation
...
169 |     pub(crate) fn synchronized_output_deadline(&self) -> Option<tokio::time::Instant> {
    |                   ^^^^^^^^^^^^^^^^^^^^^^^^^^^^
...
173 |     pub(crate) fn expire_synchronized_output(
    |                   ^^^^^^^^^^^^^^^^^^^^^^^^^^
...
184 |     pub(crate) fn finish_synchronized_output(&mut self) -> Result<(), NativeTerminalError> {
    |                   ^^^^^^^^^^^^^^^^^^^^^^^^^^

warning: method `wait_and_reap` is never used
   --> src/terminal/session.rs:364:19
    |
 73 | impl PtySession {
    | --------------- method in this implementation
...
364 |     pub(crate) fn wait_and_reap(&self) -> Result<Option<i32>, PtyError> {
    |                   ^^^^^^^^^^^^^

warning: function `with_local_worktree_budget` is never used
   --> src/worktree/git.rs:115:15
    |
115 | pub(crate) fn with_local_worktree_budget<T>(work: impl FnOnce() -> T) -> T {
    |               ^^^^^^^^^^^^^^^^^^^^^^^^^^

warning: struct `WriterLeaseGuard` is never constructed
  --> src/worktree/manager.rs:86:19
   |
86 | pub(crate) struct WriterLeaseGuard {
   |                   ^^^^^^^^^^^^^^^^

warning: associated items `new`, `canonical_path`, and `owner_id` are never used
   --> src/worktree/manager.rs:93:8
    |
 92 | impl WriterLeaseGuard {
    | --------------------- associated items in this implementation
 93 |     fn new(registry: WriterLeaseRegistry, canonical_path: PathBuf, owner_id: String) -> Self {
    |        ^^^
...
101 |     pub(crate) fn canonical_path(&self) -> &Path {
    |                   ^^^^^^^^^^^^^^
...
105 |     pub(crate) fn owner_id(&self) -> &str {
    |                   ^^^^^^^^

warning: method `acquire_writer_lease` is never used
   --> src/worktree/manager.rs:338:19
    |
134 | impl WorktreeManager {
    | -------------------- method in this implementation
...
338 |     pub(crate) fn acquire_writer_lease(
    |                   ^^^^^^^^^^^^^^^^^^^^

warning: `ferryx` (lib) generated 19 warnings (run `cargo fix --lib -p ferryx` to apply 2 suggestions)
    Finished `test` profile [unoptimized] target(s) in 38.52s
     Running tests/relay_pairing_generation_regression.rs (src-tauri/target/debug/deps/relay_pairing_generation_regression-29cacc516dd18674)

running 1 test
[2m2026-09-13T04:46:46.634923Z[0m [34mDEBUG[0m [2mtungstenite::handshake::client[0m[2m:[0m Client handshake done.
[2m2026-09-13T04:46:46.658165Z[0m [32m INFO[0m [2mferryx_lib::remote::relay_client[0m[2m:[0m relay control channel connected
[2m2026-09-13T04:46:46.663597Z[0m [34mDEBUG[0m [2mreqwest::connect[0m[2m:[0m starting new connection: http://127.0.0.1:50578/
[2m2026-09-13T04:46:46.663651Z[0m [34mDEBUG[0m [2mhyper_util::client::legacy::connect::http[0m[2m:[0m connecting to 127.0.0.1:50578
[2m2026-09-13T04:46:46.663834Z[0m [34mDEBUG[0m [2mhyper_util::client::legacy::connect::http[0m[2m:[0m connected to 127.0.0.1:50578
[2m2026-09-13T04:46:46.664635Z[0m [34mDEBUG[0m [2mtungstenite::handshake::client[0m[2m:[0m Client handshake done.
[2m2026-09-13T04:46:46.675436Z[0m [34mDEBUG[0m [2mhyper_util::client::legacy::pool[0m[2m:[0m pooling idle connection for ("http", 127.0.0.1:50578)
[2m2026-09-13T04:46:46.675585Z[0m [34mDEBUG[0m [2mhyper_util::client::legacy::pool[0m[2m:[0m reuse idle connection for ("http", 127.0.0.1:50578)
[2m2026-09-13T04:46:46.676162Z[0m [34mDEBUG[0m [2mtungstenite::handshake::client[0m[2m:[0m Client handshake done.
[2m2026-09-13T04:46:46.676935Z[0m [34mDEBUG[0m [2mhyper_util::client::legacy::pool[0m[2m:[0m pooling idle connection for ("http", 127.0.0.1:50578)
[2m2026-09-13T04:46:46.677084Z[0m [34mDEBUG[0m [2mhyper_util::client::legacy::pool[0m[2m:[0m reuse idle connection for ("http", 127.0.0.1:50578)
[2m2026-09-13T04:46:46.677597Z[0m [34mDEBUG[0m [2mtungstenite::handshake::client[0m[2m:[0m Client handshake done.
[2m2026-09-13T04:46:46.678421Z[0m [34mDEBUG[0m [2mhyper_util::client::legacy::pool[0m[2m:[0m pooling idle connection for ("http", 127.0.0.1:50578)
[2m2026-09-13T04:46:46.678525Z[0m [34mDEBUG[0m [2mhyper_util::client::legacy::pool[0m[2m:[0m reuse idle connection for ("http", 127.0.0.1:50578)
[2m2026-09-13T04:46:46.678935Z[0m [34mDEBUG[0m [2mtungstenite::handshake::client[0m[2m:[0m Client handshake done.
[2m2026-09-13T04:46:46.750065Z[0m [34mDEBUG[0m [2mhyper_util::client::legacy::pool[0m[2m:[0m pooling idle connection for ("http", 127.0.0.1:50578)
[2m2026-09-13T04:46:46.750260Z[0m [34mDEBUG[0m [2mhyper_util::client::legacy::pool[0m[2m:[0m reuse idle connection for ("http", 127.0.0.1:50578)
[2m2026-09-13T04:46:46.750781Z[0m [34mDEBUG[0m [2mtungstenite::handshake::client[0m[2m:[0m Client handshake done.
[2m2026-09-13T04:46:46.793533Z[0m [34mDEBUG[0m [2mreqwest::connect[0m[2m:[0m starting new connection: http://127.0.0.1:50578/
[2m2026-09-13T04:46:46.793570Z[0m [34mDEBUG[0m [2mhyper_util::client::legacy::connect::http[0m[2m:[0m connecting to 127.0.0.1:50578
[2m2026-09-13T04:46:46.793726Z[0m [34mDEBUG[0m [2mhyper_util::client::legacy::connect::http[0m[2m:[0m connected to 127.0.0.1:50578
[2m2026-09-13T04:46:46.794351Z[0m [34mDEBUG[0m [2mtungstenite::handshake::client[0m[2m:[0m Client handshake done.
[2m2026-09-13T04:46:46.795232Z[0m [34mDEBUG[0m [2mhyper_util::client::legacy::pool[0m[2m:[0m pooling idle connection for ("http", 127.0.0.1:50578)
A11 lost real TCP reply after completed201; operation lookup recovered target={"daemonEpoch":"1789274806615","machineId":"f3f49e6a-70a3-47a0-8281-ca6e066d3994","sessionId":"c0ae0db7-733f-42e2-949a-de0ba8a1fce8"}
[2m2026-09-13T04:46:46.795375Z[0m [34mDEBUG[0m [2mhyper_util::client::legacy::pool[0m[2m:[0m reuse idle connection for ("http", 127.0.0.1:50578)
[2m2026-09-13T04:46:46.795865Z[0m [34mDEBUG[0m [2mtungstenite::handshake::client[0m[2m:[0m Client handshake done.
[2m2026-09-13T04:46:46.796663Z[0m [34mDEBUG[0m [2mhyper_util::client::legacy::pool[0m[2m:[0m pooling idle connection for ("http", 127.0.0.1:50578)
[2m2026-09-13T04:46:46.796745Z[0m [34mDEBUG[0m [2mhyper_util::client::legacy::pool[0m[2m:[0m reuse idle connection for ("http", 127.0.0.1:50578)
[2m2026-09-13T04:46:46.797174Z[0m [34mDEBUG[0m [2mtungstenite::handshake::client[0m[2m:[0m Client handshake done.
[2m2026-09-13T04:46:46.797789Z[0m [34mDEBUG[0m [2mhyper_util::client::legacy::pool[0m[2m:[0m pooling idle connection for ("http", 127.0.0.1:50578)
[2m2026-09-13T04:46:46.797976Z[0m [34mDEBUG[0m [2mhyper_util::client::legacy::pool[0m[2m:[0m reuse idle connection for ("http", 127.0.0.1:50578)
[2m2026-09-13T04:46:46.798508Z[0m [34mDEBUG[0m [2mtungstenite::handshake::client[0m[2m:[0m Client handshake done.
[2m2026-09-13T04:46:46.881716Z[0m [34mDEBUG[0m [2mhyper_util::client::legacy::pool[0m[2m:[0m pooling idle connection for ("http", 127.0.0.1:50578)
[2m2026-09-13T04:46:46.881884Z[0m [34mDEBUG[0m [2mhyper_util::client::legacy::pool[0m[2m:[0m reuse idle connection for ("http", 127.0.0.1:50578)
[2m2026-09-13T04:46:46.882494Z[0m [34mDEBUG[0m [2mtungstenite::handshake::client[0m[2m:[0m Client handshake done.
[2m2026-09-13T04:46:46.926858Z[0m [34mDEBUG[0m [2mhyper_util::client::legacy::pool[0m[2m:[0m pooling idle connection for ("http", 127.0.0.1:50578)
[2m2026-09-13T04:46:46.927006Z[0m [34mDEBUG[0m [2mhyper_util::client::legacy::pool[0m[2m:[0m reuse idle connection for ("http", 127.0.0.1:50578)
[2m2026-09-13T04:46:46.927236Z[0m [34mDEBUG[0m [2mhyper_util::client::legacy::pool[0m[2m:[0m pooling idle connection for ("http", 127.0.0.1:50578)
[2m2026-09-13T04:46:46.928041Z[0m [34mDEBUG[0m [2mtungstenite::handshake::client[0m[2m:[0m Client handshake done.
[2m2026-09-13T04:46:46.928134Z[0m [34mDEBUG[0m [2mtungstenite::handshake::client[0m[2m:[0m Client handshake done.
[2m2026-09-13T04:46:46.928622Z[0m [34mDEBUG[0m [2mtungstenite::handshake::client[0m[2m:[0m Client handshake done.
[2m2026-09-13T04:46:46.929368Z[0m [34mDEBUG[0m [2mtungstenite::protocol[0m[2m:[0m Received close frame: None
[2m2026-09-13T04:46:46.929381Z[0m [34mDEBUG[0m [2mtungstenite::protocol[0m[2m:[0m Replying to close with Frame { header: FrameHeader { is_final: true, rsv1: false, rsv2: false, rsv3: false, opcode: Control(Close), mask: None }, payload: b"" }
[2m2026-09-13T04:46:46.929417Z[0m [33m WARN[0m [2mferryx_lib::remote::relay_server[0m[2m:[0m browser reverse WebSocket failed [3merror[0m[2m=[0mWebSocket protocol error: Connection reset without closing handshake

thread 'a11_joint_machine_relay_runtime' (2075661) panicked at tests/relay_pairing_generation_regression.rs:63:74:
called `Result::unwrap()` on an `Err` value: Protocol(ResetWithoutClosingHandshake)
note: run with `RUST_BACKTRACE=1` environment variable to display a backtrace
[2m2026-09-13T04:46:46.929830Z[0m [33m WARN[0m [2mferryx_lib::remote::relay_server[0m[2m:[0m relay control receive failed [3merror[0m[2m=[0mWebSocket protocol error: Connection reset without closing handshake
A11 cleanup original pid=None reaped
A11 cleanup original pid=None reaped
R4 CLEANUP runtime/connection tasks joined; private directory explicitly removed; failed_scenario=true
test a11_joint_machine_relay_runtime ... FAILED

failures:

failures:
    a11_joint_machine_relay_runtime

test result: FAILED. 0 passed; 1 failed; 0 ignored; 0 measured; 7 filtered out; finished in 2.49s

error: test failed, to rerun pass `--test relay_pairing_generation_regression`
