    Blocking waiting for file lock on build directory
   Compiling ferryx v2026.908.1 (/Users/indo/code/project/orca-lite-wt/herdr-resume-01a097f8/src-tauri)
warning: unnecessary `unsafe` block
  --> src/macos_file_drop.rs:79:28
   |
79 |             let location = unsafe { info.draggingLocation() };
   |                            ^^^^^^ unnecessary `unsafe` block
   |
   = note: `#[warn(unused_unsafe)]` (part of `#[warn(unused)]`) on by default

warning: unnecessary `unsafe` block
  --> src/macos_file_drop.rs:80:25
   |
80 |             let point = unsafe { self.convertPoint_fromView(location, None) };
   |                         ^^^^^^ unnecessary `unsafe` block

warning: unnecessary `unsafe` block
   --> src/macos_file_drop.rs:102:46
    |
102 |     let pasteboard: Retained<NSPasteboard> = unsafe { info.draggingPasteboard() };
    |                                              ^^^^^^ unnecessary `unsafe` block

warning: unnecessary `unsafe` block
   --> src/macos_file_drop.rs:105:25
    |
105 |     if let Some(list) = unsafe { pasteboard.propertyListForType(&legacy) } {
    |                         ^^^^^^ unnecessary `unsafe` block

warning: unnecessary `unsafe` block
   --> src/macos_file_drop.rs:122:25
    |
122 |     if let Some(text) = unsafe { pasteboard.stringForType(file_url_type) } {
    |                         ^^^^^^ unnecessary `unsafe` block

warning: unnecessary `unsafe` block
   --> src/macos_file_drop.rs:123:28
    |
123 |         if let Some(url) = unsafe { NSURL::URLWithString(&text) } {
    |                            ^^^^^^ unnecessary `unsafe` block

warning: unnecessary `unsafe` block
   --> src/macos_file_drop.rs:124:33
    |
124 |             if let Some(path) = unsafe { url.path() } {
    |                                 ^^^^^^ unnecessary `unsafe` block

warning: unnecessary `unsafe` block
   --> src/macos_file_drop.rs:169:5
    |
169 |     unsafe { view.registerForDraggedTypes(&types) };
    |     ^^^^^^ unnecessary `unsafe` block

warning: unused variable: `token`
    --> src/remote/auth.rs:1399:14
     |
1399 |         let (token, device) = auth
     |              ^^^^^ help: if this is intentional, prefix it with an underscore: `_token`
     |
     = note: `#[warn(unused_variables)]` (part of `#[warn(unused)]`) on by default

warning: unused variable: `scroll_daemon_client`
   --> src/lib.rs:916:9
    |
916 |     let scroll_daemon_client = Arc::clone(&daemon_client);
    |         ^^^^^^^^^^^^^^^^^^^^ help: if this is intentional, prefix it with an underscore: `_scroll_daemon_client`

warning: method `machine_sessions` is never used
   --> src/daemon/session_service.rs:356:19
    |
227 | impl DaemonSessionService {
    | ------------------------- method in this implementation
...
356 |     pub(crate) fn machine_sessions(&self, epoch: crate::scoped_contracts::Epoch) -> Result<crate::remote::machine_protocol::Sessions, Str...
    |                   ^^^^^^^^^^^^^^^^
    |
    = note: `#[warn(dead_code)]` (part of `#[warn(unused)]`) on by default

warning: field `app` is never read
  --> src/ipc/notifications.rs:28:5
   |
27 | pub struct TauriNotificationBackend<R: Runtime> {
   |            ------------------------ field in this struct
28 |     app: AppHandle<R>,
   |     ^^^

warning: constant `GHOSTTY_TERMINAL_SCREEN_PRIMARY` is never used
  --> src/native_terminal/sys/constants.rs:56:11
   |
56 | pub const GHOSTTY_TERMINAL_SCREEN_PRIMARY: c_int = 0;
   |           ^^^^^^^^^^^^^^^^^^^^^^^^^^^^^^^

warning: function `no_auth_query` is never used
    --> src/remote/server.rs:3102:12
     |
3102 |         fn no_auth_query() -> AuthQuery {
     |            ^^^^^^^^^^^^^

warning: struct `WriterLeaseGuard` is never constructed
  --> src/worktree/manager.rs:86:19
   |
86 | pub(crate) struct WriterLeaseGuard {
   |                   ^^^^^^^^^^^^^^^^

warning: associated items `new`, `canonical_path`, and `owner_id` are never used
   --> src/worktree/manager.rs:93:8
    |
 92 | impl WriterLeaseGuard {
    | --------------------- associated items in this implementation
 93 |     fn new(registry: WriterLeaseRegistry, canonical_path: PathBuf, owner_id: String) -> Self {
    |        ^^^
...
101 |     pub(crate) fn canonical_path(&self) -> &Path {
    |                   ^^^^^^^^^^^^^^
...
105 |     pub(crate) fn owner_id(&self) -> &str {
    |                   ^^^^^^^^

warning: method `acquire_writer_lease` is never used
   --> src/worktree/manager.rs:338:19
    |
134 | impl WorktreeManager {
    | -------------------- method in this implementation
...
338 |     pub(crate) fn acquire_writer_lease(
    |                   ^^^^^^^^^^^^^^^^^^^^

warning: `ferryx` (lib test) generated 17 warnings (run `cargo fix --lib -p ferryx --tests` to apply 2 suggestions)
    Finished `test` profile [unoptimized] target(s) in 48.46s
     Running unittests src/lib.rs (src-tauri/target/debug/deps/ferryx_lib-fede6191c14a3d71)

running 1 test

running 1 test
A03 UDS protocol=3 exact_owner_pid=69331 capabilities=machinePairingV1,pairedHostInventoryV1 legacy_ping=pong
A03 CLI pid=69334 exited=0 reaped=true
A03 AUTHORITY Access: mirror; controls only exposed desktop sessions.
A03 CLI pid=69344 exited=0 reaped=true
A13 REPEAT issuance=1 owner_cli=0 exchange=200 scope=Machine permission=Control stale_pin_refused=true
A03 CLI pid=69345 exited=0 reaped=true
A13 REPEAT issuance=2 owner_cli=0 exchange=200 scope=Machine permission=Control stale_pin_refused=true
A03 DIRECTORY scope=Mirror status=403 native_projection_verified=false sentinel_unchanged=true sessions_status=403
A03 UDS protocol=3 exact_owner_pid=69331 capabilities=machinePairingV1,pairedHostInventoryV1 legacy_ping=pong
A03 CAPABILITIES {"accessScope":"mirror","apiVersion":1,"capabilities":[],"daemonEpoch":"1789274493104","limits":{"directoryEntries":1000,"terminalSessions":64},"machineId":"5442ac56-301a-4da3-af4d-6016d6dc63f6","permission":"control","platform":"macos"}
A03 SURFACE scope=Mirror permission=Control relay_exchange=200 capabilities=200 anonymous=401 revoked=401 machine_capabilities=[]
A03 UDS protocol=3 exact_owner_pid=69331 capabilities=machinePairingV1,pairedHostInventoryV1 legacy_ping=pong
A03 CLI pid=69346 exited=0 reaped=true
A03 AUTHORITY Access: machine; permits browsing and executing programs as the daemon OS user.
A03 CLI pid=69347 exited=0 reaped=true
A13 REPEAT issuance=1 owner_cli=0 exchange=200 scope=Machine permission=Control stale_pin_refused=true
A03 CLI pid=69348 exited=0 reaped=true
A13 REPEAT issuance=2 owner_cli=0 exchange=200 scope=Machine permission=Control stale_pin_refused=true
A03 DIRECTORY scope=Machine status=200 native_projection_verified=true sentinel_unchanged=true sessions_status=400
A03 UDS protocol=3 exact_owner_pid=69331 capabilities=machinePairingV1,pairedHostInventoryV1 legacy_ping=pong
A03 CAPABILITIES {"accessScope":"machine","apiVersion":1,"capabilities":["directoryBrowseV1","terminalCreateV1"],"daemonEpoch":"1789274494265","limits":{"directoryEntries":1000,"terminalSessions":64},"machineId":"5442ac56-301a-4da3-af4d-6016d6dc63f6","permission":"control","platform":"macos"}
A03 SURFACE scope=Machine permission=Control relay_exchange=200 capabilities=200 anonymous=401 revoked=401 machine_capabilities=["directoryBrowseV1","terminalCreateV1"]
A03 CLEANUP fixture_pid=69331 runtimes_stopped=true sockets_removed=true
test daemon::server::a03_owner_cli_fixture::a03_private_owner_cli_surface ... ok

test result: ok. 1 passed; 0 failed; 0 ignored; 0 measured; 999 filtered out; finished in 1.34s

A03 CLEANUP exact_fixture_pid=69331 reaped=true exit=exit status: 0
A03 CLEANUP outer_private_root_removed=true
test daemon::server::a03_owner_cli_fixture::a03_private_owner_cli_surface ... ok

test result: ok. 1 passed; 0 failed; 0 ignored; 0 measured; 999 filtered out; finished in 1.36s

