warning: unused import: `Manager`
  --> src/ipc/notifications.rs:21:24
   |
21 | use tauri::{AppHandle, Manager, Runtime, State};
   |                        ^^^^^^^
   |
   = note: `#[warn(unused_imports)]` (part of `#[warn(unused)]`) on by default

warning: unnecessary `unsafe` block
  --> src/macos_file_drop.rs:79:28
   |
79 |             let location = unsafe { info.draggingLocation() };
   |                            ^^^^^^ unnecessary `unsafe` block
   |
   = note: `#[warn(unused_unsafe)]` (part of `#[warn(unused)]`) on by default

warning: unnecessary `unsafe` block
  --> src/macos_file_drop.rs:80:25
   |
80 |             let point = unsafe { self.convertPoint_fromView(location, None) };
   |                         ^^^^^^ unnecessary `unsafe` block

warning: unnecessary `unsafe` block
   --> src/macos_file_drop.rs:102:46
    |
102 |     let pasteboard: Retained<NSPasteboard> = unsafe { info.draggingPasteboard() };
    |                                              ^^^^^^ unnecessary `unsafe` block

warning: unnecessary `unsafe` block
   --> src/macos_file_drop.rs:105:25
    |
105 |     if let Some(list) = unsafe { pasteboard.propertyListForType(&legacy) } {
    |                         ^^^^^^ unnecessary `unsafe` block

warning: unnecessary `unsafe` block
   --> src/macos_file_drop.rs:122:25
    |
122 |     if let Some(text) = unsafe { pasteboard.stringForType(file_url_type) } {
    |                         ^^^^^^ unnecessary `unsafe` block

warning: unnecessary `unsafe` block
   --> src/macos_file_drop.rs:123:28
    |
123 |         if let Some(url) = unsafe { NSURL::URLWithString(&text) } {
    |                            ^^^^^^ unnecessary `unsafe` block

warning: unnecessary `unsafe` block
   --> src/macos_file_drop.rs:124:33
    |
124 |             if let Some(path) = unsafe { url.path() } {
    |                                 ^^^^^^ unnecessary `unsafe` block

warning: unnecessary `unsafe` block
   --> src/macos_file_drop.rs:169:5
    |
169 |     unsafe { view.registerForDraggedTypes(&types) };
    |     ^^^^^^ unnecessary `unsafe` block

warning: unused variable: `scroll_daemon_client`
   --> src/lib.rs:916:9
    |
916 |     let scroll_daemon_client = Arc::clone(&daemon_client);
    |         ^^^^^^^^^^^^^^^^^^^^ help: if this is intentional, prefix it with an underscore: `_scroll_daemon_client`
    |
    = note: `#[warn(unused_variables)]` (part of `#[warn(unused)]`) on by default

warning: method `machine_sessions` is never used
   --> src/daemon/session_service.rs:366:19
    |
227 | impl DaemonSessionService {
    | ------------------------- method in this implementation
...
366 |     pub(crate) fn machine_sessions(&self, epoch: crate::scoped_contracts::Epoch) -> Result<crate::remote::machine_protocol::Sessions, Str...
    |                   ^^^^^^^^^^^^^^^^
    |
    = note: `#[warn(dead_code)]` (part of `#[warn(unused)]`) on by default

warning: field `app` is never read
  --> src/ipc/notifications.rs:28:5
   |
27 | pub struct TauriNotificationBackend<R: Runtime> {
   |            ------------------------ field in this struct
28 |     app: AppHandle<R>,
   |     ^^^

warning: constant `GHOSTTY_TERMINAL_SCREEN_PRIMARY` is never used
  --> src/native_terminal/sys/constants.rs:56:11
   |
56 | pub const GHOSTTY_TERMINAL_SCREEN_PRIMARY: c_int = 0;
   |           ^^^^^^^^^^^^^^^^^^^^^^^^^^^^^^^

warning: methods `synchronized_output_deadline`, `expire_synchronized_output`, and `finish_synchronized_output` are never used
   --> src/native_terminal/terminal.rs:169:19
    |
133 | impl NativeTerminal {
    | ------------------- methods in this implementation
...
169 |     pub(crate) fn synchronized_output_deadline(&self) -> Option<tokio::time::Instant> {
    |                   ^^^^^^^^^^^^^^^^^^^^^^^^^^^^
...
173 |     pub(crate) fn expire_synchronized_output(
    |                   ^^^^^^^^^^^^^^^^^^^^^^^^^^
...
184 |     pub(crate) fn finish_synchronized_output(&mut self) -> Result<(), NativeTerminalError> {
    |                   ^^^^^^^^^^^^^^^^^^^^^^^^^^

warning: method `wait_and_reap` is never used
   --> src/terminal/session.rs:364:19
    |
 73 | impl PtySession {
    | --------------- method in this implementation
...
364 |     pub(crate) fn wait_and_reap(&self) -> Result<Option<i32>, PtyError> {
    |                   ^^^^^^^^^^^^^

warning: function `with_local_worktree_budget` is never used
   --> src/worktree/git.rs:115:15
    |
115 | pub(crate) fn with_local_worktree_budget<T>(work: impl FnOnce() -> T) -> T {
    |               ^^^^^^^^^^^^^^^^^^^^^^^^^^

warning: struct `WriterLeaseGuard` is never constructed
  --> src/worktree/manager.rs:86:19
   |
86 | pub(crate) struct WriterLeaseGuard {
   |                   ^^^^^^^^^^^^^^^^

warning: associated items `new`, `canonical_path`, and `owner_id` are never used
   --> src/worktree/manager.rs:93:8
    |
 92 | impl WriterLeaseGuard {
    | --------------------- associated items in this implementation
 93 |     fn new(registry: WriterLeaseRegistry, canonical_path: PathBuf, owner_id: String) -> Self {
    |        ^^^
...
101 |     pub(crate) fn canonical_path(&self) -> &Path {
    |                   ^^^^^^^^^^^^^^
...
105 |     pub(crate) fn owner_id(&self) -> &str {
    |                   ^^^^^^^^

warning: method `acquire_writer_lease` is never used
   --> src/worktree/manager.rs:338:19
    |
134 | impl WorktreeManager {
    | -------------------- method in this implementation
...
338 |     pub(crate) fn acquire_writer_lease(
    |                   ^^^^^^^^^^^^^^^^^^^^

warning: `ferryx` (lib) generated 19 warnings (run `cargo fix --lib -p ferryx` to apply 2 suggestions)
   Compiling ferryx v2026.908.1 (/Users/indo/code/project/orca-lite-wt/herdr-resume-01a097f8/src-tauri)
    Finished `test` profile [unoptimized] target(s) in 1.54s
     Running tests/relay_pairing_generation_regression.rs (src-tauri/target/debug/deps/relay_pairing_generation_regression-29cacc516dd18674)

running 1 test
[2m2026-09-13T04:53:18.750730Z[0m [34mDEBUG[0m [2mtungstenite::handshake::client[0m[2m:[0m Client handshake done.
[2m2026-09-13T04:53:18.772697Z[0m [32m INFO[0m [2mferryx_lib::remote::relay_client[0m[2m:[0m relay control channel connected
[2m2026-09-13T04:53:18.778345Z[0m [34mDEBUG[0m [2mreqwest::connect[0m[2m:[0m starting new connection: http://127.0.0.1:51401/
[2m2026-09-13T04:53:18.778394Z[0m [34mDEBUG[0m [2mhyper_util::client::legacy::connect::http[0m[2m:[0m connecting to 127.0.0.1:51401
[2m2026-09-13T04:53:18.778572Z[0m [34mDEBUG[0m [2mhyper_util::client::legacy::connect::http[0m[2m:[0m connected to 127.0.0.1:51401
[2m2026-09-13T04:53:18.779443Z[0m [34mDEBUG[0m [2mtungstenite::handshake::client[0m[2m:[0m Client handshake done.
[2m2026-09-13T04:53:18.790073Z[0m [34mDEBUG[0m [2mhyper_util::client::legacy::pool[0m[2m:[0m pooling idle connection for ("http", 127.0.0.1:51401)
[2m2026-09-13T04:53:18.790239Z[0m [34mDEBUG[0m [2mhyper_util::client::legacy::pool[0m[2m:[0m reuse idle connection for ("http", 127.0.0.1:51401)
[2m2026-09-13T04:53:18.790751Z[0m [34mDEBUG[0m [2mtungstenite::handshake::client[0m[2m:[0m Client handshake done.
[2m2026-09-13T04:53:18.791555Z[0m [34mDEBUG[0m [2mhyper_util::client::legacy::pool[0m[2m:[0m pooling idle connection for ("http", 127.0.0.1:51401)
[2m2026-09-13T04:53:18.791663Z[0m [34mDEBUG[0m [2mhyper_util::client::legacy::pool[0m[2m:[0m reuse idle connection for ("http", 127.0.0.1:51401)
[2m2026-09-13T04:53:18.792074Z[0m [34mDEBUG[0m [2mtungstenite::handshake::client[0m[2m:[0m Client handshake done.
[2m2026-09-13T04:53:18.792828Z[0m [34mDEBUG[0m [2mhyper_util::client::legacy::pool[0m[2m:[0m pooling idle connection for ("http", 127.0.0.1:51401)
[2m2026-09-13T04:53:18.792923Z[0m [34mDEBUG[0m [2mhyper_util::client::legacy::pool[0m[2m:[0m reuse idle connection for ("http", 127.0.0.1:51401)
[2m2026-09-13T04:53:18.793414Z[0m [34mDEBUG[0m [2mtungstenite::handshake::client[0m[2m:[0m Client handshake done.
[2m2026-09-13T04:53:18.863141Z[0m [34mDEBUG[0m [2mhyper_util::client::legacy::pool[0m[2m:[0m pooling idle connection for ("http", 127.0.0.1:51401)
[2m2026-09-13T04:53:18.863380Z[0m [34mDEBUG[0m [2mhyper_util::client::legacy::pool[0m[2m:[0m reuse idle connection for ("http", 127.0.0.1:51401)
[2m2026-09-13T04:53:18.863933Z[0m [34mDEBUG[0m [2mtungstenite::handshake::client[0m[2m:[0m Client handshake done.
[2m2026-09-13T04:53:18.902662Z[0m [34mDEBUG[0m [2mreqwest::connect[0m[2m:[0m starting new connection: http://127.0.0.1:51401/
[2m2026-09-13T04:53:18.902700Z[0m [34mDEBUG[0m [2mhyper_util::client::legacy::connect::http[0m[2m:[0m connecting to 127.0.0.1:51401
[2m2026-09-13T04:53:18.902852Z[0m [34mDEBUG[0m [2mhyper_util::client::legacy::connect::http[0m[2m:[0m connected to 127.0.0.1:51401
[2m2026-09-13T04:53:18.903433Z[0m [34mDEBUG[0m [2mtungstenite::handshake::client[0m[2m:[0m Client handshake done.
[2m2026-09-13T04:53:18.904273Z[0m [34mDEBUG[0m [2mhyper_util::client::legacy::pool[0m[2m:[0m pooling idle connection for ("http", 127.0.0.1:51401)
A11 lost real TCP reply after completed201; operation lookup recovered target={"daemonEpoch":"1789275198728","machineId":"88eee930-ae26-4c9b-9728-fc963e036dbf","sessionId":"5dc02ccc-aab1-4da5-b8be-3f687ce16e6c"}
[2m2026-09-13T04:53:18.904422Z[0m [34mDEBUG[0m [2mhyper_util::client::legacy::pool[0m[2m:[0m reuse idle connection for ("http", 127.0.0.1:51401)
[2m2026-09-13T04:53:18.904809Z[0m [34mDEBUG[0m [2mtungstenite::handshake::client[0m[2m:[0m Client handshake done.
[2m2026-09-13T04:53:18.905673Z[0m [34mDEBUG[0m [2mhyper_util::client::legacy::pool[0m[2m:[0m pooling idle connection for ("http", 127.0.0.1:51401)
[2m2026-09-13T04:53:18.905756Z[0m [34mDEBUG[0m [2mhyper_util::client::legacy::pool[0m[2m:[0m reuse idle connection for ("http", 127.0.0.1:51401)
[2m2026-09-13T04:53:18.906152Z[0m [34mDEBUG[0m [2mtungstenite::handshake::client[0m[2m:[0m Client handshake done.
[2m2026-09-13T04:53:18.906696Z[0m [34mDEBUG[0m [2mhyper_util::client::legacy::pool[0m[2m:[0m pooling idle connection for ("http", 127.0.0.1:51401)
[2m2026-09-13T04:53:18.906866Z[0m [34mDEBUG[0m [2mhyper_util::client::legacy::pool[0m[2m:[0m reuse idle connection for ("http", 127.0.0.1:51401)
[2m2026-09-13T04:53:18.907302Z[0m [34mDEBUG[0m [2mtungstenite::handshake::client[0m[2m:[0m Client handshake done.
[2m2026-09-13T04:53:18.968176Z[0m [34mDEBUG[0m [2mhyper_util::client::legacy::pool[0m[2m:[0m pooling idle connection for ("http", 127.0.0.1:51401)
[2m2026-09-13T04:53:18.968333Z[0m [34mDEBUG[0m [2mhyper_util::client::legacy::pool[0m[2m:[0m reuse idle connection for ("http", 127.0.0.1:51401)
[2m2026-09-13T04:53:18.968897Z[0m [34mDEBUG[0m [2mtungstenite::handshake::client[0m[2m:[0m Client handshake done.
[2m2026-09-13T04:53:19.001446Z[0m [34mDEBUG[0m [2mhyper_util::client::legacy::pool[0m[2m:[0m pooling idle connection for ("http", 127.0.0.1:51401)
[2m2026-09-13T04:53:19.001599Z[0m [34mDEBUG[0m [2mhyper_util::client::legacy::pool[0m[2m:[0m reuse idle connection for ("http", 127.0.0.1:51401)
[2m2026-09-13T04:53:19.001824Z[0m [34mDEBUG[0m [2mhyper_util::client::legacy::pool[0m[2m:[0m pooling idle connection for ("http", 127.0.0.1:51401)
[2m2026-09-13T04:53:19.002488Z[0m [34mDEBUG[0m [2mtungstenite::handshake::client[0m[2m:[0m Client handshake done.
[2m2026-09-13T04:53:19.002546Z[0m [34mDEBUG[0m [2mtungstenite::handshake::client[0m[2m:[0m Client handshake done.
[2m2026-09-13T04:53:19.003028Z[0m [34mDEBUG[0m [2mtungstenite::handshake::client[0m[2m:[0m Client handshake done.
A11 second-root original pid=77202 cwd=/private/tmp/a13-issuer.YVfkvNqN/tmp/.tmpBNVos0/second-root epoch=1789275198728
[2m2026-09-13T04:53:19.004326Z[0m [34mDEBUG[0m [2mhyper_util::client::legacy::pool[0m[2m:[0m reuse idle connection for ("http", 127.0.0.1:51401)
[2m2026-09-13T04:53:19.004511Z[0m [34mDEBUG[0m [2mhyper_util::client::legacy::pool[0m[2m:[0m pooling idle connection for ("http", 127.0.0.1:51401)
[2m2026-09-13T04:53:19.005006Z[0m [34mDEBUG[0m [2mtungstenite::handshake::client[0m[2m:[0m Client handshake done.
[2m2026-09-13T04:53:19.005071Z[0m [34mDEBUG[0m [2mtungstenite::handshake::client[0m[2m:[0m Client handshake done.
[2m2026-09-13T04:53:19.005424Z[0m [33m WARN[0m [2mferryx_lib::remote::relay_server[0m[2m:[0m browser reverse WebSocket failed [3merror[0m[2m=[0mHTTP error: 409 Conflict
[2m2026-09-13T04:53:19.005501Z[0m [34mDEBUG[0m [2mtokio_tungstenite[0m[2m:[0m websocket start_send error: Trying to work with closed connection
[2m2026-09-13T04:53:19.005504Z[0m [34mDEBUG[0m [2mhyper_util::client::legacy::pool[0m[2m:[0m reuse idle connection for ("http", 127.0.0.1:51401)
[2m2026-09-13T04:53:19.005690Z[0m [34mDEBUG[0m [2mhyper_util::client::legacy::pool[0m[2m:[0m pooling idle connection for ("http", 127.0.0.1:51401)
[2m2026-09-13T04:53:19.006030Z[0m [34mDEBUG[0m [2mhyper_util::client::legacy::pool[0m[2m:[0m reuse idle connection for ("http", 127.0.0.1:51401)
[2m2026-09-13T04:53:19.006194Z[0m [34mDEBUG[0m [2mhyper_util::client::legacy::pool[0m[2m:[0m pooling idle connection for ("http", 127.0.0.1:51401)
[2m2026-09-13T04:53:19.006543Z[0m [34mDEBUG[0m [2mhyper_util::client::legacy::pool[0m[2m:[0m reuse idle connection for ("http", 127.0.0.1:51401)
[2m2026-09-13T04:53:19.006703Z[0m [34mDEBUG[0m [2mhyper_util::client::legacy::pool[0m[2m:[0m pooling idle connection for ("http", 127.0.0.1:51401)
[2m2026-09-13T04:53:19.007051Z[0m [34mDEBUG[0m [2mhyper_util::client::legacy::pool[0m[2m:[0m reuse idle connection for ("http", 127.0.0.1:51401)
[2m2026-09-13T04:53:19.007255Z[0m [34mDEBUG[0m [2mhyper_util::client::legacy::pool[0m[2m:[0m pooling idle connection for ("http", 127.0.0.1:51401)
[2m2026-09-13T04:53:19.007540Z[0m [34mDEBUG[0m [2mhyper_util::client::legacy::pool[0m[2m:[0m reuse idle connection for ("http", 127.0.0.1:51401)
[2m2026-09-13T04:53:19.007682Z[0m [34mDEBUG[0m [2mhyper_util::client::legacy::pool[0m[2m:[0m pooling idle connection for ("http", 127.0.0.1:51401)
[2m2026-09-13T04:53:19.007942Z[0m [34mDEBUG[0m [2mhyper_util::client::legacy::pool[0m[2m:[0m reuse idle connection for ("http", 127.0.0.1:51401)
[2m2026-09-13T04:53:19.008089Z[0m [34mDEBUG[0m [2mhyper_util::client::legacy::pool[0m[2m:[0m pooling idle connection for ("http", 127.0.0.1:51401)
[2m2026-09-13T04:53:19.008408Z[0m [34mDEBUG[0m [2mhyper_util::client::legacy::pool[0m[2m:[0m reuse idle connection for ("http", 127.0.0.1:51401)
[2m2026-09-13T04:53:19.008568Z[0m [34mDEBUG[0m [2mhyper_util::client::legacy::pool[0m[2m:[0m pooling idle connection for ("http", 127.0.0.1:51401)
[2m2026-09-13T04:53:19.008865Z[0m [34mDEBUG[0m [2mhyper_util::client::legacy::pool[0m[2m:[0m reuse idle connection for ("http", 127.0.0.1:51401)
[2m2026-09-13T04:53:19.009022Z[0m [34mDEBUG[0m [2mhyper_util::client::legacy::pool[0m[2m:[0m pooling idle connection for ("http", 127.0.0.1:51401)
[2m2026-09-13T04:53:19.009328Z[0m [34mDEBUG[0m [2mhyper_util::client::legacy::pool[0m[2m:[0m reuse idle connection for ("http", 127.0.0.1:51401)
[2m2026-09-13T04:53:19.009499Z[0m [34mDEBUG[0m [2mhyper_util::client::legacy::pool[0m[2m:[0m pooling idle connection for ("http", 127.0.0.1:51401)
[2m2026-09-13T04:53:19.009795Z[0m [34mDEBUG[0m [2mhyper_util::client::legacy::pool[0m[2m:[0m reuse idle connection for ("http", 127.0.0.1:51401)
[2m2026-09-13T04:53:19.009950Z[0m [34mDEBUG[0m [2mhyper_util::client::legacy::pool[0m[2m:[0m pooling idle connection for ("http", 127.0.0.1:51401)
[2m2026-09-13T04:53:19.010246Z[0m [34mDEBUG[0m [2mhyper_util::client::legacy::pool[0m[2m:[0m reuse idle connection for ("http", 127.0.0.1:51401)
[2m2026-09-13T04:53:19.010386Z[0m [34mDEBUG[0m [2mhyper_util::client::legacy::pool[0m[2m:[0m pooling idle connection for ("http", 127.0.0.1:51401)
[2m2026-09-13T04:53:19.010889Z[0m [34mDEBUG[0m [2mtungstenite::handshake::client[0m[2m:[0m Client handshake done.
[2m2026-09-13T04:53:19.010942Z[0m [34mDEBUG[0m [2mtungstenite::handshake::client[0m[2m:[0m Client handshake done.
[2m2026-09-13T04:53:19.011335Z[0m [34mDEBUG[0m [2mtungstenite::handshake::client[0m[2m:[0m Client handshake done.
A11 relay-only executed proof pid=77187 cwd=/private/tmp/a13-issuer.YVfkvNqN/tmp/.tmpBNVos0/project %2F space target={"daemonEpoch":"1789275198728","machineId":"88eee930-ae26-4c9b-9728-fc963e036dbf","sessionId":"5dc02ccc-aab1-4da5-b8be-3f687ce16e6c"} cursor=Output { sequence: 33, gap: None }
[2m2026-09-13T04:53:19.013249Z[0m [34mDEBUG[0m [2mhyper_util::client::legacy::pool[0m[2m:[0m reuse idle connection for ("http", 127.0.0.1:51401)
[2m2026-09-13T04:53:19.013430Z[0m [34mDEBUG[0m [2mhyper_util::client::legacy::pool[0m[2m:[0m pooling idle connection for ("http", 127.0.0.1:51401)
[2m2026-09-13T04:53:19.013973Z[0m [34mDEBUG[0m [2mtungstenite::handshake::client[0m[2m:[0m Client handshake done.
[2m2026-09-13T04:53:19.014029Z[0m [34mDEBUG[0m [2mtungstenite::handshake::client[0m[2m:[0m Client handshake done.
[2m2026-09-13T04:53:19.014505Z[0m [34mDEBUG[0m [2mtungstenite::handshake::client[0m[2m:[0m Client handshake done.
[2m2026-09-13T04:53:19.014550Z[0m [34mDEBUG[0m [2mtungstenite::protocol[0m[2m:[0m Received close frame: None
[2m2026-09-13T04:53:19.014557Z[0m [34mDEBUG[0m [2mtungstenite::protocol[0m[2m:[0m Replying to close with Frame { header: FrameHeader { is_final: true, rsv1: false, rsv2: false, rsv3: false, opcode: Control(Close), mask: None }, payload: b"" }
[2m2026-09-13T04:53:19.014585Z[0m [33m WARN[0m [2mferryx_lib::remote::relay_server[0m[2m:[0m browser reverse WebSocket failed [3merror[0m[2m=[0mWebSocket protocol error: Connection reset without closing handshake
[2m2026-09-13T04:53:19.019313Z[0m [34mDEBUG[0m [2mhyper_util::client::legacy::pool[0m[2m:[0m reuse idle connection for ("http", 127.0.0.1:51401)
[2m2026-09-13T04:53:19.019547Z[0m [34mDEBUG[0m [2mhyper_util::client::legacy::pool[0m[2m:[0m pooling idle connection for ("http", 127.0.0.1:51401)
[2m2026-09-13T04:53:19.020113Z[0m [34mDEBUG[0m [2mtungstenite::handshake::client[0m[2m:[0m Client handshake done.
[2m2026-09-13T04:53:19.020162Z[0m [34mDEBUG[0m [2mtungstenite::handshake::client[0m[2m:[0m Client handshake done.
[2m2026-09-13T04:53:19.020571Z[0m [34mDEBUG[0m [2mtungstenite::protocol[0m[2m:[0m Received close frame: None
[2m2026-09-13T04:53:19.020581Z[0m [34mDEBUG[0m [2mtungstenite::protocol[0m[2m:[0m Replying to close with Frame { header: FrameHeader { is_final: true, rsv1: false, rsv2: false, rsv3: false, opcode: Control(Close), mask: None }, payload: b"" }
[2m2026-09-13T04:53:19.020610Z[0m [33m WARN[0m [2mferryx_lib::remote::relay_server[0m[2m:[0m browser reverse WebSocket failed [3merror[0m[2m=[0mWebSocket protocol error: Connection reset without closing handshake
[2m2026-09-13T04:53:19.020651Z[0m [34mDEBUG[0m [2mtungstenite::handshake::client[0m[2m:[0m Client handshake done.
[2m2026-09-13T04:53:19.028289Z[0m [34mDEBUG[0m [2mtungstenite::protocol[0m[2m:[0m Received close frame: None
[2m2026-09-13T04:53:19.028300Z[0m [34mDEBUG[0m [2mtungstenite::protocol[0m[2m:[0m Replying to close with Frame { header: FrameHeader { is_final: true, rsv1: false, rsv2: false, rsv3: false, opcode: Control(Close), mask: None }, payload: b"" }
[2m2026-09-13T04:53:19.028325Z[0m [33m WARN[0m [2mferryx_lib::remote::relay_server[0m[2m:[0m browser reverse WebSocket failed [3merror[0m[2m=[0mWebSocket protocol error: Connection reset without closing handshake

thread 'a11_joint_machine_relay_runtime' (2101139) panicked at tests/relay_pairing_generation_regression.rs:63:118:
marker A11_REAL_GAP:: WebSocket protocol error: Connection reset without closing handshake
note: run with `RUST_BACKTRACE=1` environment variable to display a backtrace
[2m2026-09-13T04:53:19.028674Z[0m [33m WARN[0m [2mferryx_lib::remote::relay_server[0m[2m:[0m browser reverse WebSocket failed [3merror[0m[2m=[0mIO error: Connection reset by peer (os error 54)
[2m2026-09-13T04:53:19.028794Z[0m [33m WARN[0m [2mferryx_lib::remote::relay_server[0m[2m:[0m relay control receive failed [3merror[0m[2m=[0mWebSocket protocol error: Connection reset without closing handshake
A11 cleanup original pid=None reaped
A11 cleanup original pid=None reaped
R4 CLEANUP runtime/connection tasks joined; private directory explicitly removed; failed_scenario=true
test a11_joint_machine_relay_runtime ... FAILED

failures:

failures:
    a11_joint_machine_relay_runtime

test result: FAILED. 0 passed; 1 failed; 0 ignored; 0 measured; 7 filtered out; finished in 2.47s

error: test failed, to rerun pass `--test relay_pairing_generation_regression`
