    Checking smallvec v1.16.1
    Checking bytemuck v1.25.2
    Checking num-traits v0.2.19
    Checking hashbrown v0.17.1
    Checking zerocopy v0.8.57
   Compiling ferryx v2026.908.1 (/Users/indo/code/project/orca-lite-wt/herdr-resume-01a097f8/src-tauri)
    Checking objc2-core-graphics v0.3.2
    Checking parking_lot_core v0.9.12
    Checking icu_normalizer v2.3.0
    Checking tracing-subscriber v0.3.23
    Checking symphonia-core v0.5.5
    Checking parking_lot v0.12.5
    Checking indexmap v2.14.2
    Checking idna_adapter v1.2.2
    Checking moxcms v0.8.1
    Checking num-integer v0.1.47
    Checking tokio v1.53.1
    Checking idna v1.1.0
    Checking num-bigint v0.4.8
    Checking plist v1.10.1
    Checking ppv-lite86 v0.2.21
    Checking symphonia-metadata v0.5.5
    Checking symphonia-codec-pcm v0.5.5
    Checking symphonia-codec-aac v0.5.5
    Checking url v2.5.8
    Checking image v0.25.10
    Checking symphonia-utils-xiph v0.5.5
    Checking symphonia-bundle-mp3 v0.5.5
    Checking symphonia-format-riff v0.5.5
    Checking rand_chacha v0.9.0
    Checking rand_chacha v0.3.1
    Checking num-rational v0.4.2
    Checking symphonia-format-ogg v0.5.5
    Checking symphonia-bundle-flac v0.5.5
    Checking symphonia-codec-vorbis v0.5.5
    Checking symphonia-format-isomp4 v0.5.5
    Checking rand v0.9.5
    Checking rand v0.8.8
    Checking symphonia v0.5.5
    Checking rodio v0.22.2
    Checking tungstenite v0.29.0
    Checking urlpattern v0.3.0
    Checking tao v0.35.3
    Checking wry v0.55.1
    Checking tauri-utils v2.9.3
    Checking tokio-rustls v0.26.5
    Checking hyper v1.11.1
    Checking tower v0.5.3
    Checking tokio-util v0.7.19
    Checking tower-http v0.6.11
    Checking hyper-util v0.1.20
    Checking tokio-tungstenite v0.29.0
    Checking tauri-runtime v2.11.3
    Checking hyper-rustls v0.27.9
    Checking axum v0.8.9
    Checking tauri-runtime-wry v2.11.4
    Checking reqwest v0.13.5
    Checking reqwest v0.12.28
    Checking tauri v2.11.5
    Checking tauri-plugin-fs v2.5.2
    Checking tauri-plugin-updater v2.11.0
    Checking tauri-plugin-notification v2.4.0
    Checking tauri-plugin-process v2.3.1
    Checking tauri-plugin-dialog v2.7.3
warning: unused import: `Manager`
  --> src/ipc/notifications.rs:21:24
   |
21 | use tauri::{AppHandle, Manager, Runtime, State};
   |                        ^^^^^^^
   |
   = note: `#[warn(unused_imports)]` (part of `#[warn(unused)]`) on by default

warning: unnecessary `unsafe` block
  --> src/macos_file_drop.rs:79:28
   |
79 |             let location = unsafe { info.draggingLocation() };
   |                            ^^^^^^ unnecessary `unsafe` block
   |
   = note: `#[warn(unused_unsafe)]` (part of `#[warn(unused)]`) on by default

warning: unnecessary `unsafe` block
  --> src/macos_file_drop.rs:80:25
   |
80 |             let point = unsafe { self.convertPoint_fromView(location, None) };
   |                         ^^^^^^ unnecessary `unsafe` block

warning: unnecessary `unsafe` block
   --> src/macos_file_drop.rs:102:46
    |
102 |     let pasteboard: Retained<NSPasteboard> = unsafe { info.draggingPasteboard() };
    |                                              ^^^^^^ unnecessary `unsafe` block

warning: unnecessary `unsafe` block
   --> src/macos_file_drop.rs:105:25
    |
105 |     if let Some(list) = unsafe { pasteboard.propertyListForType(&legacy) } {
    |                         ^^^^^^ unnecessary `unsafe` block

warning: unnecessary `unsafe` block
   --> src/macos_file_drop.rs:122:25
    |
122 |     if let Some(text) = unsafe { pasteboard.stringForType(file_url_type) } {
    |                         ^^^^^^ unnecessary `unsafe` block

warning: unnecessary `unsafe` block
   --> src/macos_file_drop.rs:123:28
    |
123 |         if let Some(url) = unsafe { NSURL::URLWithString(&text) } {
    |                            ^^^^^^ unnecessary `unsafe` block

warning: unnecessary `unsafe` block
   --> src/macos_file_drop.rs:124:33
    |
124 |             if let Some(path) = unsafe { url.path() } {
    |                                 ^^^^^^ unnecessary `unsafe` block

warning: unnecessary `unsafe` block
   --> src/macos_file_drop.rs:169:5
    |
169 |     unsafe { view.registerForDraggedTypes(&types) };
    |     ^^^^^^ unnecessary `unsafe` block

warning: unused variable: `scroll_daemon_client`
   --> src/lib.rs:916:9
    |
916 |     let scroll_daemon_client = Arc::clone(&daemon_client);
    |         ^^^^^^^^^^^^^^^^^^^^ help: if this is intentional, prefix it with an underscore: `_scroll_daemon_client`
    |
    = note: `#[warn(unused_variables)]` (part of `#[warn(unused)]`) on by default

warning: method `machine_sessions` is never used
   --> src/daemon/session_service.rs:366:19
    |
227 | impl DaemonSessionService {
    | ------------------------- method in this implementation
...
366 |     pub(crate) fn machine_sessions(&self, epoch: crate::scoped_contracts::Epoch) -> Result<crate::remote::machine_protocol::Sessions, Str...
    |                   ^^^^^^^^^^^^^^^^
    |
    = note: `#[warn(dead_code)]` (part of `#[warn(unused)]`) on by default

warning: field `app` is never read
  --> src/ipc/notifications.rs:28:5
   |
27 | pub struct TauriNotificationBackend<R: Runtime> {
   |            ------------------------ field in this struct
28 |     app: AppHandle<R>,
   |     ^^^

warning: constant `GHOSTTY_TERMINAL_SCREEN_PRIMARY` is never used
  --> src/native_terminal/sys/constants.rs:56:11
   |
56 | pub const GHOSTTY_TERMINAL_SCREEN_PRIMARY: c_int = 0;
   |           ^^^^^^^^^^^^^^^^^^^^^^^^^^^^^^^

warning: methods `synchronized_output_deadline`, `expire_synchronized_output`, and `finish_synchronized_output` are never used
   --> src/native_terminal/terminal.rs:169:19
    |
133 | impl NativeTerminal {
    | ------------------- methods in this implementation
...
169 |     pub(crate) fn synchronized_output_deadline(&self) -> Option<tokio::time::Instant> {
    |                   ^^^^^^^^^^^^^^^^^^^^^^^^^^^^
...
173 |     pub(crate) fn expire_synchronized_output(
    |                   ^^^^^^^^^^^^^^^^^^^^^^^^^^
...
184 |     pub(crate) fn finish_synchronized_output(&mut self) -> Result<(), NativeTerminalError> {
    |                   ^^^^^^^^^^^^^^^^^^^^^^^^^^

warning: method `wait_and_reap` is never used
   --> src/terminal/session.rs:364:19
    |
 73 | impl PtySession {
    | --------------- method in this implementation
...
364 |     pub(crate) fn wait_and_reap(&self) -> Result<Option<i32>, PtyError> {
    |                   ^^^^^^^^^^^^^

warning: function `with_local_worktree_budget` is never used
   --> src/worktree/git.rs:115:15
    |
115 | pub(crate) fn with_local_worktree_budget<T>(work: impl FnOnce() -> T) -> T {
    |               ^^^^^^^^^^^^^^^^^^^^^^^^^^

warning: struct `WriterLeaseGuard` is never constructed
  --> src/worktree/manager.rs:86:19
   |
86 | pub(crate) struct WriterLeaseGuard {
   |                   ^^^^^^^^^^^^^^^^

warning: associated items `new`, `canonical_path`, and `owner_id` are never used
   --> src/worktree/manager.rs:93:8
    |
 92 | impl WriterLeaseGuard {
    | --------------------- associated items in this implementation
 93 |     fn new(registry: WriterLeaseRegistry, canonical_path: PathBuf, owner_id: String) -> Self {
    |        ^^^
...
101 |     pub(crate) fn canonical_path(&self) -> &Path {
    |                   ^^^^^^^^^^^^^^
...
105 |     pub(crate) fn owner_id(&self) -> &str {
    |                   ^^^^^^^^

warning: method `acquire_writer_lease` is never used
   --> src/worktree/manager.rs:338:19
    |
134 | impl WorktreeManager {
    | -------------------- method in this implementation
...
338 |     pub(crate) fn acquire_writer_lease(
    |                   ^^^^^^^^^^^^^^^^^^^^

warning: `ferryx` (lib) generated 19 warnings (run `cargo fix --lib -p ferryx` to apply 2 suggestions)
    Finished `dev` profile [unoptimized + debuginfo] target(s) in 49.97s
