$ cargo check --locked --manifest-path src-tauri/Cargo.toml --no-default-features --lib
    Checking libc v0.2.189
    Checking serde_core v1.0.229
    Checking cfg-if v1.0.4
    Checking log v0.4.34
    Checking objc2-exception-helper v0.1.1
    Checking objc2-encode v4.1.0
    Checking objc2 v0.6.4
    Checking bitflags v2.13.2
    Checking smallvec v1.16.1
    Checking itoa v1.0.18
    Checking scopeguard v1.2.0
    Checking once_cell v1.21.4
    Checking block2 v0.6.2
    Checking zerofrom v0.1.8
    Checking dispatch2 v0.3.1
    Checking stable_deref_trait v1.2.1
    Checking bytes v1.12.1
    Checking objc2-core-foundation v0.3.2
    Checking yoke v0.8.3
    Checking serde v1.0.229
    Checking zerovec v0.11.8
    Checking http v1.5.0
    Checking objc2-foundation v0.3.2
    Checking errno v0.3.14
    Checking pin-project-lite v0.2.17
    Checking tinystr v0.8.4
    Checking core-foundation-sys v0.8.7
    Checking litemap v0.8.3
    Checking percent-encoding v2.3.2
    Checking writeable v0.6.4
    Checking memchr v2.8.3
    Checking icu_locale_core v2.3.0
    Checking potential_utf v0.1.6
    Checking zerotrie v0.2.5
    Checking utf8_iter v1.0.4
    Checking icu_collections v2.3.0
    Checking icu_provider v2.3.1
    Checking bytemuck v1.25.2
    Checking lock_api v0.4.14
    Checking parking_lot_core v0.9.12
    Checking icu_normalizer_data v2.3.0
    Checking icu_properties_data v2.3.0
    Checking icu_properties v2.3.0
    Checking icu_normalizer v2.3.0
    Checking parking_lot v0.12.5
    Checking form_urlencoded v1.2.2
    Checking signal-hook-registry v1.4.8
    Checking socket2 v0.6.5
    Checking mio v1.2.3
    Checking tokio v1.53.1
    Checking idna_adapter v1.2.2
    Checking idna v1.1.0
    Checking thiserror v2.0.20
    Checking zmij v1.0.23
    Checking getrandom v0.2.17
    Checking futures-core v0.3.34
    Checking zeroize v1.9.0
    Checking serde_json v1.0.151
    Checking objc2-app-kit v0.3.2
    Checking url v2.5.8
    Checking deranged v0.5.8
    Checking getrandom v0.4.3
    Checking lazy_static v1.5.0
    Checking time-core v0.1.9
    Checking num-conv v0.2.2
    Checking powerfmt v0.2.0
    Checking time v0.3.55
    Checking uuid v1.26.1
    Checking rustls-pki-types v1.15.1
    Checking core-foundation v0.10.1
    Checking tracing-core v0.1.36
    Checking bitflags v1.3.2
    Checking arrayvec v0.7.8
    Checking simd-adler32 v0.3.10
    Checking symphonia-core v0.5.5
    Checking num-traits v0.2.19
    Checking getrandom v0.3.4
    Checking aho-corasick v1.1.5
    Checking thiserror v1.0.69
    Checking raw-window-handle v0.6.2
    Checking regex-syntax v0.8.11
    Checking alloc-no-stdlib v2.0.4
    Checking untrusted v0.9.0
    Checking winnow v1.0.4
    Checking unic-char-range v0.9.0
    Checking unic-common v0.9.0
    Checking subtle v2.6.1
    Checking adler2 v2.0.1
    Checking unic-ucd-version v0.9.0
    Checking unic-char-property v0.9.0
    Checking regex-automata v0.4.18
    Checking toml_parser v1.1.3+spec-1.1.0
    Checking ring v0.17.14
    Checking alloc-stdlib v0.2.4
    Checking http-body v1.1.0
    Checking dpi v0.1.2
    Checking serde_spanned v1.1.1
    Checking typeid v1.0.3
    Checking byteorder v1.5.0
    Checking typenum v1.20.1
    Checking simdutf8 v0.1.5
    Checking siphasher v1.0.3
    Checking same-file v1.0.6
    Checking equivalent v1.0.2
    Checking hashbrown v0.17.1
    Checking toml_writer v1.1.2+spec-1.1.0
    Checking fnv v1.0.7
    Checking futures-sink v0.3.34
    Checking base64 v0.23.1
    Checking encoding_rs v0.8.41
    Checking indexmap v2.14.2
    Checking cfb v0.7.3
    Checking generic-array v0.14.7
    Checking walkdir v2.5.0
    Checking phf_shared v0.13.1
    Checking erased-serde v0.4.10
    Checking tracing v0.1.44
    Checking brotli-decompressor v5.0.3
    Checking regex v1.13.1
    Checking crossbeam-utils v0.8.23
    Checking rustls-webpki v0.103.15
    Checking unic-ucd-ident v0.9.0
    Checking miniz_oxide v0.9.1
    Checking jsonptr v0.6.3
    Checking crc32fast v1.5.1
    Checking quick-xml v0.42.0
    Checking anyhow v1.0.104
    Checking toml_datetime v1.1.1+spec-1.1.0
    Checking foreign-types-shared v0.3.1
    Checking tower-service v0.3.3
    Checking slab v0.4.12
    Checking option-ext v0.2.0
    Checking futures-task v0.3.34
    Checking dirs-sys v0.5.0
    Checking futures-util v0.3.34
    Checking foreign-types v0.5.0
    Checking plist v1.10.1
    Checking toml v1.1.6+spec-1.1.0
    Checking flate2 v1.1.10
    Checking json-patch v3.0.1
    Checking rustls v0.23.44
    Checking urlpattern v0.3.0
    Checking crossbeam-channel v0.5.17
    Checking brotli v8.0.4
    Checking serde-untagged v0.1.9
    Checking cookie v0.18.2
    Checking phf v0.13.1
    Checking infer v0.19.0
    Checking httparse v1.10.1
    Checking symphonia-metadata v0.5.5
    Checking zerocopy v0.8.57
    Checking miniz_oxide v0.8.9
    Checking fdeflate v0.3.7
    Checking objc2-web-kit v0.3.2
    Checking core-graphics-types v0.2.0
    Checking ctor v0.8.0
    Checking serde_with v3.23.0
    Checking semver v1.0.28
    Checking mime v0.3.17
    Checking glob v0.3.4
    Checking dunce v1.0.5
    Checking ppv-lite86 v0.2.21
    Checking tauri-utils v2.9.3
    Checking core-graphics v0.25.0
    Checking png v0.18.1
    Checking dirs v6.0.0
    Checking crypto-common v0.1.7
    Checking block-buffer v0.10.4
    Checking unicode-segmentation v1.13.3
    Checking tower-layer v0.3.3
    Checking try-lock v0.2.5
    Checking pxfm v0.1.30
    Checking tauri-runtime v2.11.3
    Checking want v0.3.1
    Checking moxcms v0.8.1
    Checking keyboard-types v0.7.0
    Checking digest v0.10.7
    Checking wry v0.55.1
    Checking tao v0.35.3
    Checking system-configuration-sys v0.6.0
    Checking webpki-roots v1.0.9
    Checking sync_wrapper v1.0.2
    Checking futures-channel v0.3.34
    Checking core-foundation v0.9.4
    Checking byteorder-lite v0.1.0
    Checking atomic-waker v1.1.2
    Checking httpdate v1.0.3
    Checking image v0.25.10
    Checking hyper v1.11.1
    Checking system-configuration v0.7.0
    Checking serialize-to-javascript v0.1.2
    Checking tauri-runtime-wry v2.11.4
    Checking muda v0.19.3
    Checking symphonia-utils-xiph v0.5.5
    Checking tokio-rustls v0.26.5
    Checking window-vibrancy v0.6.0
    Checking rand_core v0.9.5
    Checking cpufeatures v0.2.17
    Checking heck v0.5.0
    Checking embed_plist v1.2.2
    Checking ipnet v2.12.2
    Checking base64 v0.22.1
    Checking tauri v2.11.5
    Checking hyper-util v0.1.20
    Checking rand_chacha v0.9.0
    Checking tower v0.5.3
    Checking http-body-util v0.1.5
    Checking objc2-core-audio-types v0.3.2
    Checking objc2-core-audio v0.3.2
    Checking rand v0.9.5
    Checking rustix v1.1.4
    Checking security-framework-sys v2.17.0
    Checking security-framework v3.7.0
    Checking objc2-audio-toolbox v0.3.2
    Checking tower-http v0.6.11
    Checking hyper-rustls v0.27.9
    Checking sha1 v0.10.7
    Checking tokio-util v0.7.19
    Checking num-integer v0.1.47
    Checking rand_core v0.6.4
    Checking ryu v1.0.23
    Checking extended v0.1.0
    Checking data-encoding v2.11.1
    Checking symphonia-format-riff v0.5.5
    Checking tungstenite v0.29.0
    Checking serde_urlencoded v0.7.1
    Checking num-bigint v0.4.8
    Checking coreaudio-rs v0.14.2
    Checking rustls-platform-verifier v0.7.0
    Checking mac-notification-sys v0.6.15
    Checking xattr v1.6.1
    Checking symphonia-format-ogg v0.5.5
    Checking symphonia-format-isomp4 v0.5.5
    Checking symphonia-codec-vorbis v0.5.5
    Checking symphonia-bundle-flac v0.5.5
    Checking webpki-roots v0.26.11
    Checking symphonia-bundle-mp3 v0.5.5
    Checking symphonia-codec-pcm v0.5.5
    Checking symphonia-codec-aac v0.5.5
    Checking objc2-osa-kit v0.3.2
    Checking filetime v0.2.29
    Checking mach2 v0.5.0
    Checking fastrand v2.5.0
    Checking dasp_sample v0.11.0
    Checking signature v2.2.0
    Checking ed25519 v2.2.3
    Checking cpal v0.17.3
    Checking tempfile v3.27.0
    Checking osakit v0.3.1
    Checking tar v0.4.46
    Checking symphonia v0.5.5
    Checking tokio-tungstenite v0.29.0
    Checking notify-rust v4.18.0
    Checking nix v0.28.0
    Checking num-rational v0.4.2
    Checking reqwest v0.13.5
    Checking curve25519-dalek v4.1.3
    Checking rfd v0.16.0
    Checking rand_chacha v0.3.1
    Checking tauri-plugin-fs v2.5.2
    Checking axum-core v0.5.6
    Checking sha2 v0.10.9
    Checking filedescriptor v0.8.3
    Checking tracing-log v0.2.0
    Checking sharded-slab v0.1.7
warning: stripping debug info with `rust-objcopy` failed: signal: 6 (SIGABRT)
  |
  = note: dyld[46391]: Library not loaded: @rpath/libLLVM.dylib
            Referenced from: <AC0D75A8-23BF-301F-B7CE-3E5CC0C1BC06> /Users/indo/code/project/orca-lite-wt/herdr-resume-01a097f8/.a14-ambiguity-tools/toolchain/lib/rustlib/aarch64-apple-darwin/bin/rust-objcopy
            Reason: tried: '/Users/indo/code/project/orca-lite-wt/herdr-resume-01a097f8/.a14-ambiguity-tools/toolchain/lib/rustlib/aarch64-apple-darwin/bin/../lib/libLLVM.dylib' (no such file), '/Users/indo/code/project/orca-lite-wt/herdr-resume-01a097f8/.a14-ambiguity-tools/toolchain/lib/rustlib/aarch64-apple-darwin/bin/../lib/libLLVM.dylib' (no such file), '/Users/indo/code/project/orca-lite-wt/herdr-resume-01a097f8/src-tauri/target/debug/deps/libLLVM.dylib' (no such file), '/Users/indo/code/project/orca-lite-wt/herdr-resume-01a097f8/.a14a/home/lib/libLLVM.dylib' (no such file), '/usr/local/lib/libLLVM.dylib' (no such file), '/usr/lib/libLLVM.dylib' (no such file, not in dyld cache)
          

warning: `ferryx` (build script) generated 1 warning
    Checking serde_path_to_error v0.1.20
    Checking notify-types v2.1.0
    Checking toml_datetime v0.7.5+spec-1.1.0
    Checking serial2 v0.2.38
    Checking thread_local v1.1.10
    Checking fsevent-sys v4.1.0
    Checking winnow v0.7.15
    Checking nu-ansi-term v0.50.3
    Checking downcast-rs v1.2.1
    Checking unicase v2.9.0
    Checking shell-words v1.1.1
    Checking matchit v0.8.4
    Checking minisign-verify v0.2.5
    Checking toml v0.9.12+spec-1.1.0
    Checking tauri-plugin-updater v2.11.0
    Checking axum v0.8.9
    Checking portable-pty v0.9.0 (/Users/indo/code/project/orca-lite-wt/herdr-resume-01a097f8/src-tauri/vendor/portable-pty)
    Checking mime_guess v2.0.5
    Checking tracing-subscriber v0.3.23
    Checking notify v8.2.0
    Checking ed25519-dalek v2.2.0
    Checking tauri-plugin-dialog v2.7.3
    Checking rand v0.8.8
    Checking rodio v0.22.2
    Checking tauri-plugin-notification v2.4.0
    Checking tauri-plugin-process v2.3.1
    Checking reqwest v0.12.28
    Checking tower-http v0.7.1
    Checking objc2-user-notifications v0.3.2
    Checking objc2-core-graphics v0.3.2
    Checking objc2-core-text v0.3.2
    Checking ferryx v2026.908.1 (/Users/indo/code/project/orca-lite-wt/herdr-resume-01a097f8/src-tauri)
warning: unused import: `Manager`
  --> src/ipc/notifications.rs:21:24
   |
21 | use tauri::{AppHandle, Manager, Runtime, State};
   |                        ^^^^^^^
   |
   = note: `#[warn(unused_imports)]` (part of `#[warn(unused)]`) on by default

warning: unnecessary `unsafe` block
  --> src/macos_file_drop.rs:79:28
   |
79 |             let location = unsafe { info.draggingLocation() };
   |                            ^^^^^^ unnecessary `unsafe` block
   |
   = note: `#[warn(unused_unsafe)]` (part of `#[warn(unused)]`) on by default

warning: unnecessary `unsafe` block
  --> src/macos_file_drop.rs:80:25
   |
80 |             let point = unsafe { self.convertPoint_fromView(location, None) };
   |                         ^^^^^^ unnecessary `unsafe` block

warning: unnecessary `unsafe` block
   --> src/macos_file_drop.rs:102:46
    |
102 |     let pasteboard: Retained<NSPasteboard> = unsafe { info.draggingPasteboard() };
    |                                              ^^^^^^ unnecessary `unsafe` block

warning: unnecessary `unsafe` block
   --> src/macos_file_drop.rs:105:25
    |
105 |     if let Some(list) = unsafe { pasteboard.propertyListForType(&legacy) } {
    |                         ^^^^^^ unnecessary `unsafe` block

warning: unnecessary `unsafe` block
   --> src/macos_file_drop.rs:122:25
    |
122 |     if let Some(text) = unsafe { pasteboard.stringForType(file_url_type) } {
    |                         ^^^^^^ unnecessary `unsafe` block

warning: unnecessary `unsafe` block
   --> src/macos_file_drop.rs:123:28
    |
123 |         if let Some(url) = unsafe { NSURL::URLWithString(&text) } {
    |                            ^^^^^^ unnecessary `unsafe` block

warning: unnecessary `unsafe` block
   --> src/macos_file_drop.rs:124:33
    |
124 |             if let Some(path) = unsafe { url.path() } {
    |                                 ^^^^^^ unnecessary `unsafe` block

warning: unnecessary `unsafe` block
   --> src/macos_file_drop.rs:169:5
    |
169 |     unsafe { view.registerForDraggedTypes(&types) };
    |     ^^^^^^ unnecessary `unsafe` block

warning: unused variable: `scroll_daemon_client`
   --> src/lib.rs:916:9
    |
916 |     let scroll_daemon_client = Arc::clone(&daemon_client);
    |         ^^^^^^^^^^^^^^^^^^^^ help: if this is intentional, prefix it with an underscore: `_scroll_daemon_client`
    |
    = note: `#[warn(unused_variables)]` (part of `#[warn(unused)]`) on by default

warning: method `machine_sessions` is never used
   --> src/daemon/session_service.rs:366:19
    |
227 | impl DaemonSessionService {
    | ------------------------- method in this implementation
...
366 |     pub(crate) fn machine_sessions(&self, epoch: crate::scoped_contracts::Epoch) -> Result<crate::remote::machine_protocol::Session...
    |                   ^^^^^^^^^^^^^^^^
    |
    = note: `#[warn(dead_code)]` (part of `#[warn(unused)]`) on by default

warning: field `app` is never read
  --> src/ipc/notifications.rs:28:5
   |
27 | pub struct TauriNotificationBackend<R: Runtime> {
   |            ------------------------ field in this struct
28 |     app: AppHandle<R>,
   |     ^^^

warning: constant `GHOSTTY_TERMINAL_SCREEN_PRIMARY` is never used
  --> src/native_terminal/sys/constants.rs:56:11
   |
56 | pub const GHOSTTY_TERMINAL_SCREEN_PRIMARY: c_int = 0;
   |           ^^^^^^^^^^^^^^^^^^^^^^^^^^^^^^^

warning: methods `synchronized_output_deadline`, `expire_synchronized_output`, and `finish_synchronized_output` are never used
   --> src/native_terminal/terminal.rs:169:19
    |
133 | impl NativeTerminal {
    | ------------------- methods in this implementation
...
169 |     pub(crate) fn synchronized_output_deadline(&self) -> Option<tokio::time::Instant> {
    |                   ^^^^^^^^^^^^^^^^^^^^^^^^^^^^
...
173 |     pub(crate) fn expire_synchronized_output(
    |                   ^^^^^^^^^^^^^^^^^^^^^^^^^^
...
184 |     pub(crate) fn finish_synchronized_output(&mut self) -> Result<(), NativeTerminalError> {
    |                   ^^^^^^^^^^^^^^^^^^^^^^^^^^

warning: method `wait_and_reap` is never used
   --> src/terminal/session.rs:364:19
    |
 73 | impl PtySession {
    | --------------- method in this implementation
...
364 |     pub(crate) fn wait_and_reap(&self) -> Result<Option<i32>, PtyError> {
    |                   ^^^^^^^^^^^^^

warning: function `with_local_worktree_budget` is never used
   --> src/worktree/git.rs:115:15
    |
115 | pub(crate) fn with_local_worktree_budget<T>(work: impl FnOnce() -> T) -> T {
    |               ^^^^^^^^^^^^^^^^^^^^^^^^^^

warning: struct `WriterLeaseGuard` is never constructed
  --> src/worktree/manager.rs:86:19
   |
86 | pub(crate) struct WriterLeaseGuard {
   |                   ^^^^^^^^^^^^^^^^

warning: associated items `new`, `canonical_path`, and `owner_id` are never used
   --> src/worktree/manager.rs:93:8
    |
 92 | impl WriterLeaseGuard {
    | --------------------- associated items in this implementation
 93 |     fn new(registry: WriterLeaseRegistry, canonical_path: PathBuf, owner_id: String) -> Self {
    |        ^^^
...
101 |     pub(crate) fn canonical_path(&self) -> &Path {
    |                   ^^^^^^^^^^^^^^
...
105 |     pub(crate) fn owner_id(&self) -> &str {
    |                   ^^^^^^^^

warning: method `acquire_writer_lease` is never used
   --> src/worktree/manager.rs:338:19
    |
134 | impl WorktreeManager {
    | -------------------- method in this implementation
...
338 |     pub(crate) fn acquire_writer_lease(
    |                   ^^^^^^^^^^^^^^^^^^^^

warning: `ferryx` (lib) generated 19 warnings (run `cargo fix --lib -p ferryx` to apply 2 suggestions)
    Finished `dev` profile [unoptimized] target(s) in 35.42s

EXIT_CODE=0
