    Blocking waiting for file lock on build directory
   Compiling proc-macro2 v1.0.107
   Compiling quote v1.0.47
   Compiling unicode-ident v1.0.24
   Compiling libc v0.2.189
   Compiling serde_core v1.0.229
   Compiling find-msvc-tools v0.1.12
   Compiling shlex v2.0.1
   Compiling parking_lot_core v0.9.12
   Compiling icu_normalizer_data v2.3.0
   Compiling icu_properties_data v2.3.0
   Compiling zmij v1.0.23
   Compiling fastrand v2.5.0
   Compiling stable_deref_trait v1.2.1
   Compiling getrandom v0.4.3
   Compiling smallvec v1.16.1
   Compiling phf_generator v0.13.1
   Compiling serde v1.0.229
   Compiling thiserror v2.0.20
   Compiling autocfg v1.5.1
   Compiling phf_codegen v0.13.1
   Compiling serde_json v1.0.151
   Compiling cc v1.4.5
   Compiling objc2 v0.6.4
   Compiling strsim v0.11.1
   Compiling thiserror v1.0.69
   Compiling typeid v1.0.3
   Compiling ident_case v1.0.1
   Compiling objc2-exception-helper v0.1.1
   Compiling erased-serde v0.4.10
   Compiling new_debug_unreachable v1.0.6
   Compiling precomputed-hash v0.1.1
   Compiling anyhow v1.0.104
   Compiling ctor-proc-macro v0.0.7
   Compiling dtoa v1.0.11
   Compiling percent-encoding v2.3.2
   Compiling log v0.4.34
   Compiling form_urlencoded v1.2.2
   Compiling dtoa-short v0.3.5
   Compiling ctor v0.8.0
   Compiling tendril v0.5.1
   Compiling selectors v0.36.1
   Compiling indexmap v1.9.3
   Compiling camino v1.2.5
   Compiling version_check v0.9.5
   Compiling syn v3.0.5
   Compiling syn v2.0.119
   Compiling semver v1.0.28
   Compiling string_cache_codegen v0.6.1
   Compiling web_atoms v0.2.6
   Compiling serde_spanned v1.1.1
   Compiling parking_lot v0.12.5
   Compiling toml_datetime v1.1.1+spec-1.1.0
   Compiling bitflags v2.13.2
   Compiling uuid v1.26.1
   Compiling string_cache v0.9.0
   Compiling toml v1.1.6+spec-1.1.0
   Compiling synstructure v0.13.2
   Compiling serde_derive v1.0.229
   Compiling zerovec-derive v0.11.6
   Compiling zerofrom-derive v0.1.7
   Compiling yoke-derive v0.8.2
   Compiling displaydoc v0.2.7
   Compiling zerofrom v0.1.8
   Compiling thiserror-impl v2.0.20
   Compiling phf_macros v0.13.1
   Compiling darling_core v0.24.1
   Compiling thiserror-impl v1.0.69
   Compiling phf v0.13.1
   Compiling cssparser-macros v0.6.1
   Compiling derive_more-impl v2.1.1
   Compiling serde_derive_internals v0.29.1
   Compiling derive_more v2.1.1
   Compiling servo_arc v0.4.3
   Compiling darling_macro v0.24.1
   Compiling schemars v0.8.22
   Compiling rustc-hash v2.1.3
   Compiling deranged v0.5.8
   Compiling hashbrown v0.12.3
   Compiling darling v0.24.1
   Compiling bit-vec v0.8.0
   Compiling bit-set v0.8.0
   Compiling time v0.3.55
   Compiling schemars_derive v0.8.22
   Compiling cfb v0.7.3
   Compiling base64 v0.21.7
   Compiling dyn-clone v1.0.20
   Compiling foldhash v0.2.0
   Compiling infer v0.19.0
   Compiling serde-untagged v0.1.9
   Compiling errno v0.3.14
   Compiling rustc_version v0.4.1
   Compiling generic-array v0.14.7
   Compiling signal-hook-registry v1.4.8
   Compiling tokio-macros v2.7.2
   Compiling mio v1.2.3
   Compiling socket2 v0.6.5
   Compiling toml_datetime v0.7.5+spec-1.1.0
   Compiling embed-resource v3.0.11
   Compiling dirs-sys v0.5.0
   Compiling yoke v0.8.3
   Compiling toml v0.9.12+spec-1.1.0
   Compiling tauri-winres v0.3.6
   Compiling dirs v6.0.0
   Compiling tokio v1.53.1
   Compiling getrandom v0.2.17
   Compiling crc32fast v1.5.1
   Compiling cssparser v0.36.0
   Compiling markup5ever v0.38.0
   Compiling jsonptr v0.6.3
   Compiling swift-rs v1.0.8
   Compiling html5ever v0.38.0
   Compiling cargo-platform v0.1.9
   Compiling cargo_metadata v0.19.2
   Compiling plist v1.10.1
   Compiling json-patch v3.0.1
   Compiling cargo_toml v0.22.3
   Compiling rustversion v1.0.23
   Compiling ring v0.17.14
   Compiling num-traits v0.2.19
   Compiling getrandom v0.3.4
   Compiling serde_with_macros v3.23.0
   Compiling core-foundation v0.10.1
   Compiling crossbeam-utils v0.8.23
   Compiling block2 v0.6.2
   Compiling block-buffer v0.10.4
   Compiling crypto-common v0.1.7
   Compiling dpi v0.1.2
   Compiling dispatch2 v0.3.1
   Compiling serde_with v3.23.0
   Compiling zerovec v0.11.8
   Compiling zerotrie v0.2.5
   Compiling digest v0.10.7
   Compiling tracing-attributes v0.1.31
   Compiling objc2-core-foundation v0.3.2
   Compiling flate2 v1.1.10
   Compiling cookie v0.18.2
   Compiling multiversion_no_op v1.0.0
   Compiling rustls v0.23.44
   Compiling httparse v1.10.1
   Compiling tracing v0.1.44
   Compiling encoding_rs v0.8.41
   Compiling dom_query v0.27.0
   Compiling foreign-types-macros v0.2.4
   Compiling objc2-foundation v0.3.2
   Compiling futures-macro v0.3.34
   Compiling foreign-types v0.5.0
   Compiling futures-util v0.3.34
   Compiling crossbeam-channel v0.5.17
   Compiling png v0.17.16
   Compiling core-graphics-types v0.2.0
   Compiling tinystr v0.8.4
   Compiling potential_utf v0.1.6
   Compiling icu_collections v2.3.0
   Compiling icu_locale_core v2.3.0
   Compiling cpufeatures v0.2.17
   Compiling wry v0.55.1
   Compiling tauri-runtime v2.11.3
   Compiling system-configuration-sys v0.6.0
   Compiling sha2 v0.10.9
   Compiling icu_provider v2.3.1
   Compiling ico v0.5.0
   Compiling png v0.18.1
   Compiling tauri-runtime-wry v2.11.4
   Compiling icu_normalizer v2.3.0
   Compiling icu_properties v2.3.0
   Compiling keyboard-types v0.7.0
   Compiling moxcms v0.8.1
   Compiling core-foundation v0.9.4
   Compiling idna_adapter v1.2.2
   Compiling serialize-to-javascript-impl v0.1.2
   Compiling hyper v1.11.1
   Compiling idna v1.1.0
   Compiling serialize-to-javascript v0.1.2
   Compiling rand_core v0.9.5
   Compiling url v2.5.8
   Compiling serde_repr v0.1.21
   Compiling core-graphics v0.25.0
   Compiling rustix v1.1.4
   Compiling urlpattern v0.3.0
   Compiling image v0.25.10
   Compiling rand_chacha v0.9.0
   Compiling objc2-core-audio-types v0.3.2
   Compiling security-framework-sys v2.17.0
   Compiling rand v0.9.5
   Compiling system-configuration v0.7.0
   Compiling mac-notification-sys v0.6.15
   Compiling tower v0.5.3
   Compiling cfg_aliases v0.1.1
   Compiling security-framework v3.7.0
   Compiling hyper-util v0.1.20
   Compiling nix v0.28.0
   Compiling sha1 v0.10.7
   Compiling tokio-util v0.7.19
   Compiling num-integer v0.1.47
   Compiling rand_core v0.6.4
   Compiling curve25519-dalek v4.1.3
   Compiling rfd v0.16.0
   Compiling tauri-utils v2.9.3
   Compiling cpal v0.17.3
   Compiling serde_urlencoded v0.7.1
   Compiling num-bigint v0.4.8
   Compiling tower-http v0.6.11
   Compiling filetime v0.2.29
   Compiling mach2 v0.5.0
   Compiling rand_chacha v0.3.1
   Compiling axum-core v0.5.6
   Compiling num-rational v0.4.2
   Compiling symphonia-metadata v0.5.5
   Compiling tokio-stream v0.1.19
   Compiling filedescriptor v0.8.3
   Compiling objc2-app-kit v0.3.2
   Compiling objc2-core-audio v0.3.2
   Compiling notify-types v2.1.0
   Compiling symphonia-utils-xiph v0.5.5
   Compiling symphonia-bundle-mp3 v0.5.5
   Compiling symphonia-format-riff v0.5.5
   Compiling objc2-audio-toolbox v0.3.2
   Compiling symphonia-bundle-flac v0.5.5
   Compiling symphonia-format-isomp4 v0.5.5
   Compiling xattr v1.6.1
   Compiling symphonia-format-ogg v0.5.5
   Compiling symphonia-codec-vorbis v0.5.5
   Compiling rustls-webpki v0.103.15
   Compiling tar v0.4.46
   Compiling tempfile v3.27.0
   Compiling coreaudio-rs v0.14.2
   Compiling serde_path_to_error v0.1.20
   Compiling fsevent-sys v4.1.0
   Compiling symphonia v0.5.5
   Compiling serial2 v0.2.38
   Compiling tokio-test v0.4.5
   Compiling objc2-user-notifications v0.3.2
   Compiling rand v0.8.8
   Compiling notify v8.2.0
   Compiling tower-http v0.7.1
   Compiling objc2-core-text v0.3.2
   Compiling objc2-core-graphics v0.3.2
   Compiling rodio v0.22.2
   Compiling objc2-web-kit v0.3.2
   Compiling tao v0.35.3
   Compiling muda v0.19.3
   Compiling window-vibrancy v0.6.0
   Compiling objc2-osa-kit v0.3.2
   Compiling ed25519-dalek v2.2.0
   Compiling tauri-plugin v2.6.3
   Compiling tauri-build v2.6.3
   Compiling tauri-codegen v2.6.3
   Compiling osakit v0.3.1
   Compiling tauri-plugin-fs v2.5.2
   Compiling tauri-plugin-updater v2.11.0
   Compiling tauri-plugin-notification v2.4.0
   Compiling tauri-plugin-process v2.3.1
   Compiling tauri-plugin-dialog v2.7.3
   Compiling tauri v2.11.5
   Compiling ferryx v2026.908.1 (/Users/indo/code/project/orca-lite-wt/herdr-resume-01a097f8/src-tauri)
   Compiling tauri-macros v2.6.3
   Compiling notify-rust v4.18.0
   Compiling tokio-rustls v0.26.5
   Compiling tungstenite v0.29.0
   Compiling rustls-platform-verifier v0.7.0
   Compiling portable-pty v0.9.0 (/Users/indo/code/project/orca-lite-wt/herdr-resume-01a097f8/src-tauri/vendor/portable-pty)
   Compiling hyper-rustls v0.27.9
   Compiling reqwest v0.13.5
   Compiling reqwest v0.12.28
   Compiling tokio-tungstenite v0.29.0
   Compiling axum v0.8.9
warning: unnecessary `unsafe` block
  --> src/macos_file_drop.rs:79:28
   |
79 |             let location = unsafe { info.draggingLocation() };
   |                            ^^^^^^ unnecessary `unsafe` block
   |
   = note: `#[warn(unused_unsafe)]` (part of `#[warn(unused)]`) on by default

warning: unnecessary `unsafe` block
  --> src/macos_file_drop.rs:80:25
   |
80 |             let point = unsafe { self.convertPoint_fromView(location, None) };
   |                         ^^^^^^ unnecessary `unsafe` block

warning: unnecessary `unsafe` block
   --> src/macos_file_drop.rs:102:46
    |
102 |     let pasteboard: Retained<NSPasteboard> = unsafe { info.draggingPasteboard() };
    |                                              ^^^^^^ unnecessary `unsafe` block

warning: unnecessary `unsafe` block
   --> src/macos_file_drop.rs:105:25
    |
105 |     if let Some(list) = unsafe { pasteboard.propertyListForType(&legacy) } {
    |                         ^^^^^^ unnecessary `unsafe` block

warning: unnecessary `unsafe` block
   --> src/macos_file_drop.rs:122:25
    |
122 |     if let Some(text) = unsafe { pasteboard.stringForType(file_url_type) } {
    |                         ^^^^^^ unnecessary `unsafe` block

warning: unnecessary `unsafe` block
   --> src/macos_file_drop.rs:123:28
    |
123 |         if let Some(url) = unsafe { NSURL::URLWithString(&text) } {
    |                            ^^^^^^ unnecessary `unsafe` block

warning: unnecessary `unsafe` block
   --> src/macos_file_drop.rs:124:33
    |
124 |             if let Some(path) = unsafe { url.path() } {
    |                                 ^^^^^^ unnecessary `unsafe` block

warning: unnecessary `unsafe` block
   --> src/macos_file_drop.rs:169:5
    |
169 |     unsafe { view.registerForDraggedTypes(&types) };
    |     ^^^^^^ unnecessary `unsafe` block

warning: unused variable: `token`
    --> src/remote/auth.rs:1399:14
     |
1399 |         let (token, device) = auth
     |              ^^^^^ help: if this is intentional, prefix it with an underscore: `_token`
     |
     = note: `#[warn(unused_variables)]` (part of `#[warn(unused)]`) on by default

warning: unused variable: `scroll_daemon_client`
   --> src/lib.rs:918:9
    |
918 |     let scroll_daemon_client = Arc::clone(&daemon_client);
    |         ^^^^^^^^^^^^^^^^^^^^ help: if this is intentional, prefix it with an underscore: `_scroll_daemon_client`

warning: method `machine_sessions` is never used
   --> src/daemon/session_service.rs:366:19
    |
227 | impl DaemonSessionService {
    | ------------------------- method in this implementation
...
366 |     pub(crate) fn machine_sessions(&self, epoch: crate::scoped_contracts::Epoch) -> Result<crate::remote::machine_protocol::Sessions, Str...
    |                   ^^^^^^^^^^^^^^^^
    |
    = note: `#[warn(dead_code)]` (part of `#[warn(unused)]`) on by default

warning: field `app` is never read
  --> src/ipc/notifications.rs:28:5
   |
27 | pub struct TauriNotificationBackend<R: Runtime> {
   |            ------------------------ field in this struct
28 |     app: AppHandle<R>,
   |     ^^^

warning: constant `GHOSTTY_TERMINAL_SCREEN_PRIMARY` is never used
  --> src/native_terminal/sys/constants.rs:56:11
   |
56 | pub const GHOSTTY_TERMINAL_SCREEN_PRIMARY: c_int = 0;
   |           ^^^^^^^^^^^^^^^^^^^^^^^^^^^^^^^

warning: function `no_auth_query` is never used
    --> src/remote/server.rs:3135:12
     |
3135 |         fn no_auth_query() -> AuthQuery {
     |            ^^^^^^^^^^^^^

warning: struct `WriterLeaseGuard` is never constructed
  --> src/worktree/manager.rs:86:19
   |
86 | pub(crate) struct WriterLeaseGuard {
   |                   ^^^^^^^^^^^^^^^^

warning: associated items `new`, `canonical_path`, and `owner_id` are never used
   --> src/worktree/manager.rs:93:8
    |
 92 | impl WriterLeaseGuard {
    | --------------------- associated items in this implementation
 93 |     fn new(registry: WriterLeaseRegistry, canonical_path: PathBuf, owner_id: String) -> Self {
    |        ^^^
...
101 |     pub(crate) fn canonical_path(&self) -> &Path {
    |                   ^^^^^^^^^^^^^^
...
105 |     pub(crate) fn owner_id(&self) -> &str {
    |                   ^^^^^^^^

warning: method `acquire_writer_lease` is never used
   --> src/worktree/manager.rs:338:19
    |
134 | impl WorktreeManager {
    | -------------------- method in this implementation
...
338 |     pub(crate) fn acquire_writer_lease(
    |                   ^^^^^^^^^^^^^^^^^^^^

warning: `ferryx` (lib test) generated 17 warnings (run `cargo fix --lib -p ferryx --tests` to apply 2 suggestions)
    Finished `test` profile [unoptimized + debuginfo] target(s) in 2m 16s
     Running unittests src/lib.rs (src-tauri/target/debug/deps/ferryx_lib-8ab521b134f63f3f)

running 1 test
test paired_host::proxy_tests::native_registry_routes_paired_ids_without_local_fallback ... ok

test result: ok. 1 passed; 0 failed; 0 ignored; 0 measured; 1023 filtered out; finished in 0.01s

