$ cargo test --locked --manifest-path src-tauri/Cargo.toml --no-default-features --lib paired_host:: -- --test-threads=1
    Updating crates.io index
 Downloading crates ...
  Downloaded adler2 v2.0.1
  Downloaded alloc-stdlib v0.2.4
  Downloaded base64 v0.23.1
  Downloaded alloc-no-stdlib v2.0.4
  Downloaded bitflags v2.13.2
  Downloaded block-buffer v0.10.4
  Downloaded cfg_aliases v0.2.2
  Downloaded atomic-waker v1.1.2
  Downloaded dyn-clone v1.0.20
  Downloaded cargo_metadata v0.19.2
  Downloaded digest v0.10.7
  Downloaded autocfg v1.5.1
  Downloaded dunce v1.0.5
  Downloaded axum-core v0.5.6
  Downloaded base64 v0.22.1
  Downloaded core-graphics v0.25.0
  Downloaded base64ct v1.8.3
  Downloaded dpi v0.1.2
  Downloaded anyhow v1.0.104
  Downloaded cfg-if v1.0.4
  Downloaded block2 v0.6.2
  Downloaded arrayvec v0.7.8
  Downloaded aho-corasick v1.1.5
  Downloaded defmt-parser v1.0.0
  Downloaded cfg_aliases v0.1.1
  Downloaded crypto-common v0.1.7
  Downloaded cargo_toml v0.22.3
  Downloaded bit-set v0.8.0
  Downloaded downcast-rs v1.2.1
  Downloaded byteorder-lite v0.1.0
  Downloaded const-oid v0.9.6
  Downloaded byteorder v1.5.0
  Downloaded deranged v0.5.8
  Downloaded equivalent v1.0.2
  Downloaded errno v0.3.14
  Downloaded embed_plist v1.2.2
  Downloaded core-graphics-types v0.2.0
  Downloaded fnv v1.0.7
  Downloaded ed25519 v2.2.3
  Downloaded cpufeatures v0.2.17
  Downloaded dtor-proc-macro v0.0.6
  Downloaded dirs-sys v0.5.0
  Downloaded dirs v6.0.0
  Downloaded filedescriptor v0.8.3
  Downloaded darling_macro v0.24.1
  Downloaded ctor-proc-macro v0.0.7
  Downloaded dtor v0.3.0
  Downloaded foldhash v0.2.0
  Downloaded core-foundation v0.9.4
  Downloaded cargo-platform v0.1.9
  Downloaded dtoa-short v0.3.5
  Downloaded ctor v0.8.0
  Downloaded defmt-macros v1.1.1
  Downloaded rand_pcg v0.10.2
  Downloaded precomputed-hash v0.1.1
  Downloaded potential_utf v0.1.6
  Downloaded phf_generator v0.13.1
  Downloaded extended v0.1.0
  Downloaded cookie v0.18.2
  Downloaded bs58 v0.5.1
  Downloaded displaydoc v0.2.7
  Downloaded bitflags v1.3.2
  Downloaded dasp_sample v0.11.0
  Downloaded cssparser v0.36.0
  Downloaded fastrand v2.5.0
  Downloaded erased-serde v0.4.10
  Downloaded fsevent-sys v4.1.0
  Downloaded core-foundation-sys v0.8.7
  Downloaded form_urlencoded v1.2.2
  Downloaded dispatch2 v0.3.1
  Downloaded http-body v1.1.0
  Downloaded embed-resource v3.0.11
  Downloaded find-msvc-tools v0.1.12
  Downloaded parking_lot_core v0.9.12
  Downloaded cfb v0.7.3
  Downloaded lazy_static v1.5.0
  Downloaded darling v0.24.1
  Downloaded flate2 v1.1.10
  Downloaded multiversion_no_op v1.0.0
  Downloaded bytemuck v1.25.2
  Downloaded chacha20 v0.10.2
  Downloaded filetime v0.2.29
  Downloaded dom_query v0.27.0
  Downloaded minisign-verify v0.2.5
  Downloaded rustc_version v0.4.1
  Downloaded rustc-hash v2.1.3
  Downloaded crossbeam-channel v0.5.17
  Downloaded notify-types v2.1.0
  Downloaded icu_normalizer_data v2.3.0
  Downloaded icu_locale_core v2.3.0
  Downloaded objc2-core-audio v0.3.2
  Downloaded ref-cast v1.0.27
  Downloaded icu_properties v2.3.0
  Downloaded objc2-core-audio-types v0.3.2
  Downloaded ref-cast-impl v1.0.27
  Downloaded powerfmt v0.2.0
  Downloaded num-rational v0.4.2
  Downloaded cpal v0.17.3
  Downloaded objc2-user-notifications v0.3.2
  Downloaded hashbrown v0.17.1
  Downloaded icu_collections v2.3.0
  Downloaded hyper v1.11.1
  Downloaded phf_shared v0.13.1
  Downloaded brotli-decompressor v5.0.3
  Downloaded derive_more-impl v2.1.1
  Downloaded pkcs8 v0.10.2
  Downloaded tauri-winres v0.3.6
  Downloaded thiserror v2.0.20
  Downloaded curve25519-dalek v4.1.3
  Downloaded time-macros v0.2.32
  Downloaded tauri-plugin-process v2.3.1
  Downloaded toml_datetime v1.1.1+spec-1.1.0
  Downloaded pin-project-lite v0.2.17
  Downloaded chrono v0.4.45
  Downloaded toml_parser v1.1.3+spec-1.1.0
  Downloaded litemap v0.8.3
  Downloaded tracing-attributes v0.1.31
  Downloaded tracing-core v0.1.36
  Downloaded derive_more v2.1.1
  Downloaded der v0.7.10
  Downloaded foreign-types-macros v0.2.4
  Downloaded yoke-derive v0.8.2
  Downloaded version_check v0.9.5
  Downloaded untrusted v0.9.0
  Downloaded unic-ucd-ident v0.9.0
  Downloaded system-configuration-sys v0.6.0
  Downloaded tokio-util v0.7.19
  Downloaded system-configuration v0.7.0
  Downloaded ppv-lite86 v0.2.21
  Downloaded foreign-types v0.5.0
  Downloaded zmij v1.0.23
  Downloaded sha1 v0.10.7
  Downloaded walkdir v2.5.0
  Downloaded rand_core v0.6.4
  Downloaded thiserror v1.0.69
  Downloaded unic-char-property v0.9.0
  Downloaded shell-words v1.1.1
  Downloaded serialize-to-javascript-impl v0.1.2
  Downloaded symphonia-metadata v0.5.5
  Downloaded rand_chacha v0.9.0
  Downloaded rand_chacha v0.3.1
  Downloaded quote v1.0.47
  Downloaded quinn-udp v0.5.15
  Downloaded unic-ucd-version v0.9.0
  Downloaded unic-common v0.9.0
  Downloaded unic-char-range v0.9.0
  Downloaded notify v8.2.0
  Downloaded matchit v0.8.4
  Downloaded glob v0.3.4
  Downloaded yoke v0.8.3
  Downloaded tauri v2.11.5
  Downloaded writeable v0.6.4
  Downloaded futures-core v0.3.34
  Downloaded tendril v0.5.1
  Downloaded foreign-types-shared v0.3.1
  Downloaded toml v1.1.6+spec-1.1.0
  Downloaded futures-channel v0.3.34
  Downloaded httpdate v1.0.3
  Downloaded zerovec-derive v0.11.6
  Downloaded memchr v2.8.3
  Downloaded hyper-rustls v0.27.9
  Downloaded hashbrown v0.12.3
  Downloaded json-patch v3.0.1
  Downloaded toml v0.9.12+spec-1.1.0
  Downloaded markup5ever v0.38.0
  Downloaded jiff-core v0.1.0
  Downloaded mach2 v0.5.0
  Downloaded num-traits v0.2.19
  Downloaded icu_properties_data v2.3.0
  Downloaded objc2-encode v4.1.0
  Downloaded wry v0.55.1
  Downloaded zlib-rs v0.6.7
  Downloaded objc2-core-text v0.3.2
  Downloaded objc2-core-graphics v0.3.2
  Downloaded sync_wrapper v1.0.2
  Downloaded thiserror-impl v1.0.69
  Downloaded tokio-macros v2.7.2
  Downloaded tauri-runtime-wry v2.11.4
  Downloaded tokio-test v0.4.5
  Downloaded tokio-stream v0.1.19
  Downloaded webpki-roots v0.26.11
  Downloaded getrandom v0.3.4
  Downloaded web_atoms v0.2.6
  Downloaded tokio-tungstenite v0.29.0
  Downloaded tower v0.5.3
  Downloaded tokio-rustls v0.26.5
  Downloaded siphasher v1.0.3
  Downloaded signature v2.2.0
  Downloaded shlex v2.0.1
  Downloaded rustversion v1.0.23
  Downloaded itoa v1.0.18
  Downloaded ipnet v2.12.2
  Downloaded infer v0.19.0
  Downloaded http v1.5.0
  Downloaded http-body-util v0.1.5
  Downloaded rand_core v0.9.5
  Downloaded tauri-macros v2.6.3
  Downloaded phf_codegen v0.13.1
  Downloaded tokio v1.53.1
  Downloaded tinyvec_macros v0.1.1
  Downloaded parking_lot v0.12.5
  Downloaded objc2-exception-helper v0.1.1
  Downloaded syn v3.0.5
  Downloaded tinystr v0.8.4
  Downloaded time-core v0.1.9
  Downloaded tauri-runtime v2.11.3
  Downloaded tauri-plugin-updater v2.11.0
  Downloaded thiserror-impl v2.0.20
  Downloaded tinyvec v1.13.2
  Downloaded tauri-plugin-notification v2.4.0
  Downloaded tower-http v0.6.11
  Downloaded mime_guess v2.0.5
  Downloaded getrandom v0.2.17
  Downloaded mime v0.3.17
  Downloaded lru-slab v0.1.2
  Downloaded ident_case v1.0.1
  Downloaded idna_adapter v1.2.2
  Downloaded tower-layer v0.3.3
  Downloaded tauri-plugin v2.6.3
  Downloaded futures-util v0.3.34
  Downloaded tauri-codegen v2.6.3
  Downloaded getrandom v0.4.3
  Downloaded option-ext v0.2.0
  Downloaded objc2-osa-kit v0.3.2
  Downloaded objc2-io-surface v0.3.2
  Downloaded futures-macro v0.3.34
  Downloaded tower-http v0.7.1
  Downloaded tauri-plugin-dialog v2.7.3
  Downloaded zerofrom v0.1.8
  Downloaded utf8_iter v1.0.4
  Downloaded phf_macros v0.13.1
  Downloaded heck v0.5.0
  Downloaded phf v0.13.1
  Downloaded hex v0.4.3
  Downloaded url v2.5.8
  Downloaded objc2-audio-toolbox v0.3.2
  Downloaded tauri-build v2.6.3
  Downloaded typenum v1.20.1
  Downloaded unicase v2.9.0
  Downloaded symphonia-utils-xiph v0.5.5
  Downloaded zerotrie v0.2.5
  Downloaded want v0.3.1
  Downloaded synstructure v0.13.2
  Downloaded osakit v0.3.1
  Downloaded zeroize v1.9.0
  Downloaded tar v0.4.46
  Downloaded percent-encoding v2.3.2
  Downloaded html5ever v0.38.0
  Downloaded try-lock v0.2.5
  Downloaded httparse v1.10.1
  Downloaded tower-service v0.3.3
  Downloaded zerovec v0.11.8
  Downloaded idna v1.1.0
  Downloaded tray-icon v0.24.2
  Downloaded objc2-core-foundation v0.3.2
  Downloaded urlpattern v0.3.0
  Downloaded unicode-ident v1.0.24
  Downloaded objc2-foundation v0.3.2
  Downloaded zerofrom-derive v0.1.7
  Downloaded raw-window-handle v0.6.2
  Downloaded winnow v0.7.15
  Downloaded tracing v0.1.44
  Downloaded serialize-to-javascript v0.1.2
  Downloaded serial2 v0.2.38
  Downloaded security-framework-sys v2.17.0
  Downloaded scopeguard v1.2.0
  Downloaded rand_core v0.10.1
  Downloaded time v0.3.55
  Downloaded subtle v2.6.1
  Downloaded strsim v0.11.1
  Downloaded smallvec v1.16.1
  Downloaded slab v0.4.12
  Downloaded simdutf8 v0.1.5
  Downloaded servo_arc v0.4.3
  Downloaded iana-time-zone v0.1.65
  Downloaded lock_api v0.4.14
  Downloaded same-file v1.0.6
  Downloaded serde_spanned v1.1.1
  Downloaded serde_repr v0.1.21
  Downloaded moxcms v0.8.1
  Downloaded symphonia-format-ogg v0.5.5
  Downloaded plist v1.10.1
  Downloaded serde_path_to_error v0.1.20
  Downloaded rustls-pki-types v1.15.1
  Downloaded string_cache_codegen v0.6.1
  Downloaded serde-untagged v0.1.9
  Downloaded schemars_derive v0.8.22
  Downloaded sha2 v0.10.9
  Downloaded window-vibrancy v0.6.0
  Downloaded symphonia-codec-pcm v0.5.5
  Downloaded symphonia v0.5.5
  Downloaded stable_deref_trait v1.2.1
  Downloaded nix v0.28.0
  Downloaded symphonia-codec-aac v0.5.5
  Downloaded symphonia-bundle-flac v0.5.5
  Downloaded string_cache v0.9.0
  Downloaded sharded-slab v0.1.7
  Downloaded symphonia-format-riff v0.5.5
  Downloaded objc2-app-kit v0.3.2
  Downloaded symphonia-format-isomp4 v0.5.5
  Downloaded swift-rs v1.0.8
  Downloaded serde_core v1.0.229
  Downloaded rustls-webpki v0.103.15
  Downloaded futures-io v0.3.34
  Downloaded num-conv v0.2.2
  Downloaded selectors v0.36.1
  Downloaded schemars v0.8.22
  Downloaded nu-ansi-term v0.50.3
  Downloaded rand v0.10.2
  Downloaded num-integer v0.1.47
  Downloaded symphonia-bundle-mp3 v0.5.5
  Downloaded new_debug_unreachable v1.0.6
  Downloaded schemars v1.2.2
  Downloaded typeid v1.0.3
  Downloaded once_cell v1.21.4
  Downloaded png v0.18.1
  Downloaded serde_derive v1.0.229
  Downloaded schemars v0.9.0
  Downloaded keyboard-types v0.7.0
  Downloaded quinn v0.11.11
  Downloaded regex v1.13.1
  Downloaded rand v0.8.8
  Downloaded png v0.17.16
  Downloaded socket2 v0.6.5
  Downloaded reqwest v0.12.28
  Downloaded symphonia-core v0.5.5
  Downloaded reqwest v0.13.5
  Downloaded tungstenite v0.29.0
  Downloaded miniz_oxide v0.9.1
  Downloaded muda v0.19.3
  Downloaded num-bigint v0.4.8
  Downloaded serde_json v1.0.151
  Downloaded mio v1.2.3
  Downloaded quinn-proto v0.11.17
  Downloaded quick-xml v0.42.0
  Downloaded serde_with v3.23.0
  Downloaded miniz_oxide v0.8.9
  Downloaded rodio v0.22.2
  Downloaded webpki-roots v1.0.9
  Downloaded serde v1.0.229
  Downloaded objc2 v0.6.4
  Downloaded security-framework v3.7.0
  Downloaded zerocopy v0.8.57
  Downloaded rustls v0.23.44
  Downloaded image v0.25.10
  Downloaded rustix v1.1.4
  Downloaded regex-syntax v0.8.11
  Downloaded rand v0.9.5
  Downloaded ryu v1.0.23
  Downloaded symphonia-codec-vorbis v0.5.5
  Downloaded spki v0.7.3
  Downloaded serde_derive_internals v0.29.1
  Downloaded semver v1.0.28
  Downloaded serde_with_macros v3.23.0
  Downloaded serde_urlencoded v0.7.1
  Downloaded rustls-platform-verifier v0.7.0
  Downloaded rfd v0.16.0
  Downloaded regex-automata v0.4.18
  Downloaded simd-adler32 v0.3.10
  Downloaded signal-hook-registry v1.4.8
  Downloaded proc-macro2 v1.0.107
  Downloaded jsonptr v0.6.3
  Downloaded indexmap v1.9.3
  Downloaded hyper-util v0.1.20
  Downloaded futures-task v0.3.34
  Downloaded futures-sink v0.3.34
  Downloaded xattr v1.6.1
  Downloaded winnow v1.0.4
  Downloaded unicode-segmentation v1.13.3
  Downloaded tracing-subscriber v0.3.23
  Downloaded pxfm v0.1.30
  Downloaded tracing-log v0.2.0
  Downloaded thread_local v1.1.10
  Downloaded tauri-plugin-fs v2.5.2
  Downloaded syn v2.0.119
  Downloaded objc2-web-kit v0.3.2
  Downloaded jiff v0.2.35
  Downloaded tao v0.35.3
  Downloaded libc v0.2.189
  Downloaded indexmap v2.14.2
  Downloaded brotli v8.0.4
  Downloaded tauri-utils v2.9.3
  Downloaded mac-notification-sys v0.6.15
  Downloaded notify-rust v4.18.0
  Downloaded log v0.4.34
  Downloaded icu_provider v2.3.1
  Downloaded ico v0.5.0
  Downloaded uuid v1.26.1
  Downloaded toml_writer v1.1.2+spec-1.1.0
  Downloaded toml_datetime v0.7.5+spec-1.1.0
  Downloaded tempfile v3.27.0
  Downloaded icu_normalizer v2.3.0
  Downloaded encoding_rs v0.8.41
  Downloaded cc v1.4.5
  Downloaded bytes v1.12.1
  Downloaded darling_core v0.24.1
  Downloaded coreaudio-rs v0.14.2
  Downloaded generic-array v0.14.7
  Downloaded defmt v1.1.1
  Downloaded crc32fast v1.5.1
  Downloaded base64 v0.21.7
  Downloaded fdeflate v0.3.7
  Downloaded ring v0.17.14
  Downloaded ed25519-dalek v2.2.0
  Downloaded data-encoding v2.11.1
  Downloaded dtoa v1.0.11
  Downloaded cssparser-macros v0.6.1
  Downloaded core-foundation v0.10.1
  Downloaded crossbeam-utils v0.8.23
  Downloaded bit-vec v0.8.0
  Downloaded axum v0.8.9
  Downloaded camino v1.2.5
   Compiling proc-macro2 v1.0.107
   Compiling unicode-ident v1.0.24
   Compiling quote v1.0.47
   Compiling libc v0.2.189
   Compiling serde_core v1.0.229
   Compiling find-msvc-tools v0.1.12
   Compiling shlex v2.0.1
   Compiling parking_lot_core v0.9.12
   Compiling icu_properties_data v2.3.0
   Compiling icu_normalizer_data v2.3.0
   Compiling zmij v1.0.23
   Compiling fastrand v2.5.0
   Compiling stable_deref_trait v1.2.1
   Compiling getrandom v0.4.3
   Compiling serde v1.0.229
   Compiling smallvec v1.16.1
   Compiling cc v1.4.5
   Compiling phf_generator v0.13.1
   Compiling autocfg v1.5.1
   Compiling thiserror v2.0.20
   Compiling phf_codegen v0.13.1
   Compiling ident_case v1.0.1
   Compiling serde_json v1.0.151
   Compiling objc2 v0.6.4
   Compiling strsim v0.11.1
   Compiling objc2-exception-helper v0.1.1
   Compiling thiserror v1.0.69
   Compiling typeid v1.0.3
   Compiling bitflags v2.13.2
   Compiling erased-serde v0.4.10
   Compiling new_debug_unreachable v1.0.6
   Compiling precomputed-hash v0.1.1
   Compiling semver v1.0.28
   Compiling anyhow v1.0.104
   Compiling serde_spanned v1.1.1
   Compiling log v0.4.34
   Compiling ctor-proc-macro v0.0.7
   Compiling dtoa v1.0.11
   Compiling percent-encoding v2.3.2
   Compiling dtoa-short v0.3.5
   Compiling form_urlencoded v1.2.2
   Compiling ctor v0.8.0
   Compiling toml_datetime v1.1.1+spec-1.1.0
   Compiling tendril v0.5.1
   Compiling selectors v0.36.1
   Compiling indexmap v1.9.3
   Compiling camino v1.2.5
   Compiling version_check v0.9.5
   Compiling toml v1.1.6+spec-1.1.0
   Compiling servo_arc v0.4.3
   Compiling syn v3.0.5
   Compiling syn v2.0.119
   Compiling string_cache_codegen v0.6.1
   Compiling parking_lot v0.12.5
   Compiling web_atoms v0.2.6
   Compiling synstructure v0.13.2
   Compiling phf_macros v0.13.1
   Compiling serde_derive v1.0.229
   Compiling zerofrom-derive v0.1.7
   Compiling yoke-derive v0.8.2
   Compiling zerovec-derive v0.11.6
   Compiling displaydoc v0.2.7
   Compiling zerofrom v0.1.8
   Compiling thiserror-impl v2.0.20
   Compiling darling_core v0.24.1
   Compiling thiserror-impl v1.0.69
   Compiling phf v0.13.1
   Compiling darling_macro v0.24.1
   Compiling darling v0.24.1
   Compiling string_cache v0.9.0
   Compiling derive_more-impl v2.1.1
   Compiling uuid v1.26.1
   Compiling cssparser-macros v0.6.1
   Compiling derive_more v2.1.1
   Compiling serde_derive_internals v0.29.1
   Compiling deranged v0.5.8
   Compiling schemars v0.8.22
   Compiling bit-vec v0.8.0
   Compiling hashbrown v0.12.3
   Compiling rustc-hash v2.1.3
   Compiling bit-set v0.8.0
   Compiling time v0.3.55
   Compiling schemars_derive v0.8.22
   Compiling cfb v0.7.3
   Compiling base64 v0.21.7
   Compiling dyn-clone v1.0.20
   Compiling foldhash v0.2.0
   Compiling serde-untagged v0.1.9
   Compiling infer v0.19.0
   Compiling errno v0.3.14
   Compiling rustc_version v0.4.1
   Compiling generic-array v0.14.7
   Compiling signal-hook-registry v1.4.8
   Compiling tokio-macros v2.7.2
   Compiling mio v1.2.3
   Compiling socket2 v0.6.5
   Compiling toml_datetime v0.7.5+spec-1.1.0
   Compiling embed-resource v3.0.11
   Compiling dirs-sys v0.5.0
   Compiling tokio v1.53.1
   Compiling toml v0.9.12+spec-1.1.0
   Compiling dirs v6.0.0
   Compiling tauri-winres v0.3.6
   Compiling getrandom v0.2.17
   Compiling crc32fast v1.5.1
   Compiling yoke v0.8.3
   Compiling rustversion v1.0.23
   Compiling cssparser v0.36.0
   Compiling markup5ever v0.38.0
   Compiling swift-rs v1.0.8
   Compiling html5ever v0.38.0
   Compiling cargo-platform v0.1.9
   Compiling jsonptr v0.6.3
   Compiling cargo_metadata v0.19.2
   Compiling block2 v0.6.2
   Compiling plist v1.10.1
   Compiling serde_with_macros v3.23.0
   Compiling dispatch2 v0.3.1
   Compiling cargo_toml v0.22.3
   Compiling serde_with v3.23.0
   Compiling ring v0.17.14
   Compiling objc2-core-foundation v0.3.2
   Compiling num-traits v0.2.19
   Compiling getrandom v0.3.4
   Compiling json-patch v3.0.1
   Compiling objc2-foundation v0.3.2
   Compiling core-foundation v0.10.1
   Compiling crossbeam-utils v0.8.23
   Compiling dpi v0.1.2
   Compiling tracing-attributes v0.1.31
   Compiling cookie v0.18.2
   Compiling crypto-common v0.1.7
   Compiling block-buffer v0.10.4
   Compiling digest v0.10.7
   Compiling multiversion_no_op v1.0.0
   Compiling httparse v1.10.1
   Compiling rustls v0.23.44
   Compiling tracing v0.1.44
   Compiling flate2 v1.1.10
   Compiling zerovec v0.11.8
   Compiling zerotrie v0.2.5
   Compiling foreign-types-macros v0.2.4
   Compiling encoding_rs v0.8.41
   Compiling futures-macro v0.3.34
   Compiling dom_query v0.27.0
   Compiling foreign-types v0.5.0
   Compiling futures-util v0.3.34
   Compiling objc2-app-kit v0.3.2
   Compiling png v0.17.16
   Compiling core-graphics-types v0.2.0
   Compiling cpufeatures v0.2.17
   Compiling tauri-runtime v2.11.3
   Compiling system-configuration-sys v0.6.0
   Compiling wry v0.55.1
   Compiling crossbeam-channel v0.5.17
   Compiling sha2 v0.10.9
   Compiling objc2-web-kit v0.3.2
   Compiling ico v0.5.0
   Compiling png v0.18.1
   Compiling tauri-runtime-wry v2.11.4
   Compiling keyboard-types v0.7.0
   Compiling moxcms v0.8.1
   Compiling core-foundation v0.9.4
   Compiling serialize-to-javascript-impl v0.1.2
   Compiling hyper v1.11.1
   Compiling serialize-to-javascript v0.1.2
   Compiling muda v0.19.3
   Compiling image v0.25.10
   Compiling window-vibrancy v0.6.0
   Compiling rand_core v0.9.5
   Compiling tinystr v0.8.4
   Compiling potential_utf v0.1.6
   Compiling icu_collections v2.3.0
   Compiling icu_locale_core v2.3.0
   Compiling serde_repr v0.1.21
   Compiling rustix v1.1.4
   Compiling icu_provider v2.3.1
   Compiling rustls-webpki v0.103.15
   Compiling icu_properties v2.3.0
   Compiling icu_normalizer v2.3.0
   Compiling rand_chacha v0.9.0
   Compiling objc2-core-audio-types v0.3.2
   Compiling rand v0.9.5
   Compiling security-framework-sys v2.17.0
   Compiling mac-notification-sys v0.6.15
   Compiling objc2-core-audio v0.3.2
   Compiling cfg_aliases v0.1.1
   Compiling security-framework v3.7.0
   Compiling core-graphics v0.25.0
   Compiling objc2-audio-toolbox v0.3.2
   Compiling nix v0.28.0
   Compiling idna_adapter v1.2.2
   Compiling sha1 v0.10.7
   Compiling num-integer v0.1.47
   Compiling idna v1.1.0
   Compiling tokio-util v0.7.19
   Compiling rand_core v0.6.4
   Compiling curve25519-dalek v4.1.3
   Compiling rfd v0.16.0
   Compiling cpal v0.17.3
   Compiling url v2.5.8
   Compiling serde_urlencoded v0.7.1
   Compiling num-bigint v0.4.8
   Compiling urlpattern v0.3.0
   Compiling tao v0.35.3
   Compiling tower v0.5.3
   Compiling tauri-utils v2.9.3
   Compiling coreaudio-rs v0.14.2
   Compiling system-configuration v0.7.0
   Compiling objc2-osa-kit v0.3.2
   Compiling hyper-util v0.1.20
   Compiling mach2 v0.5.0
   Compiling filetime v0.2.29
   Compiling osakit v0.3.1
   Compiling num-rational v0.4.2
   Compiling rand_chacha v0.3.1
   Compiling axum-core v0.5.6
   Compiling tokio-stream v0.1.19
   Compiling filedescriptor v0.8.3
   Compiling serial2 v0.2.38
   Compiling fsevent-sys v4.1.0
   Compiling notify-types v2.1.0
   Compiling serde_path_to_error v0.1.20
   Compiling tokio-test v0.4.5
   Compiling rand v0.8.8
   Compiling notify v8.2.0
   Compiling tower-http v0.7.1
   Compiling objc2-user-notifications v0.3.2
   Compiling objc2-core-text v0.3.2
   Compiling objc2-core-graphics v0.3.2
   Compiling tokio-rustls v0.26.5
   Compiling rustls-platform-verifier v0.7.0
   Compiling tungstenite v0.29.0
   Compiling tower-http v0.6.11
   Compiling hyper-rustls v0.27.9
   Compiling tokio-tungstenite v0.29.0
   Compiling axum v0.8.9
   Compiling reqwest v0.13.5
   Compiling reqwest v0.12.28
   Compiling xattr v1.6.1
   Compiling tempfile v3.27.0
   Compiling notify-rust v4.18.0
   Compiling tar v0.4.46
   Compiling ed25519-dalek v2.2.0
   Compiling portable-pty v0.9.0 (/Users/indo/code/project/orca-lite-wt/herdr-resume-01a097f8/src-tauri/vendor/portable-pty)
   Compiling symphonia-metadata v0.5.5
   Compiling symphonia-utils-xiph v0.5.5
   Compiling symphonia-format-riff v0.5.5
   Compiling symphonia-bundle-mp3 v0.5.5
   Compiling symphonia-bundle-flac v0.5.5
   Compiling symphonia-format-isomp4 v0.5.5
   Compiling symphonia-format-ogg v0.5.5
   Compiling symphonia-codec-vorbis v0.5.5
   Compiling symphonia v0.5.5
   Compiling rodio v0.22.2
   Compiling tauri-plugin v2.6.3
   Compiling tauri-build v2.6.3
   Compiling tauri-codegen v2.6.3
   Compiling tauri-plugin-fs v2.5.2
   Compiling tauri-plugin-notification v2.4.0
   Compiling tauri-plugin-process v2.3.1
   Compiling tauri-plugin-updater v2.11.0
   Compiling tauri-plugin-dialog v2.7.3
   Compiling tauri v2.11.5
   Compiling ferryx v2026.908.1 (/Users/indo/code/project/orca-lite-wt/herdr-resume-01a097f8/src-tauri)
   Compiling tauri-macros v2.6.3
warning: unnecessary `unsafe` block
  --> src/macos_file_drop.rs:79:28
   |
79 |             let location = unsafe { info.draggingLocation() };
   |                            ^^^^^^ unnecessary `unsafe` block
   |
   = note: `#[warn(unused_unsafe)]` (part of `#[warn(unused)]`) on by default

warning: unnecessary `unsafe` block
  --> src/macos_file_drop.rs:80:25
   |
80 |             let point = unsafe { self.convertPoint_fromView(location, None) };
   |                         ^^^^^^ unnecessary `unsafe` block

warning: unnecessary `unsafe` block
   --> src/macos_file_drop.rs:102:46
    |
102 |     let pasteboard: Retained<NSPasteboard> = unsafe { info.draggingPasteboard() };
    |                                              ^^^^^^ unnecessary `unsafe` block

warning: unnecessary `unsafe` block
   --> src/macos_file_drop.rs:105:25
    |
105 |     if let Some(list) = unsafe { pasteboard.propertyListForType(&legacy) } {
    |                         ^^^^^^ unnecessary `unsafe` block

warning: unnecessary `unsafe` block
   --> src/macos_file_drop.rs:122:25
    |
122 |     if let Some(text) = unsafe { pasteboard.stringForType(file_url_type) } {
    |                         ^^^^^^ unnecessary `unsafe` block

warning: unnecessary `unsafe` block
   --> src/macos_file_drop.rs:123:28
    |
123 |         if let Some(url) = unsafe { NSURL::URLWithString(&text) } {
    |                            ^^^^^^ unnecessary `unsafe` block

warning: unnecessary `unsafe` block
   --> src/macos_file_drop.rs:124:33
    |
124 |             if let Some(path) = unsafe { url.path() } {
    |                                 ^^^^^^ unnecessary `unsafe` block

warning: unnecessary `unsafe` block
   --> src/macos_file_drop.rs:169:5
    |
169 |     unsafe { view.registerForDraggedTypes(&types) };
    |     ^^^^^^ unnecessary `unsafe` block

warning: unused variable: `token`
    --> src/remote/auth.rs:1399:14
     |
1399 |         let (token, device) = auth
     |              ^^^^^ help: if this is intentional, prefix it with an underscore: `_token`
     |
     = note: `#[warn(unused_variables)]` (part of `#[warn(unused)]`) on by default

warning: unused variable: `scroll_daemon_client`
   --> src/lib.rs:918:9
    |
918 |     let scroll_daemon_client = Arc::clone(&daemon_client);
    |         ^^^^^^^^^^^^^^^^^^^^ help: if this is intentional, prefix it with an underscore: `_scroll_daemon_client`

warning: method `machine_sessions` is never used
   --> src/daemon/session_service.rs:366:19
    |
227 | impl DaemonSessionService {
    | ------------------------- method in this implementation
...
366 |     pub(crate) fn machine_sessions(&self, epoch: crate::scoped_contracts::Epoch) -> Result<crate::remote::machine_protocol::Sessions, Str...
    |                   ^^^^^^^^^^^^^^^^
    |
    = note: `#[warn(dead_code)]` (part of `#[warn(unused)]`) on by default

warning: field `app` is never read
  --> src/ipc/notifications.rs:28:5
   |
27 | pub struct TauriNotificationBackend<R: Runtime> {
   |            ------------------------ field in this struct
28 |     app: AppHandle<R>,
   |     ^^^

warning: constant `GHOSTTY_TERMINAL_SCREEN_PRIMARY` is never used
  --> src/native_terminal/sys/constants.rs:56:11
   |
56 | pub const GHOSTTY_TERMINAL_SCREEN_PRIMARY: c_int = 0;
   |           ^^^^^^^^^^^^^^^^^^^^^^^^^^^^^^^

warning: function `no_auth_query` is never used
    --> src/remote/server.rs:3135:12
     |
3135 |         fn no_auth_query() -> AuthQuery {
     |            ^^^^^^^^^^^^^

warning: struct `WriterLeaseGuard` is never constructed
  --> src/worktree/manager.rs:86:19
   |
86 | pub(crate) struct WriterLeaseGuard {
   |                   ^^^^^^^^^^^^^^^^

warning: associated items `new`, `canonical_path`, and `owner_id` are never used
   --> src/worktree/manager.rs:93:8
    |
 92 | impl WriterLeaseGuard {
    | --------------------- associated items in this implementation
 93 |     fn new(registry: WriterLeaseRegistry, canonical_path: PathBuf, owner_id: String) -> Self {
    |        ^^^
...
101 |     pub(crate) fn canonical_path(&self) -> &Path {
    |                   ^^^^^^^^^^^^^^
...
105 |     pub(crate) fn owner_id(&self) -> &str {
    |                   ^^^^^^^^

warning: method `acquire_writer_lease` is never used
   --> src/worktree/manager.rs:338:19
    |
134 | impl WorktreeManager {
    | -------------------- method in this implementation
...
338 |     pub(crate) fn acquire_writer_lease(
    |                   ^^^^^^^^^^^^^^^^^^^^

warning: `ferryx` (lib test) generated 17 warnings (run `cargo fix --lib -p ferryx --tests` to apply 2 suggestions)
    Finished `test` profile [unoptimized + debuginfo] target(s) in 1m 14s
     Running unittests src/lib.rs (src-tauri/target/debug/deps/ferryx_lib-8ab521b134f63f3f)

running 30 tests
test paired_host::client::tests::ambiguous_journal_never_repeats_mutation ... ok
test paired_host::client::tests::capability_absence_fails_closed ... ok
test paired_host::client::tests::generation_cancels_blocked_http_without_release ... ok
test paired_host::client::tests::operation_requires_machine_workspace_capability ... ok
test paired_host::client::tests::pending_mutation_response_retains_request_and_ambiguity ... ok
test paired_host::client::tests::predecessor_epoch_and_additive_capabilities_are_preserved ... ok
test paired_host::client::tests::real_http_non_json_redirect_and_body_limit ... ok
test paired_host::client::tests::real_machine_catalog_replay_checks_digest_and_preserves_metadata ... FAILED
test paired_host::client::tests::response_provenance_is_fenced_over_http ... ok
test paired_host::client::tests::wrong_authenticated_machine_cannot_be_adopted ... ok
test paired_host::inventory_tests::actual_write_failure_keeps_disk_and_legacy_authority_and_fences_leases ... ok
test paired_host::inventory_tests::corrupt_unknown_newer_and_external_replacement_never_overwrite ... ok
test paired_host::inventory_tests::fixture_loopback_store_roundtrips_but_production_fails_closed ... ok
test paired_host::inventory_tests::migration_requires_host_proof_and_verified_copy_and_preserves_source ... ok
test paired_host::inventory_tests::mirror_and_unknown_do_not_become_machine_authority ... ok
test paired_host::inventory_tests::origin_normalization_is_identity_stable ... ok
test paired_host::inventory_tests::public_http_and_userinfo_fail_closed ... ok
test paired_host::inventory_tests::re_pair_forget_and_revoke_cancel_only_captured_host_across_restart ... ok
test paired_host::inventory_tests::real_private_persistence_restart_and_secret_exclusion ... ok
test paired_host::inventory_tests::test_loopback_is_explicit_and_not_a_production_origin ... ok
test paired_host::native_ambiguity_tests::mutation_native_transport_failure_retains_identity ... ok
test paired_host::native_ambiguity_tests::native_35s_deadline_retains_mutation_reconciliation ... ok
test paired_host::native_ambiguity_tests::read_only_native_transport_failure_is_not_ambiguous ... ok
test paired_host::projects::tests::metadata_and_unavailable_identity_are_lossless ... ok
test paired_host::proxy_tests::native_actor_delivers_controls_and_output_without_local_pty ... ok
test paired_host::proxy_tests::native_registry_routes_paired_ids_without_local_fallback ... ok
test paired_host::proxy_tests::paired_socket_decodes_output_and_fences_input_without_local_pty ... ok
test paired_host::service::native_transport_tests::paused_authenticated_response_cannot_adopt_after_repair_or_forget ... ok
test paired_host::service::native_transport_tests::redirect_never_forwards_credential_and_failed_migration_preserves_source ... ok
test paired_host::service::native_transport_tests::secret_debug_and_production_origin_policy ... ok

failures:

---- paired_host::client::tests::real_machine_catalog_replay_checks_digest_and_preserves_metadata stdout ----

thread 'paired_host::client::tests::real_machine_catalog_replay_checks_digest_and_preserves_metadata' (2870687) panicked at src/paired_host/client_tests.rs:368:5:
assertion failed: project.metadata.git_root.is_none()
note: run with `RUST_BACKTRACE=1` environment variable to display a backtrace


failures:
    paired_host::client::tests::real_machine_catalog_replay_checks_digest_and_preserves_metadata

test result: FAILED. 29 passed; 1 failed; 0 ignored; 0 measured; 995 filtered out; finished in 0.78s

error: test failed, to rerun pass `--lib`
TEST_EXIT=101
$ cargo check --locked --manifest-path src-tauri/Cargo.toml --no-default-features --lib
    Checking cfg-if v1.0.4
   Compiling siphasher v1.0.3
    Checking log v0.4.34
    Checking libc v0.2.189
    Checking serde_core v1.0.229
   Compiling memchr v2.8.3
   Compiling num-conv v0.2.2
   Compiling time-core v0.1.9
   Compiling itoa v1.0.18
   Compiling zerofrom v0.1.8
   Compiling litemap v0.8.3
   Compiling writeable v0.6.4
    Checking objc2-exception-helper v0.1.1
   Compiling semver v1.0.28
   Compiling zmij v1.0.23
   Compiling utf8_iter v1.0.4
   Compiling phf_shared v0.13.1
    Checking objc2-encode v4.1.0
   Compiling scopeguard v1.2.0
   Compiling yoke v0.8.3
   Compiling parking_lot_core v0.9.12
   Compiling icu_normalizer_data v2.3.0
   Compiling icu_properties_data v2.3.0
   Compiling winnow v1.0.4
   Compiling serde_spanned v1.1.1
   Compiling toml_writer v1.1.2+spec-1.1.0
    Checking bitflags v2.13.2
    Checking objc2 v0.6.4
   Compiling zerovec v0.11.8
   Compiling zerotrie v0.2.5
   Compiling lock_api v0.4.14
   Compiling getrandom v0.4.3
    Checking once_cell v1.21.4
   Compiling toml_datetime v1.1.1+spec-1.1.0
   Compiling byteorder v1.5.0
   Compiling unic-char-range v0.9.0
   Compiling phf_generator v0.13.1
   Compiling tinystr v0.8.4
   Compiling potential_utf v0.1.6
   Compiling serde_json v1.0.151
   Compiling aho-corasick v1.1.5
   Compiling uuid v1.26.1
    Checking stable_deref_trait v1.2.1
   Compiling unic-common v0.9.0
   Compiling icu_collections v2.3.0
   Compiling icu_locale_core v2.3.0
    Checking bytes v1.12.1
   Compiling parking_lot v0.12.5
   Compiling phf_macros v0.13.1
   Compiling phf_codegen v0.13.1
   Compiling string_cache_codegen v0.6.1
   Compiling toml_parser v1.1.3+spec-1.1.0
   Compiling regex-syntax v0.8.11
   Compiling alloc-no-stdlib v2.0.4
   Compiling unic-ucd-version v0.9.0
   Compiling unic-char-property v0.9.0
   Compiling selectors v0.36.1
   Compiling phf v0.13.1
   Compiling toml v1.1.6+spec-1.1.0
   Compiling swift-rs v1.0.8
   Compiling typeid v1.0.3
   Compiling alloc-stdlib v0.2.4
   Compiling hashbrown v0.17.1
   Compiling powerfmt v0.2.0
   Compiling equivalent v1.0.2
    Checking block2 v0.6.2
   Compiling web_atoms v0.2.6
   Compiling fnv v1.0.7
   Compiling erased-serde v0.4.10
   Compiling brotli-decompressor v5.0.3
   Compiling time v0.3.55
   Compiling unic-ucd-ident v0.9.0
   Compiling jsonptr v0.6.3
   Compiling icu_provider v2.3.1
    Checking serde v1.0.229
   Compiling cfb v0.7.3
    Checking dispatch2 v0.3.1
   Compiling cssparser v0.36.0
   Compiling quick-xml v0.42.0
   Compiling thiserror v1.0.69
   Compiling thiserror v2.0.20
   Compiling string_cache v0.9.0
   Compiling dunce v1.0.5
   Compiling icu_normalizer v2.3.0
   Compiling icu_properties v2.3.0
    Checking objc2-core-foundation v0.3.2
   Compiling base64 v0.23.1
   Compiling same-file v1.0.6
   Compiling indexmap v2.14.2
   Compiling cargo_metadata v0.19.2
   Compiling infer v0.19.0
   Compiling json-patch v3.0.1
   Compiling walkdir v2.5.0
   Compiling serde-untagged v0.1.9
   Compiling ctor v0.8.0
   Compiling idna_adapter v1.2.2
   Compiling serde_with v3.23.0
   Compiling anyhow v1.0.104
   Compiling http v1.5.0
   Compiling glob v0.3.4
    Checking objc2-foundation v0.3.2
    Checking errno v0.3.14
   Compiling brotli v8.0.4
    Checking pin-project-lite v0.2.17
   Compiling idna v1.1.0
   Compiling regex-automata v0.4.18
   Compiling rustc_version v0.4.1
    Checking percent-encoding v2.3.2
    Checking core-foundation-sys v0.8.7
   Compiling url v2.5.8
    Checking form_urlencoded v1.2.2
   Compiling schemars v0.8.22
    Checking signal-hook-registry v1.4.8
    Checking mio v1.2.3
    Checking socket2 v0.6.5
   Compiling toml_datetime v0.7.5+spec-1.1.0
   Compiling option-ext v0.2.0
   Compiling winnow v0.7.15
   Compiling regex v1.13.1
   Compiling embed-resource v3.0.11
   Compiling heck v0.5.0
    Checking getrandom v0.2.17
    Checking tokio v1.53.1
   Compiling dirs-sys v0.5.0
   Compiling tauri-winres v0.3.6
   Compiling urlpattern v0.3.0
    Checking zeroize v1.9.0
    Checking futures-core v0.3.34
   Compiling toml v0.9.12+spec-1.1.0
   Compiling dirs v6.0.0
    Checking deranged v0.5.8
   Compiling time-macros v0.2.32
    Checking lazy_static v1.5.0
   Compiling simd-adler32 v0.3.10
    Checking rustls-pki-types v1.15.1
    Checking core-foundation v0.10.1
    Checking tracing-core v0.1.36
   Compiling adler2 v2.0.1
    Checking bitflags v1.3.2
   Compiling typenum v1.20.1
   Compiling markup5ever v0.38.0
    Checking arrayvec v0.7.8
    Checking num-traits v0.2.19
    Checking getrandom v0.3.4
   Compiling cargo_toml v0.22.3
    Checking raw-window-handle v0.6.2
   Compiling plist v1.10.1
    Checking symphonia-core v0.5.5
   Compiling html5ever v0.38.0
    Checking untrusted v0.9.0
    Checking subtle v2.6.1
   Compiling generic-array v0.14.7
   Compiling miniz_oxide v0.9.1
   Compiling crc32fast v1.5.1
    Checking ring v0.17.14
    Checking http-body v1.1.0
    Checking dpi v0.1.2
   Compiling dom_query v0.27.0
    Checking futures-sink v0.3.34
    Checking simdutf8 v0.1.5
   Compiling flate2 v1.1.10
    Checking rustls-webpki v0.103.15
    Checking tracing v0.1.44
   Compiling block-buffer v0.10.4
   Compiling tauri-utils v2.9.3
    Checking encoding_rs v0.8.41
   Compiling crypto-common v0.1.7
    Checking crossbeam-utils v0.8.23
   Compiling miniz_oxide v0.8.9
   Compiling fdeflate v0.3.7
    Checking futures-task v0.3.34
    Checking foreign-types-shared v0.3.1
    Checking tower-service v0.3.3
    Checking slab v0.4.12
    Checking crossbeam-channel v0.5.17
   Compiling digest v0.10.7
    Checking foreign-types v0.5.0
    Checking symphonia-metadata v0.5.5
    Checking futures-util v0.3.34
    Checking objc2-app-kit v0.3.2
   Compiling png v0.17.16
    Checking rustls v0.23.44
    Checking cookie v0.18.2
    Checking httparse v1.10.1
    Checking core-graphics-types v0.2.0
   Compiling cpufeatures v0.2.17
    Checking mime v0.3.17
   Compiling ico v0.5.0
    Checking core-graphics v0.25.0
    Checking png v0.18.1
    Checking try-lock v0.2.5
   Compiling sha2 v0.10.9
   Compiling base64 v0.22.1
    Checking tower-layer v0.3.3
    Checking unicode-segmentation v1.13.3
    Checking pxfm v0.1.30
    Checking system-configuration-sys v0.6.0
    Checking webpki-roots v1.0.9
    Checking sync_wrapper v1.0.2
    Checking futures-channel v0.3.34
    Checking want v0.3.1
    Checking core-foundation v0.9.4
    Checking httpdate v1.0.3
    Checking atomic-waker v1.1.2
    Checking byteorder-lite v0.1.0
    Checking serialize-to-javascript v0.1.2
    Checking tokio-rustls v0.26.5
    Checking keyboard-types v0.7.0
    Checking symphonia-utils-xiph v0.5.5
    Checking rand_core v0.9.5
    Checking embed_plist v1.2.2
    Checking hyper v1.11.1
    Checking ipnet v2.12.2
    Checking tower v0.5.3
    Checking http-body-util v0.1.5
    Checking system-configuration v0.7.0
    Checking objc2-core-audio-types v0.3.2
    Checking rand_chacha v0.9.0
    Checking rustix v1.1.4
    Checking moxcms v0.8.1
    Checking security-framework-sys v2.17.0
    Checking sha1 v0.10.7
    Checking tokio-util v0.7.19
    Checking num-integer v0.1.47
    Checking rand_core v0.6.4
   Compiling tauri-plugin v2.6.3
   Compiling tauri-build v2.6.3
   Compiling tauri-codegen v2.6.3
    Checking hyper-util v0.1.20
    Checking objc2-core-audio v0.3.2
    Checking tower-http v0.6.11
    Checking rand v0.9.5
   Compiling curve25519-dalek v4.1.3
    Checking ryu v1.0.23
    Checking security-framework v3.7.0
    Checking data-encoding v2.11.1
    Checking extended v0.1.0
   Compiling unicase v2.9.0
   Compiling tauri-plugin-fs v2.5.2
   Compiling tauri-plugin-dialog v2.7.3
    Checking objc2-audio-toolbox v0.3.2
   Compiling tauri-plugin-process v2.3.1
   Compiling tauri-plugin-updater v2.11.0
   Compiling tauri-plugin-notification v2.4.0
    Checking symphonia-format-riff v0.5.5
    Checking serde_urlencoded v0.7.1
    Checking xattr v1.6.1
   Compiling tauri v2.11.5
    Checking num-bigint v0.4.8
   Compiling mime_guess v2.0.5
    Checking tungstenite v0.29.0
    Checking image v0.25.10
    Checking mac-notification-sys v0.6.15
    Checking hyper-rustls v0.27.9
    Checking symphonia-format-isomp4 v0.5.5
   Compiling tauri-macros v2.6.3
    Checking symphonia-codec-vorbis v0.5.5
    Checking rustls-platform-verifier v0.7.0
    Checking symphonia-bundle-flac v0.5.5
    Checking symphonia-format-ogg v0.5.5
    Checking webpki-roots v0.26.11
    Checking symphonia-bundle-mp3 v0.5.5
    Checking symphonia-codec-aac v0.5.5
    Checking symphonia-codec-pcm v0.5.5
    Checking mach2 v0.5.0
    Checking filetime v0.2.29
    Checking dasp_sample v0.11.0
    Checking fastrand v2.5.0
    Checking signature v2.2.0
    Checking tokio-tungstenite v0.29.0
    Checking coreaudio-rs v0.14.2
    Checking num-rational v0.4.2
    Checking reqwest v0.13.5
    Checking notify-rust v4.18.0
    Checking symphonia v0.5.5
    Checking tar v0.4.46
    Checking tempfile v3.27.0
    Checking ed25519 v2.2.3
    Checking nix v0.28.0
   Compiling ferryx v2026.908.1 (/Users/indo/code/project/orca-lite-wt/herdr-resume-01a097f8/src-tauri)
    Checking rand_chacha v0.3.1
    Checking axum-core v0.5.6
    Checking filedescriptor v0.8.3
    Checking tracing-log v0.2.0
    Checking sharded-slab v0.1.7
    Checking fsevent-sys v4.1.0
    Checking serial2 v0.2.38
    Checking cpal v0.17.3
    Checking serde_path_to_error v0.1.20
    Checking notify-types v2.1.0
    Checking thread_local v1.1.10
    Checking nu-ansi-term v0.50.3
    Checking matchit v0.8.4
    Checking shell-words v1.1.1
    Checking downcast-rs v1.2.1
    Checking minisign-verify v0.2.5
    Checking rodio v0.22.2
    Checking ed25519-dalek v2.2.0
    Checking objc2-web-kit v0.3.2
    Checking tao v0.35.3
    Checking window-vibrancy v0.6.0
    Checking muda v0.19.3
    Checking objc2-osa-kit v0.3.2
    Checking rfd v0.16.0
    Checking axum v0.8.9
    Checking tracing-subscriber v0.3.23
    Checking portable-pty v0.9.0 (/Users/indo/code/project/orca-lite-wt/herdr-resume-01a097f8/src-tauri/vendor/portable-pty)
    Checking notify v8.2.0
    Checking rand v0.8.8
    Checking reqwest v0.12.28
    Checking tower-http v0.7.1
    Checking objc2-user-notifications v0.3.2
    Checking objc2-core-graphics v0.3.2
    Checking objc2-core-text v0.3.2
    Checking osakit v0.3.1
    Checking tauri-runtime v2.11.3
    Checking wry v0.55.1
    Checking tauri-runtime-wry v2.11.4
warning: unused import: `Manager`
  --> src/ipc/notifications.rs:21:24
   |
21 | use tauri::{AppHandle, Manager, Runtime, State};
   |                        ^^^^^^^
   |
   = note: `#[warn(unused_imports)]` (part of `#[warn(unused)]`) on by default

warning: unnecessary `unsafe` block
  --> src/macos_file_drop.rs:79:28
   |
79 |             let location = unsafe { info.draggingLocation() };
   |                            ^^^^^^ unnecessary `unsafe` block
   |
   = note: `#[warn(unused_unsafe)]` (part of `#[warn(unused)]`) on by default

warning: unnecessary `unsafe` block
  --> src/macos_file_drop.rs:80:25
   |
80 |             let point = unsafe { self.convertPoint_fromView(location, None) };
   |                         ^^^^^^ unnecessary `unsafe` block

warning: unnecessary `unsafe` block
   --> src/macos_file_drop.rs:102:46
    |
102 |     let pasteboard: Retained<NSPasteboard> = unsafe { info.draggingPasteboard() };
    |                                              ^^^^^^ unnecessary `unsafe` block

warning: unnecessary `unsafe` block
   --> src/macos_file_drop.rs:105:25
    |
105 |     if let Some(list) = unsafe { pasteboard.propertyListForType(&legacy) } {
    |                         ^^^^^^ unnecessary `unsafe` block

warning: unnecessary `unsafe` block
   --> src/macos_file_drop.rs:122:25
    |
122 |     if let Some(text) = unsafe { pasteboard.stringForType(file_url_type) } {
    |                         ^^^^^^ unnecessary `unsafe` block

warning: unnecessary `unsafe` block
   --> src/macos_file_drop.rs:123:28
    |
123 |         if let Some(url) = unsafe { NSURL::URLWithString(&text) } {
    |                            ^^^^^^ unnecessary `unsafe` block

warning: unnecessary `unsafe` block
   --> src/macos_file_drop.rs:124:33
    |
124 |             if let Some(path) = unsafe { url.path() } {
    |                                 ^^^^^^ unnecessary `unsafe` block

warning: unnecessary `unsafe` block
   --> src/macos_file_drop.rs:169:5
    |
169 |     unsafe { view.registerForDraggedTypes(&types) };
    |     ^^^^^^ unnecessary `unsafe` block

warning: unused variable: `scroll_daemon_client`
   --> src/lib.rs:918:9
    |
918 |     let scroll_daemon_client = Arc::clone(&daemon_client);
    |         ^^^^^^^^^^^^^^^^^^^^ help: if this is intentional, prefix it with an underscore: `_scroll_daemon_client`
    |
    = note: `#[warn(unused_variables)]` (part of `#[warn(unused)]`) on by default

warning: method `machine_sessions` is never used
   --> src/daemon/session_service.rs:366:19
    |
227 | impl DaemonSessionService {
    | ------------------------- method in this implementation
...
366 |     pub(crate) fn machine_sessions(&self, epoch: crate::scoped_contracts::Epoch) -> Result<crate::remote::machine_protocol::Sessions, Str...
    |                   ^^^^^^^^^^^^^^^^
    |
    = note: `#[warn(dead_code)]` (part of `#[warn(unused)]`) on by default

warning: field `app` is never read
  --> src/ipc/notifications.rs:28:5
   |
27 | pub struct TauriNotificationBackend<R: Runtime> {
   |            ------------------------ field in this struct
28 |     app: AppHandle<R>,
   |     ^^^

warning: constant `GHOSTTY_TERMINAL_SCREEN_PRIMARY` is never used
  --> src/native_terminal/sys/constants.rs:56:11
   |
56 | pub const GHOSTTY_TERMINAL_SCREEN_PRIMARY: c_int = 0;
   |           ^^^^^^^^^^^^^^^^^^^^^^^^^^^^^^^

warning: methods `synchronized_output_deadline`, `expire_synchronized_output`, and `finish_synchronized_output` are never used
   --> src/native_terminal/terminal.rs:169:19
    |
133 | impl NativeTerminal {
    | ------------------- methods in this implementation
...
169 |     pub(crate) fn synchronized_output_deadline(&self) -> Option<tokio::time::Instant> {
    |                   ^^^^^^^^^^^^^^^^^^^^^^^^^^^^
...
173 |     pub(crate) fn expire_synchronized_output(
    |                   ^^^^^^^^^^^^^^^^^^^^^^^^^^
...
184 |     pub(crate) fn finish_synchronized_output(&mut self) -> Result<(), NativeTerminalError> {
    |                   ^^^^^^^^^^^^^^^^^^^^^^^^^^

warning: method `wait_and_reap` is never used
   --> src/terminal/session.rs:364:19
    |
 73 | impl PtySession {
    | --------------- method in this implementation
...
364 |     pub(crate) fn wait_and_reap(&self) -> Result<Option<i32>, PtyError> {
    |                   ^^^^^^^^^^^^^

warning: function `with_local_worktree_budget` is never used
   --> src/worktree/git.rs:115:15
    |
115 | pub(crate) fn with_local_worktree_budget<T>(work: impl FnOnce() -> T) -> T {
    |               ^^^^^^^^^^^^^^^^^^^^^^^^^^

warning: struct `WriterLeaseGuard` is never constructed
  --> src/worktree/manager.rs:86:19
   |
86 | pub(crate) struct WriterLeaseGuard {
   |                   ^^^^^^^^^^^^^^^^

warning: associated items `new`, `canonical_path`, and `owner_id` are never used
   --> src/worktree/manager.rs:93:8
    |
 92 | impl WriterLeaseGuard {
    | --------------------- associated items in this implementation
 93 |     fn new(registry: WriterLeaseRegistry, canonical_path: PathBuf, owner_id: String) -> Self {
    |        ^^^
...
101 |     pub(crate) fn canonical_path(&self) -> &Path {
    |                   ^^^^^^^^^^^^^^
...
105 |     pub(crate) fn owner_id(&self) -> &str {
    |                   ^^^^^^^^

warning: method `acquire_writer_lease` is never used
   --> src/worktree/manager.rs:338:19
    |
134 | impl WorktreeManager {
    | -------------------- method in this implementation
...
338 |     pub(crate) fn acquire_writer_lease(
    |                   ^^^^^^^^^^^^^^^^^^^^

warning: `ferryx` (lib) generated 19 warnings (run `cargo fix --lib -p ferryx` to apply 2 suggestions)
    Finished `dev` profile [unoptimized + debuginfo] target(s) in 22.14s
LIB_CHECK_EXIT=0
$ cargo check --locked --manifest-path src-tauri/Cargo.toml --no-default-features --bin ferryx-cli --bin ferryx-relay
warning: unused import: `Manager`
  --> src/ipc/notifications.rs:21:24
   |
21 | use tauri::{AppHandle, Manager, Runtime, State};
   |                        ^^^^^^^
   |
   = note: `#[warn(unused_imports)]` (part of `#[warn(unused)]`) on by default

warning: unnecessary `unsafe` block
  --> src/macos_file_drop.rs:79:28
   |
79 |             let location = unsafe { info.draggingLocation() };
   |                            ^^^^^^ unnecessary `unsafe` block
   |
   = note: `#[warn(unused_unsafe)]` (part of `#[warn(unused)]`) on by default

warning: unnecessary `unsafe` block
  --> src/macos_file_drop.rs:80:25
   |
80 |             let point = unsafe { self.convertPoint_fromView(location, None) };
   |                         ^^^^^^ unnecessary `unsafe` block

warning: unnecessary `unsafe` block
   --> src/macos_file_drop.rs:102:46
    |
102 |     let pasteboard: Retained<NSPasteboard> = unsafe { info.draggingPasteboard() };
    |                                              ^^^^^^ unnecessary `unsafe` block

warning: unnecessary `unsafe` block
   --> src/macos_file_drop.rs:105:25
    |
105 |     if let Some(list) = unsafe { pasteboard.propertyListForType(&legacy) } {
    |                         ^^^^^^ unnecessary `unsafe` block

warning: unnecessary `unsafe` block
   --> src/macos_file_drop.rs:122:25
    |
122 |     if let Some(text) = unsafe { pasteboard.stringForType(file_url_type) } {
    |                         ^^^^^^ unnecessary `unsafe` block

warning: unnecessary `unsafe` block
   --> src/macos_file_drop.rs:123:28
    |
123 |         if let Some(url) = unsafe { NSURL::URLWithString(&text) } {
    |                            ^^^^^^ unnecessary `unsafe` block

warning: unnecessary `unsafe` block
   --> src/macos_file_drop.rs:124:33
    |
124 |             if let Some(path) = unsafe { url.path() } {
    |                                 ^^^^^^ unnecessary `unsafe` block

warning: unnecessary `unsafe` block
   --> src/macos_file_drop.rs:169:5
    |
169 |     unsafe { view.registerForDraggedTypes(&types) };
    |     ^^^^^^ unnecessary `unsafe` block

warning: unused variable: `scroll_daemon_client`
   --> src/lib.rs:918:9
    |
918 |     let scroll_daemon_client = Arc::clone(&daemon_client);
    |         ^^^^^^^^^^^^^^^^^^^^ help: if this is intentional, prefix it with an underscore: `_scroll_daemon_client`
    |
    = note: `#[warn(unused_variables)]` (part of `#[warn(unused)]`) on by default

warning: method `machine_sessions` is never used
   --> src/daemon/session_service.rs:366:19
    |
227 | impl DaemonSessionService {
    | ------------------------- method in this implementation
...
366 |     pub(crate) fn machine_sessions(&self, epoch: crate::scoped_contracts::Epoch) -> Result<crate::remote::machine_protocol::Sessions, Str...
    |                   ^^^^^^^^^^^^^^^^
    |
    = note: `#[warn(dead_code)]` (part of `#[warn(unused)]`) on by default

warning: field `app` is never read
  --> src/ipc/notifications.rs:28:5
   |
27 | pub struct TauriNotificationBackend<R: Runtime> {
   |            ------------------------ field in this struct
28 |     app: AppHandle<R>,
   |     ^^^

warning: constant `GHOSTTY_TERMINAL_SCREEN_PRIMARY` is never used
  --> src/native_terminal/sys/constants.rs:56:11
   |
56 | pub const GHOSTTY_TERMINAL_SCREEN_PRIMARY: c_int = 0;
   |           ^^^^^^^^^^^^^^^^^^^^^^^^^^^^^^^

warning: methods `synchronized_output_deadline`, `expire_synchronized_output`, and `finish_synchronized_output` are never used
   --> src/native_terminal/terminal.rs:169:19
    |
133 | impl NativeTerminal {
    | ------------------- methods in this implementation
...
169 |     pub(crate) fn synchronized_output_deadline(&self) -> Option<tokio::time::Instant> {
    |                   ^^^^^^^^^^^^^^^^^^^^^^^^^^^^
...
173 |     pub(crate) fn expire_synchronized_output(
    |                   ^^^^^^^^^^^^^^^^^^^^^^^^^^
...
184 |     pub(crate) fn finish_synchronized_output(&mut self) -> Result<(), NativeTerminalError> {
    |                   ^^^^^^^^^^^^^^^^^^^^^^^^^^

warning: method `wait_and_reap` is never used
   --> src/terminal/session.rs:364:19
    |
 73 | impl PtySession {
    | --------------- method in this implementation
...
364 |     pub(crate) fn wait_and_reap(&self) -> Result<Option<i32>, PtyError> {
    |                   ^^^^^^^^^^^^^

warning: function `with_local_worktree_budget` is never used
   --> src/worktree/git.rs:115:15
    |
115 | pub(crate) fn with_local_worktree_budget<T>(work: impl FnOnce() -> T) -> T {
    |               ^^^^^^^^^^^^^^^^^^^^^^^^^^

warning: struct `WriterLeaseGuard` is never constructed
  --> src/worktree/manager.rs:86:19
   |
86 | pub(crate) struct WriterLeaseGuard {
   |                   ^^^^^^^^^^^^^^^^

warning: associated items `new`, `canonical_path`, and `owner_id` are never used
   --> src/worktree/manager.rs:93:8
    |
 92 | impl WriterLeaseGuard {
    | --------------------- associated items in this implementation
 93 |     fn new(registry: WriterLeaseRegistry, canonical_path: PathBuf, owner_id: String) -> Self {
    |        ^^^
...
101 |     pub(crate) fn canonical_path(&self) -> &Path {
    |                   ^^^^^^^^^^^^^^
...
105 |     pub(crate) fn owner_id(&self) -> &str {
    |                   ^^^^^^^^

warning: method `acquire_writer_lease` is never used
   --> src/worktree/manager.rs:338:19
    |
134 | impl WorktreeManager {
    | -------------------- method in this implementation
...
338 |     pub(crate) fn acquire_writer_lease(
    |                   ^^^^^^^^^^^^^^^^^^^^

warning: `ferryx` (lib) generated 19 warnings (run `cargo fix --lib -p ferryx` to apply 2 suggestions)
    Checking ferryx v2026.908.1 (/Users/indo/code/project/orca-lite-wt/herdr-resume-01a097f8/src-tauri)
    Finished `dev` profile [unoptimized + debuginfo] target(s) in 0.36s
BIN_CHECK_EXIT=0
Isolation correction: GIT_CEILING_DIRECTORIES=$TMPDIR prevents parent-worktree discovery in non-Git fixture roots.
$ cargo test --locked --manifest-path src-tauri/Cargo.toml --no-default-features --lib paired_host:: -- --test-threads=1
warning: unnecessary `unsafe` block
  --> src/macos_file_drop.rs:79:28
   |
79 |             let location = unsafe { info.draggingLocation() };
   |                            ^^^^^^ unnecessary `unsafe` block
   |
   = note: `#[warn(unused_unsafe)]` (part of `#[warn(unused)]`) on by default

warning: unnecessary `unsafe` block
  --> src/macos_file_drop.rs:80:25
   |
80 |             let point = unsafe { self.convertPoint_fromView(location, None) };
   |                         ^^^^^^ unnecessary `unsafe` block

warning: unnecessary `unsafe` block
   --> src/macos_file_drop.rs:102:46
    |
102 |     let pasteboard: Retained<NSPasteboard> = unsafe { info.draggingPasteboard() };
    |                                              ^^^^^^ unnecessary `unsafe` block

warning: unnecessary `unsafe` block
   --> src/macos_file_drop.rs:105:25
    |
105 |     if let Some(list) = unsafe { pasteboard.propertyListForType(&legacy) } {
    |                         ^^^^^^ unnecessary `unsafe` block

warning: unnecessary `unsafe` block
   --> src/macos_file_drop.rs:122:25
    |
122 |     if let Some(text) = unsafe { pasteboard.stringForType(file_url_type) } {
    |                         ^^^^^^ unnecessary `unsafe` block

warning: unnecessary `unsafe` block
   --> src/macos_file_drop.rs:123:28
    |
123 |         if let Some(url) = unsafe { NSURL::URLWithString(&text) } {
    |                            ^^^^^^ unnecessary `unsafe` block

warning: unnecessary `unsafe` block
   --> src/macos_file_drop.rs:124:33
    |
124 |             if let Some(path) = unsafe { url.path() } {
    |                                 ^^^^^^ unnecessary `unsafe` block

warning: unnecessary `unsafe` block
   --> src/macos_file_drop.rs:169:5
    |
169 |     unsafe { view.registerForDraggedTypes(&types) };
    |     ^^^^^^ unnecessary `unsafe` block

warning: unused variable: `token`
    --> src/remote/auth.rs:1399:14
     |
1399 |         let (token, device) = auth
     |              ^^^^^ help: if this is intentional, prefix it with an underscore: `_token`
     |
     = note: `#[warn(unused_variables)]` (part of `#[warn(unused)]`) on by default

warning: unused variable: `scroll_daemon_client`
   --> src/lib.rs:918:9
    |
918 |     let scroll_daemon_client = Arc::clone(&daemon_client);
    |         ^^^^^^^^^^^^^^^^^^^^ help: if this is intentional, prefix it with an underscore: `_scroll_daemon_client`

warning: method `machine_sessions` is never used
   --> src/daemon/session_service.rs:366:19
    |
227 | impl DaemonSessionService {
    | ------------------------- method in this implementation
...
366 |     pub(crate) fn machine_sessions(&self, epoch: crate::scoped_contracts::Epoch) -> Result<crate::remote::machine_protocol::Sessions, Str...
    |                   ^^^^^^^^^^^^^^^^
    |
    = note: `#[warn(dead_code)]` (part of `#[warn(unused)]`) on by default

warning: field `app` is never read
  --> src/ipc/notifications.rs:28:5
   |
27 | pub struct TauriNotificationBackend<R: Runtime> {
   |            ------------------------ field in this struct
28 |     app: AppHandle<R>,
   |     ^^^

warning: constant `GHOSTTY_TERMINAL_SCREEN_PRIMARY` is never used
  --> src/native_terminal/sys/constants.rs:56:11
   |
56 | pub const GHOSTTY_TERMINAL_SCREEN_PRIMARY: c_int = 0;
   |           ^^^^^^^^^^^^^^^^^^^^^^^^^^^^^^^

warning: function `no_auth_query` is never used
    --> src/remote/server.rs:3135:12
     |
3135 |         fn no_auth_query() -> AuthQuery {
     |            ^^^^^^^^^^^^^

warning: struct `WriterLeaseGuard` is never constructed
  --> src/worktree/manager.rs:86:19
   |
86 | pub(crate) struct WriterLeaseGuard {
   |                   ^^^^^^^^^^^^^^^^

warning: associated items `new`, `canonical_path`, and `owner_id` are never used
   --> src/worktree/manager.rs:93:8
    |
 92 | impl WriterLeaseGuard {
    | --------------------- associated items in this implementation
 93 |     fn new(registry: WriterLeaseRegistry, canonical_path: PathBuf, owner_id: String) -> Self {
    |        ^^^
...
101 |     pub(crate) fn canonical_path(&self) -> &Path {
    |                   ^^^^^^^^^^^^^^
...
105 |     pub(crate) fn owner_id(&self) -> &str {
    |                   ^^^^^^^^

warning: method `acquire_writer_lease` is never used
   --> src/worktree/manager.rs:338:19
    |
134 | impl WorktreeManager {
    | -------------------- method in this implementation
...
338 |     pub(crate) fn acquire_writer_lease(
    |                   ^^^^^^^^^^^^^^^^^^^^

warning: `ferryx` (lib test) generated 17 warnings (run `cargo fix --lib -p ferryx --tests` to apply 2 suggestions)
    Finished `test` profile [unoptimized + debuginfo] target(s) in 0.28s
     Running unittests src/lib.rs (src-tauri/target/debug/deps/ferryx_lib-8ab521b134f63f3f)

running 30 tests
test paired_host::client::tests::ambiguous_journal_never_repeats_mutation ... ok
test paired_host::client::tests::capability_absence_fails_closed ... ok
test paired_host::client::tests::generation_cancels_blocked_http_without_release ... ok
test paired_host::client::tests::operation_requires_machine_workspace_capability ... ok
test paired_host::client::tests::pending_mutation_response_retains_request_and_ambiguity ... ok
test paired_host::client::tests::predecessor_epoch_and_additive_capabilities_are_preserved ... ok
test paired_host::client::tests::real_http_non_json_redirect_and_body_limit ... ok
test paired_host::client::tests::real_machine_catalog_replay_checks_digest_and_preserves_metadata ... ok
test paired_host::client::tests::response_provenance_is_fenced_over_http ... ok
test paired_host::client::tests::wrong_authenticated_machine_cannot_be_adopted ... ok
test paired_host::inventory_tests::actual_write_failure_keeps_disk_and_legacy_authority_and_fences_leases ... ok
test paired_host::inventory_tests::corrupt_unknown_newer_and_external_replacement_never_overwrite ... ok
test paired_host::inventory_tests::fixture_loopback_store_roundtrips_but_production_fails_closed ... ok
test paired_host::inventory_tests::migration_requires_host_proof_and_verified_copy_and_preserves_source ... ok
test paired_host::inventory_tests::mirror_and_unknown_do_not_become_machine_authority ... ok
test paired_host::inventory_tests::origin_normalization_is_identity_stable ... ok
test paired_host::inventory_tests::public_http_and_userinfo_fail_closed ... ok
test paired_host::inventory_tests::re_pair_forget_and_revoke_cancel_only_captured_host_across_restart ... ok
test paired_host::inventory_tests::real_private_persistence_restart_and_secret_exclusion ... ok
test paired_host::inventory_tests::test_loopback_is_explicit_and_not_a_production_origin ... ok
test paired_host::native_ambiguity_tests::mutation_native_transport_failure_retains_identity ... ok
test paired_host::native_ambiguity_tests::native_35s_deadline_retains_mutation_reconciliation ... ok
test paired_host::native_ambiguity_tests::read_only_native_transport_failure_is_not_ambiguous ... ok
test paired_host::projects::tests::metadata_and_unavailable_identity_are_lossless ... ok
test paired_host::proxy_tests::native_actor_delivers_controls_and_output_without_local_pty ... ok
test paired_host::proxy_tests::native_registry_routes_paired_ids_without_local_fallback ... ok
test paired_host::proxy_tests::paired_socket_decodes_output_and_fences_input_without_local_pty ... ok
test paired_host::service::native_transport_tests::paused_authenticated_response_cannot_adopt_after_repair_or_forget ... ok
test paired_host::service::native_transport_tests::redirect_never_forwards_credential_and_failed_migration_preserves_source ... ok
test paired_host::service::native_transport_tests::secret_debug_and_production_origin_policy ... ok

test result: ok. 30 passed; 0 failed; 0 ignored; 0 measured; 995 filtered out; finished in 0.58s

TEST_EXIT=0

CLEANUP: A16 isolated HOME/TMP/runtime root removed and absence asserted. No PTY created by A16 fixtures.
