$ vitest run --maxWorkers=1 src/components/ProjectDialogs.pairedDaemon.test.tsx src/components/ProjectDialogs.test.tsx src/components/RemoteDirectoryPicker.test.tsx src/lib/pairedDaemonProject.test.ts

 RUN  v3.2.7 /Users/indo/code/project/orca-lite-wt/herdr-resume-01a097f8/ui

 ✓ src/components/ProjectDialogs.test.tsx (44 tests) 342ms
 ✓ src/components/RemoteDirectoryPicker.test.tsx (12 tests) 141ms
 ✓ src/components/ProjectDialogs.pairedDaemon.test.tsx (7 tests) 110ms
 ✓ src/lib/pairedDaemonProject.test.ts (19 tests) 15ms

 Test Files  4 passed (4)
      Tests  82 passed (82)
   Start at  15:37:47
   Duration  3.33s (transform 162ms, setup 286ms, collect 1.06s, tests 608ms, environment 743ms, prepare 108ms)

$ tsc && vite build
src/components/settings/PairedMachinesSection.test.tsx(5,39): error TS2307: Cannot find module './PairedMachinesSection' or its corresponding type declarations.
$ vitest run --maxWorkers=1 src/components/ProjectDialogs.pairedDaemon.test.tsx src/components/ProjectDialogs.test.tsx src/components/RemoteDirectoryPicker.test.tsx src/lib/pairedDaemonProject.test.ts

 RUN  v3.2.7 /Users/indo/code/project/orca-lite-wt/herdr-resume-01a097f8/ui

 ✓ src/components/ProjectDialogs.test.tsx (44 tests) 378ms
 ✓ src/components/RemoteDirectoryPicker.test.tsx (12 tests) 152ms
 ✓ src/components/ProjectDialogs.pairedDaemon.test.tsx (10 tests) 125ms
 ✓ src/lib/pairedDaemonProject.test.ts (19 tests) 16ms

 Test Files  4 passed (4)
      Tests  85 passed (85)
   Start at  15:39:18
   Duration  4.18s (transform 237ms, setup 330ms, collect 1.42s, tests 670ms, environment 1.06s, prepare 138ms)

$ tsc && vite build
src/components/Sidebar.tsx(692,94): error TS2304: Cannot find name 'pairedConnectionStatus'.
src/components/Sidebar.tsx(871,114): error TS2304: Cannot find name 'pairedConnectionStatus'.
src/components/Sidebar.tsx(876,134): error TS2304: Cannot find name 'pairedConnectionStatus'.
src/state/pairedProjectWorktrees.ts(17,42): error TS2345: Argument of type 'string | undefined' is not assignable to parameter of type 'string'.
  Type 'undefined' is not assignable to type 'string'.
$ vitest run --maxWorkers=1 src/components/ProjectDialogs.pairedDaemon.test.tsx src/components/ProjectDialogs.test.tsx src/components/RemoteDirectoryPicker.test.tsx src/lib/pairedDaemonProject.test.ts

 RUN  v3.2.7 /Users/indo/code/project/orca-lite-wt/herdr-resume-01a097f8/ui

 ✓ src/components/ProjectDialogs.test.tsx (44 tests) 351ms
 ✓ src/components/RemoteDirectoryPicker.test.tsx (13 tests) 130ms
 ✓ src/components/ProjectDialogs.pairedDaemon.test.tsx (10 tests) 123ms
 ✓ src/lib/pairedDaemonProject.test.ts (19 tests) 15ms

 Test Files  4 passed (4)
      Tests  86 passed (86)
   Start at  15:40:17
   Duration  3.37s (transform 153ms, setup 302ms, collect 1.08s, tests 619ms, environment 743ms, prepare 102ms)

$ tsc && vite build
src/state/pairedProjectWorktrees.ts(17,42): error TS2345: Argument of type 'string | undefined' is not assignable to parameter of type 'string'.
  Type 'undefined' is not assignable to type 'string'.
