$ vitest run --maxWorkers=1 src/components/settings/PairedMachinesSection.test.tsx src/components/settings/pairedDaemonGate.test.ts src/lib/pairedHostInventory.test.ts src/components/settings/RemoteAccessSection.test.tsx

 RUN  v3.2.7 /Users/indo/code/project/orca-lite-wt/herdr-resume-01a097f8/ui

 ✓ src/components/settings/pairedDaemonGate.test.ts (1 test) 1ms
 ✓ src/components/settings/PairedMachinesSection.test.tsx (7 tests) 111ms
 ❯ src/components/settings/RemoteAccessSection.test.tsx (20 tests | 2 failed) 279ms
   ✓ RemoteAccessSection > counts down from 60 seconds, removes expired credentials, and regenerates 77ms
   ✓ RemoteAccessSection > uses the response lifetime when shorter than 60 seconds and cleans up its timer 11ms
   × RemoteAccessSection > never exposes a manual machine secret or token input 8ms
     → expected <input type="url" …(4)></input>
…(3) to have a length of 1 but got 4
   ✓ RemoteAccessSection > reports local readiness and only reports relay readiness with an active control channel 14ms
   ✓ RemoteAccessSection > encodes the pairing token rather than the PIN when the gateway supplies it 12ms
   ✓ RemoteAccessSection > does not probe for or display Tailscale detection 14ms
   × RemoteAccessSection > exposes a single Remote Access master switch with no per-mode selector 6ms
     → expected [ <button …(8)>…(1)</button>, …(1) ] to have a length of 1 but got 2
   ✓ RemoteAccessSection > renders a relay / signaling server URL field with the default relay placeholder 7ms
   ✓ RemoteAccessSection > does not automatically mint a pairing code when mounting with remote access enabled 9ms
   ✓ RemoteAccessSection > creates a pairing code when the user explicitly clicks Generate QR Code 14ms
   ✓ RemoteAccessSection > encodes the relay URL, PIN and direct hints into one universal QR link 15ms
   ✓ RemoteAccessSection > falls back to the host address link when no relay is configured 12ms
   ✓ RemoteAccessSection > builds relay and fallback pairing URLs from status and typed relay URL 0ms
   ✓ RemoteAccessSection > preserves an existing bound-address port in fallback links and relay hints 0ms
   ✓ RemoteAccessSection > sends the typed relay URL when enabling remote access 9ms
   ✓ RemoteAccessSection > enables local-network mode when the relay URL is left empty 8ms
   ✓ RemoteAccessSection > displays an alert when enabling the remote gateway fails 9ms
   ✓ RemoteAccessSection > displays an alert when revoking a device fails 26ms
   ✓ RemoteAccessSection > revokes a paired device after confirmation 13ms
   ✓ RemoteAccessSection > does not automatically mint a pairing code when toggling remote access on 13ms
 ✓ src/lib/pairedHostInventory.test.ts (18 tests) 9ms

⎯⎯⎯⎯⎯⎯⎯ Failed Tests 2 ⎯⎯⎯⎯⎯⎯⎯

 FAIL  src/components/settings/RemoteAccessSection.test.tsx > RemoteAccessSection > never exposes a manual machine secret or token input
AssertionError: expected <input type="url" …(4)></input>
…(3) to have a length of 1 but got 4

[32m- Expected[39m
[31m+ Received[39m

[32m- 1[39m
[31m+ 4[39m

 ❯ src/components/settings/RemoteAccessSection.test.tsx:131:54
    129|   it("never exposes a manual machine secret or token input", async () …
    130|     const view = await act(async () => render(<RemoteAccessSection />)…
    131|     expect(view.container.querySelectorAll("input")).toHaveLength(1);
       |                                                      ^
    132|     expect(view.container.querySelector('input[type="password"], input…
    133|     expect(screen.queryByLabelText(/secret|token/i)).toBeNull();

⎯⎯⎯⎯⎯⎯⎯⎯⎯⎯⎯⎯⎯⎯⎯⎯⎯⎯⎯⎯⎯⎯⎯⎯[1/2]⎯

 FAIL  src/components/settings/RemoteAccessSection.test.tsx > RemoteAccessSection > exposes a single Remote Access master switch with no per-mode selector
AssertionError: expected [ <button …(8)>…(1)</button>, …(1) ] to have a length of 1 but got 2

[32m- Expected[39m
[31m+ Received[39m

[32m- 1[39m
[31m+ 2[39m

 ❯ src/components/settings/RemoteAccessSection.test.tsx:181:22
    179| 
    180|     const switches = await screen.findAllByRole("switch");
    181|     expect(switches).toHaveLength(1);
       |                      ^
    182|     expect(switches[0]).toHaveAccessibleName("Remote Access");
    183|     expect(screen.queryByRole("radiogroup")).toBeNull();

⎯⎯⎯⎯⎯⎯⎯⎯⎯⎯⎯⎯⎯⎯⎯⎯⎯⎯⎯⎯⎯⎯⎯⎯[2/2]⎯


 Test Files  1 failed | 3 passed (4)
      Tests  2 failed | 44 passed (46)
   Start at  15:39:00
   Duration  2.31s (transform 98ms, setup 243ms, collect 546ms, tests 401ms, environment 640ms, prepare 97ms)

error: script "test" exited with code 1
$ vitest run --maxWorkers=1 src/components/settings/PairedMachinesSection.test.tsx src/components/settings/pairedDaemonGate.test.ts src/lib/pairedHostInventory.test.ts src/components/settings/RemoteAccessSection.test.tsx

 RUN  v3.2.7 /Users/indo/code/project/orca-lite-wt/herdr-resume-01a097f8/ui

 ✓ src/components/settings/RemoteAccessSection.test.tsx (20 tests) 195ms
 ✓ src/components/settings/PairedMachinesSection.test.tsx (7 tests) 104ms
 ✓ src/lib/pairedHostInventory.test.ts (18 tests) 9ms
 ✓ src/components/settings/pairedDaemonGate.test.ts (2 tests) 2ms

 Test Files  4 passed (4)
      Tests  47 passed (47)
   Start at  15:43:13
   Duration  2.38s (transform 100ms, setup 277ms, collect 518ms, tests 309ms, environment 692ms, prepare 96ms)

$ vitest run --maxWorkers=1 src/appearanceThemeContract.test.ts

 RUN  v3.2.7 /Users/indo/code/project/orca-lite-wt/herdr-resume-01a097f8/ui

 ✓ src/appearanceThemeContract.test.ts (7 tests) 11ms

 Test Files  1 passed (1)
      Tests  7 passed (7)
   Start at  15:43:32
   Duration  485ms (transform 31ms, setup 77ms, collect 9ms, tests 11ms, environment 179ms, prepare 28ms)


Build command: bun run --cwd ui build; exit 0; Node v22.22.3
$ tsc && vite build
vite v6.4.3 building for production...
transforming...
✓ 1889 modules transformed.
rendering chunks...
computing gzip size...
dist/index.html                                        3.08 kB │ gzip:   1.10 kB
dist/assets/crush-DHElXcRZ.png                         5.46 kB
dist/assets/droid-BhrKLgQ8.svg                         6.30 kB │ gzip:   2.88 kB
dist/assets/antigravity-DgAQAdn3.svg                   7.63 kB │ gzip:   1.72 kB
dist/assets/gjc-CmlXGg4z.png                          22.73 kB
dist/assets/geist-variable-CrgPqtmy.woff2             69.44 kB
dist/assets/ferryx-icon-OXRkkUvz.png                 805.82 kB
dist/assets/index-CTJQafPq.css                        78.24 kB │ gzip:  14.21 kB
dist/assets/server-BfXV8F8j.js                         0.51 kB │ gzip:   0.32 kB
dist/assets/card-Db74UYt3.js                           2.08 kB │ gzip:   0.87 kB
dist/assets/remoteHostStore-CuWlRyPK.js                4.37 kB │ gzip:   1.63 kB
dist/assets/pairedHostInventory-BhuxnOYW.js            4.59 kB │ gzip:   1.90 kB
dist/assets/PermissionsOnboardingDialog-kJCHMV-c.js    6.25 kB │ gzip:   1.85 kB
dist/assets/browser-BQhICiIZ.js                       25.78 kB │ gzip:  10.13 kB
dist/assets/RemoteApp-DIAVlu_M.js                     61.10 kB │ gzip:  18.05 kB
dist/assets/sonner-qsVEyg9h.js                        93.62 kB │ gzip:  31.08 kB
dist/assets/index-C-LvC3rs.js                        187.68 kB │ gzip:  60.14 kB
dist/assets/SettingsDialog-DasR2Nbp.js               199.47 kB │ gzip:  59.57 kB
dist/assets/App-CbSelAxZ.js                          504.72 kB │ gzip: 146.70 kB

(!) Some chunks are larger than 500 kB after minification. Consider:
- Using dynamic import() to code-split the application
- Use build.rollupOptions.output.manualChunks to improve chunking: https://rollupjs.org/configuration-options/#output-manualchunks
- Adjust chunk size limit for this warning via build.chunkSizeWarningLimit.
✓ built in 2.10s
