Parent monitor output, captured in two successive reads. Display-level line truncation, if present, is retained.
status: running
    Blocking waiting for file lock on build directory
warning: unnecessary `unsafe` block
  --> src/macos_file_drop.rs:79:28
   |
79 |             let location = unsafe { info.draggingLocation() };
   |                            ^^^^^^ unnecessary `unsafe` block
   |
   = note: `#[warn(unused_unsafe)]` (part of `#[warn(unused)]`) on by default

warning: unnecessary `unsafe` block
  --> src/macos_file_drop.rs:80:25
   |
80 |             let point = unsafe { self.convertPoint_fromView(location, None) };
   |                         ^^^^^^ unnecessary `unsafe` block

warning: unnecessary `unsafe` block
   --> src/macos_file_drop.rs:102:46
    |
102 |     let pasteboard: Retained<NSPasteboard> = unsafe { info.draggingPasteboard() };
    |                                              ^^^^^^ unnecessary `unsafe` block

warning: unnecessary `unsafe` block
   --> src/macos_file_drop.rs:105:25
    |
105 |     if let Some(list) = unsafe { pasteboard.propertyListForType(&legacy) } {
    |                         ^^^^^^ unnecessary `unsafe` block

warning: unnecessary `unsafe` block
   --> src/macos_file_drop.rs:122:25
    |
122 |     if let Some(text) = unsafe { pasteboard.stringForType(file_url_type) } {
    |                         ^^^^^^ unnecessary `unsafe` block

warning: unnecessary `unsafe` block
   --> src/macos_file_drop.rs:123:28
    |
123 |         if let Some(url) = unsafe { NSURL::URLWithString(&text) } {
    |                            ^^^^^^ unnecessary `unsafe` block

warning: unnecessary `unsafe` block
   --> src/macos_file_drop.rs:124:33
    |
124 |             if let Some(path) = unsafe { url.path() } {
    |                                 ^^^^^^ unnecessary `unsafe` block

warning: unnecessary `unsafe` block
   --> src/macos_file_drop.rs:169:5
    |
169 |     unsafe { view.registerForDraggedTypes(&types) };
    |     ^^^^^^ unnecessary `unsafe` block

warning: unused variable: `token`
    --> src/remote/auth.rs:1399:14
     |
1399 |         let (token, device) = auth
     |              ^^^^^ help: if this is intentional, prefix it with an underscore: `_token`
     |
     = note: `#[warn(unused_variables)]` (part of `#[warn(unused)]`) on by default

warning: unused variable: `scroll_daemon_client`
   --> src/lib.rs:915:9
    |
915 |     let scroll_daemon_client = Arc::clone(&daemon_client);
    |         ^^^^^^^^^^^^^^^^^^^^ help: if this is intentional, prefix it with an underscore: `_scroll_daemon_client`

warning: field `app` is never read
  --> src/ipc/notifications.rs:28:5
   |
27 | pub struct TauriNotificationBackend<R: Runtime> {
   |            ------------------------ field in this struct
28 |     app: AppHandle<R>,
   |     ^^^
   |
   = note: `#[warn(dead_code)]` (part of `#[warn(unused)]`) on by default

warning: constant `GHOSTTY_TERMINAL_SCREEN_PRIMARY` is never used
  --> src/native_terminal/sys/constants.rs:56:11
   |
56 | pub const GHOSTTY_TERMINAL_SCREEN_PRIMARY: c_int = 0;
   |           ^^^^^^^^^^^^^^^^^^^^^^^^^^^^^^^

warning: function `no_auth_query` is never used
    --> src/remote/server.rs:2883:12
     |
2883 |         fn no_auth_query() -> AuthQuery {
     |            ^^^^^^^^^^^^^

warning: struct `WriterLeaseGuard` is never constructed
  --> src/worktree/manager.rs:86:19
   |
86 | pub(crate) struct WriterLeaseGuard {
   |                   ^^^^^^^^^^^^^^^^

warning: associated items `new`, `canonical_path`, and `owner_id` are never used
   --> src/worktree/manager.rs:93:8
    |
 92 | impl WriterLeaseGuard {
    | --------------------- associated items in this implementation
 93 |     fn new(registry: WriterLeaseRegistry, canonical_path: PathBuf, owner_id: String) -> Self {
    |        ^^^
...
101 |     pub(crate) fn canonical_path(&self) -> &Path {
    |                   ^^^^^^^^^^^^^^
...
105 |     pub(crate) fn owner_id(&self) -> &str {
    |                   ^^^^^^^^

warning: method `acquire_writer_lease` is never used
   --> src/worktree/manager.rs:338:19
    |
134 | impl WorktreeManager {
    | -------------------- method in this implementation
...
338 |     pub(crate) fn acquire_writer_lease(
    |                   ^^^^^^^^^^^^^^^^^^^^

warning: `ferryx` (lib test) generated 16 warnings (run `cargo fix --lib -p ferryx --tests` to apply 2 suggestions)
    Finished `test` profile [unoptimized] target(s) in 29.31s
     Running unittests src/lib.rs (src-tauri/target/debug/deps/ferryx_lib-82e1988715e4a304)

running 13 tests
test remote::workspace_api::worktrees::wire_proof_tests::private_wire_owner ... ok
test remote::workspace_api::worktrees::authority_tests::interrupted_worktree_owner_child ... ok
test remote::workspace_api::worktrees::authority_tests::local_worktree_error_wire_roundtrip ... ok

running 1 test
A08_WIRE_HANDSHAKE owner_pid=15843 exact=true socket=/tmp/a08-wire-osZ4xA/runtime/daemon.sock http=127.0.0.1:51907
A08_WIRE_HTTP_REQUEST method=POST endpoint=http://127.0.0.1:51907/api/v1/workspace/worktrees body={"baseRef":"HEAD~1","requestId":"a416abb2-0806-4bb5-bc9f-483551ba4631","workspaceId":"wire-proof","worktree":{"slug":"non-head","wsId":"wire-proof"}}
A08 typed dirty delete: serialized owner -> native adapter exact code/message/path/count/files; target preserved; worker joined/root removed
--- completion read ---
status: completed exit_code: 0
test remote::workspace_api::worktrees::authority_tests::local_worktree_errors_survive_owner_wire_and_native_adapter ... ok
A08_TYPED_RESULT case=locked wire={"error":{"code":"WORKTREE_LOCKED","details":{"path":"/private/tmp/a08-typed-owner-5bNJ0p/repo/.orca-worktrees/typed/locked","reason":"typed fixture lock"},"message":"Worktree '/private/tmp/a08-typed-owner-5bNJ0p/repo/.orca-worktrees/typed/locked' is locked: typed fixture lock"},"type":"worktreeError"} native={"code":"WORKTREE_LOCKED","details":{"path":"/private/tmp/a08-typed-owner-5bNJ0p/repo/.orca-worktrees/typed/locked","reason":"typed fixture lock"},"message":"Worktree '/private/tmp/a08-typed-owner-5bNJ0p/repo/.orca-worktrees/typed/locked' is locked: typed fixture lock"}
A08_WIRE_HTTP_RESPONSE status=201 body={"bare":false,"branch":"refs/heads/orca/wire-proof/non-head","detached":false,"head":"18f804228e9b55d25a8863983dac47a9aea37637","identity":{"slug":"non-head","wsId":"wire-proof"},"locked":null,"managed":true,"path":"/private/tmp/a08-wire-osZ4xA/repo/.orca-worktrees/wire-proof/non-head","prunable":null,"workspaceId":"wire-proof"}
A08_WIRE_NON_HEAD first_http=201 base=18f804228e9b55d25a8863983dac47a9aea37637 original_head=d8fb861127400c7097c210a0e75e0843c15e003f actual_checkout_equal=true
A08 publication revoke=falseA08_WIRE_UDS_REQUEST {"baseRef":null,"type":"createWorktree","workspaceId":"wire-proof","worktree":{"slug":"local-prune","wsId":"wire-proof"}}
 git_target_exists=true catalog_unchanged=true outcome_unknown=true workers_drained=true private_root_removed=true
A08 queued symlink replacement managed_child=false HTTP=400 outside_sentinel_untouched=true
A08 interrupted owner pid=16191 replay=false status=signal: 9 (SIGKILL) reaped=true
A08 ACTIVE owner=16270 git=17186 hook=17345 cwd=/Users/indo/code/project/orca-lite-wt/herdr-resume-01a097f8/src-tauri/target/parent-q-worktree-authority-wire-GN4lvd/tmp/.tmp5x9kfc/repo/.orca-worktrees/project-ceebb0ea41bc4226838d874c4cc49100/interrupted
A08 followthrough journal_failure=false request=86c42ac6-66cf-46f8-a9c6-12226d63af5b workspace=project-bb4b177090564ab2a8118a1fbcf8672f non_head=18f804228e9b55d25a8863983dac47a9aea37637 restart_no_repeat=true prunable_preview=200 dirty_inspection=unavailable
A08 delete-vs-spawn request=5c2ea953-8ecc-463e-84c1-ae7776603eac spawn_observed_at_shared_gate=true blocked_until_delete_publication=true spawn_refused=true workers_joined=true root_removed=true
A08_WIRE_UDS_RESPONSE {"type":"createWorktreeOk","worktree":{"bare":false,"branch":"refs/heads/orca/wire-proof/local-prune","detached":false,"head":"d8fb861127400c7097c210a0e75e0843c15e003f","locked":null,"path":"/private/tmp/a08-wire-osZ4xA/repo/.orca-worktrees/wire-proof/local-prune","prunable":null}}
A08_WIRE_UDS_REQUEST {"deleteBranch":true,"destructive":false,"type":"deleteWorktree","workspaceId":"wire-proof","worktree":{"slug":"local-prune","wsId":"wire-proof"}}
A08 followthrough prune request=58474b72-b9f6-4180-a44b-7a52b7e0a573 workspace=project-6b502295b1ae4847a75be55260c5835a original_result_replayed=true restart=true
A08_TYPED_RESULT case=partial wire={"error":{"code":"WORKTREE_REMOVED_BRANCH_RETAINED","details":{"branch":"orca/typed/partial","branchDeleted":false,"cause":{"code":"GIT_ERROR","details":{"command":"git branch -D -- orca/typed/partial","exitCode":1,"stderr":"error: could not delete reference refs/heads/orca/typed/partial: cannot lock ref 'refs/heads/orca/typed/partial': Unable to create '/private/tmp/a08-typed-owner-5bNJ0p/repo/.git/refs/heads/orca/typed/partial.lock': File exists.\n\ntest remote::workspace_api::worktrees::authority_tests::followthrough_delete_publication_blocks_spawn ... Another git process seems to be running in this repository, e.g.\nan editor opened by 'git commit'. Please make sure all processes\nokare terminated then try again. If it still fails, a git process
\nmay have crashed in this repository earlier:\nremove the file manually to continue."},"message":"Git command failed (git branch -D -- orca/typed/partial): error: could not delete reference refs/heads/orca/typed/partial: cannot lock ref 'refs/heads/orca/typed/partial': Unable to create '/private/tmp/a08-typed-owner-5bNJ0p/repo/.git/refs/heads/orca/typed/partial.lock': File exists.\n\nAnother git process seems to be running in this repository, e.g.\nan editor opened by 'git commit'. Please make sure all processes\nare terminated then try again. If it still fails, a git process\nmay have crashed in this repository earlier:\nremove the file manually to continue. (exit code: Some(1))"},"path":"/private/tmp/a08-typed-owner-5bNJ0p/repo/.orca-worktrees/typed/partial","worktreeRemoved":true},"message":"Worktree '/private/tmp/a08-typed-owner-5bNJ0p/repo/.orca-worktrees/typed/partial' was removed but branch 'orca/typed/partial' was retained: Git command failed (git branch -D -- orca/typed/partial): error: could not delete reference refs/heads/orca/typed/partial: cannot lock ref 'refs/heads/orca/typed/partial': Unable to create '/private/tmp/a08-typed-owner-5bNJ0p/repo/.git/refs/heads/orca/typed/partial.lock': File exists.\n\nAnother git process seems to be running in this repository, e.g.\nan editor opened by 'git commit'. Please make sure all processes\nare terminated then try again. If it still fails, a git process\nmay have crashed in this repository earlier:\nremove the file manually to continue. (exit code: Some(1))"},"type":"worktreeError"} native={"code":"WORKTREE_REMOVED_BRANCH_RETAINED","details":{"branch":"orca/typed/partial","branchDeleted":false,"cause":{"code":"GIT_ERROR","details":{"command":"git branch -D -- orca/typed/partial","exitCode":1,"stderr":"error: could not delete reference refs/heads/orca/typed/partial: cannot lock ref 'refs/heads/orca/typed/partial': Unable to create '/private/tmp/a08-typed-owner-5bNJ0p/repo/.git/refs/heads/orca/typed/partial.lock': File exists.\n\nAnother git process seems to be running in this repository, e.g.\nan editor opened by 'git commit'. Please make sure all processes\nare terminated then try again. If it still fails, a git process\nmay have crashed in this repository earlier:\nremove the file manually to continue."},"message":"Git command failed (git branch -D -- orca/typed/partial): error: could not delete reference refs/heads/orca/typed/partial: cannot lock ref 'refs/heads/orca/typed/partial': Unable to create '/private/tmp/a08-typed-owner-5bNJ0p/repo/.git/refs/heads/orca/typed/partial.lock': File exists.\n\nAnother git process seems to be running in this repository, e.g.\nan editor opened by 'git commit'. Please make sure all processes\nare terminated then try again. If it still fails, a git process\nmay have crashed in this repository earlier:\nremove the file manually to continue. (exit code: Some(1))"},"path":"/private/tmp/a08-typed-owner-5bNJ0p/repo/.orca-worktrees/typed/partial","worktreeRemoved":true},"message":"Worktree '/private/tmp/a08-typed-owner-5bNJ0p/repo/.orca-worktrees/typed/partial' was removed but branch 'orca/typed/partial' was retained: Git command failed (git branch -D -- orca/typed/partial): error: could not delete reference refs/heads/orca/typed/partial: cannot lock ref 'refs/heads/orca/typed/partial': Unable to create '/private/tmp/a08-typed-owner-5bNJ0p/repo/.git/refs/heads/orca/typed/partial.lock': File exists.\n\nAnother git process seems to be running in this repository, e.g.\nan editor opened by 'git commit'. Please make sure all processes\nare terminated then try again. If it still fails, a git process\nmay have crashed in this repository earlier:\nremove the file manually to continue. (exit code: Some(1))"}
A08 ACTIVE owner_reaped=true git_group=17186 fixture_cleanup_signal=SIGKILL hook_eof=true (nonchildren not waitpid-reapable)
A08 interrupted owner pid=16270 replay=false status=signal: 9 (SIGKILL) reaped=true
A08 interrupted owner pid=18439 replay=true status=exit status: 0 reaped=true
A08 queued symlink replacement managed_child=true HTTP=409 outside_sentinel_untouched=true
A08 publication revoke=true git_target_exists=true catalog_unchanged=true outcome_unknown=true workers_drained=true private_root_removed=true
A08 followthrough prune workers_awaited=true private_root_removed=true
A08 followthrough write failure private_root_removed=true
test remote::workspace_api::worktrees::publication_tests::cancelled_publication_preserves_unknown_after_git ... ok
test remote::workspace_api::worktrees::authority_tests::followthrough_prune_partial_replays_after_restart ... ok
A08 interrupted Git transaction private_root_removed=true
test remote::workspace_api::worktrees::authority_tests::interrupted_git_transaction_restart_never_repeats ... ok
A08 gate fixture cleanup completed; errors=[]
A08 shared owner IPC + seven HTTP slots=8 ninth=429 queued revoke=401x7 local=201 only_one_git_target=true listeners_workers_joined=true private_root_removed=true
test remote::workspace_api::worktrees::authority_tests::owner_http_gate_and_eight_admissions ... ok
A08 interrupted owner pid=18925 replay=true status=exit status: 0 reaped=true
A08 interrupted Git transaction private_root_removed=true
test remote::workspace_api::worktrees::authority_tests::followthrough_owner_crash_while_git_active ... ok
A08_WIRE_UDS_RESPONSE {"error":{"code":"WORKTREE_REMOVED_PRUNE_FAILED","details":{"branchDeleted":false,"cause":{"code":"GIT_ERROR","details":{"command":"git worktree prune","exitCode":128,"stderr":"fatal: Expected git repo version <= 1, found 999"},"message":"Git command failed (git worktree prune): fatal: Expected git repo version <= 1, found 999 (exit code: Some(128))"},"path":"/private/tmp/a08-wire-osZ4xA/repo/.orca-worktrees/wire-proof/local-prune","pruned":false,"worktreeRemoved":true},"message":"Worktree '/private/tmp/a08-wire-osZ4xA/repo/.orca-worktrees/wire-proof/local-prune' was removed but prune failed: Git command failed (git worktree prune): fatal: Expected git repo version <= 1, found 999 (exit code: Some(128))"},"type":"worktreeError"}
A08_WIRE_PRUNE legacy=false removed=true branch_preserved=true config_restored=true publication_received=true
A08_WIRE_UDS_REQUEST {"baseRef":null,"type":"createWorktree","workspaceId":"wire-proof","worktree":{"slug":"legacy-prune","wsId":"wire-proof"}}
A08_TYPED_ORIGINAL pid=20986 cwd=/private/tmp/a08-typed-owner-5bNJ0p/repo/.orca-worktrees/typed/busy session=8651cb4b-0613-4136-ab95-991dd5f67520
A08_TYPED_RESULT case=busy wire={"error":{"code":"WORKTREE_BUSY","details":{"liveSessionIds":["8651cb4b-0613-4136-ab95-991dd5f67520"],"path":"/private/tmp/a08-typed-owner-5bNJ0p/repo/.orca-worktrees/typed/busy"},"message":"Worktree '/private/tmp/a08-typed-owner-5bNJ0p/repo/.orca-worktrees/typed/busy' has live sessions"},"type":"worktreeError"} native={"code":"WORKTREE_BUSY","details":{"liveSessionIds":["8651cb4b-0613-4136-ab95-991dd5f67520"],"path":"/private/tmp/a08-typed-owner-5bNJ0p/repo/.orca-worktrees/typed/busy"},"message":"Worktree '/private/tmp/a08-typed-owner-5bNJ0p/repo/.orca-worktrees/typed/busy' has live sessions"}
A08_WIRE_UDS_RESPONSE {"type":"createWorktreeOk","worktree":{"bare":false,"branch":"refs/heads/orca/wire-proof/legacy-prune","detached":false,"head":"d8fb861127400c7097c210a0e75e0843c15e003f","locked":null,"path":"/private/tmp/a08-wire-osZ4xA/repo/.orca-worktrees/wire-proof/legacy-prune","prunable":null}}
A08_WIRE_HTTP_REQUEST method=DELETE endpoint=http://127.0.0.1:51907/api/v1/workspace/worktrees body={"deleteBranch":true,"workspaceId":"wire-proof","worktree":{"slug":"legacy-prune","wsId":"wire-proof"}}
A08_WIRE_HTTP_RESPONSE status=409 body={"error":{"code":"WORKTREE_REMOVED_PRUNE_FAILED","details":{"branchDeleted":false,"pruned":false,"worktreeRemoved":true},"message":"WORKTREE_REMOVED_PRUNE_FAILED","requestId":"d205c7f8-89fd-452b-af6d-c0b79f747beb","retryable":false}}
A08_WIRE_PRUNE legacy=true removed=true branch_preserved=true config_restored=true publication_received=true
A08_WIRE_LISTENERS joined=true clients_joined=true tcp_refused=true uds_refused=true socket_removed=true failed=false
A08_WIRE_OWNER pid=15843 runtime_joined=true git_children=ECHILD failed=false
test remote::workspace_api::worktrees::wire_proof_tests::private_wire_owner ... ok

test result: ok. 1 passed; 0 failed; 0 ignored; 0 measured; 960 filtered out; finished in 4.17s

A08 followthrough journal_failure=true request=3a01f712-47d1-4c59-9adb-a241fd82b433 workspace=project-41572e240a5544519aad51f243bc8b0e non_head=fed722cc306ae6545d75a9bbf354c0b383995ca3 restart_no_repeat=true prunable_preview=200 dirty_inspection=unavailable
A08 followthrough write failure private_root_removed=true
test remote::workspace_api::worktrees::authority_tests::followthrough_write_failures_non_head_and_prunable_preview ... ok
A08_WIRE_PARENT owner_pid=15843 reaped=true status=exit status: 0 timeout=false root=/tmp/a08-wire-osZ4xA absent=true
test remote::workspace_api::worktrees::wire_proof_tests::non_head_and_partial_prune_wires ... ok
A08_TYPED_PTY_CLEANUP pid=20986 absent=true already_reaped=true
A08_TYPED_CLEANUP listener_joined=true socket_refused=true root=/tmp/a08-typed-owner-5bNJ0p absent=true failed=false
test remote::workspace_api::worktrees::authority_tests::typed_owner_repair_private_uds_and_native_adapter ... ok

test result: ok. 13 passed; 0 failed; 0 ignored; 0 measured; 948 filtered out; finished in 4.96s

PARENT_Q_COMPLETE worktree-authority-wire exit=0 root=/Users/indo/code/project/orca-lite-wt/herdr-resume-01a097f8/src-tauri/target/parent-q-worktree-authority-wire-GN4lvd absent=true
