Parent monitor output, captured in two successive reads. Display-level line truncation, if present, is retained.
status: running
    Blocking waiting for file lock on package cache
    Blocking waiting for file lock on build directory
--- completion read ---
status: exited_101 exit_code: 101
warning: unnecessary `unsafe` block
  --> src/macos_file_drop.rs:79:28
   |
79 |             let location = unsafe { info.draggingLocation() };
   |                            ^^^^^^ unnecessary `unsafe` block
   |
   = note: `#[warn(unused_unsafe)]` (part of `#[warn(unused)]`) on by default

warning: unnecessary `unsafe` block
  --> src/macos_file_drop.rs:80:25
   |
80 |             let point = unsafe { self.convertPoint_fromView(location, None) };
   |                         ^^^^^^ unnecessary `unsafe` block

warning: unnecessary `unsafe` block
   --> src/macos_file_drop.rs:102:46
    |
102 |     let pasteboard: Retained<NSPasteboard> = unsafe { info.draggingPasteboard() };
    |                                              ^^^^^^ unnecessary `unsafe` block

warning: unnecessary `unsafe` block
   --> src/macos_file_drop.rs:105:25
    |
105 |     if let Some(list) = unsafe { pasteboard.propertyListForType(&legacy) } {
    |                         ^^^^^^ unnecessary `unsafe` block

warning: unnecessary `unsafe` block
   --> src/macos_file_drop.rs:122:25
    |
122 |     if let Some(text) = unsafe { pasteboard.stringForType(file_url_type) } {
    |                         ^^^^^^ unnecessary `unsafe` block

warning: unnecessary `unsafe` block
   --> src/macos_file_drop.rs:123:28
    |
123 |         if let Some(url) = unsafe { NSURL::URLWithString(&text) } {
    |                            ^^^^^^ unnecessary `unsafe` block

warning: unnecessary `unsafe` block
   --> src/macos_file_drop.rs:124:33
    |
124 |             if let Some(path) = unsafe { url.path() } {
    |                                 ^^^^^^ unnecessary `unsafe` block

warning: unnecessary `unsafe` block
   --> src/macos_file_drop.rs:169:5
    |
169 |     unsafe { view.registerForDraggedTypes(&types) };
    |     ^^^^^^ unnecessary `unsafe` block

warning: unused variable: `token`
    --> src/remote/auth.rs:1399:14
     |
1399 |         let (token, device) = auth
     |              ^^^^^ help: if this is intentional, prefix it with an underscore: `_token`
     |
     = note: `#[warn(unused_variables)]` (part of `#[warn(unused)]`) on by default

warning: unused variable: `scroll_daemon_client`
   --> src/lib.rs:915:9
    |
915 |     let scroll_daemon_client = Arc::clone(&daemon_client);
    |         ^^^^^^^^^^^^^^^^^^^^ help: if this is intentional, prefix it with an underscore: `_scroll_daemon_client`

warning: field `app` is never read
  --> src/ipc/notifications.rs:28:5
   |
27 | pub struct TauriNotificationBackend<R: Runtime> {
   |            ------------------------ field in this struct
28 |     app: AppHandle<R>,
   |     ^^^
   |
   = note: `#[warn(dead_code)]` (part of `#[warn(unused)]`) on by default

warning: constant `GHOSTTY_TERMINAL_SCREEN_PRIMARY` is never used
  --> src/native_terminal/sys/constants.rs:56:11
   |
56 | pub const GHOSTTY_TERMINAL_SCREEN_PRIMARY: c_int = 0;
   |           ^^^^^^^^^^^^^^^^^^^^^^^^^^^^^^^

warning: function `no_auth_query` is never used
    --> src/remote/server.rs:2883:12
     |
2883 |         fn no_auth_query() -> AuthQuery {
     |            ^^^^^^^^^^^^^

warning: struct `WriterLeaseGuard` is never constructed
  --> src/worktree/manager.rs:86:19
   |
86 | pub(crate) struct WriterLeaseGuard {
   |                   ^^^^^^^^^^^^^^^^

warning: associated items `new`, `canonical_path`, and `owner_id` are never used
   --> src/worktree/manager.rs:93:8
    |
 92 | impl WriterLeaseGuard {
    | --------------------- associated items in this implementation
 93 |     fn new(registry: WriterLeaseRegistry, canonical_path: PathBuf, owner_id: String) -> Self {
    |        ^^^
...
101 |     pub(crate) fn canonical_path(&self) -> &Path {
    |                   ^^^^^^^^^^^^^^
...
105 |     pub(crate) fn owner_id(&self) -> &str {
    |                   ^^^^^^^^

warning: method `acquire_writer_lease` is never used
   --> src/worktree/manager.rs:338:19
    |
134 | impl WorktreeManager {
    | -------------------- method in this implementation
...
338 |     pub(crate) fn acquire_writer_lease(
    |                   ^^^^^^^^^^^^^^^^^^^^

warning: `ferryx` (lib test) generated 16 warnings (run `cargo fix --lib -p ferryx --tests` to apply 2 suggestions)
    Finished `test` profile [unoptimized] target(s) in 32.67s
     Running unittests src/lib.rs (src-tauri/target/debug/deps/ferryx_lib-82e1988715e4a304)

running 44 tests
test ssh::worktree::tests::red_create_remote_rejects_base_ref_option_injection ... ok
test ssh::worktree::tests::red_derive_ws_segment_malformed_rejected ... ok
test ssh::worktree::tests::red_path_inside_root_guard ... ok
test ssh::worktree::tests::test_resolve_remote_spawn_root ... ok
test ssh::worktree::tests::red_parse_porcelain_entries ... ok
test ssh::worktree::tests::red_porcelain_parsing_of_created_output ... ok
test ssh::worktree::tests::red_malformed_porcelain_tolerated ... ok
test ssh::worktree::tests::red_create_script_quoting_and_sanitized_branch ... ok
test ssh::worktree::tests::red_list_script_marker_framed_both_platforms ... ok
test worktree::git::local_budget_tests::local_mutation_budget_is_scoped_and_preserves_remote_deadline ... ok
test ssh::worktree::tests::red_create_remote_option_injection_async_guard ... ok
test worktree::manager::host_scoped_session_id_tests::test_host_scoped_worktree_session_id ... ok
test worktree::git::local_budget_tests::a08_git_legacy_path_fidelity ... ok
test worktree::git::tests::git_path_argument_normalization_strips_windows_verbatim_prefixes ... ok
test worktree::registry::tests::unregister_unknown_workspace_returns_false_without_revision_change ... ok
test worktree::tests::branch_namespace_formatting_and_validation ... ok
A08 Git pid=19313 mode=revoke killed=true reaped=true private_root_removed=true
test worktree::registry::tests::unregister_is_idempotent_on_the_same_id ... ok
test worktree::registry::tests::unregister_rejects_unsafe_workspace_id ... ok
test worktree::registry::tests::unregister_removes_registered_workspace_and_bumps_revision ... ok

thread 'worktree::registry::tests::register_unique_root_disambiguates_conflicting_ids' (545882) panicked at src/worktree/registry.rs:296:9:
assertion `left == right` failed
  left: "project"
 right: "project-2"
note: run with `RUST_BACKTRACE=1` environment variable to display a backtrace
test worktree::registry::tests::register_unique_root_disambiguates_conflicting_ids ... FAILED

thread 'tokio-rt-worker' (546135) panicked at src/worktree/git.rs:200:31:
A08_DRAIN_WORKER_FAILURE
test worktree::tests::parse_status_porcelain_v1_and_v2 ... ok
test worktree::tests::parse_worktree_list_porcelain ... ok
A08 exceptional cleanup cwd="/Users/indo/code/project/orca-lite-wt/herdr-resume-01a097f8/src-tauri/target/parent-q-worktree-manager-VIn7Fv/tmp/.tmpf7weOX" explicit_wait=Ok(ExitStatus(unix_wait_status(0)))
A08 exceptional Git pid=19276 root_removed=true result=Err(ParseError("Failed to parse git output: Git group drain: task 14 panicked with message \"A08_DRAIN_WORKER_FAILURE\""))
test worktree::git::local_budget_tests::a08_git_exceptional_cleanup_waits_before_error ... ok
test worktree::registry::tests::register_unique_root_replaces_bogus_root_entry ... ok
Initialized empty Git repository in /Users/indo/code/project/orca-lite-wt/herdr-resume-01a097f8/src-tauri/target/parent-q-worktree-manager-VIn7Fv/tmp/.tmpg8ZMCH/.git/
test worktree::registry::tests::register_replaces_bogus_root_entry ... ok

thread 'worktree::tests::plain_folder_without_git_registers_and_guards_worktrees' (546690) panicked at src/worktree/mod.rs:43:9:
assertion `left == right` failed
  left: "/Users/indo/code/project/orca-lite-wt/herdr-resume-01a097f8"
 right: "/Users/indo/code/project/orca-lite-wt/herdr-resume-01a097f8/src-tauri/target/parent-q-worktree-manager-VIn7Fv/tmp/.tmpd4PFel"
test worktree::tests::plain_folder_without_git_registers_and_guards_worktrees ... FAILED
test worktree::git::local_budget_tests::bounded_git_rejects_large_output_and_expired_or_revoked_admission ... ok
test worktree::tests::worktree_manager_rejects_filesystem_root ... ok
[main (root-commit) 9507390] init
A08 Git pid=19345 mode=deadline killed=true reaped=true private_root_removed=true
A08 Git pid=20683 mode=cancel killed=true reaped=true private_root_removed=true
test worktree::git::local_budget_tests::running_git_revocation_and_deadline_kill_and_reap ... ok
A08 byte fixture cwd="/Users/indo/code/project/orca-lite-wt/herdr-resume-01a097f8/src-tauri/target/parent-q-worktree-manager-VIn7Fv/tmp/.tmpaqP4sw" result=Err(ParseError("Invalid UTF-8 in Git stdout"))
test worktree::tests::existing_target_and_missing_status_are_rejected ... ok
test worktree::git::local_budget_tests::a08_git_native_byte_fidelity ... ok
test worktree::git::local_budget_tests::a08_git_real_legacy_worktree_path ... ok
test ssh::worktree::tests::red_posix_script_builders_executable_behavior ... ok
test worktree::tests::registry_resolves_only_registered_workspace_identity ... ok
test worktree::tests::worktree_manager_resolves_nested_git_directory_to_canonical_root ... ok
A08 hook mode=cancel git=20147 leaf=22721 pgid=20147 uid=501 hook=20354 intermediate=22711 test_pgid=15075
test worktree::git::local_budget_tests::local_budget_runs_existing_manager_create_delete ... ok
test worktree::tests::create_find_and_list_worktree ... ok
test worktree::tests::dirty_worktree_survives_force_remove_but_yields_to_explicit_destructive_delete ... ok
test worktree::tests::resolve_worktree_by_path_and_identity ... ok
A08 mode=cancel cleanup worker_joined=true descendant_joined=true sibling_waited=true root_removed=true errors=[]
test worktree::tests::git_merge_base_is_ancestor_and_branch_merge_detection ... ok
test worktree::tests::safe_delete_clean_worktree ... ok
test worktree::tests::safe_branch_delete_removes_merged_branch ... ok
test worktree::tests::multiple_worktrees_remain_isolated ... ok
A08 hook mode=revoke git=23643 leaf=24287 pgid=23643 uid=501 hook=23672 intermediate=24286 test_pgid=15075
A08 mode=revoke cleanup worker_joined=true descendant_joined=true sibling_waited=true root_removed=true errors=[]
A08 hook mode=deadline git=24605 leaf=25247 pgid=24605 uid=501 hook=24636 intermediate=25246 test_pgid=15075
A08 mode=deadline cleanup worker_joined=true descendant_joined=true sibling_waited=true root_removed=true errors=[]
A08 hook mode=output git=27677 leaf=28087 pgid=27677 uid=501 hook=27679 intermediate=28086 test_pgid=15075
A08 mode=output cleanup worker_joined=true descendant_joined=true sibling_waited=true root_removed=true errors=[]
A08 hook mode=success git=28155 leaf=28191 pgid=28155 uid=501 hook=28156 intermediate=28190 test_pgid=15075
A08 mode=success cleanup worker_joined=true descendant_joined=true sibling_waited=true root_removed=true errors=[]
A08 hook mode=failure git=28254 leaf=28668 pgid=28254 uid=501 hook=28255 intermediate=28667 test_pgid=15075
A08 mode=failure cleanup worker_joined=true descendant_joined=true sibling_waited=true root_removed=true errors=[]
A08 hook mode=injected git=28884 leaf=29353 pgid=28884 uid=501 hook=28899 intermediate=29352 test_pgid=15075

thread 'worktree::git::local_budget_tests::git_hook_descendant_containment' (545871) panicked at src/worktree/git.rs:397:37:
A08_INJECTED_READY_FAILURE
A08 mode=injected cleanup worker_joined=true descendant_joined=true sibling_waited=true root_removed=true errors=[]
test worktree::git::local_budget_tests::git_hook_descendant_containment ... ok

failures:

failures:
    worktree::registry::tests::register_unique_root_disambiguates_conflicting_ids
    worktree::tests::plain_folder_without_git_registers_and_guards_worktrees

test result: FAILED. 42 passed; 2 failed; 0 ignored; 0 measured; 917 filtered out; finished in 8.03s

error: test failed, to rerun pass `--lib`
PARENT_Q_COMPLETE worktree-manager exit=101 root=/Users/indo/code/project/orca-lite-wt/herdr-resume-01a097f8/src-tauri/target/parent-q-worktree-manager-VIn7Fv absent=true
