Parent monitor output, captured in two successive reads. Display-level line truncation, if present, is retained.
status: running
    Blocking waiting for file lock on build directory
warning: unused import: `Manager`
  --> src/ipc/notifications.rs:21:24
   |
21 | use tauri::{AppHandle, Manager, Runtime, State};
   |                        ^^^^^^^
   |
   = note: `#[warn(unused_imports)]` (part of `#[warn(unused)]`) on by default

warning: unnecessary `unsafe` block
  --> src/macos_file_drop.rs:79:28
   |
79 |             let location = unsafe { info.draggingLocation() };
   |                            ^^^^^^ unnecessary `unsafe` block
   |
   = note: `#[warn(unused_unsafe)]` (part of `#[warn(unused)]`) on by default

warning: unnecessary `unsafe` block
  --> src/macos_file_drop.rs:80:25
   |
80 |             let point = unsafe { self.convertPoint_fromView(location, None) };
   |                         ^^^^^^ unnecessary `unsafe` block

warning: unnecessary `unsafe` block
   --> src/macos_file_drop.rs:102:46
    |
102 |     let pasteboard: Retained<NSPasteboard> = unsafe { info.draggingPasteboard() };
    |                                              ^^^^^^ unnecessary `unsafe` block

warning: unnecessary `unsafe` block
   --> src/macos_file_drop.rs:105:25
    |
105 |     if let Some(list) = unsafe { pasteboard.propertyListForType(&legacy) } {
    |                         ^^^^^^ unnecessary `unsafe` block

warning: unnecessary `unsafe` block
   --> src/macos_file_drop.rs:122:25
    |
122 |     if let Some(text) = unsafe { pasteboard.stringForType(file_url_type) } {
    |                         ^^^^^^ unnecessary `unsafe` block

warning: unnecessary `unsafe` block
   --> src/macos_file_drop.rs:123:28
    |
123 |         if let Some(url) = unsafe { NSURL::URLWithString(&text) } {
    |                            ^^^^^^ unnecessary `unsafe` block

warning: unnecessary `unsafe` block
   --> src/macos_file_drop.rs:124:33
    |
124 |             if let Some(path) = unsafe { url.path() } {
    |                                 ^^^^^^ unnecessary `unsafe` block

warning: unnecessary `unsafe` block
   --> src/macos_file_drop.rs:169:5
    |
169 |     unsafe { view.registerForDraggedTypes(&types) };
    |     ^^^^^^ unnecessary `unsafe` block

warning: unused variable: `scroll_daemon_client`
   --> src/lib.rs:915:9
    |
915 |     let scroll_daemon_client = Arc::clone(&daemon_client);
    |         ^^^^^^^^^^^^^^^^^^^^ help: if this is intentional, prefix it with an underscore: `_scroll_daemon_client`
    |
    = note: `#[warn(unused_variables)]` (part of `#[warn(unused)]`) on by default

warning: field `app` is never read
  --> src/ipc/notifications.rs:28:5
   |
27 | pub struct TauriNotificationBackend<R: Runtime> {
   |            ------------------------ field in this struct
28 |     app: AppHandle<R>,
   |     ^^^
   |
   = note: `#[warn(dead_code)]` (part of `#[warn(unused)]`) on by default

warning: constant `GHOSTTY_TERMINAL_SCREEN_PRIMARY` is never used
  --> src/native_terminal/sys/constants.rs:56:11
   |
56 | pub const GHOSTTY_TERMINAL_SCREEN_PRIMARY: c_int = 0;
   |           ^^^^^^^^^^^^^^^^^^^^^^^^^^^^^^^

warning: methods `synchronized_output_deadline`, `expire_synchronized_output`, and `finish_synchronized_output` are never used
   --> src/native_terminal/terminal.rs:169:19
    |
133 | impl NativeTerminal {
    | ------------------- methods in this implementation
...
169 |     pub(crate) fn synchronized_output_deadline(&self) -> Option<tokio::time::Instant> {
    |                   ^^^^^^^^^^^^^^^^^^^^^^^^^^^^
...
173 |     pub(crate) fn expire_synchronized_output(
    |                   ^^^^^^^^^^^^^^^^^^^^^^^^^^
...
184 |     pub(crate) fn finish_synchronized_output(&mut self) -> Result<(), NativeTerminalError> {
    |                   ^^^^^^^^^^^^^^^^^^^^^^^^^^

warning: method `wait_and_reap` is never used
   --> src/terminal/session.rs:270:19
    |
 61 | impl PtySession {
    | --------------- method in this implementation
...
270 |     pub(crate) fn wait_and_reap(&self) -> Result<Option<i32>, PtyError> {
    |                   ^^^^^^^^^^^^^

warning: function `with_local_worktree_budget` is never used
   --> src/worktree/git.rs:115:15
    |
115 | pub(crate) fn with_local_worktree_budget<T>(work: impl FnOnce() -> T) -> T {
    |               ^^^^^^^^^^^^^^^^^^^^^^^^^^

warning: struct `WriterLeaseGuard` is never constructed
  --> src/worktree/manager.rs:86:19
   |
86 | pub(crate) struct WriterLeaseGuard {
   |                   ^^^^^^^^^^^^^^^^

warning: associated items `new`, `canonical_path`, and `owner_id` are never used
   --> src/worktree/manager.rs:93:8
    |
 92 | impl WriterLeaseGuard {
    | --------------------- associated items in this implementation
 93 |     fn new(registry: WriterLeaseRegistry, canonical_path: PathBuf, owner_id: String) -> Self {
    |        ^^^
...
101 |     pub(crate) fn canonical_path(&self) -> &Path {
    |                   ^^^^^^^^^^^^^^
...
105 |     pub(crate) fn owner_id(&self) -> &str {
    |                   ^^^^^^^^

warning: method `acquire_writer_lease` is never used
   --> src/worktree/manager.rs:338:19
    |
134 | impl WorktreeManager {
    | -------------------- method in this implementation
...
338 |     pub(crate) fn acquire_writer_lease(
    |                   ^^^^^^^^^^^^^^^^^^^^

warning: `ferryx` (lib) generated 18 warnings (run `cargo fix --lib -p ferryx` to apply 2 suggestions)
   Compiling ferryx v2026.908.1 (/Users/indo/code/project/orca-lite-wt/herdr-resume-01a097f8/src-tauri)
    Building [=======================> ] 552/553: machine_worktrees(test)
--- completion read ---
status: exited_101 exit_code: 101
    Finished `test` profile [unoptimized] target(s) in 32.17s
     Running tests/machine_prunable_preview.rs (src-tauri/target/debug/deps/machine_prunable_preview-a1c276001697eb23)

running 1 test
A08 HTTP missing locked=false status=200 body={"branchDeletion":{"ahead":null,"behind":null,"branch":"orca/project-1b609c2c341c4420bd20d5454f35b084/missing","head":"f352f25d60c22a0aa3531f4d17d4bd9c242274e0","merged":false,"upstream":null},"branchDeletionError":null,"dirtyCount":null,"dirtyFiles":null,"dirtyInspection":"unavailable","liveSessionIds":["fbfd2536-c3e0-44ef-b6f8-f1de44a92d79"],"locked":null,"prunable":"gitdir file points to non-existent location","revision":"3"}
A08 HTTP missing DELETE guarded=404 locked=false
A08 HTTP symlink preview refused=400 Bad Request
A08 HTTP symlink preview refused=400 Bad Request
A08 HTTP symlink preview refused=400 Bad Request
A08 HTTP unavailable branch preview={"branchDeletion":null,"branchDeletionError":"INVALID_WORKTREE","dirtyCount":null,"dirtyFiles":null,"dirtyInspection":"unavailable","liveSessionIds":["fbfd2536-c3e0-44ef-b6f8-f1de44a92d79"],"locked":null,"prunable":"gitdir file points to non-existent location","revision":"6"}
A08 HTTP missing locked=true status=200 body={"branchDeletion":{"ahead":null,"behind":null,"branch":"orca/project-1b609c2c341c4420bd20d5454f35b084/locked","head":"c010bdcb52de751e53b13fe027ff2756a6ba073f","merged":false,"upstream":null},"branchDeletionError":null,"dirtyCount":null,"dirtyFiles":null,"dirtyInspection":"unavailable","liveSessionIds":["f326b96a-75b0-483d-88ce-be722bb6b2d1"],"locked":"A08 lock","prunable":null,"revision":"8"}
A08 HTTP missing DELETE guarded=404 locked=true
A08 HTTP symlink preview refused=400 Bad Request
A08 HTTP symlink preview refused=400 Bad Request
A08 HTTP symlink preview refused=400 Bad Request
A08 HTTP unavailable branch preview={"branchDeletion":null,"branchDeletionError":"INVALID_WORKTREE","dirtyCount":null,"dirtyFiles":null,"dirtyInspection":"unavailable","liveSessionIds":["f326b96a-75b0-483d-88ce-be722bb6b2d1"],"locked":"A08 lock","prunable":null,"revision":"9"}
A08 cleanup session=fbfd2536-c3e0-44ef-b6f8-f1de44a92d79 close_awaited=true session_absent=true
A08 cleanup session=f326b96a-75b0-483d-88ce-be722bb6b2d1 close_awaited=true session_absent=true
A08 cleanup listener_joined=true connection_refused=true owner_dropped=true private_root_removed=true owned_sessions_closed=true
test missing_checkout_rich_preview_http ... ok

test result: ok. 1 passed; 0 failed; 0 ignored; 0 measured; 0 filtered out; finished in 3.37s

     Running tests/machine_worktrees.rs (src-tauri/target/debug/deps/machine_worktrees-fe68a66b1ff79221)

running 2 tests
A08 HTTP GET worktrees status=200 body={"revision":"2","worktrees":[{"bare":false,"branch":"refs/heads/main","detached":false,"head":"09642a3621ef5c4e170919c4f77a039f5f98b9ac","identity":null,"locked":null,"managed":false,"path":"/Users/indo/code/project/orca-lite-wt/herdr-resume-01a097f8/src-tauri/target/parent-q-worktree-http-safety-EQqokf/tmp/.tmpIrPh6g/repo space \"quote\" ü","prunable":null,"workspaceId":"project-19b56b4c2ebf4ab3ad0880489dad2b8d"}]}
A08 revision phase=initial listener_joined=true owner_dropped=true connection_refused=true
A08 revision phase=unchanged listener_joined=true owner_dropped=true connection_refused=true
A08 revision phase=changed listener_joined=true owner_dropped=true connection_refused=true
A08 revision post_commit_change=true unchanged_restart_equal=true offline_clean_change_stale_delete=true private_root_removed=true
test worktree_revision_survives_owner_restart ... ok
A08 LOST_REPLY owner_status=201 forwarded_response_bytes=0 intermediary_joined=true
A08 STALE_REVISION status=409 target_preserved=true refusal_replayed=true
A08_OWNER pid=27795 cwd=/Users/indo/code/project/orca-lite-wt/herdr-resume-01a097f8/src-tauri/target/parent-q-worktree-http-safety-EQqokf/tmp/.tmpIrPh6g/repo space "quote" ü/.orca-worktrees/project-19b56b4c2ebf4ab3ad0880489dad2b8d/feature
A08 OWNER close_complete=true session_removed=true pid=27795 absent=true already_reaped=true (shared owner fixture, not A09)
A08 delete scenario=locked status=409 body={"error":{"code":"WORKTREE_LOCKED","message":"WORKTREE_LOCKED","retryable":false,"requestId":"1bb846de-7aef-4c41-a339-5aea04100aa9","details":{}}}
A08 delete scenario=unmerged status=409 body={"error":{"code":"UNMERGED_BRANCH","message":"UNMERGED_BRANCH","retryable":false,"requestId":"10ddba1b-0fb6-47f1-ad8d-6ae92ec0f9c2","details":{}}}
A08 delete scenario=partial status=409 body={"error":{"code":"WORKTREE_REMOVED_BRANCH_RETAINED","message":"WORKTREE_REMOVED_BRANCH_RETAINED","retryable":false,"requestId":"d798eda4-a94c-4b7d-9ed6-c4211a6314f6","details":{"branch":"orca/project-19b56b4c2ebf4ab3ad0880489dad2b8d/partial","branchDeleted":false,"worktreeRemoved":true}}}
A08 delete scenario=remove-branch status=204 body=

thread 'machine_worktree_http_contract' (555525) panicked at tests/machine_worktrees.rs:405:13:
assertion `left == right` failed
  left: 201
 right: 422
note: run with `RUST_BACKTRACE=1` environment variable to display a backtrace
A08 CLEANUP listener_joined=true private_root_removed=true
test machine_worktree_http_contract ... FAILED

failures:

failures:
    machine_worktree_http_contract

test result: FAILED. 1 passed; 1 failed; 0 ignored; 0 measured; 0 filtered out; finished in 8.77s

error: test failed, to rerun pass `--test machine_worktrees`
PARENT_Q_COMPLETE worktree-http-safety exit=101 root=/Users/indo/code/project/orca-lite-wt/herdr-resume-01a097f8/src-tauri/target/parent-q-worktree-http-safety-EQqokf absent=true
