status: completed exit_code: 0
    Blocking waiting for file lock on package cache
    Blocking waiting for file lock on package cache
    Blocking waiting for file lock on build directory
warning: unused import: `Manager`
  --> src/ipc/notifications.rs:21:24
   |
21 | use tauri::{AppHandle, Manager, Runtime, State};
   |                        ^^^^^^^
   |
   = note: `#[warn(unused_imports)]` (part of `#[warn(unused)]`) on by default

warning: unnecessary `unsafe` block
  --> src/macos_file_drop.rs:79:28
   |
79 |             let location = unsafe { info.draggingLocation() };
   |                            ^^^^^^ unnecessary `unsafe` block
   |
   = note: `#[warn(unused_unsafe)]` (part of `#[warn(unused)]`) on by default

warning: unnecessary `unsafe` block
  --> src/macos_file_drop.rs:80:25
   |
80 |             let point = unsafe { self.convertPoint_fromView(location, None) };
   |                         ^^^^^^ unnecessary `unsafe` block

warning: unnecessary `unsafe` block
   --> src/macos_file_drop.rs:102:46
    |
102 |     let pasteboard: Retained<NSPasteboard> = unsafe { info.draggingPasteboard() };
    |                                              ^^^^^^ unnecessary `unsafe` block

warning: unnecessary `unsafe` block
   --> src/macos_file_drop.rs:105:25
    |
105 |     if let Some(list) = unsafe { pasteboard.propertyListForType(&legacy) } {
    |                         ^^^^^^ unnecessary `unsafe` block

warning: unnecessary `unsafe` block
   --> src/macos_file_drop.rs:122:25
    |
122 |     if let Some(text) = unsafe { pasteboard.stringForType(file_url_type) } {
    |                         ^^^^^^ unnecessary `unsafe` block

warning: unnecessary `unsafe` block
   --> src/macos_file_drop.rs:123:28
    |
123 |         if let Some(url) = unsafe { NSURL::URLWithString(&text) } {
    |                            ^^^^^^ unnecessary `unsafe` block

warning: unnecessary `unsafe` block
   --> src/macos_file_drop.rs:124:33
    |
124 |             if let Some(path) = unsafe { url.path() } {
    |                                 ^^^^^^ unnecessary `unsafe` block

warning: unnecessary `unsafe` block
   --> src/macos_file_drop.rs:169:5
    |
169 |     unsafe { view.registerForDraggedTypes(&types) };
    |     ^^^^^^ unnecessary `unsafe` block

warning: unused variable: `scroll_daemon_client`
   --> src/lib.rs:915:9
    |
915 |     let scroll_daemon_client = Arc::clone(&daemon_client);
    |         ^^^^^^^^^^^^^^^^^^^^ help: if this is intentional, prefix it with an underscore: `_scroll_daemon_client`
    |
    = note: `#[warn(unused_variables)]` (part of `#[warn(unused)]`) on by default

warning: field `app` is never read
  --> src/ipc/notifications.rs:28:5
   |
27 | pub struct TauriNotificationBackend<R: Runtime> {
   |            ------------------------ field in this struct
28 |     app: AppHandle<R>,
   |     ^^^
   |
   = note: `#[warn(dead_code)]` (part of `#[warn(unused)]`) on by default

warning: constant `GHOSTTY_TERMINAL_SCREEN_PRIMARY` is never used
  --> src/native_terminal/sys/constants.rs:56:11
   |
56 | pub const GHOSTTY_TERMINAL_SCREEN_PRIMARY: c_int = 0;
   |           ^^^^^^^^^^^^^^^^^^^^^^^^^^^^^^^

warning: methods `synchronized_output_deadline`, `expire_synchronized_output`, and `finish_synchronized_output` are never used
   --> src/native_terminal/terminal.rs:169:19
    |
133 | impl NativeTerminal {
    | ------------------- methods in this implementation
...
169 |     pub(crate) fn synchronized_output_deadline(&self) -> Option<tokio::time::Instant> {
    |                   ^^^^^^^^^^^^^^^^^^^^^^^^^^^^
...
173 |     pub(crate) fn expire_synchronized_output(
    |                   ^^^^^^^^^^^^^^^^^^^^^^^^^^
...
184 |     pub(crate) fn finish_synchronized_output(&mut self) -> Result<(), NativeTerminalError> {
    |                   ^^^^^^^^^^^^^^^^^^^^^^^^^^

warning: method `wait_and_reap` is never used
   --> src/terminal/session.rs:270:19
    |
 61 | impl PtySession {
    | --------------- method in this implementation
...
270 |     pub(crate) fn wait_and_reap(&self) -> Result<Option<i32>, PtyError> {
    |                   ^^^^^^^^^^^^^

warning: function `with_local_worktree_budget` is never used
   --> src/worktree/git.rs:115:15
    |
115 | pub(crate) fn with_local_worktree_budget<T>(work: impl FnOnce() -> T) -> T {
    |               ^^^^^^^^^^^^^^^^^^^^^^^^^^

warning: struct `WriterLeaseGuard` is never constructed
  --> src/worktree/manager.rs:86:19
   |
86 | pub(crate) struct WriterLeaseGuard {
   |                   ^^^^^^^^^^^^^^^^

warning: associated items `new`, `canonical_path`, and `owner_id` are never used
   --> src/worktree/manager.rs:93:8
    |
 92 | impl WriterLeaseGuard {
    | --------------------- associated items in this implementation
 93 |     fn new(registry: WriterLeaseRegistry, canonical_path: PathBuf, owner_id: String) -> Self {
    |        ^^^
...
101 |     pub(crate) fn canonical_path(&self) -> &Path {
    |                   ^^^^^^^^^^^^^^
...
105 |     pub(crate) fn owner_id(&self) -> &str {
    |                   ^^^^^^^^

warning: method `acquire_writer_lease` is never used
   --> src/worktree/manager.rs:338:19
    |
134 | impl WorktreeManager {
    | -------------------- method in this implementation
...
338 |     pub(crate) fn acquire_writer_lease(
    |                   ^^^^^^^^^^^^^^^^^^^^

warning: `ferryx` (lib) generated 18 warnings (run `cargo fix --lib -p ferryx` to apply 2 suggestions)
   Compiling ferryx v2026.908.1 (/Users/indo/code/project/orca-lite-wt/herdr-resume-01a097f8/src-tauri)
    Finished `test` profile [unoptimized] target(s) in 29.72sktrees(test)                                             
     Running tests/machine_prunable_preview.rs (src-tauri/target/debug/deps/machine_prunable_preview-a1c276001697eb23)

running 1 test
A08 HTTP missing locked=false status=200 body={"branchDeletion":{"ahead":null,"behind":null,"branch":"orca/project-cd678ee602a645648094a97962a923d0/missing","head":"cc935bbdbdac728e6648d356f33e4b5732303810","merged":false,"upstream":null},"branchDeletionError":null,"dirtyCount":null,"dirtyFiles":null,"dirtyInspection":"unavailable","liveSessionIds":["9817379d-64bf-4535-9d94-7a62c569e221"],"locked":null,"prunable":"gitdir file points to non-existent location","revision":"3"}
A08 HTTP missing DELETE guarded=404 locked=false
A08 HTTP symlink preview refused=400 Bad Request
A08 HTTP symlink preview refused=400 Bad Request
A08 HTTP symlink preview refused=400 Bad Request
A08 HTTP unavailable branch preview={"branchDeletion":null,"branchDeletionError":"INVALID_WORKTREE","dirtyCount":null,"dirtyFiles":null,"dirtyInspection":"unavailable","liveSessionIds":["9817379d-64bf-4535-9d94-7a62c569e221"],"locked":null,"prunable":"gitdir file points to non-existent location","revision":"6"}
A08 HTTP missing locked=true status=200 body={"branchDeletion":{"ahead":null,"behind":null,"branch":"orca/project-cd678ee602a645648094a97962a923d0/locked","head":"c4337c0d9aad2e056db438ccfa8067c70dfdb6cf","merged":false,"upstream":null},"branchDeletionError":null,"dirtyCount":null,"dirtyFiles":null,"dirtyInspection":"unavailable","liveSessionIds":["dfdc04de-6b6c-451b-822f-e30f6f48cd30"],"locked":"A08 lock","prunable":null,"revision":"8"}
A08 HTTP missing DELETE guarded=404 locked=true
A08 HTTP symlink preview refused=400 Bad Request
A08 HTTP symlink preview refused=400 Bad Request
A08 HTTP symlink preview refused=400 Bad Request
A08 HTTP unavailable branch preview={"branchDeletion":null,"branchDeletionError":"INVALID_WORKTREE","dirtyCount":null,"dirtyFiles":null,"dirtyInspection":"unavailable","liveSessionIds":["dfdc04de-6b6c-451b-822f-e30f6f48cd30"],"locked":"A08 lock","prunable":null,"revision":"9"}
A08 cleanup session=9817379d-64bf-4535-9d94-7a62c569e221 close_awaited=true session_absent=true
A08 cleanup session=dfdc04de-6b6c-451b-822f-e30f6f48cd30 close_awaited=true session_absent=true
A08 cleanup listener_joined=true connection_refused=true owner_dropped=true private_root_removed=true owned_sessions_closed=true
test missing_checkout_rich_preview_http ... ok

test result: ok. 1 passed; 0 failed; 0 ignored; 0 measured; 0 filtered out; finished in 2.34s

     Running tests/machine_worktrees.rs (src-tauri/target/debug/deps/machine_worktrees-fe68a66b1ff79221)

running 2 tests
A08 HTTP GET worktrees status=200 body={"revision":"2","worktrees":[{"bare":false,"branch":"refs/heads/main","detached":false,"head":"94a8040f8a802d0c57370d5ae9a90ddbad704f8b","identity":null,"locked":null,"managed":false,"path":"/private/tmp/ferryx-parent-q-worktree-http-safety-pO5pFd/tmp/.tmpxCMVbS/repo space \"quote\" ü","prunable":null,"workspaceId":"project-e8e28f26c1294730b2538fa5d9a033cb"}]}
A08 revision phase=initial listener_joined=true owner_dropped=true connection_refused=true
A08 revision phase=unchanged listener_joined=true owner_dropped=true connection_refused=true
A08 revision phase=changed listener_joined=true owner_dropped=true connection_refused=true
A08 revision post_commit_change=true unchanged_restart_equal=true offline_clean_change_stale_delete=true private_root_removed=true
test worktree_revision_survives_owner_restart ... ok
A08 LOST_REPLY owner_status=201 forwarded_response_bytes=0 intermediary_joined=true
A08 STALE_REVISION status=409 target_preserved=true refusal_replayed=true
A08_OWNER pid=47879 cwd=/private/tmp/ferryx-parent-q-worktree-http-safety-pO5pFd/tmp/.tmpxCMVbS/repo space "quote" ü/.orca-worktrees/project-e8e28f26c1294730b2538fa5d9a033cb/feature
A08 OWNER close_complete=true session_removed=true pid=47879 absent=true already_reaped=true (shared owner fixture, not A09)
A08 delete scenario=locked status=409 body={"error":{"code":"WORKTREE_LOCKED","message":"WORKTREE_LOCKED","retryable":false,"requestId":"ce5570d1-7153-41ac-9a26-066586d89f6d","details":{}}}
A08 delete scenario=unmerged status=409 body={"error":{"code":"UNMERGED_BRANCH","message":"UNMERGED_BRANCH","retryable":false,"requestId":"f37731a6-0960-4118-b46c-387fad610571","details":{}}}
A08 delete scenario=partial status=409 body={"error":{"code":"WORKTREE_REMOVED_BRANCH_RETAINED","message":"WORKTREE_REMOVED_BRANCH_RETAINED","retryable":false,"requestId":"bca4e260-1e80-4592-9b48-93c507497983","details":{"branch":"orca/project-e8e28f26c1294730b2538fa5d9a033cb/partial","branchDeleted":false,"worktreeRemoved":true}}}
A08 delete scenario=remove-branch status=204 body=
A08 RESTART same_request_same_row=true managed_target_count=1
A08 CLEANUP listener_joined=true private_root_removed=true
test machine_worktree_http_contract ... ok

test result: ok. 2 passed; 0 failed; 0 ignored; 0 measured; 0 filtered out; finished in 7.31s

     Running tests/worktree_safety.rs (src-tauri/target/debug/deps/worktree_safety-baa3952cdec06d28)

running 9 tests
test unavailable_base_ref_leaves_no_managed_parent_directory ... ok
test active_writer_blocks_delete ... ok
test second_writer_is_rejected_and_release_allows_reacquire ... ok
test pty_worktree_ownership_clears_on_close_and_natural_exit ... ok
test default_delete_rejects_clean_unmerged_branch ... ok
test explicit_destructive_delete_removes_clean_unmerged_branch ... ok
test pty_spawn_failure_does_not_claim_exclusive_writer ... ok
test same_worktree_supports_multiple_interactive_pty_sessions ... ok
test five_concurrent_worktree_terminal_lifecycles_remain_isolated ... ok

test result: ok. 9 passed; 0 failed; 0 ignored; 0 measured; 0 filtered out; finished in 6.57s

PARENT_Q_COMPLETE worktree-http-safety exit=0 root=/tmp/ferryx-parent-q-worktree-http-safety-pO5pFd absent=true
