Parent monitor output, captured in two successive reads. Display-level line truncation, if present, is retained.
status: running
   Compiling ferryx v2026.908.1 (/Users/indo/code/project/orca-lite-wt/herdr-resume-01a097f8/src-tauri)
warning: unnecessary `unsafe` block==> ] 546/547: ferryx_lib(test)                                                    
  --> src/macos_file_drop.rs:79:28
   |
79 |             let location = unsafe { info.draggingLocation() };
   |                            ^^^^^^ unnecessary `unsafe` block
   |
   = note: `#[warn(unused_unsafe)]` (part of `#[warn(unused)]`) on by default

warning: unnecessary `unsafe` block==> ] 546/547: ferryx_lib(test)                                                    
  --> src/macos_file_drop.rs:80:25
   |
80 |             let point = unsafe { self.convertPoint_fromView(location, None) };
   |                         ^^^^^^ unnecessary `unsafe` block

warning: unnecessary `unsafe` block==> ] 546/547: ferryx_lib(test)                                                    
   --> src/macos_file_drop.rs:102:46
    |
102 |     let pasteboard: Retained<NSPasteboard> = unsafe { info.draggingPasteboard() };
    |                                              ^^^^^^ unnecessary `unsafe` block

warning: unnecessary `unsafe` block==> ] 546/547: ferryx_lib(test)                                                    
   --> src/macos_file_drop.rs:105:25
    |
105 |     if let Some(list) = unsafe { pasteboard.propertyListForType(&legacy) } {
    |                         ^^^^^^ unnecessary `unsafe` block

warning: unnecessary `unsafe` block==> ] 546/547: ferryx_lib(test)                                                    
   --> src/macos_file_drop.rs:122:25
    |
122 |     if let Some(text) = unsafe { pasteboard.stringForType(file_url_type) } {
    |                         ^^^^^^ unnecessary `unsafe` block

warning: unnecessary `unsafe` block==> ] 546/547: ferryx_lib(test)                                                    
   --> src/macos_file_drop.rs:123:28
    |
123 |         if let Some(url) = unsafe { NSURL::URLWithString(&text) } {
    |                            ^^^^^^ unnecessary `unsafe` block

warning: unnecessary `unsafe` block
   --> src/macos_file_drop.rs:124:33
    |
124 |             if let Some(path) = unsafe { url.path() } {
    |                                 ^^^^^^ unnecessary `unsafe` block

warning: unnecessary `unsafe` block==> ] 546/547: ferryx_lib(test)                                                    
   --> src/macos_file_drop.rs:169:5
    |
169 |     unsafe { view.registerForDraggedTypes(&types) };
    |     ^^^^^^ unnecessary `unsafe` block

warning: unused variable: `token`====> ] 546/547: ferryx_lib(test)                                                    
    --> src/remote/auth.rs:1399:14
     |
1399 |         let (token, device) = auth
     |              ^^^^^ help: if this is intentional, prefix it with an underscore: `_token`
     |
     = note: `#[warn(unused_variables)]` (part of `#[warn(unused)]`) on by default

warning: unused variable: `scroll_daemon_client`: ferryx_lib(test)                                                    
   --> src/lib.rs:915:9
    |
915 |     let scroll_daemon_client = Arc::clone(&daemon_client);
    |         ^^^^^^^^^^^^^^^^^^^^ help: if this is intentional, prefix it with an underscore: `_scroll_daemon_client`

warning: field `app` is never read===> ] 546/547: ferryx_lib(test)                                                    
  --> src/ipc/notifications.rs:28:5
   |
27 | pub struct TauriNotificationBackend<R: Runtime> {
   |            ------------------------ field in this struct
28 |     app: AppHandle<R>,
   |     ^^^
   |
   = note: `#[warn(dead_code)]` (part of `#[warn(unused)]`) on by default

warning: constant `GHOSTTY_TERMINAL_SCREEN_PRIMARY` is never used)                                                    
  --> src/native_terminal/sys/constants.rs:56:11
   |
56 | pub const GHOSTTY_TERMINAL_SCREEN_PRIMARY: c_int = 0;
   |           ^^^^^^^^^^^^^^^^^^^^^^^^^^^^^^^

warning: function `no_auth_query` is never used7: ferryx_lib(test)                                                    
    --> src/remote/server.rs:2883:12
     |
2883 |         fn no_auth_query() -> AuthQuery {
     |            ^^^^^^^^^^^^^

warning: struct `WriterLeaseGuard` is never constructedx_lib(test)                                                    
  --> src/worktree/manager.rs:86:19
   |
86 | pub(crate) struct WriterLeaseGuard {
   |                   ^^^^^^^^^^^^^^^^

warning: associated items `new`, `canonical_path`, and `owner_id` are never used                                      
   --> src/worktree/manager.rs:93:8
    |
 92 | impl WriterLeaseGuard {
    | --------------------- associated items in this implementation
 93 |     fn new(registry: WriterLeaseRegistry, canonical_path: PathBuf, owner_id: String) -> Self {
    |        ^^^
...
101 |     pub(crate) fn canonical_path(&self) -> &Path {
    |                   ^^^^^^^^^^^^^^
...
105 |     pub(crate) fn owner_id(&self) -> &str {
    |                   ^^^^^^^^

warning: method `acquire_writer_lease` is never usedrryx_lib(test)                                                    
   --> src/worktree/manager.rs:338:19
    |
134 | impl WorktreeManager {
    | -------------------- method in this implementation
...
338 |     pub(crate) fn acquire_writer_lease(
    |                   ^^^^^^^^^^^^^^^^^^^^

warning: `ferryx` (lib test) generated 16 warnings (run `cargo fix --lib -p ferryx --tests` to apply 2 suggestions)   
    Finished `test` profile [unoptimized] target(s) in 29.35s
     Running unittests src/lib.rs (src-tauri/target/debug/deps/ferryx_lib-82e1988715e4a304)

running 13 tests
R6 empty scan: expired result truncated; cancellation after resolution returns TIMEOUT
A06 rate: device-a admitted=20 same-instant next=429/RATE_LIMITED/no-store
A06 rate: device-b admitted=20 same-instant next=429/RATE_LIMITED/no-store
A06 rate: 99,999,999ns rejected; 100ms admitted exactly one
A06 rate: one-second refill admitted=10 next=429/RATE_LIMITED
A06 rate: three-second refill capped at 20; permits released; private limiter dropped; no roots/listeners
test remote::filesystem_tests::a06_budget_per_device_burst_and_refill ... ok

thread 'remote::filesystem_tests::r6_service_less_injected_failure' (541898) panicked at src/remote/filesystem_tests.rs:752:5:
R6 injected service-less assertion failure
note: run with `RUST_BACKTRACE=1` environment variable to display a backtrace
R6 service-less cleanup: listener joined, connection refused, injected=false
R6 service-less cleanup: listener joined, connection refused, injected=true
test remote::filesystem_tests::r6_service_less_injected_failure ... ok
test remote::filesystem_tests::a06_service_less_typed_503_without_probe ... ok
test remote::filesystem_tests::a06_cancelled_worker_cannot_publish ... ok
test remote::filesystem_tests::a06_native_bounds_and_query_contract ... ok
R6 auth: 1 real routed workers entered; unrelated health=200
R6 auth: 16 real routed workers entered; unrelated health=200
R6 auth: 1 real routed workers entered; unrelated health=200

thread 'remote::filesystem_tests::r6_auth_routed_failure_cleanup' (541893) panicked at src/remote/filesystem_tests.rs:136:9:
injected auth fixture failure
R6 auth injected disconnect: cancellation observed; blocked auth permit retained
R6 HTTP disconnect: request dropped, cancellation=true, blocked fourth slot retained (429)
R6 HTTP completion: cancelled scan returned TIMEOUT, slot reusable
R6 HTTP cleanup: listener joined, connection refused, private root removed
test remote::filesystem_tests::r6_http_disconnect_retains_worker_slot ... ok
R6 auth: expected 401; deadline/retained admission or revoke-before-release verified
R6 auth recovered admission: invalid=401 mirror=403 before malformed path; no-store
R6 auth exact drain: entered=3 completed=3; completion channel closed before root removal
R6 auth cleanup: workers=3 completed; listener joined/refused; root removed; injected=true
test remote::filesystem_tests::r6_auth_routed_failure_cleanup ... ok
R6 auth recovered admission: invalid=401 mirror=403 before malformed path; no-store
R6 auth exact drain: entered=3 completed=3; completion channel closed before root removal
R6 auth cleanup: workers=3 completed; listener joined/refused; root removed; injected=false
test remote::filesystem_tests::r6_auth_routed_revocation ... ok
R6 byte cap: created=800 retained=433 json_bytes=261945 next_bytes=604
HTTP native browse: hidden=false, entries=2, truncated=false
HTTP native browse: hidden=false, entries=0, truncated=false
HTTP native browse: hidden=true, entries=7, truncated=true
HTTP native browse: hidden=false, entries=0, truncated=false

thread 'remote::filesystem_tests::a06_http_send_failure_still_tears_down' (541885) panicked at src/remote/filesystem_tests.rs:298:18:
called `Result::unwrap()` on an `Err` value: reqwest::Error { kind: Builder, source: http::Error(InvalidHeaderValue) }

thread 'remote::filesystem_tests::a06_directory_http_home' (541883) panicked at src/remote/filesystem_tests.rs:419:9:
assertion `left == right` failed
  left: Array [String("directoryBrowseV1"), String("terminalCreateV1")]
 right: Array [String("directoryBrowseV1")]
--- completion read ---
status: exited_101 exit_code: 101
test remote::filesystem_tests::r6_empty_deadline_and_independent_bytes ... ok
A06 injected send failure: listener joined, private fixture removed
test remote::filesystem_tests::a06_http_send_failure_still_tears_down ... ok
test remote::filesystem_tests::a06_directory_http_home ... FAILED
A06 inspected: native_children=9999 retained=0 elapsed=0 truncated=false
A06 inspected: native_children=10000 retained=0 elapsed=0 truncated=false
A06 inspected: native_children=10001 retained=0 elapsed=0 truncated=true
A06 inspected cleanup: private root removed; no listener or worker created
test remote::filesystem_tests::a06_budget_inspected_children_exact_cutoff ... ok
R6 auth: expected 504; deadline/retained admission or revoke-before-release verified
R6 auth recovered admission: invalid=401 mirror=403 before malformed path; no-store
R6 auth exact drain: entered=18 completed=18; completion channel closed before root removal
R6 auth cleanup: workers=18 completed; listener joined/refused; root removed; injected=false
test remote::filesystem_tests::r6_auth_routed_deadline_admission ... ok

failures:

failures:
    remote::filesystem_tests::a06_directory_http_home

test result: FAILED. 12 passed; 1 failed; 0 ignored; 0 measured; 948 filtered out; finished in 10.16s

error: test failed, to rerun pass `--lib`
PARENT_Q_COMPLETE filesystem exit=101 root=/Users/indo/code/project/orca-lite-wt/herdr-resume-01a097f8/src-tauri/target/parent-q-filesystem-M6J9RB absent=true
