COMMAND ["cargo", "build", "--locked", "--manifest-path", "src-tauri/Cargo.toml", "--no-default-features", "--lib", "--bin", "ferryx-cli", "--bin", "ferryx-relay"] SNAPSHOT_MANIFEST_SHA256 f5c4eab343d595b88c83b31a29412f8ad3c4acc3008951283fb8bee71bc8b4bf
COMMAND_PID 308733
   Compiling tokio v1.53.1
   Compiling hyper v1.11.1
   Compiling tokio-rustls v0.26.5
   Compiling tauri v2.11.5
   Compiling hyper-util v0.1.20
   Compiling tower v0.5.3
   Compiling tower-http v0.6.11
   Compiling tokio-util v0.7.19
   Compiling hyper-rustls v0.27.9
   Compiling tokio-tungstenite v0.29.0
   Compiling reqwest v0.13.5
   Compiling axum v0.8.9
   Compiling reqwest v0.12.28
   Compiling tauri-plugin-fs v2.5.2
   Compiling tauri-plugin-process v2.3.1
   Compiling tauri-plugin-notification v2.4.0
   Compiling tauri-plugin-updater v2.11.0
   Compiling tauri-plugin-dialog v2.7.3
   Compiling ferryx v2026.908.1 (/home/indo/ferryx-herdr-q4-linux-01a097f8/source/src-tauri)
warning: unused import: `NotificationAuthorization`
 --> src/notification/permission.rs:4:5
  |
4 |     NotificationAuthorization, NotificationPermissionRequestDto, NotificationPermissionStatusDto,
  |     ^^^^^^^^^^^^^^^^^^^^^^^^^
  |
  = note: `#[warn(unused_imports)]` (part of `#[warn(unused)]`) on by default

warning: unused variable: `scroll_daemon_client`
   --> src/lib.rs:915:9
    |
915 |     let scroll_daemon_client = Arc::clone(&daemon_client);
    |         ^^^^^^^^^^^^^^^^^^^^ help: if this is intentional, prefix it with an underscore: `_scroll_daemon_client`
    |
    = note: `#[warn(unused_variables)]` (part of `#[warn(unused)]`) on by default

warning: constant `GHOSTTY_TERMINAL_SCREEN_PRIMARY` is never used
  --> src/native_terminal/sys/constants.rs:56:11
   |
56 | pub const GHOSTTY_TERMINAL_SCREEN_PRIMARY: c_int = 0;
   |           ^^^^^^^^^^^^^^^^^^^^^^^^^^^^^^^
   |
   = note: `#[warn(dead_code)]` (part of `#[warn(unused)]`) on by default

warning: methods `synchronized_output_deadline`, `expire_synchronized_output`, and `finish_synchronized_output` are never used
   --> src/native_terminal/terminal.rs:169:19
    |
133 | impl NativeTerminal {
    | ------------------- methods in this implementation
...
169 |     pub(crate) fn synchronized_output_deadline(&self) -> Option<tokio::time::Instant> {
    |                   ^^^^^^^^^^^^^^^^^^^^^^^^^^^^
...
173 |     pub(crate) fn expire_synchronized_output(
    |                   ^^^^^^^^^^^^^^^^^^^^^^^^^^
...
184 |     pub(crate) fn finish_synchronized_output(&mut self) -> Result<(), NativeTerminalError> {
    |                   ^^^^^^^^^^^^^^^^^^^^^^^^^^

warning: function `home_dir` is never used
  --> src/permissions/mod.rs:43:4
   |
43 | fn home_dir() -> Option<PathBuf> {
   |    ^^^^^^^^

warning: method `wait_and_reap` is never used
   --> src/terminal/session.rs:270:19
    |
 61 | impl PtySession {
    | --------------- method in this implementation
...
270 |     pub(crate) fn wait_and_reap(&self) -> Result<Option<i32>, PtyError> {
    |                   ^^^^^^^^^^^^^

warning: function `with_local_worktree_budget` is never used
   --> src/worktree/git.rs:115:15
    |
115 | pub(crate) fn with_local_worktree_budget<T>(work: impl FnOnce() -> T) -> T {
    |               ^^^^^^^^^^^^^^^^^^^^^^^^^^

warning: struct `WriterLeaseGuard` is never constructed
  --> src/worktree/manager.rs:86:19
   |
86 | pub(crate) struct WriterLeaseGuard {
   |                   ^^^^^^^^^^^^^^^^

warning: associated items `new`, `canonical_path`, and `owner_id` are never used
   --> src/worktree/manager.rs:93:8
    |
 92 | impl WriterLeaseGuard {
    | --------------------- associated items in this implementation
 93 |     fn new(registry: WriterLeaseRegistry, canonical_path: PathBuf, owner_id: String) -> Self {
    |        ^^^
...
101 |     pub(crate) fn canonical_path(&self) -> &Path {
    |                   ^^^^^^^^^^^^^^
...
105 |     pub(crate) fn owner_id(&self) -> &str {
    |                   ^^^^^^^^

warning: method `acquire_writer_lease` is never used
   --> src/worktree/manager.rs:338:19
    |
134 | impl WorktreeManager {
    | -------------------- method in this implementation
...
338 |     pub(crate) fn acquire_writer_lease(
    |                   ^^^^^^^^^^^^^^^^^^^^

warning: `ferryx` (lib) generated 10 warnings (run `cargo fix --lib -p ferryx` to apply 2 suggestions)
    Finished `dev` profile [unoptimized] target(s) in 30.24s
COMMAND_EXIT 0
