COMMAND ["cargo", "test", "--locked", "--manifest-path", "src-tauri/Cargo.toml", "--no-default-features", "--lib", "worktree::", "--", "--nocapture"] SNAPSHOT_MANIFEST_SHA256 f5c4eab343d595b88c83b31a29412f8ad3c4acc3008951283fb8bee71bc8b4bf
COMMAND_PID 308176
   Compiling ferryx v2026.908.1 (/home/indo/ferryx-herdr-q4-linux-01a097f8/source/src-tauri)
warning: unused import: `NotificationAuthorization`
 --> src/notification/permission.rs:4:5
  |
4 |     NotificationAuthorization, NotificationPermissionRequestDto, NotificationPermissionStatusDto,
  |     ^^^^^^^^^^^^^^^^^^^^^^^^^
  |
  = note: `#[warn(unused_imports)]` (part of `#[warn(unused)]`) on by default

warning: unused variable: `token`
    --> src/remote/auth.rs:1399:14
     |
1399 |         let (token, device) = auth
     |              ^^^^^ help: if this is intentional, prefix it with an underscore: `_token`
     |
     = note: `#[warn(unused_variables)]` (part of `#[warn(unused)]`) on by default

warning: unused variable: `scroll_daemon_client`
   --> src/lib.rs:915:9
    |
915 |     let scroll_daemon_client = Arc::clone(&daemon_client);
    |         ^^^^^^^^^^^^^^^^^^^^ help: if this is intentional, prefix it with an underscore: `_scroll_daemon_client`

warning: constant `GHOSTTY_TERMINAL_SCREEN_PRIMARY` is never used
  --> src/native_terminal/sys/constants.rs:56:11
   |
56 | pub const GHOSTTY_TERMINAL_SCREEN_PRIMARY: c_int = 0;
   |           ^^^^^^^^^^^^^^^^^^^^^^^^^^^^^^^
   |
   = note: `#[warn(dead_code)]` (part of `#[warn(unused)]`) on by default

warning: function `home_dir` is never used
  --> src/permissions/mod.rs:43:4
   |
43 | fn home_dir() -> Option<PathBuf> {
   |    ^^^^^^^^

warning: function `no_auth_query` is never used
    --> src/remote/server.rs:2862:12
     |
2862 |         fn no_auth_query() -> AuthQuery {
     |            ^^^^^^^^^^^^^

warning: struct `WriterLeaseGuard` is never constructed
  --> src/worktree/manager.rs:86:19
   |
86 | pub(crate) struct WriterLeaseGuard {
   |                   ^^^^^^^^^^^^^^^^

warning: associated items `new`, `canonical_path`, and `owner_id` are never used
   --> src/worktree/manager.rs:93:8
    |
 92 | impl WriterLeaseGuard {
    | --------------------- associated items in this implementation
 93 |     fn new(registry: WriterLeaseRegistry, canonical_path: PathBuf, owner_id: String) -> Self {
    |        ^^^
...
101 |     pub(crate) fn canonical_path(&self) -> &Path {
    |                   ^^^^^^^^^^^^^^
...
105 |     pub(crate) fn owner_id(&self) -> &str {
    |                   ^^^^^^^^

warning: method `acquire_writer_lease` is never used
   --> src/worktree/manager.rs:338:19
    |
134 | impl WorktreeManager {
    | -------------------- method in this implementation
...
338 |     pub(crate) fn acquire_writer_lease(
    |                   ^^^^^^^^^^^^^^^^^^^^

warning: `ferryx` (lib test) generated 9 warnings (run `cargo fix --lib -p ferryx --tests` to apply 3 suggestions)
    Finished `test` profile [unoptimized] target(s) in 30.02s
     Running unittests src/lib.rs (/home/indo/ferryx-herdr-q4-linux-01a097f8/target/debug/deps/ferryx_lib-29d5e12f5ed6e1ba)

running 44 tests
test ssh::worktree::tests::red_create_remote_option_injection_async_guard ... ok
test ssh::worktree::tests::red_create_remote_rejects_base_ref_option_injection ... ok
test ssh::worktree::tests::red_create_script_quoting_and_sanitized_branch ... ok
test ssh::worktree::tests::red_derive_ws_segment_malformed_rejected ... ok
test ssh::worktree::tests::red_list_script_marker_framed_both_platforms ... ok
test ssh::worktree::tests::red_malformed_porcelain_tolerated ... ok
test ssh::worktree::tests::red_parse_porcelain_entries ... ok
test ssh::worktree::tests::red_path_inside_root_guard ... ok
test ssh::worktree::tests::red_porcelain_parsing_of_created_output ... ok
test ssh::worktree::tests::red_posix_script_builders_executable_behavior ... hint: Using 'master' as the name for the initial branch. This default branch name
hint: will change to "main" in Git 3.0. To configure the initial branch name
hint: to use in all of your new repositories, which will suppress this warning,
hint: call:
hint:
hint: 	git config --global init.defaultBranch <name>
hint:
hint: Names commonly chosen instead of 'master' are 'main', 'trunk' and
hint: 'development'. The just-created branch can be renamed via this command:
hint:
hint: 	git branch -m <name>
hint:
hint: Disable this message with "git config set advice.defaultBranchName false"
Initialized empty Git repository in /home/indo/ferryx-herdr-q4-linux-01a097f8/qa/tmp/.tmpBpihb6/.git/
[master (root-commit) 38574c4] init
ok
test ssh::worktree::tests::test_resolve_remote_spawn_root ... ok
test worktree::git::local_budget_tests::a08_git_exceptional_cleanup_waits_before_error ... 
thread 'tokio-rt-worker' (308402) panicked at src/worktree/git.rs:200:31:
A08_DRAIN_WORKER_FAILURE
note: run with `RUST_BACKTRACE=1` environment variable to display a backtrace
A08 exceptional cleanup cwd="/home/indo/ferryx-herdr-q4-linux-01a097f8/qa/tmp/.tmpotRbWE" explicit_wait=Ok(ExitStatus(unix_wait_status(0)))
A08 exceptional Git pid=308401 root_removed=true result=Err(ParseError("Failed to parse git output: Git group drain: task 3 panicked with message \"A08_DRAIN_WORKER_FAILURE\""))
ok
test worktree::git::local_budget_tests::a08_git_legacy_path_fidelity ... ok
test worktree::git::local_budget_tests::a08_git_native_byte_fidelity ... A08 byte fixture cwd="/home/indo/ferryx-herdr-q4-linux-01a097f8/qa/tmp/.tmpD4GOz6" result=Err(ParseError("Invalid UTF-8 in Git stdout"))
ok
test worktree::git::local_budget_tests::a08_git_real_legacy_worktree_path ... ok
test worktree::git::local_budget_tests::bounded_git_rejects_large_output_and_expired_or_revoked_admission ... ok
test worktree::git::local_budget_tests::git_hook_descendant_containment ... A08 hook mode=cancel git=308430 leaf=308434 pgid=308430 uid=1000 hook=308432 intermediate=308433 test_pgid=974
A08 mode=cancel cleanup worker_joined=true descendant_joined=true sibling_waited=true root_removed=true errors=[]
A08 hook mode=revoke git=308438 leaf=308441 pgid=308438 uid=1000 hook=308439 intermediate=308440 test_pgid=974
A08 mode=revoke cleanup worker_joined=true descendant_joined=true sibling_waited=true root_removed=true errors=[]
A08 hook mode=deadline git=308444 leaf=308447 pgid=308444 uid=1000 hook=308445 intermediate=308446 test_pgid=974
A08 mode=deadline cleanup worker_joined=true descendant_joined=true sibling_waited=true root_removed=true errors=[]
A08 hook mode=output git=308452 leaf=308455 pgid=308452 uid=1000 hook=308453 intermediate=308454 test_pgid=974
A08 mode=output cleanup worker_joined=true descendant_joined=true sibling_waited=true root_removed=true errors=[]
A08 hook mode=success git=308458 leaf=308461 pgid=308458 uid=1000 hook=308459 intermediate=308460 test_pgid=974
A08 mode=success cleanup worker_joined=true descendant_joined=true sibling_waited=true root_removed=true errors=[]
A08 hook mode=failure git=308466 leaf=308469 pgid=308466 uid=1000 hook=308467 intermediate=308468 test_pgid=974
A08 mode=failure cleanup worker_joined=true descendant_joined=true sibling_waited=true root_removed=true errors=[]
A08 hook mode=injected git=308472 leaf=308475 pgid=308472 uid=1000 hook=308473 intermediate=308474 test_pgid=974

thread 'worktree::git::local_budget_tests::git_hook_descendant_containment' (308427) panicked at src/worktree/git.rs:397:37:
A08_INJECTED_READY_FAILURE
A08 mode=injected cleanup worker_joined=true descendant_joined=true sibling_waited=true root_removed=true errors=[]
ok
test worktree::git::local_budget_tests::local_budget_runs_existing_manager_create_delete ... ok
test worktree::git::local_budget_tests::local_mutation_budget_is_scoped_and_preserves_remote_deadline ... ok
test worktree::git::local_budget_tests::running_git_revocation_and_deadline_kill_and_reap ... A08 Git pid=308503 mode=revoke killed=true reaped=true private_root_removed=true
A08 Git pid=308506 mode=deadline killed=true reaped=true private_root_removed=true
A08 Git pid=308507 mode=cancel killed=true reaped=true private_root_removed=true
ok
test worktree::git::tests::git_path_argument_normalization_strips_windows_verbatim_prefixes ... ok
test worktree::manager::host_scoped_session_id_tests::test_host_scoped_worktree_session_id ... ok
test worktree::registry::tests::register_replaces_bogus_root_entry ... ok
test worktree::registry::tests::register_unique_root_disambiguates_conflicting_ids ... ok
test worktree::registry::tests::register_unique_root_replaces_bogus_root_entry ... ok
test worktree::registry::tests::unregister_is_idempotent_on_the_same_id ... ok
test worktree::registry::tests::unregister_rejects_unsafe_workspace_id ... ok
test worktree::registry::tests::unregister_removes_registered_workspace_and_bumps_revision ... ok
test worktree::registry::tests::unregister_unknown_workspace_returns_false_without_revision_change ... ok
test worktree::tests::branch_namespace_formatting_and_validation ... ok
test worktree::tests::create_find_and_list_worktree ... ok
test worktree::tests::dirty_worktree_survives_force_remove_but_yields_to_explicit_destructive_delete ... ok
test worktree::tests::existing_target_and_missing_status_are_rejected ... ok
test worktree::tests::git_merge_base_is_ancestor_and_branch_merge_detection ... ok
test worktree::tests::multiple_worktrees_remain_isolated ... ok
test worktree::tests::parse_status_porcelain_v1_and_v2 ... ok
test worktree::tests::parse_worktree_list_porcelain ... ok
test worktree::tests::plain_folder_without_git_registers_and_guards_worktrees ... ok
test worktree::tests::registry_resolves_only_registered_workspace_identity ... ok
test worktree::tests::resolve_worktree_by_path_and_identity ... ok
test worktree::tests::safe_branch_delete_removes_merged_branch ... ok
test worktree::tests::safe_delete_clean_worktree ... ok
test worktree::tests::worktree_manager_rejects_filesystem_root ... ok
test worktree::tests::worktree_manager_resolves_nested_git_directory_to_canonical_root ... ok

test result: ok. 44 passed; 0 failed; 0 ignored; 0 measured; 884 filtered out; finished in 4.24s

COMMAND_EXIT 0
