COMMAND ["cargo", "test", "--locked", "--manifest-path", "src-tauri/Cargo.toml", "--no-default-features", "--test", "machine_catalog_persistence", "--test", "machine_worktrees", "--test", "worktree_safety", "--test", "machine_worktree_legacy_bounds", "--test", "machine_worktree_transports", "--test", "relay_pairing_generation_regression", "--", "--nocapture"] SNAPSHOT_MANIFEST_SHA256 f5c4eab343d595b88c83b31a29412f8ad3c4acc3008951283fb8bee71bc8b4bf
COMMAND_PID 307620
   Compiling ferryx v2026.908.1 (/home/indo/ferryx-herdr-q4-linux-01a097f8/source/src-tauri)
warning: unused import: `NotificationAuthorization`
 --> src/notification/permission.rs:4:5
  |
4 |     NotificationAuthorization, NotificationPermissionRequestDto, NotificationPermissionStatusDto,
  |     ^^^^^^^^^^^^^^^^^^^^^^^^^
  |
  = note: `#[warn(unused_imports)]` (part of `#[warn(unused)]`) on by default

warning: unused variable: `scroll_daemon_client`
   --> src/lib.rs:915:9
    |
915 |     let scroll_daemon_client = Arc::clone(&daemon_client);
    |         ^^^^^^^^^^^^^^^^^^^^ help: if this is intentional, prefix it with an underscore: `_scroll_daemon_client`
    |
    = note: `#[warn(unused_variables)]` (part of `#[warn(unused)]`) on by default

warning: constant `GHOSTTY_TERMINAL_SCREEN_PRIMARY` is never used
  --> src/native_terminal/sys/constants.rs:56:11
   |
56 | pub const GHOSTTY_TERMINAL_SCREEN_PRIMARY: c_int = 0;
   |           ^^^^^^^^^^^^^^^^^^^^^^^^^^^^^^^
   |
   = note: `#[warn(dead_code)]` (part of `#[warn(unused)]`) on by default

warning: methods `synchronized_output_deadline`, `expire_synchronized_output`, and `finish_synchronized_output` are never used
   --> src/native_terminal/terminal.rs:169:19
    |
133 | impl NativeTerminal {
    | ------------------- methods in this implementation
...
169 |     pub(crate) fn synchronized_output_deadline(&self) -> Option<tokio::time::Instant> {
    |                   ^^^^^^^^^^^^^^^^^^^^^^^^^^^^
...
173 |     pub(crate) fn expire_synchronized_output(
    |                   ^^^^^^^^^^^^^^^^^^^^^^^^^^
...
184 |     pub(crate) fn finish_synchronized_output(&mut self) -> Result<(), NativeTerminalError> {
    |                   ^^^^^^^^^^^^^^^^^^^^^^^^^^

warning: function `home_dir` is never used
  --> src/permissions/mod.rs:43:4
   |
43 | fn home_dir() -> Option<PathBuf> {
   |    ^^^^^^^^

warning: method `wait_and_reap` is never used
   --> src/terminal/session.rs:270:19
    |
 61 | impl PtySession {
    | --------------- method in this implementation
...
270 |     pub(crate) fn wait_and_reap(&self) -> Result<Option<i32>, PtyError> {
    |                   ^^^^^^^^^^^^^

warning: function `with_local_worktree_budget` is never used
   --> src/worktree/git.rs:115:15
    |
115 | pub(crate) fn with_local_worktree_budget<T>(work: impl FnOnce() -> T) -> T {
    |               ^^^^^^^^^^^^^^^^^^^^^^^^^^

warning: struct `WriterLeaseGuard` is never constructed
  --> src/worktree/manager.rs:86:19
   |
86 | pub(crate) struct WriterLeaseGuard {
   |                   ^^^^^^^^^^^^^^^^

warning: associated items `new`, `canonical_path`, and `owner_id` are never used
   --> src/worktree/manager.rs:93:8
    |
 92 | impl WriterLeaseGuard {
    | --------------------- associated items in this implementation
 93 |     fn new(registry: WriterLeaseRegistry, canonical_path: PathBuf, owner_id: String) -> Self {
    |        ^^^
...
101 |     pub(crate) fn canonical_path(&self) -> &Path {
    |                   ^^^^^^^^^^^^^^
...
105 |     pub(crate) fn owner_id(&self) -> &str {
    |                   ^^^^^^^^

warning: method `acquire_writer_lease` is never used
   --> src/worktree/manager.rs:338:19
    |
134 | impl WorktreeManager {
    | -------------------- method in this implementation
...
338 |     pub(crate) fn acquire_writer_lease(
    |                   ^^^^^^^^^^^^^^^^^^^^

warning: `ferryx` (lib) generated 10 warnings (run `cargo fix --lib -p ferryx` to apply 2 suggestions)
    Finished `test` profile [unoptimized] target(s) in 27.80s
     Running tests/machine_catalog_persistence.rs (/home/indo/ferryx-herdr-q4-linux-01a097f8/target/debug/deps/machine_catalog_persistence-805569d44134018f)

running 4 tests
test catalog_owner_process ... ok
test isolated_owner_restart_and_failure_cleanup ... IPC cleanup client_joined=true handler_joined=true duplex_closed=true injected=false
OWNER cleanup pid=308043 reaped=true status=signal: 9 (SIGKILL) sockets=[] command=register

thread 'isolated_owner_restart_and_failure_cleanup' (308029) panicked at tests/machine_catalog_persistence.rs:103:24:
assertion failed: matches!(result, Ok(Ok(())))
note: run with `RUST_BACKTRACE=1` environment variable to display a backtrace
OWNER CLEANUP root=/home/indo/ferryx-herdr-q4-linux-01a097f8/qa/tmp/.tmp98mgdZ absent=true
FAILED
test normalized_registration_is_idempotent ... NORMALIZATION trimmed identity; unchanged revision; explicit exposure promotion verified
NORMALIZATION CLEANUP root=/home/indo/ferryx-herdr-q4-linux-01a097f8/qa/tmp/.tmpBpjkOm absent=true
ok
test registration_survives_isolated_service_restart ... READY isolated service root=/home/indo/ferryx-herdr-q4-linux-01a097f8/qa/tmp/.tmpenc4oM
IPC cleanup client_joined=true handler_joined=true duplex_closed=true injected=false
RESTART isolated service
CONCURRENT aliases canonical id=project-34ed0b8970e64919ad094cab4abc8bbd mirror_exposed=false
PERMISSIONS catalog=600 parent=700
RESTORE invalid root retained without overwrite
RESTORE missing row retained without recreation
WRITE_FAILURE rename target directory: no success or published revision; mutations fenced
QUARANTINE invalid/newer catalog preserved; mutation refused
QUARANTINE invalid/newer catalog preserved; mutation refused
CLEANUP root=/home/indo/ferryx-herdr-q4-linux-01a097f8/qa/tmp/.tmpenc4oM absent=true daemon_pids=[] sockets=[]
ok

failures:

failures:
    isolated_owner_restart_and_failure_cleanup

test result: FAILED. 3 passed; 1 failed; 0 ignored; 0 measured; 0 filtered out; finished in 20.07s

error: test failed, to rerun pass `--test machine_catalog_persistence`
COMMAND_EXIT 101
