**********************
Windows PowerShell transcript start
Start time: 20260913101322
Username: DESKTOP-1LAPJMP\sook
RunAs User: DESKTOP-1LAPJMP\sook
Configuration Name: 
Machine: DESKTOP-1LAPJMP (Microsoft Windows NT 10.0.26200.0)
Host Application: C:\Windows\System32\WindowsPowerShell\v1.0\powershell.exe -NoProfile -File C:\Users\sook\ferryx-herdr-q4-windows-01a097f8\receipt.ps1
Process ID: 15340
PSVersion: 5.1.26100.9444
PSEdition: Desktop
PSCompatibleVersions: 1.0, 2.0, 3.0, 4.0, 5.0, 5.1.26100.9444
BuildVersion: 10.0.26100.9444
CLRVersion: 4.0.30319.42000
WSManStackVersion: 3.0
PSRemotingProtocolVersion: 2.3
SerializationVersion: 1.1.0.1
**********************
Transcript started, output file is C:\Users\sook\ferryx-herdr-q4-windows-01a097f8\cleanup.log
POST_BUILD_SOURCE_HASHES=969
OWNED_EXECUTABLE_PROCESSES=0
BUILD_EXIT=101; WAITED=True
REMOVED=C:\Users\sook\ferryx-herdr-q4-windows-01a097f8\runtime; ABSENT=True
REMOVED=C:\Users\sook\ferryx-herdr-q4-windows-01a097f8\data; ABSENT=True
REMOVED=C:\Users\sook\ferryx-herdr-q4-windows-01a097f8\sessions; ABSENT=True
REMOVED=C:\Users\sook\ferryx-herdr-q4-windows-01a097f8\home; ABSENT=True
REMOVED=C:\Users\sook\ferryx-herdr-q4-windows-01a097f8\config; ABSENT=True
REMOVED=C:\Users\sook\ferryx-herdr-q4-windows-01a097f8\cache; ABSENT=True
REMOVED=C:\Users\sook\ferryx-herdr-q4-windows-01a097f8\temp; ABSENT=True
REMOVED=C:\Users\sook\ferryx-herdr-q4-windows-01a097f8\appdata; ABSENT=True
REMOVED=C:\Users\sook\ferryx-herdr-q4-windows-01a097f8\localappdata; ABSENT=True
No test binaries, daemons, PTYs, HTTP/WS listeners or Git runtime fixtures were launched.
Retained: source, target, archive, bundle, manifests, scripts and command logs for coordinated repair review.
**********************
Windows PowerShell transcript end
End time: 20260913101324
**********************
