Transcript started, output file is C:\Users\sook\ferryx-herdr-q4-windows-01a097f8\preflight-second.log
Microsoft Windows NT 10.0.26200.0
C:\Users\sook\ferryx-herdr-q4-windows-01a097f8\temp\

        Free
        ----
194097278976
            
            
TRANSFER_HASHES_VERIFIED=969
rustc 1.97.0 (2d8144b78 2026-07-07)
binary: rustc
commit-hash: 2d8144b7880597b6e6d3dfd63a9a9efae3f533d3
commit-date: 2026-07-07
host: x86_64-pc-windows-msvc
release: 1.97.0
LLVM version: 22.1.6
cargo 1.97.0 (c980f4866 2026-06-30)
git version 2.55.0.windows.2
C:\Users\sook\AppData\Local\Microsoft\WinGet\Links\zig.exe
C:\Users\sook\.cargo\bin\rust-analyzer.exe
6a508fd5e34c7e222c052a6d00bb3891ff3feace
Transcript stopped, output file is C:\Users\sook\ferryx-herdr-q4-windows-01a097f8\preflight-second.log
