   Compiling proc-macro2 v1.0.107
   Compiling quote v1.0.47
   Compiling unicode-ident v1.0.24
   Compiling cfg-if v1.0.4
   Compiling windows-link v0.2.1
   Compiling serde_core v1.0.229
   Compiling scopeguard v1.2.0
   Compiling itoa v1.0.18
   Compiling syn v3.0.5
   Compiling syn v2.0.119
   Compiling writeable v0.6.4
   Compiling parking_lot_core v0.9.12
   Compiling litemap v0.8.3
   Compiling memchr v2.8.3
   Compiling siphasher v1.0.3
   Compiling bytes v1.12.1
   Compiling utf8_iter v1.0.4
   Compiling lock_api v0.4.14
   Compiling synstructure v0.13.2
   Compiling phf_shared v0.13.1
   Compiling icu_properties_data v2.3.0
   Compiling zerovec-derive v0.11.6
   Compiling serde_derive v1.0.229
   Compiling zerofrom-derive v0.1.7
   Compiling yoke-derive v0.8.2
   Compiling displaydoc v0.2.7
   Compiling zerofrom v0.1.8
   Compiling icu_normalizer_data v2.3.0
   Compiling fastrand v2.5.0
   Compiling phf_generator v0.13.1
   Compiling thiserror v2.0.20
   Compiling stable_deref_trait v1.2.1
   Compiling log v0.4.34
   Compiling thiserror-impl v2.0.20
   Compiling http v1.5.0
   Compiling zmij v1.0.23
   Compiling smallvec v1.16.1
   Compiling yoke v0.8.3
   Compiling autocfg v1.5.1
   Compiling getrandom v0.4.3
   Compiling zerovec v0.11.8
   Compiling windows-sys v0.61.2
   Compiling find-msvc-tools v0.1.12
   Compiling serde v1.0.229
   Compiling shlex v2.0.1
   Compiling cc v1.4.5
   Compiling phf_macros v0.13.1
   Compiling winnow v1.0.4
   Compiling toml_parser v1.1.3+spec-1.1.0
   Compiling time-core v0.1.9
   Compiling num-conv v0.2.2
   Compiling toml_writer v1.1.2+spec-1.1.0
   Compiling tinystr v0.8.4
   Compiling phf_codegen v0.13.1
   Compiling typeid v1.0.3
   Compiling strsim v0.11.1
   Compiling ident_case v1.0.1
   Compiling thiserror v1.0.69
   Compiling powerfmt v0.2.0
   Compiling darling_core v0.24.1
   Compiling icu_locale_core v2.3.0
   Compiling potential_utf v0.1.6
   Compiling zerotrie v0.2.5
   Compiling thiserror-impl v1.0.69
   Compiling semver v1.0.28
   Compiling erased-serde v0.4.10
   Compiling byteorder v1.5.0
   Compiling darling_macro v0.24.1
   Compiling icu_provider v2.3.1
   Compiling icu_collections v2.3.0
   Compiling aho-corasick v1.1.5
   Compiling regex-syntax v0.8.11
   Compiling hashbrown v0.17.1
   Compiling unic-char-range v0.9.0
   Compiling fnv v1.0.7
   Compiling unic-common v0.9.0
   Compiling new_debug_unreachable v1.0.6
   Compiling equivalent v1.0.2
   Compiling indexmap v2.14.2
   Compiling regex-automata v0.4.18
   Compiling unic-ucd-version v0.9.0
   Compiling unic-char-property v0.9.0
   Compiling darling v0.24.1
   Compiling phf v0.13.1
   Compiling string_cache_codegen v0.6.1
   Compiling alloc-no-stdlib v2.0.4
   Compiling base64 v0.23.1
   Compiling anyhow v1.0.104
   Compiling serde_json v1.0.151
   Compiling precomputed-hash v0.1.1
   Compiling web_atoms v0.2.6
   Compiling alloc-stdlib v0.2.4
   Compiling parking_lot v0.12.5
   Compiling regex v1.13.1
   Compiling serde_with_macros v3.23.0
   Compiling unic-ucd-ident v0.9.0
   Compiling icu_properties v2.3.0
   Compiling icu_normalizer v2.3.0
   Compiling quick-xml v0.42.0
   Compiling serde_spanned v1.1.1
   Compiling dunce v1.0.5
   Compiling once_cell v1.21.4
   Compiling idna_adapter v1.2.2
   Compiling string_cache v0.9.0
   Compiling brotli-decompressor v5.0.3
   Compiling dtoa v1.0.11
   Compiling percent-encoding v2.3.2
   Compiling ctor-proc-macro v0.0.7
   Compiling form_urlencoded v1.2.2
   Compiling dtoa-short v0.3.5
   Compiling ctor v0.8.0
   Compiling brotli v8.0.4
   Compiling idna v1.1.0
   Compiling tendril v0.5.1
   Compiling selectors v0.36.1
   Compiling uuid v1.26.1
   Compiling indexmap v1.9.3
   Compiling derive_more-impl v2.1.1
   Compiling cssparser-macros v0.6.1
   Compiling toml_datetime v1.1.1+spec-1.1.0
   Compiling glob v0.3.4
   Compiling camino v1.2.5
   Compiling derive_more v2.1.1
   Compiling toml v1.1.6+spec-1.1.0
   Compiling cssparser v0.36.0
   Compiling markup5ever v0.38.0
   Compiling url v2.5.8
   Compiling winapi-util v0.1.11
   Compiling servo_arc v0.4.3
   Compiling serde_derive_internals v0.29.1
   Compiling hashbrown v0.12.3
   Compiling deranged v0.5.8
   Compiling bit-vec v0.8.0
   Compiling schemars v0.8.22
   Compiling version_check v0.9.5
   Compiling bitflags v2.13.2
   Compiling rustc-hash v2.1.3
   Compiling time v0.3.55
   Compiling bit-set v0.8.0
   Compiling schemars_derive v0.8.22
   Compiling same-file v1.0.6
   Compiling html5ever v0.38.0
   Compiling cfb v0.7.3
   Compiling jsonptr v0.6.3
   Compiling cargo-platform v0.1.9
   Compiling windows-interface v0.59.3
   Compiling windows-implement v0.60.2
   Compiling foldhash v0.2.0
   Compiling dyn-clone v1.0.20
   Compiling dom_query v0.27.0
   Compiling serde-untagged v0.1.9
   Compiling cargo_metadata v0.19.2
   Compiling json-patch v3.0.1
   Compiling infer v0.19.0
   Compiling plist v1.10.1
   Compiling walkdir v2.5.0
   Compiling urlpattern v0.3.0
   Compiling serde_with v3.23.0
   Compiling pin-project-lite v0.2.17
   Compiling windows_x86_64_msvc v0.52.6
   Compiling bitflags v1.3.2
   Compiling windows-targets v0.52.6
   Compiling rustc_version v0.4.1
   Compiling windows-link v0.1.3
   Compiling libc v0.2.189
   Compiling vswhom-sys v0.1.3
   Compiling tauri-utils v2.9.3
   Compiling generic-array v0.14.7
   Compiling tracing-core v0.1.36
   Compiling option-ext v0.2.0
   Compiling bytemuck v1.25.2
   Compiling windows-strings v0.4.2
   Compiling windows-result v0.3.4
   Compiling windows-sys v0.59.0
   Compiling typenum v1.20.1
   Compiling winnow v0.7.15
   Compiling winreg v0.55.0
   Compiling windows-core v0.61.2
   Compiling vswhom v0.1.0
   Compiling mio v1.2.3
   Compiling socket2 v0.6.5
   Compiling tracing-attributes v0.1.31
   Compiling tokio-macros v2.7.2
   Compiling toml_datetime v0.7.5+spec-1.1.0
   Compiling toml v0.9.12+spec-1.1.0
   Compiling tracing v0.1.44
   Compiling tokio v1.53.1
   Compiling embed-resource v3.0.11
   Compiling dirs-sys v0.5.0
   Compiling lazy_static v1.5.0
   Compiling heck v0.5.0
   Compiling rustversion v1.0.23
   Compiling dirs v6.0.0
   Compiling tauri-winres v0.3.6
   Compiling cargo_toml v0.22.3
   Compiling tauri-plugin v2.6.3
   Compiling crypto-common v0.1.7
   Compiling block-buffer v0.10.4
   Compiling windows-threading v0.1.0
   Compiling getrandom v0.2.17
   Compiling futures-core v0.3.34
   Compiling simd-adler32 v0.3.10
   Compiling crc32fast v1.5.1
   Compiling zeroize v1.9.0
   Compiling windows-future v0.2.1
   Compiling digest v0.10.7
   Compiling tauri-build v2.6.3
   Compiling windows-numerics v0.2.0
   Compiling windows-collections v0.2.0
   Compiling adler2 v2.0.1
   Compiling cpufeatures v0.2.17
   Compiling windows v0.61.3
   Compiling ring v0.17.14
   Compiling num-traits v0.2.19
   Compiling windows-result v0.4.1
   Compiling windows-strings v0.5.1
   Compiling getrandom v0.3.4
   Compiling tauri v2.11.5
   Compiling miniz_oxide v0.9.1
   Compiling rustls-pki-types v1.15.1
   Compiling time-macros v0.2.32
   Compiling arrayvec v0.7.8
   Compiling base64 v0.22.1
   Compiling raw-window-handle v0.6.2
   Compiling symphonia-core v0.5.5
   Compiling flate2 v1.1.10
   Compiling miniz_oxide v0.8.9
   Compiling multiversion-macros v0.9.0
   Compiling encoding_rs v0.8.41
   Compiling fdeflate v0.3.7
   Compiling webview2-com-sys v0.38.2
   Compiling windows-version v0.1.7
   Compiling subtle v2.6.1
   Compiling untrusted v0.9.0
   Compiling crossbeam-utils v0.8.23
   Compiling multiversion v0.9.0
   Compiling dpi v0.1.2
   Compiling cookie v0.18.2
   Compiling http-body v1.1.0
   Compiling multiversion_no_op v1.0.0
   Compiling httparse v1.10.1
   Compiling core_detect v1.0.0
   Compiling simdutf8 v0.1.5
   Compiling zerocopy v0.8.57
   Compiling rustls v0.23.44
   Compiling futures-sink v0.3.34
   Compiling rustls-webpki v0.103.15
   Compiling webview2-com-macros v0.8.1
   Compiling futures-macro v0.3.34
   Compiling unicode-segmentation v1.13.3
   Compiling futures-task v0.3.34
   Compiling slab v0.4.12
   Compiling tower-service v0.3.3
   Compiling futures-util v0.3.34
   Compiling crossbeam-channel v0.5.17
   Compiling symphonia-metadata v0.5.5
   Compiling png v0.17.16
   Compiling sha2 v0.10.9
   Compiling mime v0.3.17
   Compiling webview2-com v0.38.2
   Compiling tauri-runtime v2.11.3
   Compiling wry v0.55.1
   Compiling ico v0.5.0
   Compiling ppv-lite86 v0.2.21
   Compiling try-lock v0.2.5
   Compiling tauri-runtime-wry v2.11.4
   Compiling windows_x86_64_msvc v0.53.1
   Compiling pxfm v0.1.30
   Compiling tower-layer v0.3.3
   Compiling want v0.3.1
   Compiling tauri-codegen v2.6.3
   Compiling tao v0.35.3
   Compiling moxcms v0.8.1
   Compiling keyboard-types v0.7.0
   Compiling png v0.18.1
   Compiling softbuffer v0.4.8
   Compiling webpki-roots v1.0.9
   Compiling sync_wrapper v1.0.2
   Compiling futures-channel v0.3.34
   Compiling serialize-to-javascript-impl v0.1.2
   Compiling atomic-waker v1.1.2
   Compiling byteorder-lite v0.1.0
   Compiling httpdate v1.0.3
   Compiling hyper v1.11.1
   Compiling window-vibrancy v0.6.0
   Compiling image v0.25.10
   Compiling serialize-to-javascript v0.1.2
   Compiling muda v0.19.3
   Compiling tauri-macros v2.6.3
   Compiling tokio-rustls v0.26.5
   Compiling symphonia-utils-xiph v0.5.5
   Compiling rand_core v0.9.5
   Compiling windows-registry v0.6.1
   Compiling windows-core v0.62.2
   Compiling serde_repr v0.1.21
   Compiling ipnet v2.12.2
   Compiling rand_chacha v0.9.0
   Compiling hyper-util v0.1.20
   Compiling windows-targets v0.53.5
   Compiling tower v0.5.3
   Compiling http-body-util v0.1.5
   Compiling tauri-plugin-fs v2.5.2
   Compiling winapi v0.3.9
   Compiling windows-sys v0.60.2
   Compiling rand v0.9.5
   Compiling windows-threading v0.2.1
   Compiling cfg_aliases v0.1.1
   Compiling nix v0.28.0
   Compiling windows-future v0.3.2
   Compiling hyper-rustls v0.27.9
   Compiling tower-http v0.6.11
   Compiling windows-collections v0.3.2
   Compiling windows-numerics v0.3.1
   Compiling tokio-util v0.7.19
   Compiling num-integer v0.1.47
   Compiling sha1 v0.10.7
   Compiling rand_core v0.6.4
   Compiling tauri-plugin-dialog v2.7.3
   Compiling tauri-plugin-updater v2.11.0
   Compiling tauri-plugin-notification v2.4.0
   Compiling tauri-plugin-process v2.3.1
   Compiling curve25519-dalek v4.1.3
   Compiling rfd v0.16.0
   Compiling extended v0.1.0
   Compiling winreg v0.10.1
   Compiling unicase v2.9.0
   Compiling ryu v1.0.23
   Compiling cpal v0.17.3
   Compiling data-encoding v2.11.1
   Compiling serde_urlencoded v0.7.1
   Compiling tungstenite v0.29.0
   Compiling mime_guess v2.0.5
   Compiling symphonia-format-riff v0.5.5
   Compiling num-bigint v0.4.8
   Compiling windows v0.62.2
   Compiling symphonia-format-ogg v0.5.5
   Compiling symphonia-codec-vorbis v0.5.5
   Compiling symphonia-format-isomp4 v0.5.5
   Compiling symphonia-bundle-flac v0.5.5
   Compiling webpki-roots v0.26.11
   Compiling tauri-winrt-notification v0.7.3
   Compiling rustls-platform-verifier v0.7.0
   Compiling symphonia-bundle-mp3 v0.5.5
   Compiling symphonia-codec-pcm v0.5.5
   Compiling symphonia-codec-aac v0.5.5
   Compiling curve25519-dalek-derive v0.1.1
   Compiling signature v2.2.0
   Compiling dasp_sample v0.11.0
   Compiling tempfile v3.27.0
   Compiling ed25519 v2.2.3
   Compiling symphonia v0.5.5
   Compiling reqwest v0.13.5
   Compiling notify-rust v4.18.0
   Compiling tokio-tungstenite v0.29.0
   Compiling num-rational v0.4.2
   Compiling rand_chacha v0.3.1
   Compiling filedescriptor v0.8.3
   Compiling axum-core v0.5.6
   Compiling zip v4.6.1
   Compiling ferryx v2026.908.1 (C:\Users\sook\ferryx-herdr-q4-windows-01a097f8\source\src-tauri)
   Compiling sharded-slab v0.1.7
   Compiling shared_library v0.1.9
   Compiling notify-types v2.1.0
   Compiling tracing-log v0.2.0
   Compiling nu-ansi-term v0.50.3
   Compiling serial2 v0.2.38
   Compiling serde_path_to_error v0.1.20
   Compiling thread_local v1.1.10
   Compiling shell-words v1.1.1
   Compiling matchit v0.8.4
   Compiling minisign-verify v0.2.5
   Compiling downcast-rs v1.2.1
   Compiling portable-pty v0.9.0
   Compiling axum v0.8.9
   Compiling tracing-subscriber v0.3.23
   Compiling rodio v0.22.2
   Compiling notify v8.2.0
   Compiling rand v0.8.8
   Compiling ed25519-dalek v2.2.0
   Compiling reqwest v0.12.28
   Compiling tower-http v0.7.1
error[E0433]: cannot find `native_terminal` in `ipc`
   --> src\clipboard_image.rs:127:34
    |
127 |         if format == crate::ipc::native_terminal::CF_DIB_ID
    |                                  ^^^^^^^^^^^^^^^ could not find `native_terminal` in `ipc`
    |
note: found an item that was configured out
   --> src\ipc\mod.rs:11:9
    |
 10 | #[cfg(feature = "native-terminal")]
    |       --------------------------- the item is gated behind the `native-terminal` feature
 11 | pub mod native_terminal;
    |         ^^^^^^^^^^^^^^^

error[E0433]: cannot find `native_terminal` in `ipc`
   --> src\clipboard_image.rs:128:38
    |
128 |             || format == crate::ipc::native_terminal::CF_DIBV5_ID
    |                                      ^^^^^^^^^^^^^^^ could not find `native_terminal` in `ipc`
    |
note: found an item that was configured out
   --> src\ipc\mod.rs:11:9
    |
 10 | #[cfg(feature = "native-terminal")]
    |       --------------------------- the item is gated behind the `native-terminal` feature
 11 | pub mod native_terminal;
    |         ^^^^^^^^^^^^^^^

warning: unused import: `AgentState`
 --> src\daemon\server.rs:2:34
  |
2 | use crate::daemon::agent_state::{AgentState, AgentStateHub, AgentStateSubscription};
  |                                  ^^^^^^^^^^
  |
  = note: `#[warn(unused_imports)]` (part of `#[warn(unused)]`) on by default

warning: unused import: `std::time::Duration`
  --> src\daemon\server.rs:28:5
   |
28 | use std::time::Duration;
   |     ^^^^^^^^^^^^^^^^^^^

warning: unused import: `NotificationAuthorization`
 --> src\notification\permission.rs:4:5
  |
4 |     NotificationAuthorization, NotificationPermissionRequestDto, NotificationPermissionStatusDto,
  |     ^^^^^^^^^^^^^^^^^^^^^^^^^

warning: unused variable: `scroll_daemon_client`
   --> src\lib.rs:915:9
    |
915 |     let scroll_daemon_client = Arc::clone(&daemon_client);
    |         ^^^^^^^^^^^^^^^^^^^^ help: if this is intentional, prefix it with an underscore: `_scroll_daemon_client`
    |
    = note: `#[warn(unused_variables)]` (part of `#[warn(unused)]`) on by default

For more information about this error, try `rustc --explain E0433`.
warning: `ferryx` (lib) generated 4 warnings
error: could not compile `ferryx` (lib) due to 2 previous errors; 4 warnings emitted
