BUILD_STILL_RUNNING
   Compiling mime_guess v2.0.5
   Compiling symphonia-format-riff v0.5.5
   Compiling num-bigint v0.4.8
   Compiling windows v0.62.2
   Compiling symphonia-format-ogg v0.5.5
   Compiling symphonia-codec-vorbis v0.5.5
   Compiling symphonia-format-isomp4 v0.5.5
   Compiling symphonia-bundle-flac v0.5.5
   Compiling webpki-roots v0.26.11
   Compiling tauri-winrt-notification v0.7.3
   Compiling rustls-platform-verifier v0.7.0
   Compiling symphonia-bundle-mp3 v0.5.5
   Compiling symphonia-codec-pcm v0.5.5
   Compiling symphonia-codec-aac v0.5.5
   Compiling curve25519-dalek-derive v0.1.1
   Compiling signature v2.2.0
   Compiling dasp_sample v0.11.0
   Compiling tempfile v3.27.0
   Compiling ed25519 v2.2.3
   Compiling symphonia v0.5.5
   Compiling reqwest v0.13.5
   Compiling notify-rust v4.18.0
   Compiling tokio-tungstenite v0.29.0
   Compiling num-rational v0.4.2
   Compiling rand_chacha v0.3.1
   Compiling filedescriptor v0.8.3
   Compiling axum-core v0.5.6
   Compiling zip v4.6.1
   Compiling ferryx v2026.908.1 (C:\Users\sook\ferryx-herdr-q4-windows-01a097f8\source\src-tauri)
   Compiling sharded-slab v0.1.7
   Compiling shared_library v0.1.9
   Compiling notify-types v2.1.0
   Compiling tracing-log v0.2.0
   Compiling nu-ansi-term v0.50.3
   Compiling serial2 v0.2.38
   Compiling serde_path_to_error v0.1.20
   Compiling thread_local v1.1.10
   Compiling shell-words v1.1.1
   Compiling matchit v0.8.4
   Compiling minisign-verify v0.2.5
   Compiling downcast-rs v1.2.1
   Compiling portable-pty v0.9.0
   Compiling axum v0.8.9
   Compiling tracing-subscriber v0.3.23
   Compiling rodio v0.22.2
   Compiling notify v8.2.0
   Compiling rand v0.8.8
   Compiling ed25519-dalek v2.2.0
   Compiling reqwest v0.12.28
   Compiling tower-http v0.7.1
