remote EXIT=0; WAITED=True
integration EXIT=101; WAITED=True
worktree EXIT=0; WAITED=True
paths EXIT=0; WAITED=True
build EXIT=0; WAITED=True
candidate-aggregate-build.log
...
101 |     pub(crate) fn canonical_path(&self) -> &Path {
    |                   ^^^^^^^^^^^^^^
...
105 |     pub(crate) fn owner_id(&self) -> &str {
    |                   ^^^^^^^^

warning: method `acquire_writer_lease` is never used
   --> src\worktree\manager.rs:338:19
    |
134 | impl WorktreeManager {
    | -------------------- method in this implementation
...
338 |     pub(crate) fn acquire_writer_lease(
    |                   ^^^^^^^^^^^^^^^^^^^^

warning: linker stdout: C:\Users\sook\ferryx-herdr-q4-windows-01a097f8\target\debug\deps\ferryx_lib.dll.lib ?쇱씠釉뚮윭由?諛?C:\Users\sook\ferryx-herdr-q4-windows-01a097f8\target\debug\deps\ferryx_lib.dll.exp 媛쒖껜瑜??앹꽦?섍퀬 ?덉뒿?덈떎.
  |
  = note: `#[warn(linker_messages)]` on by default

warning: `ferryx` (lib) generated 15 warnings (run `cargo fix --lib -p ferryx` to apply 4 suggestions)
    Finished `dev` profile [unoptimized] target(s) in 51.61s
candidate-aggregate-integration.log
R4 CLEANUP runtime/connection tasks joined; private directory explicitly removed; failed_scenario=false
test machine_http_transport ... ok
R4 CLEANUP runtime/connection tasks joined; private directory explicitly removed; failed_scenario=false

thread 'r4_absolute_replacement_filename_direct_and_relay' (18316) panicked at tests\relay_pairing_generation_regression.rs:82:13:
assertion `left == right` failed: absolute replacement-character filename via http://127.0.0.1:54485
  left: 422
 right: 200
test stale_registration_stops_being_claimable_after_control_replacement ... ok
R4 CLEANUP runtime/connection tasks joined; private directory explicitly removed; failed_scenario=true
test r4_absolute_replacement_filename_direct_and_relay ... FAILED
R4 injected failure: panic propagated after runtime joined; store absent; listener refused
test r4_failure_path_joins_connections_and_removes_store ... ok

failures:

failures:
    r4_absolute_replacement_filename_direct_and_relay

test result: FAILED. 5 passed; 1 failed; 0 ignored; 0 measured; 0 filtered out; finished in 2.06s

error: test failed, to rerun pass `--test relay_pairing_generation_regression`
candidate-aggregate-paths.log
   --> src\worktree\manager.rs:338:19
    |
134 | impl WorktreeManager {
    | -------------------- method in this implementation
...
338 |     pub(crate) fn acquire_writer_lease(
    |                   ^^^^^^^^^^^^^^^^^^^^

warning: linker stdout: C:\Users\sook\ferryx-herdr-q4-windows-01a097f8\target\debug\deps\ferryx_lib.dll.lib ?쇱씠釉뚮윭由?諛?C:\Users\sook\ferryx-herdr-q4-windows-01a097f8\target\debug\deps\ferryx_lib.dll.exp 媛쒖껜瑜??앹꽦?섍퀬 ?덉뒿?덈떎.
  |
  = note: `#[warn(linker_messages)]` on by default

warning: `ferryx` (lib) generated 15 warnings (run `cargo fix --lib -p ferryx` to apply 4 suggestions)
   Compiling ferryx v2026.908.1 (C:\Users\sook\ferryx-herdr-q4-windows-01a097f8\source\src-tauri)
    Finished `test` profile [unoptimized] target(s) in 3.64s
     Running tests\q4_windows_paths.rs (C:\Users\sook\ferryx-herdr-q4-windows-01a097f8\target\debug\deps\q4_windows_paths-b3ef6a26c3b1896b.exe)

running 1 test
test git_inventory_and_manager_share_native_identity ... ok

test result: ok. 1 passed; 0 failed; 0 ignored; 0 measured; 0 filtered out; finished in 0.24s

candidate-aggregate-remote.log
A07 HTTP register/replay/digest-conflict/root-refusal/list/unregister disk-preserved
R1 topology parent_git=false status=201 rows=1 revision=1 body={"workspaceId":"project-6d598f38ec234c96854fa351a97d7f29","repoRoot":"\\\\?\\C:\\Users\\sook\\ferryx-herdr-q4-windows-01a097f8\\temp\\.tmpcKma0W\\parent\\plain","gitRoot":"\\\\?\\C:\\Users\\sook\\ferryx-herdr-q4-windows-01a097f8\\temp\\.tmpcKma0W\\parent\\plain","gitCommonDir":"C:/Users/sook/ferryx-herdr-q4-windows-01a097f8/temp/.tmpcKma0W/parent/plain/.git","gitRemote":null,"gitBranch":"master","gitHead":null,"availability":"ready","revision":"1"}
A07 cleanup HTTP task joined; temporary root removed; injected=false; root=C:\Users\sook\ferryx-herdr-q4-windows-01a097f8\temp\.tmp7KDN5s
test remote::workspace_api_tests::a07_project_http_registration ... ok
R1 topology cleanup parent_git=false workers_drained=true gateway_joined=true removed=true
test remote::workspace_api_tests::r1_topology_after_gate_http ... ok
A08 publication revoke=false git_target_exists=true catalog_unchanged=true outcome_unknown=true workers_drained=true private_root_removed=true
A08 followthrough journal_failure=true request=3451497b-ef45-49f9-b997-661338e30eb4 workspace=project-7f4ba13d48ac4bee9eedba8c9f4332b3 non_head=502fbaa7744ce7807cbd0e4bd4d162d6a20acf4d restart_no_repeat=true prunable_preview=422
A08 followthrough write failure private_root_removed=true
test remote::workspace_api::worktrees::authority_tests::followthrough_write_failures_non_head_and_prunable_preview ... ok
A08 publication revoke=true git_target_exists=true catalog_unchanged=true outcome_unknown=true workers_drained=true private_root_removed=true
test remote::workspace_api::worktrees::publication_tests::cancelled_publication_preserves_unknown_after_git ... ok
R6 auth: expected 504; deadline/retained admission or revoke-before-release verified
R6 auth recovered admission: invalid=401 mirror=403 before malformed path; no-store
R6 auth exact drain: entered=18 completed=18; completion channel closed before root removal
R6 auth cleanup: workers=18 completed; listener joined/refused; root removed; injected=false
test remote::filesystem_tests::r6_auth_routed_deadline_admission ... ok
R12 incomplete body sockets_closed=true gateway_joined=true root_removed=true
test remote::workspace_api_tests::r12_router_incomplete_body ... ok

test result: ok. 172 passed; 0 failed; 0 ignored; 0 measured; 558 filtered out; finished in 12.35s

candidate-aggregate-worktree.log
test worktree::registry::tests::unregister_rejects_unsafe_workspace_id ... ok
test worktree::tests::plain_folder_without_git_registers_and_guards_worktrees ... ok
test worktree::registry::tests::register_unique_root_disambiguates_conflicting_ids ... ok
test worktree::git::local_budget_tests::bounded_git_rejects_large_output_and_expired_or_revoked_admission ... ok
[master (root-commit) 7bfd7a4] init
test worktree::git::local_budget_tests::a08_git_real_legacy_worktree_path ... ok
test worktree::tests::worktree_manager_rejects_filesystem_root ... ok
test worktree::tests::existing_target_and_missing_status_are_rejected ... ok
test worktree::tests::registry_resolves_only_registered_workspace_identity ... ok
test ssh::worktree::tests::red_posix_script_builders_executable_behavior ... ok
test worktree::tests::worktree_manager_resolves_nested_git_directory_to_canonical_root ... ok
test worktree::tests::resolve_worktree_by_path_and_identity ... ok
test worktree::tests::create_find_and_list_worktree ... ok
test worktree::git::local_budget_tests::local_budget_runs_existing_manager_create_delete ... ok
test worktree::tests::safe_delete_clean_worktree ... ok
test worktree::tests::safe_branch_delete_removes_merged_branch ... ok
test worktree::tests::git_merge_base_is_ancestor_and_branch_merge_detection ... ok
test worktree::tests::dirty_worktree_survives_force_remove_but_yields_to_explicit_destructive_delete ... ok
test worktree::tests::multiple_worktrees_remain_isolated ... ok

test result: ok. 40 passed; 0 failed; 0 ignored; 0 measured; 690 filtered out; finished in 1.92s

