COMMAND=["cargo", "test", "--locked", "--manifest-path", "src-tauri/Cargo.toml", "--no-default-features", "--test", "worktree_safety", "--test", "machine_worktrees", "--test", "relay_pairing_generation_regression", "--", "--nocapture"]
   Compiling ferryx v2026.908.1 (/Users/indo/code/project/orca-lite-wt/herdr-resume-01a097f8/src-tauri)
warning: unused import: `Manager`
  --> src/ipc/notifications.rs:21:24
   |
21 | use tauri::{AppHandle, Manager, Runtime, State};
   |                        ^^^^^^^
   |
   = note: `#[warn(unused_imports)]` (part of `#[warn(unused)]`) on by default

warning: unnecessary `unsafe` block
  --> src/macos_file_drop.rs:79:28
   |
79 |             let location = unsafe { info.draggingLocation() };
   |                            ^^^^^^ unnecessary `unsafe` block
   |
   = note: `#[warn(unused_unsafe)]` (part of `#[warn(unused)]`) on by default

warning: unnecessary `unsafe` block
  --> src/macos_file_drop.rs:80:25
   |
80 |             let point = unsafe { self.convertPoint_fromView(location, None) };
   |                         ^^^^^^ unnecessary `unsafe` block

warning: unnecessary `unsafe` block
   --> src/macos_file_drop.rs:102:46
    |
102 |     let pasteboard: Retained<NSPasteboard> = unsafe { info.draggingPasteboard() };
    |                                              ^^^^^^ unnecessary `unsafe` block

warning: unnecessary `unsafe` block
   --> src/macos_file_drop.rs:105:25
    |
105 |     if let Some(list) = unsafe { pasteboard.propertyListForType(&legacy) } {
    |                         ^^^^^^ unnecessary `unsafe` block

warning: unnecessary `unsafe` block
   --> src/macos_file_drop.rs:122:25
    |
122 |     if let Some(text) = unsafe { pasteboard.stringForType(file_url_type) } {
    |                         ^^^^^^ unnecessary `unsafe` block

warning: unnecessary `unsafe` block
   --> src/macos_file_drop.rs:123:28
    |
123 |         if let Some(url) = unsafe { NSURL::URLWithString(&text) } {
    |                            ^^^^^^ unnecessary `unsafe` block

warning: unnecessary `unsafe` block
   --> src/macos_file_drop.rs:124:33
    |
124 |             if let Some(path) = unsafe { url.path() } {
    |                                 ^^^^^^ unnecessary `unsafe` block

warning: unnecessary `unsafe` block
   --> src/macos_file_drop.rs:169:5
    |
169 |     unsafe { view.registerForDraggedTypes(&types) };
    |     ^^^^^^ unnecessary `unsafe` block

warning: unused variable: `scroll_daemon_client`
   --> src/lib.rs:915:9
    |
915 |     let scroll_daemon_client = Arc::clone(&daemon_client);
    |         ^^^^^^^^^^^^^^^^^^^^ help: if this is intentional, prefix it with an underscore: `_scroll_daemon_client`
    |
    = note: `#[warn(unused_variables)]` (part of `#[warn(unused)]`) on by default

warning: method `machine_sessions` is never used
   --> src/daemon/session_service.rs:345:19
    |
221 | impl DaemonSessionService {
    | ------------------------- method in this implementation
...
345 |     pub(crate) fn machine_sessions(&self, epoch: crate::scoped_contracts::Epoch) -> Result<crate::remote::machine_protocol::Sessions, Str...
    |                   ^^^^^^^^^^^^^^^^
    |
    = note: `#[warn(dead_code)]` (part of `#[warn(unused)]`) on by default

warning: field `app` is never read
  --> src/ipc/notifications.rs:28:5
   |
27 | pub struct TauriNotificationBackend<R: Runtime> {
   |            ------------------------ field in this struct
28 |     app: AppHandle<R>,
   |     ^^^

warning: constant `GHOSTTY_TERMINAL_SCREEN_PRIMARY` is never used
  --> src/native_terminal/sys/constants.rs:56:11
   |
56 | pub const GHOSTTY_TERMINAL_SCREEN_PRIMARY: c_int = 0;
   |           ^^^^^^^^^^^^^^^^^^^^^^^^^^^^^^^

warning: methods `synchronized_output_deadline`, `expire_synchronized_output`, and `finish_synchronized_output` are never used
   --> src/native_terminal/terminal.rs:169:19
    |
133 | impl NativeTerminal {
    | ------------------- methods in this implementation
...
169 |     pub(crate) fn synchronized_output_deadline(&self) -> Option<tokio::time::Instant> {
    |                   ^^^^^^^^^^^^^^^^^^^^^^^^^^^^
...
173 |     pub(crate) fn expire_synchronized_output(
    |                   ^^^^^^^^^^^^^^^^^^^^^^^^^^
...
184 |     pub(crate) fn finish_synchronized_output(&mut self) -> Result<(), NativeTerminalError> {
    |                   ^^^^^^^^^^^^^^^^^^^^^^^^^^

warning: method `wait_and_reap` is never used
   --> src/terminal/session.rs:364:19
    |
 73 | impl PtySession {
    | --------------- method in this implementation
...
364 |     pub(crate) fn wait_and_reap(&self) -> Result<Option<i32>, PtyError> {
    |                   ^^^^^^^^^^^^^

warning: function `with_local_worktree_budget` is never used
   --> src/worktree/git.rs:115:15
    |
115 | pub(crate) fn with_local_worktree_budget<T>(work: impl FnOnce() -> T) -> T {
    |               ^^^^^^^^^^^^^^^^^^^^^^^^^^

warning: struct `WriterLeaseGuard` is never constructed
  --> src/worktree/manager.rs:86:19
   |
86 | pub(crate) struct WriterLeaseGuard {
   |                   ^^^^^^^^^^^^^^^^

warning: associated items `new`, `canonical_path`, and `owner_id` are never used
   --> src/worktree/manager.rs:93:8
    |
 92 | impl WriterLeaseGuard {
    | --------------------- associated items in this implementation
 93 |     fn new(registry: WriterLeaseRegistry, canonical_path: PathBuf, owner_id: String) -> Self {
    |        ^^^
...
101 |     pub(crate) fn canonical_path(&self) -> &Path {
    |                   ^^^^^^^^^^^^^^
...
105 |     pub(crate) fn owner_id(&self) -> &str {
    |                   ^^^^^^^^

warning: method `acquire_writer_lease` is never used
   --> src/worktree/manager.rs:338:19
    |
134 | impl WorktreeManager {
    | -------------------- method in this implementation
...
338 |     pub(crate) fn acquire_writer_lease(
    |                   ^^^^^^^^^^^^^^^^^^^^

warning: `ferryx` (lib) generated 19 warnings (run `cargo fix --lib -p ferryx` to apply 2 suggestions)
    Finished `test` profile [unoptimized] target(s) in 19.91s
     Running tests/machine_worktrees.rs (src-tauri/target/debug/deps/machine_worktrees-5daeaa4ae8a6057c)

running 2 tests
A08 HTTP GET worktrees status=200 body={"revision":"2","worktrees":[{"bare":false,"branch":"refs/heads/master","detached":false,"head":"ec7715c0ab6e449ba934a36686adb5152a963dc8","identity":null,"locked":null,"managed":false,"path":"/private/tmp/ferryx-herdr-q4-windows-01a097f8/parent-composition-runtime/temp/.tmp1wQZi2/repo space \"quote\" ü","prunable":null,"workspaceId":"project-90662b0cda9f4988890ae5bd8548d6e6"}]}
A08 revision phase=initial listener_joined=true owner_dropped=true connection_refused=true
A08 revision phase=unchanged listener_joined=true owner_dropped=true connection_refused=true
A08 revision phase=changed listener_joined=true owner_dropped=true connection_refused=true
A08 revision post_commit_change=true unchanged_restart_equal=true offline_clean_change_stale_delete=true private_root_removed=true
test worktree_revision_survives_owner_restart ... ok
A08 LOST_REPLY owner_status=201 forwarded_response_bytes=0 intermediary_joined=true
A08 STALE_REVISION status=409 target_preserved=true refusal_replayed=true
A08_OWNER pid=85520 cwd=/private/tmp/ferryx-herdr-q4-windows-01a097f8/parent-composition-runtime/temp/.tmp1wQZi2/repo space "quote" ü/.orca-worktrees/project-90662b0cda9f4988890ae5bd8548d6e6/feature
A08 OWNER close_complete=true session_removed=true pid=85520 absent=true already_reaped=true (shared owner fixture, not A09)
A08 delete scenario=locked status=409 body={"error":{"code":"WORKTREE_LOCKED","message":"WORKTREE_LOCKED","retryable":false,"requestId":"2b5a5fa0-6c36-44c1-ad64-10aafc961e26","details":{}}}
A08 delete scenario=unmerged status=409 body={"error":{"code":"UNMERGED_BRANCH","message":"UNMERGED_BRANCH","retryable":false,"requestId":"52ece0be-fa93-47be-9809-b2ab49342964","details":{}}}
A08 delete scenario=partial status=409 body={"error":{"code":"WORKTREE_REMOVED_BRANCH_RETAINED","message":"WORKTREE_REMOVED_BRANCH_RETAINED","retryable":false,"requestId":"39ad06e1-9bbf-46ca-806c-796a4f3f42e9","details":{"branch":"orca/project-90662b0cda9f4988890ae5bd8548d6e6/partial","branchDeleted":false,"worktreeRemoved":true}}}
A08 delete scenario=remove-branch status=204 body=
A08 RESTART same_request_same_row=true managed_target_count=1
A08 CLEANUP listener_joined=true private_root_removed=true
test machine_worktree_http_contract ... ok

test result: ok. 2 passed; 0 failed; 0 ignored; 0 measured; 0 filtered out; finished in 7.43s

     Running tests/relay_pairing_generation_regression.rs (src-tauri/target/debug/deps/relay_pairing_generation_regression-29cacc516dd18674)

running 7 tests
R4 CLEANUP runtime/connection tasks joined; private directory explicitly removed; failed_scenario=false
test machine_routes_reach_relay_admission ... ok
R4 CLEANUP runtime/connection tasks joined; private directory explicitly removed; failed_scenario=false
test machine_http_transport ... ok

thread 'r4_failure_path_joins_connections_and_removes_store' (1438929) panicked at tests/relay_pairing_generation_regression.rs:358:9:
injected failure after live control registration
note: run with `RUST_BACKTRACE=1` environment variable to display a backtrace
R4 CLEANUP runtime/connection tasks joined; private directory explicitly removed; failed_scenario=false
R4 CLEANUP runtime/connection tasks joined; private directory explicitly removed; failed_scenario=true
R4 injected failure: panic propagated after runtime joined; store absent; listener refused
test r4_failure_path_joins_connections_and_removes_store ... ok
R4 CLEANUP runtime/connection tasks joined; private directory explicitly removed; failed_scenario=false
test second_machine_first_pairing_is_not_blocked_by_an_unrelated_connection ... ok
R4 CLEANUP runtime/connection tasks joined; private directory explicitly removed; failed_scenario=false
test stale_registration_stops_being_claimable_after_control_replacement ... ok
R4 real gateway: absolute U+FFFD direct=200 relay=200 equal; malformed direct=400 relay=400; preferences direct=200 relay=200
R4 CLEANUP runtime/connection tasks joined; private directory explicitly removed; failed_scenario=false
test r4_absolute_replacement_filename_direct_and_relay ... ok
A11 lost real TCP reply after completed201; operation lookup recovered target={"daemonEpoch":"1789266653784","machineId":"e56c2e34-956b-4729-a4ec-088eb7020b38","sessionId":"c59d018a-6972-4b4c-b553-f115df00d947"}
A11 second-root original pid=91283 cwd=/private/tmp/ferryx-herdr-q4-windows-01a097f8/parent-composition-runtime/temp/.tmp2KDLQS/second-root epoch=1789266653784
A11 relay-only executed proof pid=91212 cwd=/private/tmp/ferryx-herdr-q4-windows-01a097f8/parent-composition-runtime/temp/.tmp2KDLQS/project %2F space target={"daemonEpoch":"1789266653784","machineId":"e56c2e34-956b-4729-a4ec-088eb7020b38","sessionId":"c59d018a-6972-4b4c-b553-f115df00d947"} cursor=Output { sequence: 32, gap: None }
A11 resize103x37/interrupt/suffix/gap passed
A11 DELETE body preserved; original pid=91212 reaped; create replay/detail/ticket replay passed
R4 CLEANUP runtime/connection tasks joined; private directory explicitly removed; failed_scenario=false
test a11_joint_machine_relay_runtime ... ok

test result: ok. 7 passed; 0 failed; 0 ignored; 0 measured; 0 filtered out; finished in 10.62s

     Running tests/worktree_safety.rs (src-tauri/target/debug/deps/worktree_safety-295bdca974b42ec3)

running 9 tests
test unavailable_base_ref_leaves_no_managed_parent_directory ... ok

thread 'pty_spawn_failure_does_not_claim_exclusive_writer' (1439771) panicked at src/terminal/pty.rs:202:13:
there is no reactor running, must be called from the context of a Tokio 1.x runtime
note: run with `RUST_BACKTRACE=1` environment variable to display a backtrace
test pty_spawn_failure_does_not_claim_exclusive_writer ... FAILED
test second_writer_is_rejected_and_release_allows_reacquire ... ok
test active_writer_blocks_delete ... ok
test pty_worktree_ownership_clears_on_close_and_natural_exit ... ok
test default_delete_rejects_clean_unmerged_branch ... ok
test explicit_destructive_delete_removes_clean_unmerged_branch ... ok
test same_worktree_supports_multiple_interactive_pty_sessions ... ok
test five_concurrent_worktree_terminal_lifecycles_remain_isolated ... ok

failures:

failures:
    pty_spawn_failure_does_not_claim_exclusive_writer

test result: FAILED. 8 passed; 1 failed; 0 ignored; 0 measured; 0 filtered out; finished in 6.62s

error: test failed, to rerun pass `--test worktree_safety`
