   Compiling ferryx v2026.908.1 (C:\Users\sook\ferryx-herdr-q4-windows-01a097f8\source\src-tauri)
warning: unused import: `AgentState`
 --> src\daemon\server.rs:2:34
  |
2 | use crate::daemon::agent_state::{AgentState, AgentStateHub, AgentStateSubscription};
  |                                  ^^^^^^^^^^
  |
  = note: `#[warn(unused_imports)]` (part of `#[warn(unused)]`) on by default

warning: unused import: `std::time::Duration`
  --> src\daemon\server.rs:28:5
   |
28 | use std::time::Duration;
   |     ^^^^^^^^^^^^^^^^^^^

warning: unused import: `NotificationAuthorization`
 --> src\notification\permission.rs:4:5
  |
4 |     NotificationAuthorization, NotificationPermissionRequestDto, NotificationPermissionStatusDto,
  |     ^^^^^^^^^^^^^^^^^^^^^^^^^

warning: unused variable: `scroll_daemon_client`
   --> src\lib.rs:915:9
    |
915 |     let scroll_daemon_client = Arc::clone(&daemon_client);
    |         ^^^^^^^^^^^^^^^^^^^^ help: if this is intentional, prefix it with an underscore: `_scroll_daemon_client`
    |
    = note: `#[warn(unused_variables)]` (part of `#[warn(unused)]`) on by default

warning: method `publish_canonical` is never used
  --> src\daemon\agent_state.rs:46:12
   |
38 | impl AgentStateHub {
   | ------------------ method in this implementation
...
46 |     pub fn publish_canonical(&self, state: AgentState) {
   |            ^^^^^^^^^^^^^^^^^
   |
   = note: `#[warn(dead_code)]` (part of `#[warn(unused)]`) on by default

warning: associated function `parse_agent_state_report` is never used
    --> src\daemon\server.rs:1060:8
     |
 875 | impl DaemonServer {
     | ----------------- associated function in this implementation
...
1060 |     fn parse_agent_state_report(
     |        ^^^^^^^^^^^^^^^^^^^^^^^^

warning: constant `GHOSTTY_TERMINAL_SCREEN_PRIMARY` is never used
  --> src\native_terminal\sys\constants.rs:56:11
   |
56 | pub const GHOSTTY_TERMINAL_SCREEN_PRIMARY: c_int = 0;
   |           ^^^^^^^^^^^^^^^^^^^^^^^^^^^^^^^

warning: methods `synchronized_output_deadline`, `expire_synchronized_output`, and `finish_synchronized_output` are never used
   --> src\native_terminal\terminal.rs:169:19
    |
133 | impl NativeTerminal {
    | ------------------- methods in this implementation
...
169 |     pub(crate) fn synchronized_output_deadline(&self) -> Option<tokio::time::Instant> {
    |                   ^^^^^^^^^^^^^^^^^^^^^^^^^^^^
...
173 |     pub(crate) fn expire_synchronized_output(
    |                   ^^^^^^^^^^^^^^^^^^^^^^^^^^
...
184 |     pub(crate) fn finish_synchronized_output(&mut self) -> Result<(), NativeTerminalError> {
    |                   ^^^^^^^^^^^^^^^^^^^^^^^^^^

warning: function `home_dir` is never used
  --> src\permissions\mod.rs:43:4
   |
43 | fn home_dir() -> Option<PathBuf> {
   |    ^^^^^^^^

warning: method `wait_and_reap` is never used
   --> src\terminal\session.rs:270:19
    |
 61 | impl PtySession {
    | --------------- method in this implementation
...
270 |     pub(crate) fn wait_and_reap(&self) -> Result<Option<i32>, PtyError> {
    |                   ^^^^^^^^^^^^^

warning: function `with_local_worktree_budget` is never used
   --> src\worktree\git.rs:115:15
    |
115 | pub(crate) fn with_local_worktree_budget<T>(work: impl FnOnce() -> T) -> T {
    |               ^^^^^^^^^^^^^^^^^^^^^^^^^^

warning: struct `WriterLeaseGuard` is never constructed
  --> src\worktree\manager.rs:86:19
   |
86 | pub(crate) struct WriterLeaseGuard {
   |                   ^^^^^^^^^^^^^^^^

warning: associated items `new`, `canonical_path`, and `owner_id` are never used
   --> src\worktree\manager.rs:93:8
    |
 92 | impl WriterLeaseGuard {
    | --------------------- associated items in this implementation
 93 |     fn new(registry: WriterLeaseRegistry, canonical_path: PathBuf, owner_id: String) -> Self {
    |        ^^^
...
101 |     pub(crate) fn canonical_path(&self) -> &Path {
    |                   ^^^^^^^^^^^^^^
...
105 |     pub(crate) fn owner_id(&self) -> &str {
    |                   ^^^^^^^^

warning: method `acquire_writer_lease` is never used
   --> src\worktree\manager.rs:338:19
    |
134 | impl WorktreeManager {
    | -------------------- method in this implementation
...
338 |     pub(crate) fn acquire_writer_lease(
    |                   ^^^^^^^^^^^^^^^^^^^^

warning: linker stdout: C:\Users\sook\ferryx-herdr-q4-windows-01a097f8\target\debug\deps\ferryx_lib.dll.lib 라이브러리 및 C:\Users\sook\ferryx-herdr-q4-windows-01a097f8\target\debug\deps\ferryx_lib.dll.exp 개체를 생성하고 있습니다.
  |
  = note: `#[warn(linker_messages)]` on by default

warning: `ferryx` (lib) generated 15 warnings (run `cargo fix --lib -p ferryx` to apply 4 suggestions)
warning: variable does not need to be mutable
   --> tests\machine_worktrees.rs:131:9
    |
131 |     let mut owned_session: Option<String> = None;
    |         ----^^^^^^^^^^^^^
    |         |
    |         help: remove this `mut`
    |
    = note: `#[warn(unused_mut)]` (part of `#[warn(unused)]`) on by default

warning: `ferryx` (test "machine_worktrees") generated 1 warning (run `cargo fix --test "machine_worktrees" -p ferryx` to apply 1 suggestion)
    Finished `test` profile [unoptimized] target(s) in 53.32s
     Running tests\machine_worktrees.rs (C:\Users\sook\ferryx-herdr-q4-windows-01a097f8\target\debug\deps\machine_worktrees-526b1ae24c7692d4.exe)

running 2 tests
A08 HTTP GET worktrees status=200 body={"revision":"2","worktrees":[{"bare":false,"branch":"refs/heads/master","detached":false,"head":"20fc68fdd22d663a11940dbbf73d62b05eb98456","identity":null,"locked":null,"managed":false,"path":"\\\\?\\C:\\Users\\sook\\ferryx-herdr-q4-windows-01a097f8\\temp\\.tmpCz9kY3\\repo space 'quote' ü","prunable":null,"workspaceId":"project-d39057400b894b2287960bf0a2bfb4c3"}]}
A08 LOST_REPLY owner_status=201 forwarded_response_bytes=0 intermediary_joined=true
A08 STALE_REVISION status=409 target_preserved=true refusal_replayed=true

thread 'machine_worktree_http_contract' (11440) panicked at tests\machine_worktrees.rs:291:143:
called `Result::unwrap()` on an `Err` value: Os { code: 123, kind: InvalidFilename, message: "파일 이름, 디렉터리 이름 또는 볼륨 레이블 구문이 잘못되었습니다." }
note: run with `RUST_BACKTRACE=1` environment variable to display a backtrace
A08 CLEANUP listener_joined=true private_root_removed=true
test machine_worktree_http_contract ... FAILED
A08 revision phase=initial listener_joined=true owner_dropped=true connection_refused=true
A08 revision phase=unchanged listener_joined=true owner_dropped=true connection_refused=true
A08 revision phase=changed listener_joined=true owner_dropped=true connection_refused=true
A08 revision post_commit_change=true unchanged_restart_equal=true offline_clean_change_stale_delete=true private_root_removed=true
test worktree_revision_survives_owner_restart ... ok

failures:

failures:
    machine_worktree_http_contract

test result: FAILED. 1 passed; 1 failed; 0 ignored; 0 measured; 0 filtered out; finished in 8.50s

error: test failed, to rerun pass `--test machine_worktrees`
