**********************
Windows PowerShell transcript start
Start time: 20260913100356
Username: DESKTOP-1LAPJMP\sook
RunAs User: DESKTOP-1LAPJMP\sook
Configuration Name: 
Machine: DESKTOP-1LAPJMP (Microsoft Windows NT 10.0.26200.0)
Host Application: C:\Windows\System32\WindowsPowerShell\v1.0\powershell.exe -NoProfile -ExecutionPolicy Bypass -File C:\Users\sook\ferryx-herdr-q4-windows-01a097f8\verify.ps1
Process ID: 24344
PSVersion: 5.1.26100.9444
PSEdition: Desktop
PSCompatibleVersions: 1.0, 2.0, 3.0, 4.0, 5.0, 5.1.26100.9444
BuildVersion: 10.0.26100.9444
CLRVersion: 4.0.30319.42000
WSManStackVersion: 3.0
PSRemotingProtocolVersion: 2.3
SerializationVersion: 1.1.0.1
**********************
Transcript started, output file is C:\Users\sook\ferryx-herdr-q4-windows-01a097f8\preflight.log
Microsoft Windows NT 10.0.26200.0
C:\Users\sook\ferryx-herdr-q4-windows-01a097f8\temp\







        Free
        ----
194577104896


TRANSFER_HASHES_VERIFIED=969


rustc 1.97.0 (2d8144b78 2026-07-07)
binary: rustc
commit-hash: 2d8144b7880597b6e6d3dfd63a9a9efae3f533d3
commit-date: 2026-07-07
host: x86_64-pc-windows-msvc
release: 1.97.0
LLVM version: 22.1.6
cargo 1.97.0 (c980f4866 2026-06-30)
git version 2.55.0.windows.2
C:\Users\sook\AppData\Local\Microsoft\WinGet\Links\zig.exe
C:\Users\sook\.cargo\bin\rust-analyzer.exe
6a508fd5e34c7e222c052a6d00bb3891ff3feace
**********************
Windows PowerShell transcript end
End time: 20260913100416
**********************
