    Blocking waiting for file lock on package cache
warning: unnecessary `unsafe` block
  --> src/macos_file_drop.rs:79:28
   |
79 |             let location = unsafe { info.draggingLocation() };
   |                            ^^^^^^ unnecessary `unsafe` block
   |
   = note: `#[warn(unused_unsafe)]` (part of `#[warn(unused)]`) on by default

warning: unnecessary `unsafe` block
  --> src/macos_file_drop.rs:80:25
   |
80 |             let point = unsafe { self.convertPoint_fromView(location, None) };
   |                         ^^^^^^ unnecessary `unsafe` block

warning: unnecessary `unsafe` block
   --> src/macos_file_drop.rs:102:46
    |
102 |     let pasteboard: Retained<NSPasteboard> = unsafe { info.draggingPasteboard() };
    |                                              ^^^^^^ unnecessary `unsafe` block

warning: unnecessary `unsafe` block
   --> src/macos_file_drop.rs:105:25
    |
105 |     if let Some(list) = unsafe { pasteboard.propertyListForType(&legacy) } {
    |                         ^^^^^^ unnecessary `unsafe` block

warning: unnecessary `unsafe` block
   --> src/macos_file_drop.rs:122:25
    |
122 |     if let Some(text) = unsafe { pasteboard.stringForType(file_url_type) } {
    |                         ^^^^^^ unnecessary `unsafe` block

warning: unnecessary `unsafe` block
   --> src/macos_file_drop.rs:123:28
    |
123 |         if let Some(url) = unsafe { NSURL::URLWithString(&text) } {
    |                            ^^^^^^ unnecessary `unsafe` block

warning: unnecessary `unsafe` block
   --> src/macos_file_drop.rs:124:33
    |
124 |             if let Some(path) = unsafe { url.path() } {
    |                                 ^^^^^^ unnecessary `unsafe` block

warning: unnecessary `unsafe` block
   --> src/macos_file_drop.rs:169:5
    |
169 |     unsafe { view.registerForDraggedTypes(&types) };
    |     ^^^^^^ unnecessary `unsafe` block

warning: unused variable: `token`
    --> src/remote/auth.rs:1399:14
     |
1399 |         let (token, device) = auth
     |              ^^^^^ help: if this is intentional, prefix it with an underscore: `_token`
     |
     = note: `#[warn(unused_variables)]` (part of `#[warn(unused)]`) on by default

warning: unused variable: `scroll_daemon_client`
   --> src/lib.rs:915:9
    |
915 |     let scroll_daemon_client = Arc::clone(&daemon_client);
    |         ^^^^^^^^^^^^^^^^^^^^ help: if this is intentional, prefix it with an underscore: `_scroll_daemon_client`

warning: field `app` is never read
  --> src/ipc/notifications.rs:28:5
   |
27 | pub struct TauriNotificationBackend<R: Runtime> {
   |            ------------------------ field in this struct
28 |     app: AppHandle<R>,
   |     ^^^
   |
   = note: `#[warn(dead_code)]` (part of `#[warn(unused)]`) on by default

warning: constant `GHOSTTY_TERMINAL_SCREEN_PRIMARY` is never used
  --> src/native_terminal/sys/constants.rs:56:11
   |
56 | pub const GHOSTTY_TERMINAL_SCREEN_PRIMARY: c_int = 0;
   |           ^^^^^^^^^^^^^^^^^^^^^^^^^^^^^^^

warning: function `no_auth_query` is never used
    --> src/remote/server.rs:2591:12
     |
2591 |         fn no_auth_query() -> AuthQuery {
     |            ^^^^^^^^^^^^^

warning: method `wait_and_reap` is never used
   --> src/terminal/session.rs:270:19
    |
 61 | impl PtySession {
    | --------------- method in this implementation
...
270 |     pub(crate) fn wait_and_reap(&self) -> Result<Option<i32>, PtyError> {
    |                   ^^^^^^^^^^^^^

warning: struct `WriterLeaseGuard` is never constructed
  --> src/worktree/manager.rs:81:19
   |
81 | pub(crate) struct WriterLeaseGuard {
   |                   ^^^^^^^^^^^^^^^^

warning: associated items `new`, `canonical_path`, and `owner_id` are never used
   --> src/worktree/manager.rs:88:8
    |
 87 | impl WriterLeaseGuard {
    | --------------------- associated items in this implementation
 88 |     fn new(registry: WriterLeaseRegistry, canonical_path: PathBuf, owner_id: String) -> Self {
    |        ^^^
...
 96 |     pub(crate) fn canonical_path(&self) -> &Path {
    |                   ^^^^^^^^^^^^^^
...
100 |     pub(crate) fn owner_id(&self) -> &str {
    |                   ^^^^^^^^

warning: method `acquire_writer_lease` is never used
   --> src/worktree/manager.rs:333:19
    |
129 | impl WorktreeManager {
    | -------------------- method in this implementation
...
333 |     pub(crate) fn acquire_writer_lease(
    |                   ^^^^^^^^^^^^^^^^^^^^

warning: `ferryx` (lib test) generated 17 warnings (run `cargo fix --lib -p ferryx --tests` to apply 2 suggestions)
    Finished `test` profile [unoptimized + debuginfo] target(s) in 0.55s
     Running unittests src/lib.rs (src-tauri/target/debug/deps/ferryx_lib-15a949be0c593df6)

running 23 tests
test native_terminal::key::tests::key_modifiers_deserialize_from_camel_case_json ... ok
ev result: Ok(KeyEvent { key: Enter, action: Press, modifiers: KeyModifiers { shift: false, ctrl: true, alt: false, super_key: false, caps_lock: false, num_lock: false }, utf8: None })
test native_terminal::key::tests::key_event_deserialize_from_json ... ok
bell_count=1
title_changed=true title="some-agent-title"
test native_terminal::terminal::tests::native_terminal_alternate_screen_detection ... ok
test native_terminal::terminal::tests::native_terminal_ffi_probe_bel_reports_counter_observation ... ok
test native_terminal::terminal::tests::native_terminal_ffi_probe_osc_2_reports_title_change_and_value ... ok
test native_terminal::selection::tests::mouse_gesture_without_authoritative_renderer_size_is_rejected ... ok
test native_terminal::terminal::tests::synchronized_output_survives_resize_until_redraw_completes ... ok
test native_terminal::mouse::tests::mouse_event_deserializes_from_camel_case_wire_json ... ok
test native_terminal::terminal::tests::synchronized_output_uses_vt_mode_and_a_bounded_deadline ... ok
test native_terminal::cell_extractor::tests::test_extract_cell_snapshot_strikethrough_roundtrip ... ok
test native_terminal::cell_extractor::tests::test_extract_cell_snapshot_invisible_roundtrip ... ok
test native_terminal::terminal::tests::native_terminal_double_click_selects_word_and_triple_click_selects_line ... ok
test native_terminal::terminal::tests::native_terminal_double_click_drag_extends_selection_by_word ... ok
test native_terminal::terminal::tests::native_terminal_pointer_drag_installs_a_text_selection ... ok
test native_terminal::cell_extractor::tests::test_extract_cell_snapshot_overline_roundtrip ... ok
test native_terminal::cell_extractor::tests::test_extract_cell_snapshot_blink_roundtrip ... ok
test native_terminal::cell_extractor::tests::test_extract_cell_snapshot_faint_roundtrip ... ok
test native_terminal::terminal::tests::off_viewport_cursor_suppresses_visibility ... ok
test native_terminal::terminal::tests::test_selection_with_scrollback ... ok
test native_terminal::terminal::tests::test_line_text_at_reads_unwrapped_line_without_modifying_selection ... ok
test native_terminal::terminal::tests::test_line_text_at_preserves_leading_whitespace_for_indented_lines ... ok
test native_terminal::terminal::tests::test_full_palette_defaults_cube_grays_and_overrides ... ok
test native_terminal::terminal::tests::test_apply_theme_preferences_on_terminal ... ok

test result: ok. 23 passed; 0 failed; 0 ignored; 0 measured; 862 filtered out; finished in 0.02s
