
 RUN  v3.2.7 /Users/indo/code/project/orca-lite-wt/herdr-resume-01a097f8/ui

 ✓ src/App.test.tsx (92 tests) 1947ms
   ✓ App project workspace flow > Automatic agent session resume on workspace restore > auto-resumes exited agent sessions in staggered order, while plain shell sessions and unsupported agents are not auto-resumed  916ms
 ✓ src/components/SettingsDialog.test.tsx (29 tests) 1826ms
stderr | src/App.remote.test.tsx > App SSH project lifecycle > restores remote sessions after native startup and preserves their target in the next save
SSH session reconciliation failed: {
  code: [32m'UNKNOWN'[39m,
  message: [32m"Cannot read properties of undefined (reading 'invoke')"[39m,
  details: {
    command: [32m'cmd_terminal_remote_status'[39m,
    raw: [32m"TypeError: Cannot read properties of undefined (reading 'invoke')\n"[39m +
      [32m'    at invoke (file:///Users/indo/code/project/orca-lite-wt/herdr-wave1/ui/node_modules/@tauri-apps/api/core.js:202:39)\n'[39m +
      [32m'    at invokeCommand (/Users/indo/code/project/orca-lite-wt/herdr-resume-01a097f8/ui/src/lib/tauri.ts:736:18)\n'[39m +
      [32m'    at getTerminalRemoteStatus (/Users/indo/code/project/orca-lite-wt/herdr-resume-01a097f8/ui/src/lib/tauri.ts:495:10)\n'[39m +
      [32m'    at /Users/indo/code/project/orca-lite-wt/herdr-resume-01a097f8/ui/src/lib/sshRec...'[39m
  }
}

 ✓ src/App.remote.test.tsx (19 tests) 559ms
stderr | src/components/NativeTerminalPane.lifecycle.test.tsx > NativeTerminalPane compositor ownership lifecycle > retries failed bounds with a fresh attachment and waits for presentation
Native terminal IPC command failed {
  command: [32m'cmd_native_terminal_set_bounds'[39m,
  error: { code: [32m'INTERNAL_ERROR'[39m, message: [32m'native surface unavailable'[39m }
}

stderr | src/components/NativeTerminalPane.lifecycle.test.tsx > NativeTerminalPane compositor ownership lifecycle > preserves the structured cause of a bounds failure in the visible error
Native terminal IPC command failed {
  command: [32m'cmd_native_terminal_set_bounds'[39m,
  error: {
    code: [32m'INVALID_ARGUMENT'[39m,
    message: [32m'Native terminal viewport is outside the configured surface'[39m
  }
}

stderr | src/components/NativeTerminalPane.lifecycle.test.tsx > NativeTerminalPane compositor ownership lifecycle > does not replay Ctrl+C when delivery is ambiguous: {}
Native terminal IPC command failed {
  command: [32m'cmd_native_terminal_send_input'[39m,
  error: Error: Input receipt failed after delivery
      at [90m/Users/indo/code/project/orca-lite-wt/herdr-resume-01a097f8/ui/[39msrc/components/NativeTerminalPane.lifecycle.test.tsx:447:5
      at file:///Users/indo/code/project/orca-lite-wt/herdr-wave1/ui/node_modules/[4m@vitest/runner[24m/dist/chunk-hooks.js:734:40
      at runWithSuite (file:///Users/indo/code/project/orca-lite-wt/herdr-wave1/ui/node_modules/[4m@vitest/runner[24m/dist/chunk-hooks.js:1849:8)
      at Object.collect (file:///Users/indo/code/project/orca-lite-wt/herdr-wave1/ui/node_modules/[4m@vitest/runner[24m/dist/chunk-hooks.js:734:10)
      at Object.collect (file:///Users/indo/code/project/orca-lite-wt/herdr-wave1/ui/node_modules/[4m@vitest/runner[24m/dist/chunk-hooks.js:738:54)
  [90m    at processTicksAndRejections (node:internal/process/task_queues:103:5)[39m
      at collectTests (file:///Users/indo/code/project/orca-lite-wt/herdr-wave1/ui/node_modules/[4m@vitest/runner[24m/dist/chunk-hooks.js:1179:25)
      at startTests (file:///Users/indo/code/project/orca-lite-wt/herdr-wave1/ui/node_modules/[4m@vitest/runner[24m/dist/chunk-hooks.js:1817:17)
      at file:///Users/indo/code/project/orca-lite-wt/herdr-wave1/ui/node_modules/[4mvitest[24m/dist/chunks/runBaseTests.9Ij9_de-.js:117:26
      at withEnv (file:///Users/indo/code/project/orca-lite-wt/herdr-wave1/ui/node_modules/[4mvitest[24m/dist/chunks/runBaseTests.9Ij9_de-.js:84:3)
}

stderr | src/components/NativeTerminalPane.lifecycle.test.tsx > NativeTerminalPane compositor ownership lifecycle > does not replay Ctrl+C when delivery is ambiguous: {"code":"INTERNAL_ERROR","message":"Receipt unavailable"}
Native terminal IPC command failed {
  command: [32m'cmd_native_terminal_send_input'[39m,
  error: { code: [32m'INTERNAL_ERROR'[39m, message: [32m'Receipt unavailable'[39m }
}

stderr | src/components/NativeTerminalPane.lifecycle.test.tsx > NativeTerminalPane compositor ownership lifecycle > does not replay Ctrl+C when delivery is ambiguous: {"code":"PTY_IO_ERROR","message":"Write acknowledgement unavailable","details":{"inputWritten":true}}
Native terminal IPC command failed {
  command: [32m'cmd_native_terminal_send_input'[39m,
  error: {
    code: [32m'PTY_IO_ERROR'[39m,
    message: [32m'Write acknowledgement unavailable'[39m,
    details: { inputWritten: [33mtrue[39m }
  }
}

 ✓ src/components/NativeTerminalPane.lifecycle.test.tsx (30 tests) 404ms
 ✓ src/components/Sidebar.dnd.test.tsx (7 tests) 160ms
 ✓ src/components/NativeTerminalPane.presentation.test.tsx (14 tests) 79ms
 ✓ src/components/TerminalPane.exitAttach.integration.test.tsx (1 test) 50ms
stderr | src/components/NativeTerminalPane.exitAttach.test.tsx > NativeTerminalPane abnormal exit attach handling > preserves visible error badge for genuine operational errors like IO_ERROR or GPU surface failure
Native terminal IPC command failed {
  command: [32m'cmd_native_terminal_attach'[39m,
  error: { code: [32m'IO_ERROR'[39m, message: [32m'Connection refused to daemon socket'[39m }
}

stderr | src/components/NativeTerminalPane.exitAttach.test.tsx > NativeTerminalPane abnormal exit attach handling > preserves visible error badge for genuine operational errors like IO_ERROR or GPU surface failure
Native terminal IPC command failed {
  command: [32m'cmd_native_terminal_attach'[39m,
  error: { code: [32m'IO_ERROR'[39m, message: [32m'Connection refused to daemon socket'[39m }
}

stderr | src/components/NativeTerminalPane.exitAttach.test.tsx > NativeTerminalPane abnormal exit attach handling > preserves visible error badge for genuine operational errors like IO_ERROR or GPU surface failure
Native terminal IPC command failed {
  command: [32m'cmd_native_terminal_attach'[39m,
  error: { code: [32m'IO_ERROR'[39m, message: [32m'Connection refused to daemon socket'[39m }
}

 ✓ src/components/NativeTerminalPane.exitAttach.test.tsx (4 tests) 46ms
 ✓ src/lib/nativeTerminalVisibility.test.tsx (14 tests) 28ms
 ✓ src/lib/updater.test.ts (20 tests) 13ms
 ✓ src/lib/tauri.test.ts (31 tests) 13ms
 ✓ src/appearanceThemeContract.test.ts (7 tests) 14ms
 ✓ src/state/remoteHostStore.test.ts (13 tests) 9ms
 ✓ src/lib/terminalTransport/terminalTransport.test.ts (8 tests) 5ms
 ✓ src/lib/nativeTerminalAttachPolicy.test.ts (50 tests) 4ms
 ✓ src/lib/nativeTerminalLifecycle.test.ts (7 tests) 3ms
 ✓ src/test/viteHmrConfig.test.ts (1 test) 62ms

 Test Files  17 passed (17)
      Tests  347 passed (347)
   Start at  08:43:23
   Duration  13.13s (transform 613ms, setup 1.06s, collect 2.36s, tests 5.22s, environment 2.71s, prepare 443ms)

JSON report written to /Users/indo/code/project/orca-lite-wt/herdr-resume-01a097f8/docs/evidence/paired-daemon/V05-resume-focused.json
