status: running
   Compiling ferryx v2026.908.1 (/Users/indo/code/project/orca-lite-wt/herdr-wave0-clean/src-tauri)
warning: unnecessary `unsafe` block==> ] 589/590: ferryx_lib(test)
  --> src/macos_file_drop.rs:79:28
   |
79 |             let location = unsafe { info.draggingLocation() };
   |                            ^^^^^^ unnecessary `unsafe` block
   |
   = note: `#[warn(unused_unsafe)]` (part of `#[warn(unused)]`) on by default

warning: unnecessary `unsafe` block==> ] 589/590: ferryx_lib(test)
  --> src/macos_file_drop.rs:80:25
   |
80 |             let point = unsafe { self.convertPoint_fromView(location, None) };
   |                         ^^^^^^ unnecessary `unsafe` block

warning: unnecessary `unsafe` block
   --> src/macos_file_drop.rs:102:46
    |
102 |     let pasteboard: Retained<NSPasteboard> = unsafe { info.draggingPasteboard() };
    |                                              ^^^^^^ unnecessary `unsafe` block

warning: unnecessary `unsafe` block
   --> src/macos_file_drop.rs:105:25
    |
105 |     if let Some(list) = unsafe { pasteboard.propertyListForType(&legacy) } {
    |                         ^^^^^^ unnecessary `unsafe` block

warning: unnecessary `unsafe` block
   --> src/macos_file_drop.rs:122:25
    |
122 |     if let Some(text) = unsafe { pasteboard.stringForType(file_url_type) } {
    |                         ^^^^^^ unnecessary `unsafe` block

warning: unnecessary `unsafe` block
   --> src/macos_file_drop.rs:123:28
    |
123 |         if let Some(url) = unsafe { NSURL::URLWithString(&text) } {
    |                            ^^^^^^ unnecessary `unsafe` block

warning: unnecessary `unsafe` block
   --> src/macos_file_drop.rs:124:33
    |
124 |             if let Some(path) = unsafe { url.path() } {
    |                                 ^^^^^^ unnecessary `unsafe` block

warning: unnecessary `unsafe` block
   --> src/macos_file_drop.rs:169:5
    |
169 |     unsafe { view.registerForDraggedTypes(&types) };
    |     ^^^^^^ unnecessary `unsafe` block

warning: unused variable: `super_key`> ] 589/590: ferryx_lib(test)
   --> src/native_terminal/input.rs:366:13
    |
366 |         let super_key = KeyModifiers {
    |             ^^^^^^^^^ help: if this is intentional, prefix it with an underscore: `_super_key`
    |
    = note: `#[warn(unused_variables)]` (part of `#[warn(unused)]`) on by default

warning: variable does not need to be mutable590: ferryx_lib(test)
   --> src/native_terminal/renderer/font_manager.rs:155:13
    |
155 |         let mut buffer = vec![0u8; total_pixels];
    |             ----^^^^^^
    |             |
    |             help: remove this `mut`
    |
    = note: `#[warn(unused_mut)]` (part of `#[warn(unused)]`) on by default

warning: unused variable: `token`====> ] 589/590: ferryx_lib(test)
    --> src/remote/auth.rs:1399:14
     |
1399 |         let (token, device) = auth
     |              ^^^^^ help: if this is intentional, prefix it with an underscore: `_token`

warning: field `app` is never read===> ] 589/590: ferryx_lib(test)
  --> src/ipc/notifications.rs:28:5
   |
27 | pub struct TauriNotificationBackend<R: Runtime> {
   |            ------------------------ field in this struct
28 |     app: AppHandle<R>,
   |     ^^^
   |
   = note: `#[warn(dead_code)]` (part of `#[warn(unused)]`) on by default

warning: constant `GHOSTTY_TERMINAL_SCREEN_PRIMARY` is never used)
  --> src/native_terminal/sys/constants.rs:56:11
   |
56 | pub const GHOSTTY_TERMINAL_SCREEN_PRIMARY: c_int = 0;
   |           ^^^^^^^^^^^^^^^^^^^^^^^^^^^^^^^

warning: function `no_auth_query` is never used0: ferryx_lib(test)
    --> src/remote/server.rs:2597:12
     |
2597 |         fn no_auth_query() -> AuthQuery {
     |            ^^^^^^^^^^^^^

warning: method `wait_and_reap` is never used590: ferryx_lib(test)
   --> src/terminal/session.rs:270:19
    |
 61 | impl PtySession {
    | --------------- method in this implementation
...
270 |     pub(crate) fn wait_and_reap(&self) -> Result<Option<i32>, PtyError> {
    |                   ^^^^^^^^^^^^^

warning: struct `WriterLeaseGuard` is never constructedx_lib(test)
  --> src/worktree/manager.rs:81:19
   |
81 | pub(crate) struct WriterLeaseGuard {
   |                   ^^^^^^^^^^^^^^^^

warning: associated items `new`, `canonical_path`, and `owner_id` are never used
   --> src/worktree/manager.rs:88:8
    |
 87 | impl WriterLeaseGuard {
    | --------------------- associated items in this implementation
 88 |     fn new(registry: WriterLeaseRegistry, canonical_path: PathBuf, owner_id: String) -> Self {
    |        ^^^
...
 96 |     pub(crate) fn canonical_path(&self) -> &Path {
    |                   ^^^^^^^^^^^^^^
...
100 |     pub(crate) fn owner_id(&self) -> &str {
    |                   ^^^^^^^^

warning: method `acquire_writer_lease` is never used
   --> src/worktree/manager.rs:333:19
    |
129 | impl WorktreeManager {
    | -------------------- method in this implementation
...
333 |     pub(crate) fn acquire_writer_lease(
    |                   ^^^^^^^^^^^^^^^^^^^^

warning: `ferryx` (lib test) generated 18 warnings (run `cargo fix --lib -p ferryx --tests` to apply 3 suggestions)
    Finished `test` profile [unoptimized + debuginfo] target(s) in 33.05s
     Running unittests src/lib.rs (src-tauri/target/debug/deps/ferryx_lib-a6b1e7472ff9b401)

running 218 tests
test ipc::project_remote::tests::remote_startup_cannot_use_local_shell_resolver ... ok
test remote::auth::persistence_tests::canonical_auth_path_follows_the_canonical_remote_dir ... ok
test ipc::project_remote::tests::remote_registration_wire_request_rejects_extra_execution_fields ... ok
test remote::auth::security_tests::late_generated_pin_survives_failure_window_rollover ... ok
test remote::auth::security_tests::expired_pin_is_consumed_and_never_issues_a_token ... ok
test remote::auth::security_tests::new_window_discards_expired_codes_and_restores_pairing ... ok
test remote::auth::tests::test_auth_store_resolves_under_the_same_dir_as_the_identity ... ok
test remote::auth::tests::test_cli_pair_approve ... ok
test remote::auth::tests::test_auth_credential_separation ... ok
test remote::auth::security_tests::valid_pairing_is_single_use_under_concurrent_exchange ... ok
test remote::auth::security_tests::concurrent_guesses_spend_exactly_five_failure_slots ... ok
test remote::auth::tests::test_identity_dir_matches_the_shared_remote_state_dir ... ok
test remote::auth::tests::test_device_name_length_capped_and_list_devices_filters_idle ... ok
test remote::auth::security_tests::revocation_is_latched_and_registration_after_validation_cannot_miss_it ... ok
test remote::auth::tests::test_repairing_view_pin_preserves_view_permission_on_replacement ... ok
test remote::auth::tests::test_pairing_exchange_with_blank_name_stores_fallback ... ok
test remote::auth::tests::test_repairing_with_same_installation_id_replaces_and_invalidates_old_token ... ok
test remote::design_mode::tests::test_design_mode_snapshot_staging ... ok
test remote::discovery::tailscale::tests::test_parse_status_json_invalid_input_errors ... ok
test remote::discovery::tailscale::tests::test_parse_status_json_skips_peers_without_ipv4 ... ok
test remote::discovery::tailscale::tests::test_tailscale_peer_discovery ... ok
test ipc::project_remote::tests::all_local_git_boundaries_reject_remote_namespace_even_without_loaded_metadata ... ok
test remote::machine_protocol::tests::identity_is_host_qualified_and_preserves_large_epoch ... ok
test remote::machine_protocol::tests::known_answer_full_hashes_match_shared_fixtures ... ok
test remote::machine_protocol::tests::legacy_valid_ssh_targets_roundtrip_without_normalization ... ok
SURFACE {"hostId":"relay/machine-a","workspaceId":"daemon:f3fa4269ab5d5b3189945b790e708994534625e0166dc326e02aeca25537ac17","remoteWorkspaceId":"project-a","localProxyId":"daemon-session:c92715a3edd4d610415fd36294ee13f4393f93d772921dec49c43e923cdee909","worktree":null,"remoteTarget":{"machineId":"machine","daemonEpoch":"9007199254740993","sessionId":"pty-1"},"remoteCursor":"9007199254740995","nativeAttachment":{"daemonEpoch":"17","lastOutputSequence":"23"},"cols":120,"rows":36,"requestId":"3941b9de-b16d-4d9a-ae0a-118f90fd91f4","processStatus":"running","transportStatus":"disconnected"}
test remote::machine_protocol::tests::lifecycle_and_descriptor_fixtures_roundtrip ... ok
test remote::machine_protocol::tests::malformed_epochs_and_oversized_json_are_rejected ... ok
test remote::machine_protocol::tests::missing_metadata_and_unknown_targets_never_become_local ... ok
test remote::machine_protocol::tests::shared_fixtures_roundtrip_through_public_decoder ... ok
test remote::machine_protocol::tests::shared_invalid_fixtures_are_rejected ... ok
test remote::mirror::tests::cjk_line_skips_wide_spacer_tails ... ok
test remote::mirror::tests::clear_and_home_places_cursor_at_origin ... ok
test remote::mirror::tests::feed_segments_replays_at_recorded_geometry_then_resizes ... ok
test remote::mirror::tests::flat_history_replay_corrupts_relative_to_segmented_replay ... ok
test remote::mirror::tests::plain_ascii_line_produces_one_run ... ok
test remote::mirror::tests::resize_returns_full_frame_with_new_dimensions ... ok
test remote::mirror::tests::scroll_negative_reveals_older_content_and_positive_returns_toward_newest ... ok
test remote::mirror::tests::second_feed_only_emits_changed_line ... ok
test remote::mirror::tests::sgr_bold_red_maps_attrs_and_foreground ... ok
test remote::protocol::tests::control_handshake_wire_roundtrips ... ok
test remote::protocol::tests::malformed_wire_values_are_rejected ... ok
test remote::protocol::tests::omitted_optional_fields_deserialize ... ok
test remote::protocol::tests::pairing_state_transition_matrix ... ok
test remote::protocol::tests::pairing_state_wire_roundtrips ... ok
test ipc::project_remote::tests::local_registration_never_canonicalizes_a_remote_id_into_a_local_project ... ok
test remote::protocol::tests::pairing_wire_roundtrips ... ok
test remote::protocol::tests::test_client_control_message_scroll_serde_roundtrip ... ok
test remote::protocol::tests::proxy_wire_roundtrips ... ok
test remote::push::tests::test_web_push_payload_dispatch ... ok
test remote::relay_client::tests::control_and_data_urls_are_built_from_relay_url ... ok
test remote::relay_client::tests::proxies_frames_between_data_channel_and_local_gateway ... ok
test remote::auth::persistence_tests::legacy_revoked_tombstones_are_pruned_when_the_store_is_loaded ... ok
test remote::relay_client::tests::test_pairing_coordinator_regenerates_and_ignores_old_expiry ... ok
test remote::relay_client::tests::test_pairing_coordinator_rejects_wrong_ack_generation ... ok
test remote::auth::persistence_tests::a_completed_write_leaves_a_fully_readable_store ... ok
test remote::relay_client::tests::test_relay_client_ed25519_auth_rejection ... ok
test remote::relay_client::tests::test_relay_client_ed25519_auth_success ... ok
test remote::relay_client::tests::to_ws_base_rewrites_https_and_trims_trailing_slash ... ok
test remote::relay_client::tests::with_gateway_preserves_address_and_credentials ... ok
test remote::auth::tests::test_device_idle_expiry ... ok
test remote::relay_server::tests::accepts_target_when_session_is_colon_scoped ... ok
test remote::auth::tests::test_store_without_installation_id_backward_compat ... ok
test remote::relay_server::tests::protects_origin_when_gateway_sends_sensitive_headers ... ok
test remote::relay_server::tests::rejects_registration_when_capability_format_is_invalid ... ok
test remote::relay_server::tests::routes_session_when_path_is_colon_scoped ... ok
test remote::relay_server::tests::test_control_challenge_domain_separation ... ok
test remote::relay_server::tests::test_http_response_framing ... ok
test remote::machine_protocol::tests::expanded_shared_parity_fixtures ... ok
test remote::auth::tests::test_machine_identity_sign_and_verify ... ok
test remote::relay_server::tests::test_relay_admission_rate_limiting ... ok
test remote::relay_server::tests::test_relay_browser_ws_terminal_bridge_success ... ok
test remote::auth::tests::test_machine_identity_persistence ... ok
test remote::relay_server::tests::test_relay_ed25519_control_handshake_success ... ok
test remote::relay_server::tests::test_relay_ed25519_control_handshake_wrong_sig_rejected ... ok
test remote::auth::security_tests::successful_pairing_does_not_reset_the_global_failure_budget ... ok
test remote::relay_server::tests::test_relay_generation_safe_cleanup_and_limits ... ok
test remote::relay_server::tests::test_relay_ed25519_stale_timestamp_rejected ... ok
test remote::relay_server::tests::test_relay_machine_hijack_with_different_key_fails ... ok
test remote::auth::persistence_tests::the_store_is_written_owner_only_or_reports_an_error ... ok
test remote::relay_server::tests::test_relay_multi_machine_concurrent_registration ... ok
test remote::relay_server::tests::test_relay_pair_exchange_lockout_after_failures ... ok
test remote::relay_server::tests::test_key_store_corruption_and_write_failure_fail_closed ... ok
test remote::relay_server::tests::test_relay_pair_exchange_unknown_pin_returns_404 ... ok
test remote::relay_server::tests::test_relay_pairing_claim_requires_the_live_control_identity ... ok
test remote::relay_server::tests::test_relay_pairing_claim_uses_relay_generation_not_client_attempt_counter ... ok
test remote::relay_server::tests::test_relay_register_pairing_caps_lease_lifetime ... ok
test remote::relay_server::tests::test_relay_register_pairing_is_idempotent_for_identical_retries ... ok
test remote::relay_server::tests::test_relay_socket_ticket_expired_rejected ... ok
test remote::relay_server::tests::test_relay_socket_ticket_issuance_and_single_use ... ok
test remote::relay_server::tests::test_relay_stream_half_is_bound_to_the_allocating_control_generation ... ok
test remote::relay_server::tests::test_relay_unissued_session_rejected ... ok
test remote::relay_server::tests::test_relay_reverse_tunnel_multiplex ... ok
test remote::relay_server::tests::a_control_signature_minted_for_another_relay_is_refused ... ok
test remote::relay_server::tests::test_security_expired_pin_claim_rejected ... ok
test remote::relay_server::tests::test_security_fleet_pin_brute_force_lockout ... ok
test remote::relay_server::tests::test_relay_pair_exchange_success ... ok
test remote::relay_server::tests::test_security_machine_id_hijack_rejection ... ok
test remote::relay_server::tests::test_security_role_swap_prevention ... ok
test remote::relay_server::tests::test_security_concurrent_two_daemon_isolation ... ok
test remote::relay_server::tests::test_socket_ticket_cold_cache_rejects_never_issued_bearer ... ok
test remote::server::attention_inventory_tests::remote_attention_inventory_keeps_other_projects_and_unseen_done ... ok
test remote::relay_server::tests::test_socket_ticket_cache_keeps_two_valid_tokens_for_one_machine ... ok
test remote::server::tests::a03_absent_machine_service_is_private_and_unavailable ... ok
test remote::server::tests::a03_forged_exchange_fields_cannot_upgrade_mirror_authority ... ok
test remote::server::tests::a03_machine_auth_errors_are_private_json ... ok
test remote::relay_server::tests::test_socket_ticket_expired_cache_rechecks_gateway_and_rejects_revoked_bearer ... ok
test remote::relay_server::tests::test_socket_ticket_gateway_confirmed_bearer_is_granted_and_cached ... ok
test remote::server::tests::relay_startup_connects_without_machine_token ... ok
test remote::server::tests::test_push_auth ... ok
test remote::state::tests::credentials_are_never_placed_in_a_shared_scratch_directory ... ok
test remote::state::tests::daemon_default_state_is_off_and_uses_supplied_terminal_service ... ok
test remote::server::tests::test_listener_bind_loopback ... ok
test remote::state::tests::explicit_data_dir_override_wins_over_platform_home ... ok
test remote::auth::persistence_tests::revoked_devices_are_deleted_outright_and_never_reappear ... ok
test remote::relay_server::tests::test_machine_ownership_survives_restart_and_private_enrollment ... ok
test remote::state::tests::relay_pairing_preserves_the_requested_permission ... ok
test remote::state::tests::stopping_a_relay_clears_only_its_own_published_coordinator ... ok
test remote::state::tests::test_interface_resolver_address_selection ... ok
test remote::state::tests::test_interface_resolver_multihoming ... ok
test remote::state::tests::test_interface_resolver_portable ... ok
test remote::state::tests::persisted_enabled_config_file_loads_enabled_mode_with_unbound_initial_state ... ok
test remote::auth::persistence_tests::validate_token_throttles_disk_persistence ... ok
test remote::state::tests::unix_resolves_under_home_and_ignores_windows_variables ... ok
test remote::tests::machine_auth::a03_cli_requires_explicit_machine_purpose ... ok
test remote::tests::machine_auth::a03_capabilities_require_authentication ... ok
test remote::tests::machine_auth::a03_legacy_control_denies_directory_browsing ... ok
test remote::tests::machine_auth::a03_machine_view_capability_cannot_issue_a_device ... ok
test remote::tests::machine_auth::a03_machine_view_pin_cannot_issue_a_device ... ok
test remote::tests::machine_auth::a03_mirror_view_issuance_preserves_view ... ok
test remote::tests::machine_auth::a03_old_persisted_grants_remain_mirror ... ok
test remote::tests::machine_auth::a03_legacy_control_denies_machine_creation ... ok
test remote::tests::machine_auth::a03_owner_coordinator_rejects_machine_view_without_publication ... ok
test remote::tests::machine_auth::a03_rejected_generation_cannot_redeem_machine_authority ... ok
test remote::tests::machine_auth::a03_router_auth_error_is_typed_and_no_store ... ok
test remote::tests::machine_auth::a03_router_scope_error_satisfies_a02_contract ... ok
test remote::auth::tests::relay_capability_is_single_use_persisted_and_cancellable ... ok
test remote::state::tests::test_relay_mode_configuration ... ok
test remote::tests::security::pairing_budget_is_global_atomic_and_rotation_cannot_reset_it ... ok
test remote::relay_server::tests::test_relay_key_store_merges_concurrent_enrollments_and_rejects_corrupt_records ... ok
test remote::tests::security::revoke_self_and_control_management_keep_status_contract ... ok
test remote::tests::security::sockets::a_permanent_device_token_in_the_query_string_is_rejected ... ok
[CLIENT_FRAME] Binary len: 89
test remote::tests::security::sockets::gateway_issues_single_use_socket_tickets_and_rejects_a_replayed_one ... ok
test remote::tests::security::sockets::gateway_refuses_to_mint_a_socket_ticket_without_a_valid_bearer ... ok
test remote::tests::security::sockets::gateway_socket_ticket_is_bound_to_its_requested_target ... ok
[CLIENT_FRAME] Close
test remote::tests::security::sockets::revoke_before_event_upgrade_is_not_lost ... ok
[CLIENT_FRAME] Close
test remote::tests::security::sockets::revoke_before_grid_upgrade_is_not_lost ... ok
[CLIENT_FRAME] Close
test remote::tests::security::sockets::revoke_before_raw_upgrade_is_not_lost ... ok
[CLIENT_FRAME] Text: {"type":"grid","cols":80,"rows":24,"cursor":{"x":5,"y":0,"visible":true,"blinking":false,"wideTail":false,"visualStyle":"block"},"lines":[{"index":0,"runs":[{"text":"READY","fg":null,"bg":null,"attrs":0,"cells":5}]},{"index":1,"runs":[]},{"index":2,"runs":[]},{"index":3,"runs":[]},{"index":4,"runs":[]},{"index":5,"runs":[]},{"index":6,"runs":[]},{"index":7,"runs":[]},{"index":8,"runs":[]},{"index":9,"runs":[]},{"index":10,"runs":[]},{"index":11,"runs":[]},{"index":12,"runs":[]},{"index":13,"runs":[]},{"index":14,"runs":[]},{"index":15,"runs":[]},{"index":16,"runs":[]},{"index":17,"runs":[]},{"index":18,"runs":[]},{"index":19,"runs":[]},{"index":20,"runs":[]},{"index":21,"runs":[]},{"index":22,"runs":[]},{"index":23,"runs":[]}]}
[CLIENT_FRAME] Close
test remote::tests::security::sockets::revoke_cancels_pending_grid_input ... ok
[CLIENT_FRAME] Binary len: 89
[CLIENT_FRAME] Close
test remote::tests::security::sockets::revoke_cancels_pending_raw_input ... ok
[CLIENT_FRAME] Text: {"event":"remote_active_selection_changed","payload":{"attentionInventory":[],"sessionId":"session","tabId":null,"terminalTabs":[],"workspaceId":null,"worktreeLabel":null,"worktreeSlug":null}}
test remote::auth::tests::test_cli_pair_cross_process_persistence ... ok
[CLIENT_FRAME] Text: {"event":"remote_active_selection_changed","payload":{"attentionInventory":[],"sessionId":"session","tabId":null,"terminalTabs":[],"workspaceId":null,"worktreeLabel":null,"worktreeSlug":null}}
[CLIENT_FRAME] Text: {"type":"grid","cols":80,"rows":24,"cursor":{"x":5,"y":0,"visible":true,"blinking":false,"wideTail":false,"visualStyle":"block"},"lines":[{"index":0,"runs":[{"text":"READY","fg":null,"bg":null,"attrs":0,"cells":5}]},{"index":1,"runs":[]},{"index":2,"runs":[]},{"index":3,"runs":[]},{"index":4,"runs":[]},{"index":5,"runs":[]},{"index":6,"runs":[]},{"index":7,"runs":[]},{"index":8,"runs":[]},{"index":9,"runs":[]},{"index":10,"runs":[]},{"index":11,"runs":[]},{"index":12,"runs":[]},{"index":13,"runs":[]},{"index":14,"runs":[]},{"index":15,"runs":[]},{"index":16,"runs":[]},{"index":17,"runs":[]},{"index":18,"runs":[]},{"index":19,"runs":[]},{"index":20,"runs":[]},{"index":21,"runs":[]},{"index":22,"runs":[]},{"index":23,"runs":[]}]}
[CLIENT_FRAME] Text: {"event":"remote_active_selection_changed","payload":{"attentionInventory":[],"sessionId":"session","tabId":null,"terminalTabs":[],"workspaceId":null,"worktreeLabel":null,"worktreeSlug":null}}
[CLIENT_FRAME] Text: {"type":"grid","cols":80,"rows":24,"cursor":{"x":5,"y":0,"visible":true,"blinking":false,"wideTail":false,"visualStyle":"block"},"lines":[{"index":0,"runs":[{"text":"READY","fg":null,"bg":null,"attrs":0,"cells":5}]},{"index":1,"runs":[]},{"index":2,"runs":[]},{"index":3,"runs":[]},{"index":4,"runs":[]},{"index":5,"runs":[]},{"index":6,"runs":[]},{"index":7,"runs":[]},{"index":8,"runs":[]},{"index":9,"runs":[]},{"index":10,"runs":[]},{"index":11,"runs":[]},{"index":12,"runs":[]},{"index":13,"runs":[]},{"index":14,"runs":[]},{"index":15,"runs":[]},{"index":16,"runs":[]},{"index":17,"runs":[]},{"index":18,"runs":[]},{"index":19,"runs":[]},{"index":20,"runs":[]},{"index":21,"runs":[]},{"index":22,"runs":[]},{"index":23,"runs":[]}]}
[CLIENT_FRAME] Close
[CLIENT_FRAME] Close
[CLIENT_FRAME] Text: {"event":"after_revoke","payload":{}}
[CLIENT_FRAME] Close
test remote::tests::security::sockets::revoke_closes_all_event_sockets_only_for_that_device ... ok
[CLIENT_FRAME] Text: {"type":"grid","cols":80,"rows":24,"cursor":{"x":5,"y":0,"visible":true,"blinking":false,"wideTail":false,"visualStyle":"block"},"lines":[{"index":0,"runs":[{"text":"READY","fg":null,"bg":null,"attrs":0,"cells":5}]},{"index":1,"runs":[]},{"index":2,"runs":[]},{"index":3,"runs":[]},{"index":4,"runs":[]},{"index":5,"runs":[]},{"index":6,"runs":[]},{"index":7,"runs":[]},{"index":8,"runs":[]},{"index":9,"runs":[]},{"index":10,"runs":[]},{"index":11,"runs":[]},{"index":12,"runs":[]},{"index":13,"runs":[]},{"index":14,"runs":[]},{"index":15,"runs":[]},{"index":16,"runs":[]},{"index":17,"runs":[]},{"index":18,"runs":[]},{"index":19,"runs":[]},{"index":20,"runs":[]},{"index":21,"runs":[]},{"index":22,"runs":[]},{"index":23,"runs":[]}]}
[CLIENT_FRAME] Close
[CLIENT_FRAME] Close
[CLIENT_FRAME] Binary len: 89
[CLIENT_FRAME] Binary len: 89
[CLIENT_FRAME] Binary len: 89
[CLIENT_FRAME] Close
[CLIENT_FRAME] Close
[CLIENT_FRAME] Binary len: 58
[CLIENT_FRAME] Close
test remote::tests::security::sockets::revoke_closes_all_raw_sockets_only_for_that_device ... ok
test remote::tests::security::sockets::revoke_during_grid_attachment_prevents_upgrade ... ok
test remote::tests::security::sockets::revoke_during_raw_attachment_prevents_upgrade ... ok
[CLIENT_FRAME] Text: {"type":"grid","cols":80,"rows":24,"cursor":{"x":5,"y":0,"visible":true,"blinking":false,"wideTail":false,"visualStyle":"block"},"lines":[{"index":0,"runs":[{"text":"READY","fg":null,"bg":null,"attrs":0,"cells":5}]},{"index":1,"runs":[]},{"index":2,"runs":[]},{"index":3,"runs":[]},{"index":4,"runs":[]},{"index":5,"runs":[]},{"index":6,"runs":[]},{"index":7,"runs":[]},{"index":8,"runs":[]},{"index":9,"runs":[]},{"index":10,"runs":[]},{"index":11,"runs":[]},{"index":12,"runs":[]},{"index":13,"runs":[]},{"index":14,"runs":[]},{"index":15,"runs":[]},{"index":16,"runs":[]},{"index":17,"runs":[]},{"index":18,"runs":[]},{"index":19,"runs":[]},{"index":20,"runs":[]},{"index":21,"runs":[]},{"index":22,"runs":[]},{"index":23,"runs":[]}]}
[CLIENT_FRAME] Text: {"type":"grid","cols":80,"rows":24,"cursor":{"x":0,"y":0,"visible":true,"blinking":false,"wideTail":false,"visualStyle":"block"},"lines":[{"index":0,"runs":[]},{"index":1,"runs":[]},{"index":2,"runs":[]},{"index":3,"runs":[]},{"index":4,"runs":[]},{"index":5,"runs":[]},{"index":6,"runs":[]},{"index":7,"runs":[]},{"index":8,"runs":[]},{"index":9,"runs":[]},{"index":10,"runs":[]},{"index":11,"runs":[]},{"index":12,"runs":[]},{"index":13,"runs":[]},{"index":14,"runs":[]},{"index":15,"runs":[]},{"index":16,"runs":[]},{"index":17,"runs":[]},{"index":18,"runs":[]},{"index":19,"runs":[]},{"index":20,"runs":[]},{"index":21,"runs":[]},{"index":22,"runs":[]},{"index":23,"runs":[]}]}
[CLIENT_FRAME] Text: {"type":"gridDiff","cols":80,"rows":24,"cursor":{"x":17,"y":0,"visible":true,"blinking":false,"wideTail":false,"visualStyle":"block"},"lines":[{"index":0,"runs":[{"text":"READYAFTER_REVOKE","fg":null,"bg":null,"attrs":0,"cells":17}]}]}
[CLIENT_FRAME] Close
test remote::tests::security::sockets::revoke_closes_all_grid_sockets_only_for_that_device ... ok
[CLIENT_FRAME] Text: {"type":"remoteStatus","state":"connected","generation":"7"}
[CLIENT_FRAME] Text: {"type":"grid","cols":80,"rows":24,"cursor":{"x":5,"y":0,"visible":true,"blinking":false,"wideTail":false,"visualStyle":"block"},"lines":[{"index":0,"runs":[{"text":"READY","fg":null,"bg":null,"attrs":0,"cells":5}]},{"index":1,"runs":[]},{"index":2,"runs":[]},{"index":3,"runs":[]},{"index":4,"runs":[]},{"index":5,"runs":[]},{"index":6,"runs":[]},{"index":7,"runs":[]},{"index":8,"runs":[]},{"index":9,"runs":[]},{"index":10,"runs":[]},{"index":11,"runs":[]},{"index":12,"runs":[]},{"index":13,"runs":[]},{"index":14,"runs":[]},{"index":15,"runs":[]},{"index":16,"runs":[]},{"index":17,"runs":[]},{"index":18,"runs":[]},{"index":19,"runs":[]},{"index":20,"runs":[]},{"index":21,"runs":[]},{"index":22,"runs":[]},{"index":23,"runs":[]}]}
[CLIENT_FRAME] Text: {"type":"remoteStatus","state":"reconnecting","generation":"8"}
[CLIENT_FRAME] Text: {"type":"remoteStatus","state":"disconnected","generation":"9"}
[CLIENT_FRAME] Text: {"type":"remoteStatus","state":"connected","generation":"10"}
test remote::state::tests::enabled_gateway_persists_config_and_restores_on_reopen ... ok
test remote::server::tests::a03_identity_runs_offthread_and_revocation_fences_response ... ok
[CLIENT_FRAME] Binary len: 89
[CLIENT_FRAME] Binary len: 108
[CLIENT_FRAME] Text: {"type":"remoteStatus","state":"connected","generation":"7"}
[CLIENT_FRAME] Binary len: 89
[CLIENT_FRAME] Text: {"type":"remoteStatus","state":"reconnecting","generation":"8"}
[CLIENT_FRAME] Binary len: 55
[CLIENT_FRAME] Text: {"type":"remoteStatus","state":"disconnected","generation":"9"}
[CLIENT_FRAME] Text: {"type":"remoteStatus","state":"connected","generation":"10"}
test remote::tests::security::sockets::ssh_reconnect_safety_web_raw_gap_order ... ok
[CLIENT_FRAME] Binary len: 51
[CLIENT_FRAME] Text: {"type":"remoteStatus","state":"expired","generation":"11"}
test remote::tests::security::sockets::ssh_reconnect_safety_web_raw_status_input_probe ... ok
test remote::tests::machine_auth::a03_owner_machine_purpose_survives_persistence_and_exchange ... ok
[CLIENT_FRAME] Text: {"type":"gridDiff","cols":80,"rows":24,"cursor":{"x":9,"y":0,"visible":true,"blinking":false,"wideTail":false,"visualStyle":"block"},"lines":[{"index":0,"runs":[{"text":"RECOVERED","fg":null,"bg":null,"attrs":0,"cells":9}]}]}
test remote::tests::security::sockets::ssh_reconnect_safety_web_grid_gap_order ... ok
test remote::tests::security::view_cannot_revoke_another_device ... ok
test remote::state::tests::relay_pairing_coordinator_registers_the_pin_with_the_relay ... ok
test remote::tests::security::static_portable_paths_and_assets ... ok
test remote::tests::security::static_raw_traversal_is_rejected ... ok
[CLIENT_FRAME] Text: {"type":"gridDiff","cols":80,"rows":24,"cursor":{"x":10,"y":0,"visible":true,"blinking":false,"wideTail":false,"visualStyle":"block"},"lines":[{"index":0,"runs":[{"text":"READYFRESH","fg":null,"bg":null,"attrs":0,"cells":10}]}]}
[CLIENT_FRAME] Text: {"type":"remoteStatus","state":"expired","generation":"11"}
test remote::tests::security::sockets::ssh_reconnect_safety_web_grid_status_input_probe ... ok
test remote::tests::test_active_selection_change_is_broadcast_to_authenticated_event_clients ... ok
test remote::tests::test_active_selection_is_visible_to_a_receiver_that_subscribes_afterwards ... ok
test remote::tests::test_auth_manager_pairing_and_revocation ... ok
test remote::tests::test_authenticated_event_clients_receive_selection_changes_after_the_snapshot ... ok
test remote::tests::test_authenticated_event_clients_receive_the_current_active_selection_on_connect ... ok
test remote::tests::test_concurrent_cold_snapshot_requests_coalesce_to_one_git_discovery ... ok
test remote::tests::security::static_symlinks_cannot_escape_dist ... ok
test remote::relay_server::tests::test_relay_dispatch_rejects_a_replaced_control_channel ... ok
test remote::tests::ssh::registered_ssh_project_can_be_selected_without_local_registration ... ok
test remote::tests::ssh::registered_ssh_project_is_listed_without_a_focused_terminal ... ok
test remote::relay_client::tests::test_pairing_coordinator_lifecycle_and_ack ... ok
test remote::tests::test_desktop_ipc_active_selection_lifecycle ... ok
test remote::relay_client::tests::test_pairing_coordinator_pin_can_be_redeemed_directly ... ok
test remote::server::tests::test_get_active_running_sessions_independent_of_desktop ... ok
test remote::tests::ssh::ssh_session_retains_its_workspace_in_remote_routing ... ok
test remote::relay_client::tests::test_pairing_coordinator_timeout_or_rejection ... ok
test remote::tests::test_grid_render_attach_sends_full_frame_with_session_dimensions ... ok
test remote::tests::test_grid_render_initial_frame_uses_requested_viewport_dimensions ... ok
test remote::tests::test_daemon_pairing_and_revocation_authority ... ok
test remote::tests::test_remote_active_selection_safe_tab_descriptors_and_no_path_leakage ... ok
test remote::tests::security::resize::v06_view_resize_denied_grid_control_allowed ... ok
test remote::tests::test_remote_gateway_legacy_peer_attach_write_output_exit_and_listing ... ok
test remote::tests::security::resize::v06_view_resize_denied_raw_control_allowed ... ok
test remote::relay_server::tests::coordinator_pairs_through_relay_to_real_gateway ... ok
test remote::tests::test_occupied_port_enable_does_not_persist_enabled_intent ... ok
test remote::tests::test_remote_server_rejects_off_mode_without_binding ... ok
test remote::tests::test_remote_server_health_and_lifecycle ... ok
test remote::tests::test_remote_terminal_tab_info_serializes_and_deserializes_session_id ... ok
test remote::tests::test_remote_server_serves_spa_index_html ... ok
test remote::tests::test_grid_render_resize_returns_full_frame_with_requested_geometry ... ok
test remote::tests::test_legacy_terminal_socket_emits_binary_snapshot_without_grid_text_frames ... ok
test remote::tests::test_grid_render_live_pty_output_emits_grid_frame_after_attach ... ok
test remote::tests::test_resolve_dist_dir_isolated_runtime_debug_fallback ... ok
test remote::tests::test_remote_terminal_forced_lag_replays_with_explicit_gap_and_sequence_metadata ... ok
test remote::tests::test_terminal_preferences_requires_a_valid_unrevoked_remote_token ... ok
test remote::tests::test_resolve_dist_dir_packaged_windows_or_linux_bundle_layout ... ok
test remote::tests::test_resolve_dist_dir_packaged_macos_bundle_layout ... ok
test remote::tests::test_workspace_snapshot_started_before_revision_change_is_not_marked_current ... ok
test remote::tests::test_successful_enable_restores_and_disable_remains_off ... ok
test remote::tests::test_remote_listener_persistence_and_startup_restoration_lifecycle ... ok
test remote::tests::test_derive_session_metadata_matches_workspace ... ok
test remote::tests::test_gui_remote_forwarding_and_no_gui_gateway_ownership ... ok
test remote::tests::test_workspace_snapshot_refreshes_external_git_worktree_changes_after_interval ... ok
test remote::tests::test_repeated_workspace_state_reads_do_not_rerun_git_discovery_and_refresh_on_change ... ok
test remote::tests::test_workspace_state_agent_activity_and_worktree_attention_rollup ... ok
test remote::tests::test_remote_select_workspace_with_tab_selector_and_primary_worktree ... ok
test remote::tests::test_daemon_owned_remote_chain_end_to_end ... ok
test remote::auth::persistence_tests::concurrent_writers_never_observe_a_torn_store ... ok
test remote::tests::test_daemon_remote_worktree_selection_then_grid_terminal_control ... ok
test remote::tests::test_connected_terminal_websocket_closed_when_active_selection_changes ... ok
test remote::tests::scoped_remote_inventory_lists_registered_projects_without_desktop ... ok
test remote::tests::test_active_desktop_terminal_contract_and_safe_selection_bridge ... ok

test result: ok. 218 passed; 0 failed; 0 ignored; 0 measured; 817 filtered out; finished in 3.61s

   Compiling ferryx v2026.908.1 (/Users/indo/code/project/orca-lite-wt/herdr-wave0-clean/src-tauri)
    Building [=======================> ] 596/600: ferryx(build)
status: completed exit_code: 0
warning: unused import: `Manager`====> ] 597/600: ferryx
  --> src/ipc/notifications.rs:21:24
   |
21 | use tauri::{AppHandle, Manager, Runtime, State};
   |                        ^^^^^^^
   |
   = note: `#[warn(unused_imports)]` (part of `#[warn(unused)]`) on by default

warning: unnecessary `unsafe` block==> ] 597/600: ferryx
  --> src/macos_file_drop.rs:79:28
   |
79 |             let location = unsafe { info.draggingLocation() };
   |                            ^^^^^^ unnecessary `unsafe` block
   |
   = note: `#[warn(unused_unsafe)]` (part of `#[warn(unused)]`) on by default

warning: unnecessary `unsafe` block==> ] 597/600: ferryx
  --> src/macos_file_drop.rs:80:25
   |
80 |             let point = unsafe { self.convertPoint_fromView(location, None) };
   |                         ^^^^^^ unnecessary `unsafe` block

warning: unnecessary `unsafe` block==> ] 597/600: ferryx
   --> src/macos_file_drop.rs:102:46
    |
102 |     let pasteboard: Retained<NSPasteboard> = unsafe { info.draggingPasteboard() };
    |                                              ^^^^^^ unnecessary `unsafe` block

warning: unnecessary `unsafe` block==> ] 597/600: ferryx
   --> src/macos_file_drop.rs:105:25
    |
105 |     if let Some(list) = unsafe { pasteboard.propertyListForType(&legacy) } {
    |                         ^^^^^^ unnecessary `unsafe` block

warning: unnecessary `unsafe` block
   --> src/macos_file_drop.rs:122:25
    |
122 |     if let Some(text) = unsafe { pasteboard.stringForType(file_url_type) } {
    |                         ^^^^^^ unnecessary `unsafe` block

warning: unnecessary `unsafe` block
   --> src/macos_file_drop.rs:123:28
    |
123 |         if let Some(url) = unsafe { NSURL::URLWithString(&text) } {
    |                            ^^^^^^ unnecessary `unsafe` block

warning: unnecessary `unsafe` block
   --> src/macos_file_drop.rs:124:33
    |
124 |             if let Some(path) = unsafe { url.path() } {
    |                                 ^^^^^^ unnecessary `unsafe` block

warning: unnecessary `unsafe` block==> ] 597/600: ferryx
   --> src/macos_file_drop.rs:169:5
    |
169 |     unsafe { view.registerForDraggedTypes(&types) };
    |     ^^^^^^ unnecessary `unsafe` block

warning: unused variable: `scroll_daemon_client`: ferryx
   --> src/lib.rs:915:9
    |
915 |     let scroll_daemon_client = Arc::clone(&daemon_client);
    |         ^^^^^^^^^^^^^^^^^^^^ help: if this is intentional, prefix it with an underscore: `_scroll_daemon_client`
    |
    = note: `#[warn(unused_variables)]` (part of `#[warn(unused)]`) on by default

warning: field `app` is never read===> ] 597/600: ferryx
  --> src/ipc/notifications.rs:28:5
   |
27 | pub struct TauriNotificationBackend<R: Runtime> {
   |            ------------------------ field in this struct
28 |     app: AppHandle<R>,
   |     ^^^
   |
   = note: `#[warn(dead_code)]` (part of `#[warn(unused)]`) on by default

warning: constant `GHOSTTY_TERMINAL_SCREEN_PRIMARY` is never used
  --> src/native_terminal/sys/constants.rs:56:11
   |
56 | pub const GHOSTTY_TERMINAL_SCREEN_PRIMARY: c_int = 0;
   |           ^^^^^^^^^^^^^^^^^^^^^^^^^^^^^^^

warning: methods `synchronized_output_deadline`, `expire_synchronized_output`, and `finish_synchronized_output` are never used
   --> src/native_terminal/terminal.rs:169:19
    |
133 | impl NativeTerminal {
    | ------------------- methods in this implementation
...
169 |     pub(crate) fn synchronized_output_deadline(&self) -> Option<tokio::time::Instant> {
    |                   ^^^^^^^^^^^^^^^^^^^^^^^^^^^^
...
173 |     pub(crate) fn expire_synchronized_output(
    |                   ^^^^^^^^^^^^^^^^^^^^^^^^^^
...
184 |     pub(crate) fn finish_synchronized_output(&mut self) -> Result<(), NativeTerminalError> {
    |                   ^^^^^^^^^^^^^^^^^^^^^^^^^^

warning: method `wait_and_reap` is never used600: ferryx
   --> src/terminal/session.rs:270:19
    |
 61 | impl PtySession {
    | --------------- method in this implementation
...
270 |     pub(crate) fn wait_and_reap(&self) -> Result<Option<i32>, PtyError> {
    |                   ^^^^^^^^^^^^^

warning: struct `WriterLeaseGuard` is never constructedx
  --> src/worktree/manager.rs:81:19
   |
81 | pub(crate) struct WriterLeaseGuard {
   |                   ^^^^^^^^^^^^^^^^

warning: associated items `new`, `canonical_path`, and `owner_id` are never used
   --> src/worktree/manager.rs:88:8
    |
 87 | impl WriterLeaseGuard {
    | --------------------- associated items in this implementation
 88 |     fn new(registry: WriterLeaseRegistry, canonical_path: PathBuf, owner_id: String) -> Self {
    |        ^^^
...
 96 |     pub(crate) fn canonical_path(&self) -> &Path {
    |                   ^^^^^^^^^^^^^^
...
100 |     pub(crate) fn owner_id(&self) -> &str {
    |                   ^^^^^^^^

warning: method `acquire_writer_lease` is never usedrryx
   --> src/worktree/manager.rs:333:19
    |
129 | impl WorktreeManager {
    | -------------------- method in this implementation
...
333 |     pub(crate) fn acquire_writer_lease(
    |                   ^^^^^^^^^^^^^^^^^^^^

warning: `ferryx` (lib) generated 17 warnings (run `cargo fix --lib -p ferryx` to apply 2 suggestions)
    Finished `dev` profile [unoptimized + debuginfo] target(s) in 56.50s
