$ cargo --config 'target.aarch64-apple-darwin.runner=["sh", "/Users/indo/code/project/orca-lite-wt/herdr-resume-01a097f8/docs/evidence/paired-daemon/WAVE2-resume-runner.sh"]' test --locked --manifest-path src-tauri/Cargo.toml --no-default-features --test machine_catalog_persistence --test machine_worktrees --test machine_sessions --test machine_terminal_stream --test machine_events -- --nocapture --test-threads=1
   Compiling portable-pty v0.9.0 (/Users/indo/code/project/orca-lite-wt/herdr-resume-01a097f8/src-tauri/vendor/portable-pty)
   Compiling ferryx v2026.908.1 (/Users/indo/code/project/orca-lite-wt/herdr-resume-01a097f8/src-tauri)
warning: unused import: `Manager`
  --> src/ipc/notifications.rs:21:24
   |
21 | use tauri::{AppHandle, Manager, Runtime, State};
   |                        ^^^^^^^
   |
   = note: `#[warn(unused_imports)]` (part of `#[warn(unused)]`) on by default

warning: unnecessary `unsafe` block
  --> src/macos_file_drop.rs:79:28
   |
79 |             let location = unsafe { info.draggingLocation() };
   |                            ^^^^^^ unnecessary `unsafe` block
   |
   = note: `#[warn(unused_unsafe)]` (part of `#[warn(unused)]`) on by default

warning: unnecessary `unsafe` block
  --> src/macos_file_drop.rs:80:25
   |
80 |             let point = unsafe { self.convertPoint_fromView(location, None) };
   |                         ^^^^^^ unnecessary `unsafe` block

warning: unnecessary `unsafe` block
   --> src/macos_file_drop.rs:102:46
    |
102 |     let pasteboard: Retained<NSPasteboard> = unsafe { info.draggingPasteboard() };
    |                                              ^^^^^^ unnecessary `unsafe` block

warning: unnecessary `unsafe` block
   --> src/macos_file_drop.rs:105:25
    |
105 |     if let Some(list) = unsafe { pasteboard.propertyListForType(&legacy) } {
    |                         ^^^^^^ unnecessary `unsafe` block

warning: unnecessary `unsafe` block
   --> src/macos_file_drop.rs:122:25
    |
122 |     if let Some(text) = unsafe { pasteboard.stringForType(file_url_type) } {
    |                         ^^^^^^ unnecessary `unsafe` block

warning: unnecessary `unsafe` block
   --> src/macos_file_drop.rs:123:28
    |
123 |         if let Some(url) = unsafe { NSURL::URLWithString(&text) } {
    |                            ^^^^^^ unnecessary `unsafe` block

warning: unnecessary `unsafe` block
   --> src/macos_file_drop.rs:124:33
    |
124 |             if let Some(path) = unsafe { url.path() } {
    |                                 ^^^^^^ unnecessary `unsafe` block

warning: unnecessary `unsafe` block
   --> src/macos_file_drop.rs:169:5
    |
169 |     unsafe { view.registerForDraggedTypes(&types) };
    |     ^^^^^^ unnecessary `unsafe` block

warning: unused variable: `scroll_daemon_client`
   --> src/lib.rs:915:9
    |
915 |     let scroll_daemon_client = Arc::clone(&daemon_client);
    |         ^^^^^^^^^^^^^^^^^^^^ help: if this is intentional, prefix it with an underscore: `_scroll_daemon_client`
    |
    = note: `#[warn(unused_variables)]` (part of `#[warn(unused)]`) on by default

warning: field `app` is never read
  --> src/ipc/notifications.rs:28:5
   |
27 | pub struct TauriNotificationBackend<R: Runtime> {
   |            ------------------------ field in this struct
28 |     app: AppHandle<R>,
   |     ^^^
   |
   = note: `#[warn(dead_code)]` (part of `#[warn(unused)]`) on by default

warning: constant `GHOSTTY_TERMINAL_SCREEN_PRIMARY` is never used
  --> src/native_terminal/sys/constants.rs:56:11
   |
56 | pub const GHOSTTY_TERMINAL_SCREEN_PRIMARY: c_int = 0;
   |           ^^^^^^^^^^^^^^^^^^^^^^^^^^^^^^^

warning: methods `synchronized_output_deadline`, `expire_synchronized_output`, and `finish_synchronized_output` are never used
   --> src/native_terminal/terminal.rs:169:19
    |
133 | impl NativeTerminal {
    | ------------------- methods in this implementation
...
169 |     pub(crate) fn synchronized_output_deadline(&self) -> Option<tokio::time::Instant> {
    |                   ^^^^^^^^^^^^^^^^^^^^^^^^^^^^
...
173 |     pub(crate) fn expire_synchronized_output(
    |                   ^^^^^^^^^^^^^^^^^^^^^^^^^^
...
184 |     pub(crate) fn finish_synchronized_output(&mut self) -> Result<(), NativeTerminalError> {
    |                   ^^^^^^^^^^^^^^^^^^^^^^^^^^

warning: method `wait_and_reap` is never used
   --> src/terminal/session.rs:351:19
    |
 73 | impl PtySession {
    | --------------- method in this implementation
...
351 |     pub(crate) fn wait_and_reap(&self) -> Result<Option<i32>, PtyError> {
    |                   ^^^^^^^^^^^^^

warning: function `with_local_worktree_budget` is never used
   --> src/worktree/git.rs:115:15
    |
115 | pub(crate) fn with_local_worktree_budget<T>(work: impl FnOnce() -> T) -> T {
    |               ^^^^^^^^^^^^^^^^^^^^^^^^^^

warning: struct `WriterLeaseGuard` is never constructed
  --> src/worktree/manager.rs:86:19
   |
86 | pub(crate) struct WriterLeaseGuard {
   |                   ^^^^^^^^^^^^^^^^

warning: associated items `new`, `canonical_path`, and `owner_id` are never used
   --> src/worktree/manager.rs:93:8
    |
 92 | impl WriterLeaseGuard {
    | --------------------- associated items in this implementation
 93 |     fn new(registry: WriterLeaseRegistry, canonical_path: PathBuf, owner_id: String) -> Self {
    |        ^^^
...
101 |     pub(crate) fn canonical_path(&self) -> &Path {
    |                   ^^^^^^^^^^^^^^
...
105 |     pub(crate) fn owner_id(&self) -> &str {
    |                   ^^^^^^^^

warning: method `acquire_writer_lease` is never used
   --> src/worktree/manager.rs:338:19
    |
134 | impl WorktreeManager {
    | -------------------- method in this implementation
...
338 |     pub(crate) fn acquire_writer_lease(
    |                   ^^^^^^^^^^^^^^^^^^^^

warning: `ferryx` (lib) generated 18 warnings (run `cargo fix --lib -p ferryx` to apply 2 suggestions)
    Finished `test` profile [unoptimized] target(s) in 19.80s
     Running tests/machine_catalog_persistence.rs (src-tauri/target/debug/deps/machine_catalog_persistence-9847bc72e73de522)

running 4 tests
test catalog_owner_process ... ok
test isolated_owner_restart_and_failure_cleanup ... IPC cleanup client_joined=true handler_joined=true duplex_closed=true injected=false
OWNER readiness=Ping/Pong pid=40733 command=register
IPC cleanup client_joined=true handler_joined=true duplex_closed=true injected=false
OWNER cleanup pid=40733 reaped=true status=exit status: 0 sockets=[] command=register
IPC cleanup client_joined=true handler_joined=true duplex_closed=true injected=false
OWNER readiness=Ping/Pong pid=40769 command=restore
OWNER cleanup pid=40769 reaped=true status=exit status: 0 sockets=[] command=restore
IPC cleanup client_joined=true handler_joined=true duplex_closed=true injected=false
OWNER readiness=Ping/Pong pid=40805 command=inject

thread 'catalog_owner_process' (1192098) panicked at library/std/src/io/stdio.rs:1165:9:
failed printing to stdout: Broken pipe (os error 32)
OWNER cleanup pid=40805 reaped=true status=signal: 9 (SIGKILL) sockets=[] command=inject

thread 'tokio-rt-worker' (1191979) panicked at tests/machine_catalog_persistence.rs:23:13:
injected IPC assertion after Pong
note: run with `RUST_BACKTRACE=1` environment variable to display a backtrace
IPC cleanup client_joined=true handler_joined=true duplex_closed=true injected=true
OWNER CLEANUP root=/tmp/wave2-aggregate-obciu2q0/tmp/.tmpYIodgN absent=true
ok
test normalized_registration_is_idempotent ... NORMALIZATION trimmed identity; unchanged revision; explicit exposure promotion verified
NORMALIZATION CLEANUP root=/tmp/wave2-aggregate-obciu2q0/tmp/.tmpGcBBtY absent=true
ok
test registration_survives_isolated_service_restart ... READY isolated service root=/tmp/wave2-aggregate-obciu2q0/tmp/.tmpb4vt60
IPC cleanup client_joined=true handler_joined=true duplex_closed=true injected=false
RESTART isolated service
CONCURRENT aliases canonical id=project-04ce7f6f827148e3b445880cd865b6c1 mirror_exposed=false
PERMISSIONS catalog=600 parent=700
RESTORE invalid root retained without overwrite
RESTORE missing row retained without recreation
WRITE_FAILURE rename target directory: no success or published revision; mutations fenced
QUARANTINE invalid/newer catalog preserved; mutation refused
QUARANTINE invalid/newer catalog preserved; mutation refused
CLEANUP root=/tmp/wave2-aggregate-obciu2q0/tmp/.tmpb4vt60 absent=true daemon_pids=[] sockets=[]
ok

test result: ok. 4 passed; 0 failed; 0 ignored; 0 measured; 0 filtered out; finished in 0.50s

     Running tests/machine_events.rs (src-tauri/target/debug/deps/machine_events-96a1656f4ab718d8)

running 1 test
test machine_events_begin_with_authoritative_snapshot ... A12 real WS projectRegistered canonical identity matches HTTP201; sequence newer than snapshot
A12 cleanup: listener joined/refused; no PTY created; private root removed
ok

test result: ok. 1 passed; 0 failed; 0 ignored; 0 measured; 0 filtered out; finished in 0.09s

     Running tests/machine_sessions.rs (src-tauri/target/debug/deps/machine_sessions-df6ae9a44dc4635b)

running 1 test
test machine_session_creation_uses_owner ... A09 native shell resolver session=5efb1c98-78aa-4134-b96c-1c7a272ff62c shell=/bin/zsh
A09 shell session=5efb1c98-78aa-4134-b96c-1c7a272ff62c pid=41338 cwd=/private/tmp/wave2-aggregate-obciu2q0/tmp/.tmpQksUNV/project
A09 native shell resolver session=5efb1c98-78aa-4134-b96c-1c7a272ff62c shell=/bin/zsh
A09 shell session=5efb1c98-78aa-4134-b96c-1c7a272ff62c pid=41338 cwd=/private/tmp/wave2-aggregate-obciu2q0/tmp/.tmpQksUNV/project
A09 native shell resolver session=cc7c3ee6-a593-478b-a37d-ebb7f2ddf6cb shell=/bin/zsh
A09 shell session=cc7c3ee6-a593-478b-a37d-ebb7f2ddf6cb pid=41545 cwd=/private/tmp/wave2-aggregate-obciu2q0/tmp/.tmpQksUNV/second
A09 native shell resolver session=c2ee7691-e8ca-4f89-bdb0-d8fe026ab9ee shell=/bin/zsh
A09 shell session=c2ee7691-e8ca-4f89-bdb0-d8fe026ab9ee pid=41771 cwd=/private/tmp/wave2-aggregate-obciu2q0/tmp/.tmpQksUNV/second/.orca-worktrees/project-340eedc42d59403d8af278e009b0ebee/a09
A09 native shell resolver session=9a635420-a596-4520-82d2-5aa0e1efef18 shell=/bin/zsh
A09 shell session=9a635420-a596-4520-82d2-5aa0e1efef18 pid=41880 cwd=/private/tmp/wave2-aggregate-obciu2q0/tmp/.tmpQksUNV/project/nested
A09 native shell resolver session=2a9b98b5-a9a4-4781-95cb-da7de8b0f3fe shell=/bin/zsh
A09 shell session=2a9b98b5-a9a4-4781-95cb-da7de8b0f3fe pid=41900 cwd=/private/tmp/wave2-aggregate-obciu2q0/tmp/.tmpQksUNV/project/nested
A09 native shell resolver session=cc7c3ee6-a593-478b-a37d-ebb7f2ddf6cb shell=/bin/zsh
A09 shell session=cc7c3ee6-a593-478b-a37d-ebb7f2ddf6cb pid=41545 cwd=/private/tmp/wave2-aggregate-obciu2q0/tmp/.tmpQksUNV/second
A09 HTTP replay=same-target same-PID=true changed-digest=409 two-roots=true close=reaped epoch=1789263610623
A09 cleanup: private listener joined; owned sessions closed; private root removed
ok

test result: ok. 1 passed; 0 failed; 0 ignored; 0 measured; 0 filtered out; finished in 26.49s

     Running tests/machine_terminal_stream.rs (src-tauri/target/debug/deps/machine_terminal_stream-a022dee364b523b8)

running 1 test
test machine_streams_use_original_owner_and_ignore_mirror_focus ... A10 executed marker session=a9c82825-8f7d-4364-aeaf-5ed4b06de636 pid=42105 cwd=/private/tmp/wave2-aggregate-obciu2q0/tmp/.tmphwdw5n/one epoch="1789263637878" selection=mirror-one
A10 executed marker session=0e4eaaa8-e4c6-4706-a266-bf2d063b99ff pid=42176 cwd=/private/tmp/wave2-aggregate-obciu2q0/tmp/.tmphwdw5n/two epoch="1789263637878" selection=mirror-one
A10 executed marker session=a9c82825-8f7d-4364-aeaf-5ed4b06de636 pid=42105 cwd=/private/tmp/wave2-aggregate-obciu2q0/tmp/.tmphwdw5n/one epoch="1789263637878" selection=mirror-two
A10 executed marker session=0e4eaaa8-e4c6-4706-a266-bf2d063b99ff pid=42176 cwd=/private/tmp/wave2-aggregate-obciu2q0/tmp/.tmphwdw5n/two epoch="1789263637878" selection=mirror-two
A10 executed marker session=a9c82825-8f7d-4364-aeaf-5ed4b06de636 pid=42105 cwd=/private/tmp/wave2-aggregate-obciu2q0/tmp/.tmphwdw5n/one epoch="1789263637878" selection=mirror-three
A10 executed marker session=0e4eaaa8-e4c6-4706-a266-bf2d063b99ff pid=42176 cwd=/private/tmp/wave2-aggregate-obciu2q0/tmp/.tmphwdw5n/two epoch="1789263637878" selection=mirror-three
A10 controller replacement/stale-input/stale-resize/conflict/HTTP-close-conflict/replay/gap/empty/ticket-reuse/64KiB+1/16KiB+1/revoked-input passed original_pid=Some(42105) epoch=1789263637878
A10 cleanup reaped session=0e4eaaa8-e4c6-4706-a266-bf2d063b99ff pid=None
A10 cleanup reaped session=a9c82825-8f7d-4364-aeaf-5ed4b06de636 pid=None
A10 cleanup listener joined/refused; original PTYs reaped; private root removed
ok

test result: ok. 1 passed; 0 failed; 0 ignored; 0 measured; 0 filtered out; finished in 2.44s

     Running tests/machine_worktrees.rs (src-tauri/target/debug/deps/machine_worktrees-5daeaa4ae8a6057c)

running 2 tests
test machine_worktree_http_contract ... A08 HTTP GET worktrees status=200 body={"revision":"2","worktrees":[{"bare":false,"branch":"refs/heads/main","detached":false,"head":"66d84e248e84b17aa3473762956180b8e0ea2258","identity":null,"locked":null,"managed":false,"path":"/private/tmp/wave2-aggregate-obciu2q0/tmp/.tmpeUNXga/repo space \"quote\" ü","prunable":null,"workspaceId":"project-cb1b3e08d1784273880922837d8865f2"}]}
A08 LOST_REPLY owner_status=201 forwarded_response_bytes=0 intermediary_joined=true
A08 STALE_REVISION status=409 target_preserved=true refusal_replayed=true
A08_OWNER pid=43308 cwd=/private/tmp/wave2-aggregate-obciu2q0/tmp/.tmpeUNXga/repo space "quote" ü/.orca-worktrees/project-cb1b3e08d1784273880922837d8865f2/feature
A08 OWNER close_complete=true session_removed=true pid=43308 absent=true already_reaped=true (shared owner fixture, not A09)
A08 delete scenario=locked status=409 body={"error":{"code":"WORKTREE_LOCKED","message":"WORKTREE_LOCKED","retryable":false,"requestId":"7a4dd44f-364b-43fb-9abd-40c4a91a56d5","details":{}}}
A08 delete scenario=unmerged status=409 body={"error":{"code":"UNMERGED_BRANCH","message":"UNMERGED_BRANCH","retryable":false,"requestId":"e94a9926-fd46-495a-b45d-51380d110c19","details":{}}}
A08 delete scenario=partial status=409 body={"error":{"code":"WORKTREE_REMOVED_BRANCH_RETAINED","message":"WORKTREE_REMOVED_BRANCH_RETAINED","retryable":false,"requestId":"650e8b42-da58-4f11-bff6-9d85e99fa7ec","details":{"branch":"orca/project-cb1b3e08d1784273880922837d8865f2/partial","branchDeleted":false,"worktreeRemoved":true}}}
A08 delete scenario=remove-branch status=204 body=
A08 RESTART same_request_same_row=true managed_target_count=1
A08 CLEANUP listener_joined=true private_root_removed=true
ok
test worktree_revision_survives_owner_restart ... A08 revision phase=initial listener_joined=true owner_dropped=true connection_refused=true
A08 revision phase=unchanged listener_joined=true owner_dropped=true connection_refused=true
A08 revision phase=changed listener_joined=true owner_dropped=true connection_refused=true
A08 revision post_commit_change=true unchanged_restart_equal=true offline_clean_change_stale_delete=true private_root_removed=true
ok

test result: ok. 2 passed; 0 failed; 0 ignored; 0 measured; 0 filtered out; finished in 7.75s


EXIT=0
