AB_QA_CHECK_START 2026-10-05T00:44:13.5843813+09:00
cargo.exe :     Checking serde_core v1.0.229
At C:\Users\sook\ferryx-pane-completion\win-ab3.ps1:13 char:1
+ & cargo check --manifest-path src-tauri/Cargo.toml --all-targets --fe ...
+ ~~~~~~~~~~~~~~~~~~~~~~~~~~~~~~~~~~~~~~~~~~~~~~~~~~~~~~~~~~~~~~~~~~~~~
    + CategoryInfo          : NotSpecified: (    Checking serde_core v1.0.229:String) [], RemoteException
    + FullyQualifiedErrorId : NativeCommandError
 
   Compiling semver v1.0.28
   Compiling serde v1.0.229
   Compiling thiserror v2.0.20
   Compiling serde_spanned v1.1.1
   Compiling serde_json v1.0.151
   Compiling uuid v1.26.0
   Compiling web_atoms v0.2.6
   Compiling toml_datetime v1.1.1+spec-1.1.0
   Compiling toml v1.1.4+spec-1.1.0
   Compiling selectors v0.36.1
   Compiling erased-serde v0.4.10
   Compiling rustc_version v0.4.1
   Compiling serde_with v3.22.0
   Compiling url v2.5.8
   Compiling cfb v0.7.3
   Compiling indexmap v1.9.3
   Compiling cargo-platform v0.1.9
   Compiling plist v1.10.0
   Compiling markup5ever v0.38.0
   Compiling jsonptr v0.6.3
   Compiling schemars v0.8.22
   Compiling urlpattern v0.3.0
    Checking bitflags v2.13.1
   Compiling html5ever v0.38.0
   Compiling infer v0.19.0
   Compiling json-patch v3.0.1
   Compiling cargo_metadata v0.19.2
   Compiling serde-untagged v0.1.9
   Compiling toml_datetime v0.7.5+spec-1.1.0
   Compiling embed-resource v3.0.11
    Checking deranged v0.5.8
    Checking dpi v0.1.2
   Compiling webview2-com-sys v0.38.2
   Compiling toml v0.9.12+spec-1.1.0
   Compiling dom_query v0.27.0
   Compiling tauri-winres v0.3.6
   Compiling tauri-utils v2.9.3
   Compiling cargo_toml v0.22.3
    Checking time v0.3.55
    Checking naga-types v30.0.1
    Checking png v0.18.1
    Checking tao v0.35.3
    Checking keyboard-types v0.7.0
    Checking serialize-to-javascript v0.1.2
    Checking spirv v0.4.0+sdk-1.4.341.0
    Checking wgpu-types v30.0.1
   Compiling curve25519-dalek v4.1.3
    Checking image v0.25.10
    Checking gpu-allocator v0.28.0
    Checking glutin_wgl_sys v0.6.1
    Checking muda v0.19.3
    Checking tower-http v0.6.11
    Checking cookie v0.18.2
    Checking naga v30.0.1
    Checking tungstenite v0.29.0
    Checking serde_urlencoded v0.7.1
    Checking tauri-winrt-notification v0.7.3
   Compiling snow v0.9.6
    Checking webview2-com v0.38.2
    Checking quinn-proto v0.11.17
    Checking notify-rust v4.18.0
    Checking reqwest v0.13.4
    Checking libsqlite3-sys v0.30.1
    Checking tokio-tungstenite v0.29.0
    Checking nix v0.28.0
    Checking yasna v0.6.0
    Checking notify-types v2.1.0
    Checking serde_path_to_error v0.1.20
    Checking rusqlite v0.32.1
    Checking portable-pty v0.9.0 (C:\Users\sook\ferryx-pane-completion\source-21dea3c0\src-tauri\vendor\portable-pty)
    Checking rcgen v0.14.10
    Checking notify v8.2.0
    Checking axum v0.8.9
    Checking winit v0.30.13
    Checking mime_guess v2.0.5
    Checking x25519-dalek v2.0.1
    Checking wry v0.55.1
    Checking ed25519-dalek v2.2.0
    Checking rodio v0.22.2
    Checking reqwest v0.12.28
    Checking tower-http v0.7.1
    Checking quinn v0.11.11
   Compiling tauri-plugin v2.6.3
   Compiling tauri-build v2.6.3
   Compiling tauri-codegen v2.6.3
    Checking tauri-runtime v2.11.3
    Checking tauri-runtime-wry v2.11.4
   Compiling tauri v2.11.5
   Compiling tauri-macros v2.6.3
   Compiling tauri-plugin-fs v2.5.1
   Compiling tauri-plugin-updater v2.10.1
   Compiling tauri-plugin-notification v2.3.3
   Compiling tauri-plugin-process v2.3.1
   Compiling tauri-plugin-dialog v2.7.2
   Compiling ferryx v2026.928.7 (C:\Users\sook\ferryx-pane-completion\source-21dea3c0\src-tauri)
    Checking wgpu-naga-bridge v30.0.1
    Checking wgpu-hal v30.0.1
    Checking wgpu-core-deps-windows-linux-android v30.0.1
    Checking wgpu-core v30.0.1
    Checking wgpu v30.0.1
warning: unused import: `seal_offer`
 --> src\account\offer_sink.rs:9:47
  |
9 | use crate::remote::sealed_offer::{open_offer, seal_offer};
  |                                               ^^^^^^^^^^
  |
  = note: `#[warn(unused_imports)]` (part of `#[warn(unused)]`) on by default

warning: unused import: `Serialize`
 --> src\agent_transcript.rs:1:26
  |
1 | use serde::{Deserialize, Serialize};
  |                          ^^^^^^^^^

warning: unused import: `ImportedCookie`
  --> src\browser\chromium_cookie_source.rs:13:67
   |
13 |     filter_google_cookies, resolve_installed_browser_profile_dir, ImportedCookie,
   |                                                                   ^^^^^^^^^^^^^^

warning: unused import: `Manager`
 --> src\browser\snapshot_source.rs:8:24
  |
8 | use tauri::{AppHandle, Manager};
  |                        ^^^^^^^

warning: unused import: `super::handover::HandoverManager`
 --> src\daemon\server.rs:4:5
  |
4 | use super::handover::HandoverManager;
  |     ^^^^^^^^^^^^^^^^^^^^^^^^^^^^^^^^

warning: unused import: `super::session_service::*`
  --> src\daemon\server.rs:22:5
   |
22 | use super::session_service::*;
   |     ^^^^^^^^^^^^^^^^^^^^^^^^^

warning: unused import: `PathBuf`
 --> src\ipc\remote_drop.rs:6:23
  |
6 | use std::path::{Path, PathBuf};
  |                       ^^^^^^^

warning: unused import: `NotificationAuthorization`
 --> src\notification\permission.rs:7:5
  |
7 |     NotificationAuthorization, NotificationPermissionRequestDto, NotificationPermissionStatusDto,
  |     ^^^^^^^^^^^^^^^^^^^^^^^^^

warning: unused import: `std::time::Duration`
 --> src\remote\session_transport.rs:1:5
  |
1 | use std::time::Duration;
  |     ^^^^^^^^^^^^^^^^^^^

warning: unused import: `RemoteSessionDetails`
 --> src\remote\server.rs:4:90
  |
4 | use crate::remote::backend::{RecoveryStream, RemoteRecoveryStatus, RemoteSessionBackend, RemoteSessionDetails};
  |                                                                                          ^^^^^^^^^^^^^^^^^^^^

warning: unused import: `ffi::OsString`
 --> src\ssh\..\ferryx_scope\ssh\process.rs:5:5
  |
5 |     ffi::OsString,
  |     ^^^^^^^^^^^^^

warning: unused import: `is_v5_ownership_transfer_enabled`
  --> src\daemon\handover.rs:76:31
   |
76 |         idle_upgrade_enabled, is_v5_ownership_transfer_enabled, successor_lock_wait, upgrade_action,
   |                               ^^^^^^^^^^^^^^^^^^^^^^^^^^^^^^^^

warning: unused import: `crate::daemon::protocol::AgentProviderSessionKey`
 --> src\daemon\server.rs:8:5
  |
8 | use crate::daemon::protocol::AgentProviderSessionKey;
  |     ^^^^^^^^^^^^^^^^^^^^^^^^^^^^^^^^^^^^^^^^^^^^^^^^

warning: unused import: `tempfile::TempDir`
   --> src\ipc\cli_install.rs:306:9
    |
306 |     use tempfile::TempDir;
    |         ^^^^^^^^^^^^^^^^^

warning: unused import: `serde_json::Value`
    --> src\ipc\native_terminal.rs:3593:13
     |
3593 |         use serde_json::Value;
     |             ^^^^^^^^^^^^^^^^^

warning: unused import: `tauri::Manager`
    --> src\ipc\terminal.rs:5408:13
     |
5408 |         use tauri::Manager;
     |             ^^^^^^^^^^^^^^

warning: unused import: `tauri::Manager`
    --> src\ipc\terminal.rs:5432:13
     |
5432 |         use tauri::Manager;
     |             ^^^^^^^^^^^^^^

warning: unused imports: `DaemonRequest`, `SplitAttachAttempt`, `SplitOperationRequest`, and `SplitOperationResponse`
 --> src\ipc\pane_liveness_contract.rs:4:28
  |
4 |         clip_stage_budget, DaemonRequest, DaemonResponse, DaemonSessionDetails,
  |                            ^^^^^^^^^^^^^
5 |         LocalSplitEnvelope, PaneAttachTuple, PanePresentationReceipt, PreparedLocalSplit,
6 |         SplitAttachAttempt, SplitDelivery, SplitErrorDetails, SplitIdentity, SplitNoChild,
  |         ^^^^^^^^^^^^^^^^^^
7 |         SplitOperationRequest, SplitOperationResponse, SplitOperationResult, SplitOwnership,
  |         ^^^^^^^^^^^^^^^^^^^^^  ^^^^^^^^^^^^^^^^^^^^^^

warning: unused import: `super::*`
   --> src\native_terminal\renderer\color_glyph.rs:209:9
    |
209 |     use super::*;
    |         ^^^^^^^^

warning: unused import: `serde_json::Value`
     --> src\native_terminal\surface_host.rs:10421:13
      |
10421 |         use serde_json::Value;
      |             ^^^^^^^^^^^^^^^^^

warning: unused import: `AsyncWriteExt`
   --> src\remote\attach_router.rs:184:35
    |
184 |     use tokio::io::{AsyncReadExt, AsyncWriteExt};
    |                                   ^^^^^^^^^^^^^

warning: unused import: `tokio::io::AsyncWriteExt as _`
   --> src\remote\attach_router.rs:240:13
    |
240 |         use tokio::io::AsyncWriteExt as _;
    |             ^^^^^^^^^^^^^^^^^^^^^^^^^^^^^

warning: unused import: `crate::scoped_contracts::Epoch`
  --> src\remote\machine_agent_state_tests.rs:14:5
   |
14 | use crate::scoped_contracts::Epoch;
   |     ^^^^^^^^^^^^^^^^^^^^^^^^^^^^^^

warning: unused import: `super::*`
    --> src\lib.rs:1614:9
     |
1614 |     use super::*;
     |         ^^^^^^^^

warning: unused import: `crate::daemon::client::DaemonClient`
    --> src\lib.rs:1615:9
     |
1615 |     use crate::daemon::client::DaemonClient;
     |         ^^^^^^^^^^^^^^^^^^^^^^^^^^^^^^^^^^^

warning: unused import: `crate::remote::auth::DevicePermission`
    --> src\lib.rs:1616:9
     |
1616 |     use crate::remote::auth::DevicePermission;
     |         ^^^^^^^^^^^^^^^^^^^^^^^^^^^^^^^^^^^^^

warning: unused variable: `handover_socket_path`
    --> src\daemon\server.rs:4252:54
     |
4252 |                 Ok(DaemonRequest::TransferSessions { handover_socket_path }) => {
     |                                                      ^^^^^^^^^^^^^^^^^^^^ help: try ignoring the field: `handove
r_socket_path: _`
     |
     = note: `#[warn(unused_variables)]` (part of `#[warn(unused)]`) on by default

warning: unused variable: `host`
   --> src\ipc\remote_drop.rs:310:13
    |
310 |         let host =
    |             ^^^^ help: if this is intentional, prefix it with an underscore: `_host`

warning: variable does not need to be mutable
   --> src\native_terminal\renderer\font_manager.rs:208:13
    |
208 |         let mut subpixel_buffer = vec![0u8; total_pixels * 4];
    |             ----^^^^^^^^^^^^^^^
    |             |
    |             help: remove this `mut`
    |
    = note: `#[warn(unused_mut)]` (part of `#[warn(unused)]`) on by default

warning: unused variable: `session`
   --> src\terminal\pty.rs:564:22
    |
564 |             let Some(session) = manager.get_session(&session_id) else {
    |                      ^^^^^^^ help: if this is intentional, prefix it with an underscore: `_session`

warning: value assigned to `desired_size` is never read
    --> src\terminal\remote.rs:1073:56
     |
1073 |               let mut desired_size: Option<(u16, u16)> = None;
     |                                                          ^^^^ this value is reassigned later and never used
...
1085 | /                     desired_size = Some(
1086 | |                         s.pending_size
1087 | |                             .take()
1088 | |                             .map(|(c, r, _)| (c, r))
1089 | |                             .unwrap_or((s.details.descriptor.cols, s.details.descriptor.rows)),
1090 | |                     );
     | |_____________________- `desired_size` is overwritten here before the previous value is read
     |
     = note: `#[warn(unused_assignments)]` (part of `#[warn(unused)]`) on by default

warning: unused import: `base64::Engine`
   --> src\remote\account_grants.rs:108:9
    |
108 |     use base64::Engine as _;
    |         ^^^^^^^^^^^^^^

warning: unused variable: `scroll_daemon_client`
    --> src\lib.rs:1188:9
     |
1188 |     let scroll_daemon_client = Arc::clone(&daemon_client);
     |         ^^^^^^^^^^^^^^^^^^^^ help: if this is intentional, prefix it with an underscore: `_scroll_daemon_client`

warning: type `ArmSpec` is more private than the item `QaBarrierChannel::wait_for_release`
   --> src\ipc\qa_barrier.rs:733:5
    |
733 |     pub async fn wait_for_release(&self, spec: &ArmSpec) -> ReleaseOutcome {
    |     ^^^^^^^^^^^^^^^^^^^^^^^^^^^^^^^^^^^^^^^^^^^^^^^^^^^^^^^^^^^^^^^^^^^^^^ method `QaBarrierChannel::wait_for_rel
ease` is reachable at visibility `pub`
    |
note: but type `ArmSpec` is only usable at visibility `pub(crate)`
   --> src\ipc\qa_barrier.rs:199:1
    |
199 | pub(crate) struct ArmSpec {
    | ^^^^^^^^^^^^^^^^^^^^^^^^^
    = note: `#[warn(private_interfaces)]` on by default

warning: type `RecordedSplit` is more private than the item `split_create_payload`
    --> src\ipc\terminal.rs:2042:5
     |
2042 | /     pub fn split_create_payload(
2043 | |         prepared: &PreparedLocalSplit,
2044 | |         session_id: &str,
2045 | |         daemon_epoch: u64,
2046 | |         session: &DaemonSessionDetails,
2047 | |         recorded: Option<&RecordedSplit>,
2048 | |     ) -> Value {
     | |______________^ function `split_create_payload` is reachable at visibility `pub(in crate::ipc::terminal)`
     |
note: but type `RecordedSplit` is only usable at visibility `pub(self)`
    --> src\ipc\terminal.rs:1951:5
     |
1951 |     struct RecordedSplit {
     |     ^^^^^^^^^^^^^^^^^^^^

warning: type `RecordedSplit` is more private than the item `cancel_ack_payload`
    --> src\ipc\terminal.rs:2249:5
     |
2249 | /     pub fn cancel_ack_payload(
2250 | |         record: &RecordedSplit,
2251 | |         phase: &str,
2252 | |         duplicate: bool,
...    |
2258 | |         source_still_present: Option<bool>,
2259 | |     ) -> Value {
     | |______________^ function `cancel_ack_payload` is reachable at visibility `pub(in crate::ipc::terminal)`
     |
note: but type `RecordedSplit` is only usable at visibility `pub(self)`
    --> src\ipc\terminal.rs:1951:5
     |
1951 |     struct RecordedSplit {
     |     ^^^^^^^^^^^^^^^^^^^^

warning: type `MachineSender` is more private than the item `SessionHub::machine_senders`
   --> src\terminal\output_hub.rs:700:5
    |
700 |     pub(crate) machine_senders: Vec<machine_output::MachineSender>,
    |     ^^^^^^^^^^^^^^^^^^^^^^^^^^^^^^^^^^^^^^^^^^^^^^^^^^^^^^^^^^^^^^ field `SessionHub::machine_senders` is reachab
le at visibility `pub(crate)`
    |
note: but type `MachineSender` is only usable at visibility `pub(in crate::terminal::output_hub)`
   --> src\terminal\machine_output.rs:76:1
    |
 76 | pub(super) struct MachineSender {
    | ^^^^^^^^^^^^^^^^^^^^^^^^^^^^^^^

warning: trait `AgentStateSink` is more private than the item `paired_daemon::Proxy::set_agent_sink`
   --> src\terminal\paired_daemon.rs:107:5
    |
107 |     pub fn set_agent_sink(&mut self, sink: Arc<dyn crate::terminal::remote::AgentStateSink>) {
    |     ^^^^^^^^^^^^^^^^^^^^^^^^^^^^^^^^^^^^^^^^^^^^^^^^^^^^^^^^^^^^^^^^^^^^^^^^^^^^^^^^^^^^^^^^ method `paired_daemo
n::Proxy::set_agent_sink` is reachable at visibility `pub`
    |
note: but trait `AgentStateSink` is only usable at visibility `pub(crate)`
   --> src\terminal\remote.rs:167:1
    |
167 | pub(crate) trait AgentStateSink: Send + Sync {
    | ^^^^^^^^^^^^^^^^^^^^^^^^^^^^^^^^^^^^^^^^^^^^

warning: trait `AgentStateSink` is more private than the item `paired_runtime::Runtime::set_agent_sink`
   --> src\terminal\paired_runtime.rs:294:5
    |
294 |     pub fn set_agent_sink(&self, sink: Arc<dyn crate::terminal::remote::AgentStateSink>) {
    |     ^^^^^^^^^^^^^^^^^^^^^^^^^^^^^^^^^^^^^^^^^^^^^^^^^^^^^^^^^^^^^^^^^^^^^^^^^^^^^^^^^^^^ method `paired_runtime::
Runtime::set_agent_sink` is reachable at visibility `pub`
    |
note: but trait `AgentStateSink` is only usable at visibility `pub(crate)`
   --> src\terminal\remote.rs:167:1
    |
167 | pub(crate) trait AgentStateSink: Send + Sync {
    | ^^^^^^^^^^^^^^^^^^^^^^^^^^^^^^^^^^^^^^^^^^^^

warning: type `paired_runtime::Command` is more private than the item `paired_runtime::Runtime::sender`
   --> src\terminal\paired_runtime.rs:731:5
    |
731 |     pub(crate) fn sender(&self, id: &str) -> Result<mpsc::Sender<Command>, String> {
    |     ^^^^^^^^^^^^^^^^^^^^^^^^^^^^^^^^^^^^^^^^^^^^^^^^^^^^^^^^^^^^^^^^^^^^^^^^^^^^^^ method `paired_runtime::Runtim
e::sender` is reachable at visibility `pub(crate)`
    |
note: but type `paired_runtime::Command` is only usable at visibility `pub(self)`
   --> src\terminal\paired_runtime.rs:166:1
    |
166 | enum Command {
    | ^^^^^^^^^^^^

warning: trait `terminal::remote::Transport` is more private than the item `RemoteRuntime::live_import`
   --> src\terminal\remote.rs:819:5
    |
819 | /     pub fn live_import(
820 | |         &self,
821 | |         state: RemoteExportState,
822 | |         transport: Option<Arc<dyn Transport>>,
823 | |     ) -> Result<(), RemoteFailure> {
    | |__________________________________^ method `RemoteRuntime::live_import` is reachable at visibility `pub`
    |
note: but trait `terminal::remote::Transport` is only usable at visibility `pub(crate)`
   --> src\terminal\remote.rs:185:1
    |
185 | pub(crate) trait Transport: Send + Sync {
    | ^^^^^^^^^^^^^^^^^^^^^^^^^^^^^^^^^^^^^^^

warning: trait `terminal::remote::Transport` is more private than the item `RemoteRuntime::import_transferred`
   --> src\terminal\remote.rs:840:5
    |
840 | /     pub fn import_transferred(
841 | |         &self,
842 | |         state: RemoteExportState,
843 | |         transport: Option<Arc<dyn Transport>>,
844 | |     ) -> Result<(), RemoteFailure> {
    | |__________________________________^ method `RemoteRuntime::import_transferred` is reachable at visibility `pub`
    |
note: but trait `terminal::remote::Transport` is only usable at visibility `pub(crate)`
   --> src\terminal\remote.rs:185:1
    |
185 | pub(crate) trait Transport: Send + Sync {
    | ^^^^^^^^^^^^^^^^^^^^^^^^^^^^^^^^^^^^^^^

warning: trait `AgentStateSink` is more private than the item `terminal::service::TerminalService::set_paired_agent_sin
k`
   --> src\terminal\service.rs:75:5
    |
 75 |     pub fn set_paired_agent_sink(&self, sink: Arc<dyn super::remote::AgentStateSink>) {
    |     ^^^^^^^^^^^^^^^^^^^^^^^^^^^^^^^^^^^^^^^^^^^^^^^^^^^^^^^^^^^^^^^^^^^^^^^^^^^^^^^^^ method `terminal::service::
TerminalService::set_paired_agent_sink` is reachable at visibility `pub`
    |
note: but trait `AgentStateSink` is only usable at visibility `pub(crate)`
   --> src\terminal\remote.rs:167:1
    |
167 | pub(crate) trait AgentStateSink: Send + Sync {
    | ^^^^^^^^^^^^^^^^^^^^^^^^^^^^^^^^^^^^^^^^^^^^

warning: function `webview_unreachable` is never used
  --> src\browser\hard_reload.rs:98:4
   |
98 | fn webview_unreachable(error: tauri::Error) -> IpcError {
   |    ^^^^^^^^^^^^^^^^^^^
   |
   = note: `#[warn(dead_code)]` (part of `#[warn(unused)]`) on by default

warning: fields `app` and `timeout` are never read
   --> src\browser\snapshot_source.rs:339:5
    |
338 | pub struct TauriBrowserSnapshotSource<R: tauri::Runtime> {
    |            -------------------------- fields in this struct
339 |     app: AppHandle<R>,
    |     ^^^
340 |     timeout: Duration,
    |     ^^^^^^^

warning: method `is_proceed` is never used
  --> src\daemon\handover.rs:22:19
   |
21 | impl UpgradeAction {
   | ------------------ method in this implementation
22 |     pub(crate) fn is_proceed(self) -> bool {
   |                   ^^^^^^^^^^

warning: struct `SpawnOwnerGuard` is never constructed
   --> src\daemon\handover.rs:450:19
    |
450 | pub(crate) struct SpawnOwnerGuard {
    |                   ^^^^^^^^^^^^^^^

warning: method `retain_spawn_owner` is never used
   --> src\daemon\handover.rs:574:19
    |
528 | impl HandoverManager {
    | -------------------- method in this implementation
...
574 |     pub(crate) fn retain_spawn_owner(self: &Arc<Self>) -> Result<SpawnOwnerGuard, String> {
    |                   ^^^^^^^^^^^^^^^^^^

warning: function `rollback_transferred_readers` is never used
  --> src\daemon\server.rs:43:10
   |
43 | async fn rollback_transferred_readers<R, A, D>(
   |          ^^^^^^^^^^^^^^^^^^^^^^^^^^^^

warning: function `adopt_transferred_ownership` is never used
  --> src\daemon\server.rs:71:4
   |
71 | fn adopt_transferred_ownership(
   |    ^^^^^^^^^^^^^^^^^^^^^^^^^^^

warning: function `release_adopted_ownership` is never used
   --> src\daemon\server.rs:104:4
    |
104 | fn release_adopted_ownership(
    |    ^^^^^^^^^^^^^^^^^^^^^^^^^

warning: associated function `from_locked_file` is never used
   --> src\daemon\server.rs:990:19
    |
941 | impl DaemonLockFile {
    | ------------------- associated function in this implementation
...
990 |     pub(crate) fn from_locked_file(file: File) -> Self {
    |                   ^^^^^^^^^^^^^^^^

warning: associated function `from_locked_files` is never used
    --> src\daemon\server.rs:1061:19
     |
1050 | impl DaemonLockFiles {
     | -------------------- associated function in this implementation
...
1061 |     pub(crate) fn from_locked_files(persistent: Option<File>, legacy: File) -> Self {
     |                   ^^^^^^^^^^^^^^^^^

warning: function `handover_delivery_verdict` is never used
    --> src\daemon\server.rs:1967:15
     |
1967 | pub(crate) fn handover_delivery_verdict(offered: usize, accepted: usize) -> Result<(), String> {
     |               ^^^^^^^^^^^^^^^^^^^^^^^^^

warning: function `handover_delivery_verdict_owned` is never used
    --> src\daemon\server.rs:1988:15
     |
1988 | pub(crate) fn handover_delivery_verdict_owned(
     |               ^^^^^^^^^^^^^^^^^^^^^^^^^^^^^^^

warning: function `handover_restorable_unexported` is never used
    --> src\daemon\server.rs:2007:15
     |
2007 | pub(crate) fn handover_restorable_unexported(
     |               ^^^^^^^^^^^^^^^^^^^^^^^^^^^^^^

warning: function `handover_effective_owned` is never used
    --> src\daemon\server.rs:2026:15
     |
2026 | pub(crate) fn handover_effective_owned(
     |               ^^^^^^^^^^^^^^^^^^^^^^^^

warning: function `remote_spawn_relative_path` is never used
    --> src\daemon\server.rs:5424:4
     |
5424 | fn remote_spawn_relative_path(repo_root: &str, root: &str) -> String {
     |    ^^^^^^^^^^^^^^^^^^^^^^^^^^

warning: method `machine_sessions` is never used
   --> src\daemon\session_service.rs:975:19
    |
361 | impl DaemonSessionService {
    | ------------------------- method in this implementation
...
975 |     pub(crate) fn machine_sessions(
    |                   ^^^^^^^^^^^^^^^^

warning: field `workspace_queues` is never read
  --> src\daemon\workspace_service.rs:25:5
   |
19 | pub struct DaemonWorkspaceService {
   |            ---------------------- field in this struct
...
25 |     workspace_queues: parking_lot::Mutex<
   |     ^^^^^^^^^^^^^^^^

warning: method `spawn_queue` is never used
  --> src\daemon\workspace_service.rs:42:19
   |
41 | impl DaemonWorkspaceService {
   | --------------------------- method in this implementation
42 |     pub(crate) fn spawn_queue(&self, workspace: &str) -> std::sync::Arc<tokio::sync::Mutex<()>> {
   |                   ^^^^^^^^^^^

warning: function `desktop_entry_for_mime` is never used
  --> src\ipc\file_open_with.rs:42:15
   |
42 | pub(crate) fn desktop_entry_for_mime(contents: &str, mime: &str) -> Option<String> {
   |               ^^^^^^^^^^^^^^^^^^^^^^

warning: function `is_valid_desktop_id` is never used
  --> src\ipc\file_open_with.rs:93:15
   |
93 | pub(crate) fn is_valid_desktop_id(id: &str) -> bool {
   |               ^^^^^^^^^^^^^^^^^^^

warning: function `desktop_application_dirs` is never used
   --> src\ipc\file_open_with.rs:103:15
    |
103 | pub(crate) fn desktop_application_dirs() -> Vec<PathBuf> {
    |               ^^^^^^^^^^^^^^^^^^^^^^^^

warning: field `kind` is never read
   --> src\ipc\file_preview.rs:539:5
    |
534 | struct HandleRecord {
    |        ------------ field in this struct
...
539 |     kind: FilePreviewKind,
    |     ^^^^

warning: function `identity_holds` is never used
    --> src\ipc\file_preview.rs:1147:4
     |
1147 | fn identity_holds(path: &Path, identity: Option<(u64, u64)>) -> bool {
     |    ^^^^^^^^^^^^^^

warning: field `0` is never read
    --> src\ipc\file_preview.rs:1163:25
     |
1163 | struct ChildReservation(String);
     |        ---------------- ^^^^^^
     |        |
     |        field in this struct
     |
     = help: consider removing this field

warning: fields `client_request_id`, `source_backend_session_id`, `workspace_id`, and `worktree_path` are never read
   --> src\ipc\qa_barrier.rs:212:16
    |
199 | pub(crate) struct ArmSpec {
    |                   ------- fields in this struct
...
212 |     pub(crate) client_request_id: Option<String>,
    |                ^^^^^^^^^^^^^^^^^
213 |     #[serde(rename = "sourceBackendSessionId", default)]
214 |     pub(crate) source_backend_session_id: Option<String>,
    |                ^^^^^^^^^^^^^^^^^^^^^^^^^
215 |     #[serde(rename = "workspaceId", default)]
216 |     pub(crate) workspace_id: Option<String>,
    |                ^^^^^^^^^^^^
217 |     #[serde(rename = "worktreePath", default)]
218 |     pub(crate) worktree_path: Option<String>,
    |                ^^^^^^^^^^^^^
    |
    = note: `ArmSpec` has derived impls for the traits `Clone` and `Debug`, but these are intentionally ignored during 
dead code analysis

warning: method `presentation_tuple` is never used
   --> src\native_terminal\surface_host.rs:567:8
    |
560 | impl NativeTerminalSession {
    | -------------------------- method in this implementation
...
567 |     fn presentation_tuple(&self) -> Option<&crate::daemon::protocol::PaneAttachTuple> {
    |        ^^^^^^^^^^^^^^^^^^

warning: function `authorization_wait` is never used
  --> src\notification\permission.rs:14:15
   |
14 | pub(crate) fn authorization_wait() -> Duration {
   |               ^^^^^^^^^^^^^^^^^^

warning: function `request_authorization_with` is never used
  --> src\notification\permission.rs:24:15
   |
24 | pub(crate) fn request_authorization_with(
   |               ^^^^^^^^^^^^^^^^^^^^^^^^^^

warning: function `wait_for_authorization` is never used
  --> src\notification\permission.rs:48:15
   |
48 | pub(crate) fn wait_for_authorization(
   |               ^^^^^^^^^^^^^^^^^^^^^^

warning: field `0` is never read
    --> src\remote\auth.rs:1246:18
     |
1246 | struct StoreLock(std::fs::File);
     |        --------- ^^^^^^^^^^^^^
     |        |
     |        field in this struct
     |
     = help: consider removing this field

warning: field `local_credential` is never read
   --> src\remote\browser_backend.rs:423:5
    |
421 | pub struct LocalIpcBrowserBackend {
    |            ---------------------- field in this struct
422 |     socket_path: String,
423 |     local_credential: Option<String>,
    |     ^^^^^^^^^^^^^^^^

warning: method `disarm` is never used
   --> src\remote\relay_server.rs:241:12
    |
216 | impl PairingClaimGuard {
    | ---------------------- method in this implementation
...
241 |     pub fn disarm(&mut self) {
    |            ^^^^^^

warning: function `probe_tailscale_cli` is never used
   --> src\remote\state.rs:215:4
    |
215 | fn probe_tailscale_cli(target: &std::net::Ipv4Addr) -> Option<bool> {
    |    ^^^^^^^^^^^^^^^^^^^

warning: field `stderr_fd` is never read
   --> src\ssh\bridge.rs:818:5
    |
814 | pub struct BridgeConnection {
    |            ---------------- field in this struct
...
818 |     stderr_fd: Option<RawFd>,
    |     ^^^^^^^^^

warning: function `GetStdHandle` is never used
   --> src\ssh\transport_windows.rs:203:8
    |
203 |     fn GetStdHandle(kind: u32) -> HANDLE;
    |        ^^^^^^^^^^^^

warning: function `inspect` is never used
   --> src\terminal\foreground.rs:226:15
    |
226 | pub(crate) fn inspect(session: &PtySession) -> std::io::Result<Option<Foreground>> {
    |               ^^^^^^^

warning: struct `ResolvedSpawnContext` is never constructed
   --> src\terminal\pty.rs:155:19
    |
155 | pub(crate) struct ResolvedSpawnContext {
    |                   ^^^^^^^^^^^^^^^^^^^^

warning: method `apply` is never used
   --> src\terminal\pty.rs:162:8
    |
161 | impl ResolvedSpawnContext {
    | ------------------------- method in this implementation
162 |     fn apply(&self, command: &mut CommandBuilder, session_id: &str) {
    |        ^^^^^

warning: variant `Inherited` is never constructed
   --> src\terminal\pty.rs:216:5
    |
214 | enum SpawnPathPolicy {
    |      --------------- variant in this enum
215 |     LegacyDiscovery,
216 |     Inherited,
    |     ^^^^^^^^^
    |
    = note: `SpawnPathPolicy` has a derived impl for the trait `Clone`, but this is intentionally ignored during dead c
ode analysis

warning: methods `spawn_resolved_with_id` and `try_acquire_cwd_probe` are never used
   --> src\terminal\pty.rs:342:19
    |
235 | impl PtyManager {
    | --------------- methods in this implementation
...
342 |     pub(crate) fn spawn_resolved_with_id(
    |                   ^^^^^^^^^^^^^^^^^^^^^^
...
828 |     pub(crate) fn try_acquire_cwd_probe(
    |                   ^^^^^^^^^^^^^^^^^^^^^

warning: struct `PumpToken` is never constructed
  --> src\terminal\service.rs:21:19
   |
21 | pub(crate) struct PumpToken(u64);
   |                   ^^^^^^^^^

warning: struct `PumpTokenFence` is never constructed
  --> src\terminal\service.rs:24:19
   |
24 | pub(crate) struct PumpTokenFence {
   |                   ^^^^^^^^^^^^^^

warning: methods `install`, `is_active`, and `remove` are never used
  --> src\terminal\service.rs:30:19
   |
29 | impl PumpTokenFence {
   | ------------------- methods in this implementation
30 |     pub(crate) fn install(&self) -> PumpToken {
   |                   ^^^^^^^
...
36 |     pub(crate) fn is_active(&self, token: PumpToken) -> bool { *self.active.lock() == Some(token) }
   |                   ^^^^^^^^^
37 |
38 |     pub(crate) fn remove(&self, token: PumpToken) -> bool {
   |                   ^^^^^^

warning: methods `try_acquire_cwd_probe`, `spawn_resolved_with_id`, and `pump_adopted_output` are never used
   --> src\terminal\service.rs:178:19
    |
 53 | impl TerminalService {
    | -------------------- methods in this implementation
...
178 |     pub(crate) fn try_acquire_cwd_probe(
    |                   ^^^^^^^^^^^^^^^^^^^^^
...
232 |     pub(crate) fn spawn_resolved_with_id(
    |                   ^^^^^^^^^^^^^^^^^^^^^^
...
328 |     pub(crate) fn pump_adopted_output(
    |                   ^^^^^^^^^^^^^^^^^^^

warning: variant `Adopted` is never constructed
   --> src\terminal\session.rs:199:5
    |
197 | pub(crate) enum ProcessHandle {
    |                 ------------- variant in this enum
198 |     Spawned(Box<dyn Child + Send + Sync>),
199 |     Adopted(AdoptedProcess),
    |     ^^^^^^^

warning: method `wait_and_reap` is never used
    --> src\terminal\session.rs:1128:19
     |
 446 | impl PtySession {
     | --------------- method in this implementation
...
1128 |     pub(crate) fn wait_and_reap(&self) -> Result<Option<i32>, PtyError> {
     |                   ^^^^^^^^^^^^^

warning: function `resolve_ordinary_shell_command` is never used
   --> src\terminal\shell.rs:441:15
    |
441 | pub(crate) fn resolve_ordinary_shell_command(
    |               ^^^^^^^^^^^^^^^^^^^^^^^^^^^^^^

warning: function `ordinary_shell_command_with_env` is never used
   --> src\terminal\shell.rs:450:4
    |
450 | fn ordinary_shell_command_with_env<E>(
    |    ^^^^^^^^^^^^^^^^^^^^^^^^^^^^^^^

warning: function `inherited_executable` is never used
   --> src\terminal\shell.rs:486:4
    |
486 | fn inherited_executable(
    |    ^^^^^^^^^^^^^^^^^^^^

warning: function `inherited_candidate_is_executable` is never used
   --> src\terminal\shell.rs:518:4
    |
518 | fn inherited_candidate_is_executable(path: &std::path::Path, platform: TargetPlatform) -> bool {
    |    ^^^^^^^^^^^^^^^^^^^^^^^^^^^^^^^^^

warning: struct `ProcessIdentity` is never constructed
  --> src\terminal\suspension.rs:55:8
   |
55 | struct ProcessIdentity {
   |        ^^^^^^^^^^^^^^^

warning: struct `Observation` is never constructed
  --> src\terminal\suspension.rs:62:8
   |
62 | struct Observation {
   |        ^^^^^^^^^^^

warning: trait `Process` is never used
  --> src\terminal\suspension.rs:67:7
   |
67 | trait Process {
   |       ^^^^^^^

warning: struct `OwnedStop` is never constructed
  --> src\terminal\suspension.rs:74:8
   |
74 | struct OwnedStop {
   |        ^^^^^^^^^

warning: struct `Ownership` is never constructed
  --> src\terminal\suspension.rs:81:8
   |
81 | struct Ownership {
   |        ^^^^^^^^^

warning: function `verify` is never used
  --> src\terminal\suspension.rs:85:4
   |
85 | fn verify(target: &SuspensionTarget, identity: &ProcessIdentity) -> Result<(), SuspensionError> {
   |    ^^^^^^

warning: methods `stop`, `classify`, and `resume` are never used
   --> src\terminal\suspension.rs:97:8
    |
 96 | impl Ownership {
    | -------------- methods in this implementation
 97 |     fn stop(&mut self, target: &SuspensionTarget, process: &impl Process) -> Result<ActuationReceipt, SuspensionE
rror> {
    |        ^^^^
...
131 |     fn classify(&mut self, target: &SuspensionTarget, process: &impl Process) -> Result<SuspensionSource, Suspens
ionError> {
    |        ^^^^^^^^
...
147 |     fn resume(&mut self, target: &SuspensionTarget, process: &impl Process) -> Result<(), SuspensionError> {
    |        ^^^^^^

warning: function `ownership` is never used
   --> src\terminal\suspension.rs:157:4
    |
157 | fn ownership() -> &'static parking_lot::Mutex<Ownership> {
    |    ^^^^^^^^^

warning: function `with_local_worktree_budget` is never used
   --> src\worktree\git.rs:115:15
    |
115 | pub(crate) fn with_local_worktree_budget<T>(work: impl FnOnce() -> T) -> T {
    |               ^^^^^^^^^^^^^^^^^^^^^^^^^^

warning: function `with_preparation_git_budget` is never used
   --> src\worktree\git.rs:143:15
    |
143 | pub(crate) fn with_preparation_git_budget<T>(
    |               ^^^^^^^^^^^^^^^^^^^^^^^^^^^

warning: struct `WriterLeaseGuard` is never constructed
  --> src\worktree\manager.rs:86:19
   |
86 | pub(crate) struct WriterLeaseGuard {
   |                   ^^^^^^^^^^^^^^^^

warning: associated items `new`, `canonical_path`, and `owner_id` are never used
   --> src\worktree\manager.rs:93:8
    |
 92 | impl WriterLeaseGuard {
    | --------------------- associated items in this implementation
 93 |     fn new(registry: WriterLeaseRegistry, canonical_path: PathBuf, owner_id: String) -> Self {
    |        ^^^
...
101 |     pub(crate) fn canonical_path(&self) -> &Path {
    |                   ^^^^^^^^^^^^^^
...
105 |     pub(crate) fn owner_id(&self) -> &str {
    |                   ^^^^^^^^

warning: associated items `acquire_writer_lease` and `validate_ref_component` are never used
   --> src\worktree\manager.rs:338:19
    |
134 | impl WorktreeManager {
    | -------------------- associated items in this implementation
...
338 |     pub(crate) fn acquire_writer_lease(
    |                   ^^^^^^^^^^^^^^^^^^^^
...
398 |     fn validate_ref_component(component: &str, label: &str) -> Result<(), WorktreeError> {
    |        ^^^^^^^^^^^^^^^^^^^^^^

warning: `ferryx` (lib) generated 90 warnings (run `cargo fix --lib -p ferryx` to apply 16 suggestions)
warning: unused variable: `inject_readiness_failure`
  --> tests\machine_worktree_legacy_bounds.rs:15:31
   |
15 | async fn service_less_fixture(inject_readiness_failure: bool) {
   |                               ^^^^^^^^^^^^^^^^^^^^^^^^ help: if this is intentional, prefix it with an underscore:
 `_inject_readiness_failure`
   |
   = note: `#[warn(unused_variables)]` (part of `#[warn(unused)]`) on by default

warning: unused variable: `auth`
  --> tests\machine_worktree_legacy_bounds.rs:30:9
   |
30 |     let auth = state.auth_manager.clone();
   |         ^^^^ help: if this is intentional, prefix it with an underscore: `_auth`

warning: `ferryx` (test "machine_worktree_legacy_bounds") generated 2 warnings (run `cargo fix --test "machine_worktree
_legacy_bounds" -p ferryx` to apply 2 suggestions)
warning: fields `directory`, `runtime`, `data`, and `root` are never read
  --> tests\support\paired_daemon_fixture.rs:7:9
   |
 6 | pub struct PairedDaemonFixture {
   |            ------------------- fields in this struct
 7 |     pub directory: TempDir,
   |         ^^^^^^^^^
 8 |     pub runtime: PathBuf,
   |         ^^^^^^^
 9 |     pub data: PathBuf,
   |         ^^^^
10 |     pub root: PathBuf,
   |         ^^^^
   |
   = note: `#[warn(dead_code)]` (part of `#[warn(unused)]`) on by default

warning: `ferryx` (test "paired_daemon_fixture") generated 1 warning
warning: function `target_link` is never used
  --> tests\..\src\ferryx_scope\push\core.rs:33:8
   |
33 | pub fn target_link(target: &TargetRef) -> String { format!("/#task={}", URL_SAFE_NO_PAD.encode(serde_json::to_vec(
target).expect("ta...
   |        ^^^^^^^^^^^
   |
   = note: `#[warn(dead_code)]` (part of `#[warn(unused)]`) on by default

warning: unexpected `cfg` condition name: `a10_wire_red`
 --> tests\a10_terminal_wire_codec.rs:2:11
  |
2 | #[cfg(not(a10_wire_red))]
  |           ^^^^^^^^^^^^
  |
  = help: expected names are: `desktop`, `dev`, `docsrs`, `feature`, `mobile`, and `test` and 32 more
  = help: consider using a Cargo feature instead
  = help: or consider adding in `Cargo.toml` the `check-cfg` lint config for the lint:
           [lints.rust]
           unexpected_cfgs = { level = "warn", check-cfg = ['cfg(a10_wire_red)'] }
  = help: or consider adding `println!("cargo::rustc-check-cfg=cfg(a10_wire_red)");` to the top of the `build.rs`
  = note: see <https://doc.rust-lang.org/nightly/rustc/check-cfg/cargo-specifics.html> for more information about check
ing conditional configuration
  = note: `#[warn(unexpected_cfgs)]` on by default

warning: unexpected `cfg` condition name: `a10_wire_red`
  --> tests\a10_terminal_wire_codec.rs:19:11
   |
19 | #[cfg(not(a10_wire_red))]
   |           ^^^^^^^^^^^^
   |
   = help: consider using a Cargo feature instead
   = help: or consider adding in `Cargo.toml` the `check-cfg` lint config for the lint:
            [lints.rust]
            unexpected_cfgs = { level = "warn", check-cfg = ['cfg(a10_wire_red)'] }
   = help: or consider adding `println!("cargo::rustc-check-cfg=cfg(a10_wire_red)");` to the top of the `build.rs`
   = note: see <https://doc.rust-lang.org/nightly/rustc/check-cfg/cargo-specifics.html> for more information about chec
king conditional configuration

warning: unexpected `cfg` condition name: `a10_wire_red`
  --> tests\a10_terminal_wire_codec.rs:12:11
   |
12 |     #[cfg(a10_wire_red)]
   |           ^^^^^^^^^^^^
   |
   = help: consider using a Cargo feature instead
   = help: or consider adding in `Cargo.toml` the `check-cfg` lint config for the lint:
            [lints.rust]
            unexpected_cfgs = { level = "warn", check-cfg = ['cfg(a10_wire_red)'] }
   = help: or consider adding `println!("cargo::rustc-check-cfg=cfg(a10_wire_red)");` to the top of the `build.rs`
   = note: see <https://doc.rust-lang.org/nightly/rustc/check-cfg/cargo-specifics.html> for more information about chec
king conditional configuration

warning: unexpected `cfg` condition name: `a10_wire_red`
  --> tests\a10_terminal_wire_codec.rs:14:15
   |
14 |     #[cfg(not(a10_wire_red))]
   |               ^^^^^^^^^^^^
   |
   = help: consider using a Cargo feature instead
   = help: or consider adding in `Cargo.toml` the `check-cfg` lint config for the lint:
            [lints.rust]
            unexpected_cfgs = { level = "warn", check-cfg = ['cfg(a10_wire_red)'] }
   = help: or consider adding `println!("cargo::rustc-check-cfg=cfg(a10_wire_red)");` to the top of the `build.rs`
   = note: see <https://doc.rust-lang.org/nightly/rustc/check-cfg/cargo-specifics.html> for more information about chec
king conditional configuration

warning: `ferryx` (test "scoped_push") generated 1 warning
warning: unused imports: `Arc` and `atomic::Ordering`
 --> tests\..\src\ferryx_scope\control\boundary_tests.rs:2:17
  |
2 | use std::sync::{Arc,atomic::Ordering};
  |                 ^^^ ^^^^^^^^^^^^^^^^
  |
  = note: `#[warn(unused_imports)]` (part of `#[warn(unused)]`) on by default

warning: unused `Result` that must be used
   --> tests\machine_terminal_stream.rs:190:9
    |
190 |         state.auth_manager.revoke_device("owner");
    |         ^^^^^^^^^^^^^^^^^^^^^^^^^^^^^^^^^^^^^^^^^
    |
    = note: this `Result` may be an `Err` variant, which should be handled
    = note: `#[warn(unused_must_use)]` (part of `#[warn(unused)]`) on by default
help: use `let _ = ...` to ignore the resulting value
    |
190 |         let _ = state.auth_manager.revoke_device("owner");
    |         +++++++

warning: unused `Result` that must be used
   --> tests\machine_terminal_stream.rs:203:54
    |
203 |     for id in ["owner", "other", "mirror", "view"] { state.auth_manager.revoke_device(id); }
    |                                                      ^^^^^^^^^^^^^^^^^^^^^^^^^^^^^^^^^^^^
    |
    = note: this `Result` may be an `Err` variant, which should be handled
help: use `let _ = ...` to ignore the resulting value
    |
203 |     for id in ["owner", "other", "mirror", "view"] { let _ = state.auth_manager.revoke_device(id); }
    |                                                      +++++++

warning: `ferryx` (test "a10_terminal_wire_codec") generated 4 warnings
warning: `ferryx` (test "machine_terminal_stream") generated 2 warnings
warning: method `read` is never used
  --> tests\..\src\ferryx_scope\control\service.rs:12:8
   |
 9 | pub trait ControlBackend: Send + Sync {
   |           -------------- method in this trait
...
12 |     fn read(&self, target: TargetRef, limit: usize) -> BoxFuture<'_, Result<Value>>;
   |        ^^^^
   |
   = note: `#[warn(dead_code)]` (part of `#[warn(unused)]`) on by default

warning: methods `list` and `read` are never used
  --> tests\..\src\ferryx_scope\control\service.rs:79:18
   |
23 | impl Service {
   | ------------ methods in this implementation
...
79 |     pub async fn list(&self, token: &str) -> Result<InventorySnapshot<Agent>> {
   |                  ^^^^
...
88 |     pub async fn read(&self, token: &str, target: TargetRef, limit: usize) -> Result<Value> {
   |                  ^^^^

warning: function `opaque_target` is never used
 --> tests\..\src\ferryx_scope\control\router.rs:5:8
  |
5 | pub fn opaque_target(t: &TargetRef) -> String { URL_SAFE_NO_PAD.encode(serde_json::to_vec(t).expect("TargetRef seri
alizes")) }
  |        ^^^^^^^^^^^^^

warning: function `decode` is never used
 --> tests\..\src\ferryx_scope\control\router.rs:6:4
  |
6 | fn decode(t: &str) -> Result<TargetRef> {
  |    ^^^^^^

warning: function `token` is never used
  --> tests\..\src\ferryx_scope\control\router.rs:10:4
   |
10 | fn token(h: &HeaderMap) -> &str { h.get("authorization").and_then(|v| v.to_str().ok()).and_then(|v| v.strip_prefix
("Bearer ")).unwra...
   |    ^^^^^

warning: function `respond` is never used
  --> tests\..\src\ferryx_scope\control\router.rs:11:4
   |
11 | fn respond<T: Serialize>(id: String, r: Result<T>) -> Response {
   |    ^^^^^^^

warning: function `router` is never used
  --> tests\..\src\ferryx_scope\control\router.rs:31:8
   |
31 | pub fn router(service: Arc<Service>) -> Router {
   |        ^^^^^^

warning: function `list` is never used
  --> tests\..\src\ferryx_scope\control\router.rs:40:10
   |
40 | async fn list(State(s): State<Arc<Service>>, h: HeaderMap) -> Response { respond(String::new(),s.list(token(&h)).a
wait) }
   |          ^^^^

warning: function `create` is never used
  --> tests\..\src\ferryx_scope\control\router.rs:41:10
   |
41 | async fn create(State(s): State<Arc<Service>>, h: HeaderMap, body: std::result::Result<Json<MutationEnvelope<Value
>>, axum::extract:...
   |          ^^^^^^

warning: function `mutate` is never used
  --> tests\..\src\ferryx_scope\control\router.rs:44:10
   |
44 | async fn mutate(State(s): State<Arc<Service>>, Path((t,op)): Path<(String,String)>, h: HeaderMap, body: std::resul
t::Result<Json<Mut...
   |          ^^^^^^

warning: struct `Params` is never constructed
  --> tests\..\src\ferryx_scope\control\router.rs:56:8
   |
56 | struct Params { limit: Option<usize>, after_sequence: Option<u64>, until: Option<String>, timeout_ms: Option<u64> 
}
   |        ^^^^^^

warning: function `read` is never used
  --> tests\..\src\ferryx_scope\control\router.rs:57:10
   |
57 | async fn read(State(s):State<Arc<Service>>,Path(t):Path<String>,Query(p):Query<Params>,h:HeaderMap)->Response {
   |          ^^^^

warning: function `wait` is never used
  --> tests\..\src\ferryx_scope\control\router.rs:60:10
   |
60 | async fn wait(State(s):State<Arc<Service>>,Path(t):Path<String>,Query(p):Query<Params>,h:HeaderMap)->Response {
   |          ^^^^

warning: function `hosts` is never used
  --> tests\..\src\ferryx_scope\control\router.rs:63:10
   |
63 | async fn hosts(State(s):State<Arc<Service>>,h:HeaderMap)->Response {
   |          ^^^^^

warning: function `events` is never used
  --> tests\..\src\ferryx_scope\control\router.rs:71:10
   |
71 | async fn events(State(s):State<Arc<Service>>,Query(p):Query<Params>,h:HeaderMap)->Response {
   |          ^^^^^^

warning: trait `TaskLauncher` is never used
 --> tests\..\src\ferryx_scope\control\local.rs:8:11
  |
8 | pub trait TaskLauncher: Send + Sync {
  |           ^^^^^^^^^^^^

warning: struct `LocalBackend` is never constructed
  --> tests\..\src\ferryx_scope\control\local.rs:13:12
   |
13 | pub struct LocalBackend {
   |            ^^^^^^^^^^^^

warning: struct `NoLauncher` is never constructed
 --> tests\..\src\ferryx_scope\control\boundary_tests.rs:4:8
  |
4 | struct NoLauncher;
  |        ^^^^^^^^^^

warning: unused `std::result::Result` that must be used
  --> tests\..\src\ferryx_scope\control\service.rs:34:42
   |
34 |     pub fn revoke(&self, device: &str) { self.auth.revoke_device(device); self.scopes.write().remove(device); self
.notify_policy(); }
   |                                          ^^^^^^^^^^^^^^^^^^^^^^^^^^^^^^^
   |
   = note: this `Result` may be an `Err` variant, which should be handled
   = note: `#[warn(unused_must_use)]` (part of `#[warn(unused)]`) on by default
help: use `let _ = ...` to ignore the resulting value
   |
34 |     pub fn revoke(&self, device: &str) { let _ = self.auth.revoke_device(device); self.scopes.write().remove(devic
e); self.notify_policy(); }
   |                                          +++++++

warning: `ferryx` (test "scoped_control") generated 20 warnings (run `cargo fix --test "scoped_control" -p ferryx` to a
pply 1 suggestion)
warning: variable does not need to be mutable
  --> tests\machine_prunable_preview.rs:42:17
   |
42 |             let mut expected_sessions: Vec<String> = Vec::new();
   |                 ----^^^^^^^^^^^^^^^^^
   |                 |
   |                 help: remove this `mut`
   |
   = note: `#[warn(unused_mut)]` (part of `#[warn(unused)]`) on by default

warning: variable does not need to be mutable
  --> tests\machine_prunable_preview.rs:24:9
   |
24 |     let mut owned_sessions: Vec<String> = Vec::new();
   |         ----^^^^^^^^^^^^^^
   |         |
   |         help: remove this `mut`

warning: `ferryx` (test "machine_prunable_preview") generated 2 warnings (run `cargo fix --test "machine_prunable_previ
ew" -p ferryx` to apply 2 suggestions)
warning: unused `Result` that must be used
   --> tests\machine_session_metadata.rs:189:5
    |
189 |     state.auth_manager.revoke_device("owner");
    |     ^^^^^^^^^^^^^^^^^^^^^^^^^^^^^^^^^^^^^^^^^
    |
    = note: this `Result` may be an `Err` variant, which should be handled
    = note: `#[warn(unused_must_use)]` (part of `#[warn(unused)]`) on by default
help: use `let _ = ...` to ignore the resulting value
    |
189 |     let _ = state.auth_manager.revoke_device("owner");
    |     +++++++

warning: unused `Result` that must be used
   --> tests\machine_session_metadata.rs:190:5
    |
190 |     state.auth_manager.revoke_device("mirror");
    |     ^^^^^^^^^^^^^^^^^^^^^^^^^^^^^^^^^^^^^^^^^^
    |
    = note: this `Result` may be an `Err` variant, which should be handled
help: use `let _ = ...` to ignore the resulting value
    |
190 |     let _ = state.auth_manager.revoke_device("mirror");
    |     +++++++

warning: `ferryx` (test "machine_session_metadata") generated 2 warnings
warning: unused `Result` that must be used
   --> tests\a10_output_socket.rs:105:5
    |
105 |     state.auth_manager.revoke_device("owner");
    |     ^^^^^^^^^^^^^^^^^^^^^^^^^^^^^^^^^^^^^^^^^
    |
    = note: this `Result` may be an `Err` variant, which should be handled
    = note: `#[warn(unused_must_use)]` (part of `#[warn(unused)]`) on by default
help: use `let _ = ...` to ignore the resulting value
    |
105 |     let _ = state.auth_manager.revoke_device("owner");
    |     +++++++

warning: unused variable: `descriptor`
   --> tests\native_terminal_composition_contract.rs:350:9
    |
350 |     let descriptor =
    |         ^^^^^^^^^^ help: if this is intentional, prefix it with an underscore: `_descriptor`
    |
    = note: `#[warn(unused_variables)]` (part of `#[warn(unused)]`) on by default

warning: `ferryx` (test "native_terminal_composition_contract") generated 1 warning (run `cargo fix --test "native_term
inal_composition_contract" -p ferryx` to apply 1 suggestion)
warning: `ferryx` (test "a10_output_socket") generated 1 warning
warning: unused variable: `services`
   --> tests\machine_catalog_persistence.rs:166:13
    |
166 |         let services = restored.remote_state().machine_services.as_ref().unwrap();
    |             ^^^^^^^^ help: if this is intentional, prefix it with an underscore: `_services`
    |
    = note: `#[warn(unused_variables)]` (part of `#[warn(unused)]`) on by default

warning: `ferryx` (test "machine_catalog_persistence") generated 1 warning (run `cargo fix --test "machine_catalog_pers
istence" -p ferryx` to apply 1 suggestion)
warning: unused `Result` that must be used
   --> tests\machine_events.rs:169:5
    |
169 |     state.auth_manager.revoke_device("owner");
    |     ^^^^^^^^^^^^^^^^^^^^^^^^^^^^^^^^^^^^^^^^^
    |
    = note: this `Result` may be an `Err` variant, which should be handled
    = note: `#[warn(unused_must_use)]` (part of `#[warn(unused)]`) on by default
help: use `let _ = ...` to ignore the resulting value
    |
169 |     let _ = state.auth_manager.revoke_device("owner");
    |     +++++++

warning: unused `Result` that must be used
   --> tests\machine_events.rs:170:5
    |
170 |     state.auth_manager.revoke_device("mirror");
    |     ^^^^^^^^^^^^^^^^^^^^^^^^^^^^^^^^^^^^^^^^^^
    |
    = note: this `Result` may be an `Err` variant, which should be handled
help: use `let _ = ...` to ignore the resulting value
    |
170 |     let _ = state.auth_manager.revoke_device("mirror");
    |     +++++++

warning: unused import: `router`
 --> tests\account_login_flow.rs:4:36
  |
4 | use ferryx_lib::account::service::{router, AccountState};
  |                                    ^^^^^^
  |
  = note: `#[warn(unused_imports)]` (part of `#[warn(unused)]`) on by default

warning: `ferryx` (test "machine_events") generated 2 warnings
warning: variable does not need to be mutable
    --> src\native_terminal\surface_host.rs:7379:13
     |
7379 |         let mut harness = DirectRenderHarness::new(
     |             ----^^^^^^^
     |             |
     |             help: remove this `mut`

warning: variable does not need to be mutable
    --> src\native_terminal\surface_host.rs:7430:13
     |
7430 |         let mut harness = DirectRenderHarness::new(vec![
     |             ----^^^^^^^
     |             |
     |             help: remove this `mut`

warning: `ferryx` (test "account_login_flow") generated 1 warning (run `cargo fix --test "account_login_flow" -p ferryx
` to apply 1 suggestion)
warning: unused variable: `receipt`
     --> src\native_terminal\surface_host.rs:10106:13
      |
10106 |         let receipt = harness
      |             ^^^^^^^ help: if this is intentional, prefix it with an underscore: `_receipt`

warning: unused variable: `render_receipt`
     --> src\native_terminal\surface_host.rs:10116:13
      |
10116 |         let render_receipt = harness
      |             ^^^^^^^^^^^^^^ help: if this is intentional, prefix it with an underscore: `_render_receipt`

warning: variable does not need to be mutable
   --> tests\machine_worktrees.rs:131:9
    |
131 |     let mut owned_session: Option<String> = None;
    |         ----^^^^^^^^^^^^^
    |         |
    |         help: remove this `mut`
    |
    = note: `#[warn(unused_mut)]` (part of `#[warn(unused)]`) on by default

warning: `ferryx` (test "machine_worktrees") generated 1 warning (run `cargo fix --test "machine_worktrees" -p ferryx` 
to apply 1 suggestion)
warning: unused variable: `token`
    --> src\remote\auth.rs:1759:14
     |
1759 |         let (token, device) = auth
     |              ^^^^^ help: if this is intentional, prefix it with an underscore: `_token`

warning: unused variable: `hook`
    --> src\remote\workspace_api\worktree_authority_tests.rs:1156:13
     |
1156 |         let hook = root.path().join("repo/.git/hooks/post-checkout");
     |             ^^^^ help: if this is intentional, prefix it with an underscore: `_hook`

warning: unused variable: `port`
    --> src\remote\workspace_api\worktree_authority_tests.rs:1157:13
     |
1157 |         let port = ready.local_addr().unwrap().port();
     |             ^^^^ help: if this is intentional, prefix it with an underscore: `_port`

warning: unused variable: `child_pid`
   --> src\ssh\bridge_tests.rs:671:9
    |
671 |     let child_pid = conn_cancel.child_id().expect("child PID must be known");
    |         ^^^^^^^^^ help: if this is intentional, prefix it with an underscore: `_child_pid`

warning: unused variable: `eof_pid`
   --> src\ssh\bridge_tests.rs:719:9
    |
719 |     let eof_pid = conn_eof.child_id().expect("eof child PID");
    |         ^^^^^^^ help: if this is intentional, prefix it with an underscore: `_eof_pid`

warning: unused variable: `pid`
    --> src\ssh\bridge.rs:2501:13
     |
2501 |         let pid = conn.child_id().expect("child pid");
     |             ^^^ help: if this is intentional, prefix it with an underscore: `_pid`

warning: unused variable: `pid`
    --> src\ssh\bridge.rs:2531:13
     |
2531 |         let pid = conn.child_id().expect("child pid");
     |             ^^^ help: if this is intentional, prefix it with an underscore: `_pid`

warning: unused variable: `c_pid`
    --> src\ssh\bridge.rs:2569:13
     |
2569 |         let c_pid = c_child.id().unwrap();
     |             ^^^^^ help: if this is intentional, prefix it with an underscore: `_c_pid`

warning: unused variable: `r_pid`
    --> src\ssh\bridge.rs:2570:13
     |
2570 |         let r_pid = r_child.id().unwrap();
     |             ^^^^^ help: if this is intentional, prefix it with an underscore: `_r_pid`

warning: unused variable: `initial_len`
   --> src\ssh\projects.rs:512:13
    |
512 |         let initial_len = target_len as u64;
    |             ^^^^^^^^^^^ help: if this is intentional, prefix it with an underscore: `_initial_len`

warning: unused variable: `pid1`
    --> src\terminal\remote.rs:1705:13
     |
1705 |         let pid1 = child1.id().unwrap();
     |             ^^^^ help: if this is intentional, prefix it with an underscore: `_pid1`

warning: unused variable: `pid2`
    --> src\terminal\remote.rs:1706:13
     |
1706 |         let pid2 = child2.id().unwrap();
     |             ^^^^ help: if this is intentional, prefix it with an underscore: `_pid2`

warning: type `daemon::agent_state::AgentState` is more private than the item `session_service::DaemonSessionService::p
ublish_agent_state_for_test`
   --> src\daemon\session_service.rs:620:5
    |
620 |     pub fn publish_agent_state_for_test(&self, state: crate::daemon::agent_state::AgentState) {
    |     ^^^^^^^^^^^^^^^^^^^^^^^^^^^^^^^^^^^^^^^^^^^^^^^^^^^^^^^^^^^^^^^^^^^^^^^^^^^^^^^^^^^^^^^^^ method `session_ser
vice::DaemonSessionService::publish_agent_state_for_test` is reachable at visibility `pub`
    |
note: but type `daemon::agent_state::AgentState` is only usable at visibility `pub(crate)`
   --> src\daemon\agent_state.rs:8:1
    |
  8 | pub(crate) struct AgentState {
    | ^^^^^^^^^^^^^^^^^^^^^^^^^^^^
    = note: `#[warn(private_interfaces)]` on by default

warning: type `ArmSpec` is more private than the item `qa_barrier::QaBarrierChannel::wait_for_release`
   --> src\ipc\qa_barrier.rs:733:5
    |
733 |     pub async fn wait_for_release(&self, spec: &ArmSpec) -> ReleaseOutcome {
    |     ^^^^^^^^^^^^^^^^^^^^^^^^^^^^^^^^^^^^^^^^^^^^^^^^^^^^^^^^^^^^^^^^^^^^^^ method `qa_barrier::QaBarrierChannel::
wait_for_release` is reachable at visibility `pub`
    |
note: but type `ArmSpec` is only usable at visibility `pub(crate)`
   --> src\ipc\qa_barrier.rs:199:1
    |
199 | pub(crate) struct ArmSpec {
    | ^^^^^^^^^^^^^^^^^^^^^^^^^

warning: type `qa_split_producers::RecordedSplit` is more private than the item `qa_split_producers::split_create_paylo
ad`
    --> src\ipc\terminal.rs:2042:5
     |
2042 | /     pub fn split_create_payload(
2043 | |         prepared: &PreparedLocalSplit,
2044 | |         session_id: &str,
2045 | |         daemon_epoch: u64,
2046 | |         session: &DaemonSessionDetails,
2047 | |         recorded: Option<&RecordedSplit>,
2048 | |     ) -> Value {
     | |______________^ function `qa_split_producers::split_create_payload` is reachable at visibility `pub(in crate::i
pc::terminal)`
     |
note: but type `qa_split_producers::RecordedSplit` is only usable at visibility `pub(self)`
    --> src\ipc\terminal.rs:1951:5
     |
1951 |     struct RecordedSplit {
     |     ^^^^^^^^^^^^^^^^^^^^

warning: type `qa_split_producers::RecordedSplit` is more private than the item `qa_split_producers::cancel_ack_payload
`
    --> src\ipc\terminal.rs:2249:5
     |
2249 | /     pub fn cancel_ack_payload(
2250 | |         record: &RecordedSplit,
2251 | |         phase: &str,
2252 | |         duplicate: bool,
...    |
2258 | |         source_still_present: Option<bool>,
2259 | |     ) -> Value {
     | |______________^ function `qa_split_producers::cancel_ack_payload` is reachable at visibility `pub(in crate::ipc
::terminal)`
     |
note: but type `qa_split_producers::RecordedSplit` is only usable at visibility `pub(self)`
    --> src\ipc\terminal.rs:1951:5
     |
1951 |     struct RecordedSplit {
     |     ^^^^^^^^^^^^^^^^^^^^

warning: trait `terminal::remote::AgentStateSink` is more private than the item `paired_daemon::Proxy::set_agent_sink`
   --> src\terminal\paired_daemon.rs:107:5
    |
107 |     pub fn set_agent_sink(&mut self, sink: Arc<dyn crate::terminal::remote::AgentStateSink>) {
    |     ^^^^^^^^^^^^^^^^^^^^^^^^^^^^^^^^^^^^^^^^^^^^^^^^^^^^^^^^^^^^^^^^^^^^^^^^^^^^^^^^^^^^^^^^ method `paired_daemo
n::Proxy::set_agent_sink` is reachable at visibility `pub`
    |
note: but trait `terminal::remote::AgentStateSink` is only usable at visibility `pub(crate)`
   --> src\terminal\remote.rs:167:1
    |
167 | pub(crate) trait AgentStateSink: Send + Sync {
    | ^^^^^^^^^^^^^^^^^^^^^^^^^^^^^^^^^^^^^^^^^^^^

warning: trait `terminal::remote::AgentStateSink` is more private than the item `paired_runtime::Runtime::set_agent_sin
k`
   --> src\terminal\paired_runtime.rs:294:5
    |
294 |     pub fn set_agent_sink(&self, sink: Arc<dyn crate::terminal::remote::AgentStateSink>) {
    |     ^^^^^^^^^^^^^^^^^^^^^^^^^^^^^^^^^^^^^^^^^^^^^^^^^^^^^^^^^^^^^^^^^^^^^^^^^^^^^^^^^^^^ method `paired_runtime::
Runtime::set_agent_sink` is reachable at visibility `pub`
    |
note: but trait `terminal::remote::AgentStateSink` is only usable at visibility `pub(crate)`
   --> src\terminal\remote.rs:167:1
    |
167 | pub(crate) trait AgentStateSink: Send + Sync {
    | ^^^^^^^^^^^^^^^^^^^^^^^^^^^^^^^^^^^^^^^^^^^^

warning: trait `terminal::remote::Transport` is more private than the item `terminal::remote::RemoteRuntime::live_impor
t`
   --> src\terminal\remote.rs:819:5
    |
819 | /     pub fn live_import(
820 | |         &self,
821 | |         state: RemoteExportState,
822 | |         transport: Option<Arc<dyn Transport>>,
823 | |     ) -> Result<(), RemoteFailure> {
    | |__________________________________^ method `terminal::remote::RemoteRuntime::live_import` is reachable at visibi
lity `pub`
    |
note: but trait `terminal::remote::Transport` is only usable at visibility `pub(crate)`
   --> src\terminal\remote.rs:185:1
    |
185 | pub(crate) trait Transport: Send + Sync {
    | ^^^^^^^^^^^^^^^^^^^^^^^^^^^^^^^^^^^^^^^

warning: trait `terminal::remote::Transport` is more private than the item `terminal::remote::RemoteRuntime::import_tra
nsferred`
   --> src\terminal\remote.rs:840:5
    |
840 | /     pub fn import_transferred(
841 | |         &self,
842 | |         state: RemoteExportState,
843 | |         transport: Option<Arc<dyn Transport>>,
844 | |     ) -> Result<(), RemoteFailure> {
    | |__________________________________^ method `terminal::remote::RemoteRuntime::import_transferred` is reachable at
 visibility `pub`
    |
note: but trait `terminal::remote::Transport` is only usable at visibility `pub(crate)`
   --> src\terminal\remote.rs:185:1
    |
185 | pub(crate) trait Transport: Send + Sync {
    | ^^^^^^^^^^^^^^^^^^^^^^^^^^^^^^^^^^^^^^^

warning: trait `terminal::remote::AgentStateSink` is more private than the item `terminal::service::TerminalService::se
t_paired_agent_sink`
   --> src\terminal\service.rs:75:5
    |
 75 |     pub fn set_paired_agent_sink(&self, sink: Arc<dyn super::remote::AgentStateSink>) {
    |     ^^^^^^^^^^^^^^^^^^^^^^^^^^^^^^^^^^^^^^^^^^^^^^^^^^^^^^^^^^^^^^^^^^^^^^^^^^^^^^^^^ method `terminal::service::
TerminalService::set_paired_agent_sink` is reachable at visibility `pub`
    |
note: but trait `terminal::remote::AgentStateSink` is only usable at visibility `pub(crate)`
   --> src\terminal\remote.rs:167:1
    |
167 | pub(crate) trait AgentStateSink: Send + Sync {
    | ^^^^^^^^^^^^^^^^^^^^^^^^^^^^^^^^^^^^^^^^^^^^

warning: static `V5_ENV_LOCK` is never used
   --> src\daemon\handover.rs:122:12
    |
122 |     static V5_ENV_LOCK: std::sync::Mutex<()> = std::sync::Mutex::new(());
    |            ^^^^^^^^^^^

warning: struct `V5EnvGuard` is never constructed
   --> src\daemon\handover.rs:125:12
    |
125 |     struct V5EnvGuard {
    |            ^^^^^^^^^^

warning: associated functions `set`, `set_locked`, and `install` are never used
   --> src\daemon\handover.rs:133:12
    |
132 |     impl V5EnvGuard {
    |     --------------- associated functions in this implementation
133 |         fn set(value: Option<&str>) -> Self {
    |            ^^^
...
140 |         fn set_locked(value: Option<&str>) -> Self {
    |            ^^^^^^^^^^
...
144 |         fn install(
    |            ^^^^^^^

warning: method `contains` is never used
   --> src\daemon\session_service.rs:168:19
    |
166 | impl SpawnError {
    | --------------- method in this implementation
167 |     #[cfg(test)]
168 |     pub(super) fn contains(&self, needle: &str) -> bool {
    |                   ^^^^^^^^

warning: methods `machine_sessions`, `expire_spawn_request_for_test`, `spawn_cache_len_for_test`, `provider_claim_len_f
or_test`, and `reserve_provider_claim_for_test` are never used
    --> src\daemon\session_service.rs:975:19
     |
 361 | impl DaemonSessionService {
     | ------------------------- methods in this implementation
...
 975 |     pub(crate) fn machine_sessions(
     |                   ^^^^^^^^^^^^^^^^
...
2504 |     pub(super) fn expire_spawn_request_for_test(&self, client_request_id: &str) {
     |                   ^^^^^^^^^^^^^^^^^^^^^^^^^^^^^
...
2515 |     pub(super) fn spawn_cache_len_for_test(&self) -> usize {
     |                   ^^^^^^^^^^^^^^^^^^^^^^^^
...
2520 |     pub(super) fn provider_claim_len_for_test(&self) -> usize {
     |                   ^^^^^^^^^^^^^^^^^^^^^^^^^^^
...
2525 |     pub(super) fn reserve_provider_claim_for_test(
     |                   ^^^^^^^^^^^^^^^^^^^^^^^^^^^^^^^

warning: method `test_capture` is never used
   --> src\paired_host\service.rs:362:25
    |
324 | impl PairedHostService {
    | ---------------------- method in this implementation
...
362 |     pub(crate) async fn test_capture(
    |                         ^^^^^^^^^^^^

warning: struct `Observation` is never constructed
  --> src\remote\machine_input_probe.rs:18:19
   |
18 | pub(super) struct Observation(pub watch::Receiver<Progress>, String);
   |                   ^^^^^^^^^^^

warning: associated function `register` is never used
  --> src\remote\machine_input_probe.rs:20:12
   |
19 | impl Observation {
   | ---------------- associated function in this implementation
20 |     pub fn register(id: &str) -> Self {
   |            ^^^^^^^^

warning: function `no_auth_query` is never used
    --> src\remote\server.rs:6487:12
     |
6487 |         fn no_auth_query() -> AuthQuery {
     |            ^^^^^^^^^^^^^

warning: method `set_snapshot_post_build_hook` is never used
    --> src\remote\state.rs:1140:19
     |
 812 | impl RemoteGatewayState {
     | ----------------------- method in this implementation
...
1140 |     pub(crate) fn set_snapshot_post_build_hook(&self, hook: Option<Arc<dyn Fn() + Send + Sync>>) {
     |                   ^^^^^^^^^^^^^^^^^^^^^^^^^^^^

warning: function `test_persist_count` is never used
   --> src\terminal\paired_runtime.rs:101:15
    |
101 | pub(crate) fn test_persist_count() -> usize {
    |               ^^^^^^^^^^^^^^^^^^

warning: method `entry_for_test` is never used
   --> src\terminal\remote.rs:502:19
    |
323 | impl RemoteRuntime {
    | ------------------ method in this implementation
...
502 |     pub(crate) fn entry_for_test(&self, id: &str) -> Result<Arc<Entry>, RemoteFailure> {
    |                   ^^^^^^^^^^^^^^

warning: method `pump_adopted_output` is never used
   --> src\terminal\service.rs:328:19
    |
 53 | impl TerminalService {
    | -------------------- method in this implementation
...
328 |     pub(crate) fn pump_adopted_output(
    |                   ^^^^^^^^^^^^^^^^^^^

warning: methods `set_writer_for_test` and `wait_and_reap` are never used
    --> src\terminal\session.rs:867:19
     |
 446 | impl PtySession {
     | --------------- methods in this implementation
...
 867 |     pub(crate) fn set_writer_for_test(&self, writer: Box<dyn Write + Send>) {
     |                   ^^^^^^^^^^^^^^^^^^^
...
1128 |     pub(crate) fn wait_and_reap(&self) -> Result<Option<i32>, PtyError> {
     |                   ^^^^^^^^^^^^^

warning: static `FERRYX_DATA_DIR_LOCK` is never used
    --> src\lib.rs:1620:12
     |
1620 |     static FERRYX_DATA_DIR_LOCK: Mutex<()> = Mutex::new(());
     |            ^^^^^^^^^^^^^^^^^^^^

warning: struct `RestoreFerryxDataDir` is never constructed
    --> src\lib.rs:1622:12
     |
1622 |     struct RestoreFerryxDataDir(Option<OsString>);
     |            ^^^^^^^^^^^^^^^^^^^^

warning: unused `std::result::Result` that must be used
    --> src\remote\server.rs:6106:9
     |
6106 |         state.auth_manager.revoke_device(&device.id);
     |         ^^^^^^^^^^^^^^^^^^^^^^^^^^^^^^^^^^^^^^^^^^^^
     |
     = note: this `Result` may be an `Err` variant, which should be handled
     = note: `#[warn(unused_must_use)]` (part of `#[warn(unused)]`) on by default
help: use `let _ = ...` to ignore the resulting value
     |
6106 |         let _ = state.auth_manager.revoke_device(&device.id);
     |         +++++++

warning: `ferryx` (lib test) generated 103 warnings (45 duplicates) (run `cargo fix --lib -p ferryx --tests` to apply 3
1 suggestions)
    Finished `dev` profile [unoptimized + debuginfo] target(s) in 2m 54s
AB_QA_CHECK_EXIT=0 at 2026-10-05T00:47:08.1489626+09:00
