DEFAULT_REBUILD_START 2026-10-05T00:53:23.4723188+09:00
FREE_GB_BEFORE=43.44 LOAD=42
cargo.exe :    Compiling proc-macro2 v1.0.107
At C:\Users\sook\ferryx-pane-completion\win-default3.ps1:9 char:1
+ & cargo build --manifest-path src-tauri/Cargo.toml *>&1 | Tee-Object  ...
+ ~~~~~~~~~~~~~~~~~~~~~~~~~~~~~~~~~~~~~~~~~~~~~~~~~~~~~~~
    + CategoryInfo          : NotSpecified: (   Compiling proc-macro2 v1.0.107:String) [], RemoteException
    + FullyQualifiedErrorId : NativeCommandError
 
   Compiling quote v1.0.47
   Compiling unicode-ident v1.0.24
   Compiling cfg-if v1.0.4
   Compiling windows-link v0.2.1
   Compiling serde_core v1.0.229
   Compiling itoa v1.0.18
   Compiling version_check v0.9.5
   Compiling log v0.4.33
   Compiling thiserror v2.0.20
   Compiling parking_lot_core v0.9.12
   Compiling scopeguard v1.2.0
   Compiling writeable v0.6.4
   Compiling bytes v1.12.1
   Compiling lock_api v0.4.14
   Compiling litemap v0.8.3
   Compiling memchr v2.8.3
   Compiling utf8_iter v1.0.4
   Compiling siphasher v1.0.3
   Compiling autocfg v1.5.1
   Compiling icu_properties_data v2.3.0
   Compiling icu_normalizer_data v2.3.0
   Compiling fastrand v2.5.0
   Compiling phf_shared v0.13.1
   Compiling shlex v2.0.1
   Compiling find-msvc-tools v0.1.11
   Compiling once_cell v1.21.4
   Compiling equivalent v1.0.2
   Compiling phf_generator v0.13.1
   Compiling stable_deref_trait v1.2.1
   Compiling cc v1.4.3
   Compiling http v1.5.0
   Compiling generic-array v0.14.7
   Compiling zmij v1.0.23
   Compiling getrandom v0.2.17
   Compiling typenum v1.20.1
   Compiling smallvec v1.15.2
   Compiling windows-sys v0.61.2
   Compiling serde v1.0.229
   Compiling num-conv v0.2.2
   Compiling syn v2.0.119
   Compiling syn v3.0.3
   Compiling time-core v0.1.9
   Compiling powerfmt v0.2.0
   Compiling winnow v1.0.4
   Compiling base64 v0.22.1
   Compiling semver v1.0.28
   Compiling toml_writer v1.1.2+spec-1.1.0
   Compiling phf_codegen v0.13.1
   Compiling thiserror v1.0.69
   Compiling strsim v0.11.1
   Compiling ident_case v1.0.1
   Compiling typeid v1.0.3
   Compiling toml_parser v1.1.3+spec-1.1.0
   Compiling erased-serde v0.4.10
   Compiling byteorder v1.5.0
   Compiling aho-corasick v1.1.5
   Compiling fnv v1.0.7
   Compiling new_debug_unreachable v1.0.6
   Compiling unic-common v0.9.0
   Compiling regex-syntax v0.8.11
   Compiling unic-char-range v0.9.0
   Compiling string_cache_codegen v0.6.1
   Compiling unic-ucd-version v0.9.0
   Compiling unic-char-property v0.9.0
   Compiling anyhow v1.0.104
   Compiling serde_json v1.0.151
   Compiling getrandom v0.4.3
   Compiling alloc-no-stdlib v2.0.4
   Compiling precomputed-hash v0.1.1
   Compiling web_atoms v0.2.6
   Compiling alloc-stdlib v0.2.4
   Compiling parking_lot v0.12.5
   Compiling unic-ucd-ident v0.9.0
   Compiling serde_spanned v1.1.1
   Compiling bitflags v2.13.1
   Compiling quick-xml v0.41.0
   Compiling dunce v1.0.5
   Compiling string_cache v0.9.0
   Compiling brotli-decompressor v5.0.3
   Compiling dtoa v1.0.11
   Compiling ctor-proc-macro v0.0.7
   Compiling regex-automata v0.4.18
   Compiling rustc-hash v2.1.3
   Compiling synstructure v0.13.2
   Compiling darling_core v0.23.0
   Compiling percent-encoding v2.3.2
   Compiling pin-project-lite v0.2.17
   Compiling form_urlencoded v1.2.2
   Compiling brotli v8.0.4
   Compiling ctor v0.8.0
   Compiling dtoa-short v0.3.5
   Compiling uuid v1.26.0
   Compiling tendril v0.5.1
   Compiling selectors v0.36.1
   Compiling toml_datetime v1.1.1+spec-1.1.0
   Compiling rand_core v0.6.4
   Compiling zerovec-derive v0.11.5
   Compiling serde_derive v1.0.229
   Compiling displaydoc v0.2.7
   Compiling thiserror-impl v2.0.20
   Compiling indexmap v1.9.3
   Compiling camino v1.2.5
   Compiling subtle v2.6.1
   Compiling glob v0.3.4
   Compiling zerofrom-derive v0.1.7
   Compiling yoke-derive v0.8.2
   Compiling phf_macros v0.13.1
   Compiling thiserror-impl v1.0.69
   Compiling windows-interface v0.59.3
   Compiling windows-implement v0.60.2
   Compiling phf v0.13.1
   Compiling regex v1.13.1
   Compiling zeroize_derive v1.5.0
   Compiling derive_more-impl v2.1.1
   Compiling cssparser-macros v0.6.1
   Compiling zerofrom v0.1.8
   Compiling darling_macro v0.23.0
   Compiling yoke v0.8.3
   Compiling cssparser v0.36.0
   Compiling zeroize v1.9.0
   Compiling darling v0.23.0
   Compiling zerovec v0.11.8
   Compiling zerotrie v0.2.5
   Compiling markup5ever v0.38.0
   Compiling serde_with_macros v3.22.0
   Compiling toml v1.1.4+spec-1.1.0
   Compiling derive_more v2.1.1
   Compiling bytemuck_derive v1.12.0
   Compiling winapi-util v0.1.11
   Compiling serde_derive_internals v0.29.1
   Compiling servo_arc v0.4.3
   Compiling deranged v0.5.8
   Compiling libc v0.2.189
   Compiling tinystr v0.8.4
   Compiling potential_utf v0.1.6
   Compiling hashbrown v0.17.1
   Compiling icu_locale_core v2.3.0
   Compiling icu_collections v2.3.0
   Compiling hashbrown v0.12.3
   Compiling bit-vec v0.8.0
   Compiling windows_x86_64_msvc v0.52.6
   Compiling schemars v0.8.22
   Compiling bytemuck v1.25.2
   Compiling bit-set v0.8.0
   Compiling schemars_derive v0.8.22
   Compiling indexmap v2.14.0
   Compiling time v0.3.55
   Compiling jsonptr v0.6.3
   Compiling cargo-platform v0.1.9
   Compiling same-file v1.0.6
   Compiling html5ever v0.38.0
   Compiling cfb v0.7.3
   Compiling icu_provider v2.3.0
   Compiling rustc_version v0.4.1
   Compiling foldhash v0.2.0
   Compiling dyn-clone v1.0.20
   Compiling icu_normalizer v2.3.0
   Compiling icu_properties v2.3.0
   Compiling cargo_metadata v0.19.2
   Compiling json-patch v3.0.1
   Compiling walkdir v2.5.0
   Compiling dom_query v0.27.0
   Compiling serde-untagged v0.1.9
   Compiling infer v0.19.0
   Compiling serde_with v3.22.0
   Compiling crypto-common v0.1.7
   Compiling plist v1.10.0
   Compiling cpufeatures v0.2.17
   Compiling windows-targets v0.52.6
   Compiling tracing-core v0.1.36
   Compiling bitflags v1.3.2
   Compiling block-buffer v0.10.4
   Compiling idna_adapter v1.2.2
   Compiling cfg_aliases v0.2.2
   Compiling idna v1.1.0
   Compiling libm v0.2.16
   Compiling tracing-attributes v0.1.31
   Compiling num-traits v0.2.19
   Compiling zerocopy v0.8.56
   Compiling windows-link v0.1.3
   Compiling zerocopy-derive v0.8.56
   Compiling url v2.5.8
   Compiling vswhom-sys v0.1.3
   Compiling urlpattern v0.3.0
   Compiling socket2 v0.6.5
   Compiling raw-window-handle v0.6.2
   Compiling tracing v0.1.44
   Compiling option-ext v0.2.0
   Compiling windows-strings v0.4.2
   Compiling windows-result v0.3.4
   Compiling windows-sys v0.59.0
   Compiling mio v1.2.2
   Compiling tokio-macros v2.7.2
   Compiling arrayvec v0.7.8
   Compiling tauri-utils v2.9.3
   Compiling winnow v0.7.15
   Compiling rand_core v0.10.1
   Compiling windows-core v0.61.2
   Compiling vswhom v0.1.0
   Compiling toml_datetime v0.7.5+spec-1.1.0
   Compiling tokio v1.53.1
   Compiling dirs-sys v0.5.0
   Compiling ring v0.17.14
   Compiling heck v0.5.0
   Compiling lazy_static v1.5.0
   Compiling dirs v6.0.0
   Compiling windows-threading v0.1.0
   Compiling rustls-pki-types v1.15.1
   Compiling futures-core v0.3.34
   Compiling crc32fast v1.5.0
   Compiling windows-future v0.2.1
   Compiling toml v0.9.12+spec-1.1.0
   Compiling windows-collections v0.2.0
   Compiling windows-numerics v0.2.0
   Compiling winreg v0.55.0
   Compiling time-macros v0.2.32
   Compiling simd-adler32 v0.3.10
   Compiling untrusted v0.9.0
   Compiling embed-resource v3.0.11
   Compiling windows v0.61.3
   Compiling tauri-winres v0.3.6
   Compiling cargo_toml v0.22.3
   Compiling getrandom v0.3.4
   Compiling adler2 v2.0.1
   Compiling miniz_oxide v0.8.9
   Compiling rustls v0.23.43
   Compiling fdeflate v0.3.7
   Compiling symphonia-core v0.5.5
   Compiling digest v0.10.7
   Compiling flate2 v1.1.9
   Compiling dpi v0.1.2
   Compiling webview2-com-sys v0.38.2
   Compiling windows-version v0.1.7
   Compiling windows-strings v0.5.1
   Compiling windows-result v0.4.1
   Compiling slab v0.4.12
   Compiling crossbeam-utils v0.8.22
   Compiling windows-core v0.62.2
   Compiling http-body v1.1.0
   Compiling cookie v0.18.2
   Compiling httparse v1.10.1
   Compiling unicode-segmentation v1.13.3
   Compiling futures-sink v0.3.34
   Compiling tauri-plugin v2.6.3
   Compiling tauri-build v2.6.3
   Compiling rustls-webpki v0.103.15
   Compiling webview2-com-macros v0.8.1
   Compiling futures-macro v0.3.34
   Compiling encoding_rs v0.8.35
   Compiling khronos_api v3.1.0
   Compiling futures-task v0.3.34
   Compiling tower-service v0.3.3
   Compiling crossbeam-channel v0.5.16
   Compiling futures-util v0.3.34
   Compiling png v0.17.16
   Compiling symphonia-metadata v0.5.5
   Compiling block-padding v0.3.3
   Compiling windows-threading v0.2.1
   Compiling mime v0.3.17
   Compiling wry v0.55.1
   Compiling tauri-runtime v2.11.3
   Compiling windows-future v0.3.2
   Compiling inout v0.1.4
   Compiling ico v0.5.0
   Compiling sha2 v0.10.9
   Compiling windows-numerics v0.3.1
   Compiling windows-collections v0.3.2
   Compiling ppv-lite86 v0.2.21
   Compiling tauri-runtime-wry v2.11.4
   Compiling rustc-hash v1.1.0
   Compiling xml-rs v0.8.29
   Compiling windows_x86_64_msvc v0.53.1
   Compiling tower-layer v0.3.3
   Compiling pxfm v0.1.30
   Compiling try-lock v0.2.5
   Compiling naga-types v30.0.1
   Compiling windows v0.62.2
   Compiling want v0.3.1
   Compiling tauri-codegen v2.6.3
   Compiling cipher v0.4.4
   Compiling keyboard-types v0.7.0
   Compiling png v0.18.1
   Compiling webpki-roots v1.0.9
   Compiling gl_generator v0.14.0
   Compiling futures-channel v0.3.34
   Compiling sync_wrapper v1.0.2
   Compiling softbuffer v0.4.8
   Compiling naga v30.0.1
   Compiling serialize-to-javascript-impl v0.1.2
   Compiling libloading v0.8.9
   Compiling httpdate v1.0.3
   Compiling unicode-width v0.1.14
   Compiling bit-vec v0.9.1
   Compiling tauri v2.11.5
   Compiling ash v0.38.0+1.3.281
   Compiling byteorder-lite v0.1.0
   Compiling atomic-waker v1.1.2
   Compiling codespan-reporting v0.13.1
   Compiling bit-set v0.10.0
   Compiling hyper v1.11.0
   Compiling tauri-macros v2.6.3
   Compiling serialize-to-javascript v0.1.2
   Compiling glutin_wgl_sys v0.6.1
   Compiling window-vibrancy v0.6.0
   Compiling muda v0.19.3
   Compiling moxcms v0.8.1
   Compiling tokio-rustls v0.26.4
   Compiling symphonia-utils-xiph v0.5.5
   Compiling rand_core v0.9.5
   Compiling half v2.7.1
   Compiling universal-hash v0.5.1
   Compiling serde_repr v0.1.21
   Compiling spirv v0.4.0+sdk-1.4.341.0
   Compiling ipnet v2.12.1
   Compiling khronos-egl v6.0.0
   Compiling static_assertions v1.1.0
   Compiling opaque-debug v0.3.1
   Compiling allocator-api2 v0.2.21
   Compiling hyper-util v0.1.20
   Compiling wgpu-types v30.0.1
   Compiling rand_chacha v0.9.0
   Compiling hashbrown v0.16.1
   Compiling windows-targets v0.53.5
   Compiling tauri-plugin-fs v2.5.1
   Compiling tower v0.5.3
   Compiling http-body-util v0.1.5
   Compiling wgpu-hal v30.0.1
   Compiling curve25519-dalek v4.1.3
   Compiling image v0.25.10
   Compiling ahash v0.8.12
   Compiling winapi v0.3.9
   Compiling presser v0.3.1
   Compiling rand v0.9.5
   Compiling windows-sys v0.60.2
   Compiling ordered-float v4.6.0
   Compiling curve25519-dalek-derive v0.1.1
   Compiling renderdoc-sys v1.1.0
   Compiling cfg_aliases v0.1.1
   Compiling range-alloc v0.1.5
   Compiling pkg-config v0.3.34
   Compiling cpufeatures v0.3.0
   Compiling glow v0.17.0
   Compiling profiling v1.0.18
   Compiling vcpkg v0.2.15
   Compiling chacha20 v0.10.1
   Compiling nix v0.28.0
   Compiling libsqlite3-sys v0.30.1
   Compiling tower-http v0.6.11
   Compiling hyper-rustls v0.27.9
   Compiling polyval v0.6.2
   Compiling tauri-plugin-dialog v2.7.2
   Compiling tauri-plugin-notification v2.3.3
   Compiling tauri-plugin-process v2.3.1
   Compiling tauri-plugin-updater v2.10.1
   Compiling tokio-util v0.7.19
   Compiling sha1 v0.10.7
   Compiling num-integer v0.1.47
   Compiling quinn-udp v0.5.15
   Compiling wgpu-core v30.0.1
   Compiling aead v0.5.2
   Compiling rfd v0.16.0
   Compiling unicase v2.9.0
   Compiling data-encoding v2.11.1
   Compiling ryu v1.0.23
   Compiling extended v0.1.0
   Compiling cpal v0.17.3
   Compiling litrs v1.0.0
   Compiling tinyvec_macros v0.1.1
   Compiling winreg v0.10.1
   Compiling wgpu-naga-bridge v30.0.1
   Compiling tungstenite v0.29.0
   Compiling serde_urlencoded v0.7.1
   Compiling tinyvec v1.12.0
   Compiling symphonia-format-riff v0.5.5
   Compiling mime_guess v2.0.5
   Compiling num-bigint v0.4.8
   Compiling document-features v0.2.12
   Compiling ghash v0.5.1
   Compiling hashbrown v0.14.5
   Compiling rand v0.10.2
   Compiling poly1305 v0.8.0
   Compiling symphonia-format-isomp4 v0.5.5
   Compiling tao v0.35.3
   Compiling tauri-winrt-notification v0.7.3
   Compiling symphonia-format-ogg v0.5.5
   Compiling symphonia-bundle-flac v0.5.5
   Compiling symphonia-codec-vorbis v0.5.5
   Compiling webpki-roots v0.26.11
   Compiling ctr v0.9.2
   Compiling aes v0.8.4
   Compiling chacha20 v0.9.1
   Compiling rustls-platform-verifier v0.7.0
   Compiling symphonia-bundle-mp3 v0.5.5
   Compiling symphonia-codec-pcm v0.5.5
   Compiling symphonia-codec-aac v0.5.5
   Compiling rand_pcg v0.10.2
   Compiling winit v0.30.13
   Compiling wgpu v30.0.1
   Compiling quinn v0.11.11
   Compiling snow v0.9.6
   Compiling signature v2.2.0
   Compiling lru-slab v0.1.2
   Compiling webview2-com v0.38.2
   Compiling dasp_sample v0.11.0
   Compiling ed25519 v2.2.3
   Compiling quinn-proto v0.11.17
   Compiling tempfile v3.27.0
   Compiling symphonia v0.5.5
   Compiling aes-gcm v0.10.3
   Compiling gpu-allocator v0.28.0
   Compiling chacha20poly1305 v0.10.1
   Compiling reqwest v0.13.4
   Compiling tokio-tungstenite v0.29.0
   Compiling notify-rust v4.18.0
   Compiling hashlink v0.9.1
   Compiling num-rational v0.4.2
   Compiling filedescriptor v0.8.3
   Compiling axum-core v0.5.6
   Compiling ferryx v2026.928.7 (C:\Users\sook\ferryx-pane-completion\source-21dea3c0\src-tauri)
   Compiling rand_chacha v0.3.1
   Compiling yasna v0.6.0
   Compiling blake2 v0.10.6
   Compiling hmac v0.12.1
   Compiling zip v4.6.1
   Compiling shared_library v0.1.9
   Compiling sharded-slab v0.1.7
   Compiling tracing-log v0.2.0
   Compiling windows-sys v0.52.0
   Compiling nu-ansi-term v0.50.3
   Compiling serial2 v0.2.38
   Compiling wgpu-core-deps-windows-linux-android v30.0.1
   Compiling notify-types v2.1.0
   Compiling serde_path_to_error v0.1.20
   Compiling thread_local v1.1.10
   Compiling downcast-rs v1.2.1
   Compiling cursor-icon v1.2.0
   Compiling minisign-verify v0.2.5
   Compiling matchit v0.8.4
   Compiling fallible-iterator v0.3.0
   Compiling smol_str v0.2.2
   Compiling shell-words v1.1.1
   Compiling fallible-streaming-iterator v0.1.9
   Compiling portable-pty v0.9.0 (C:\Users\sook\ferryx-pane-completion\source-21dea3c0\src-tauri\vendor\portable-pty)
   Compiling axum v0.8.9
   Compiling rusqlite v0.32.1
   Compiling tracing-subscriber v0.3.23
   Compiling notify v8.2.0
   Compiling pbkdf2 v0.12.2
   Compiling rcgen v0.14.10
   Compiling rand v0.8.7
   Compiling rodio v0.22.2
   Compiling ed25519-dalek v2.2.0
   Compiling reqwest v0.12.28
   Compiling x25519-dalek v2.0.1
   Compiling cbc v0.1.2
   Compiling tower-http v0.7.1
   Compiling base64 v0.23.1
   Compiling pollster v1.0.1
warning: unused import: `seal_offer`
 --> src\account\offer_sink.rs:9:47
  |
9 | use crate::remote::sealed_offer::{open_offer, seal_offer};
  |                                               ^^^^^^^^^^
  |
  = note: `#[warn(unused_imports)]` (part of `#[warn(unused)]`) on by default

warning: unused import: `Serialize`
 --> src\agent_transcript.rs:1:26
  |
1 | use serde::{Deserialize, Serialize};
  |                          ^^^^^^^^^

warning: unused import: `ImportedCookie`
  --> src\browser\chromium_cookie_source.rs:13:67
   |
13 |     filter_google_cookies, resolve_installed_browser_profile_dir, ImportedCookie,
   |                                                                   ^^^^^^^^^^^^^^

warning: unused import: `Manager`
 --> src\browser\snapshot_source.rs:8:24
  |
8 | use tauri::{AppHandle, Manager};
  |                        ^^^^^^^

warning: unused import: `super::handover::HandoverManager`
 --> src\daemon\server.rs:4:5
  |
4 | use super::handover::HandoverManager;
  |     ^^^^^^^^^^^^^^^^^^^^^^^^^^^^^^^^

warning: unused import: `super::session_service::*`
  --> src\daemon\server.rs:22:5
   |
22 | use super::session_service::*;
   |     ^^^^^^^^^^^^^^^^^^^^^^^^^

warning: unused import: `PathBuf`
 --> src\ipc\remote_drop.rs:6:23
  |
6 | use std::path::{Path, PathBuf};
  |                       ^^^^^^^

warning: unused import: `NotificationAuthorization`
 --> src\notification\permission.rs:7:5
  |
7 |     NotificationAuthorization, NotificationPermissionRequestDto, NotificationPermissionStatusDto,
  |     ^^^^^^^^^^^^^^^^^^^^^^^^^

warning: unused import: `std::time::Duration`
 --> src\remote\session_transport.rs:1:5
  |
1 | use std::time::Duration;
  |     ^^^^^^^^^^^^^^^^^^^

warning: unused import: `RemoteSessionDetails`
 --> src\remote\server.rs:4:90
  |
4 | use crate::remote::backend::{RecoveryStream, RemoteRecoveryStatus, RemoteSessionBackend, RemoteSessionDetails};
  |                                                                                          ^^^^^^^^^^^^^^^^^^^^

warning: unused import: `ffi::OsString`
 --> src\ssh\..\ferryx_scope\ssh\process.rs:5:5
  |
5 |     ffi::OsString,
  |     ^^^^^^^^^^^^^

warning: unused variable: `handover_socket_path`
    --> src\daemon\server.rs:4252:54
     |
4252 |                 Ok(DaemonRequest::TransferSessions { handover_socket_path }) => {
     |                                                      ^^^^^^^^^^^^^^^^^^^^ help: try ignoring the field: `handove
r_socket_path: _`
     |
     = note: `#[warn(unused_variables)]` (part of `#[warn(unused)]`) on by default

warning: unused variable: `host`
   --> src\ipc\remote_drop.rs:310:13
    |
310 |         let host =
    |             ^^^^ help: if this is intentional, prefix it with an underscore: `_host`

warning: variable does not need to be mutable
   --> src\native_terminal\renderer\font_manager.rs:208:13
    |
208 |         let mut subpixel_buffer = vec![0u8; total_pixels * 4];
    |             ----^^^^^^^^^^^^^^^
    |             |
    |             help: remove this `mut`
    |
    = note: `#[warn(unused_mut)]` (part of `#[warn(unused)]`) on by default

warning: unused variable: `session`
   --> src\terminal\pty.rs:564:22
    |
564 |             let Some(session) = manager.get_session(&session_id) else {
    |                      ^^^^^^^ help: if this is intentional, prefix it with an underscore: `_session`

warning: value assigned to `desired_size` is never read
    --> src\terminal\remote.rs:1073:56
     |
1073 |               let mut desired_size: Option<(u16, u16)> = None;
     |                                                          ^^^^ this value is reassigned later and never used
...
1085 | /                     desired_size = Some(
1086 | |                         s.pending_size
1087 | |                             .take()
1088 | |                             .map(|(c, r, _)| (c, r))
1089 | |                             .unwrap_or((s.details.descriptor.cols, s.details.descriptor.rows)),
1090 | |                     );
     | |_____________________- `desired_size` is overwritten here before the previous value is read
     |
     = note: `#[warn(unused_assignments)]` (part of `#[warn(unused)]`) on by default

warning: unused variable: `scroll_daemon_client`
    --> src\lib.rs:1188:9
     |
1188 |     let scroll_daemon_client = Arc::clone(&daemon_client);
     |         ^^^^^^^^^^^^^^^^^^^^ help: if this is intentional, prefix it with an underscore: `_scroll_daemon_client`

warning: type `MachineSender` is more private than the item `SessionHub::machine_senders`
   --> src\terminal\output_hub.rs:700:5
    |
700 |     pub(crate) machine_senders: Vec<machine_output::MachineSender>,
    |     ^^^^^^^^^^^^^^^^^^^^^^^^^^^^^^^^^^^^^^^^^^^^^^^^^^^^^^^^^^^^^^ field `SessionHub::machine_senders` is reachab
le at visibility `pub(crate)`
    |
note: but type `MachineSender` is only usable at visibility `pub(in crate::terminal::output_hub)`
   --> src\terminal\machine_output.rs:76:1
    |
 76 | pub(super) struct MachineSender {
    | ^^^^^^^^^^^^^^^^^^^^^^^^^^^^^^^
    = note: `#[warn(private_interfaces)]` on by default

warning: trait `AgentStateSink` is more private than the item `paired_daemon::Proxy::set_agent_sink`
   --> src\terminal\paired_daemon.rs:107:5
    |
107 |     pub fn set_agent_sink(&mut self, sink: Arc<dyn crate::terminal::remote::AgentStateSink>) {
    |     ^^^^^^^^^^^^^^^^^^^^^^^^^^^^^^^^^^^^^^^^^^^^^^^^^^^^^^^^^^^^^^^^^^^^^^^^^^^^^^^^^^^^^^^^ method `paired_daemo
n::Proxy::set_agent_sink` is reachable at visibility `pub`
    |
note: but trait `AgentStateSink` is only usable at visibility `pub(crate)`
   --> src\terminal\remote.rs:167:1
    |
167 | pub(crate) trait AgentStateSink: Send + Sync {
    | ^^^^^^^^^^^^^^^^^^^^^^^^^^^^^^^^^^^^^^^^^^^^

warning: trait `AgentStateSink` is more private than the item `paired_runtime::Runtime::set_agent_sink`
   --> src\terminal\paired_runtime.rs:294:5
    |
294 |     pub fn set_agent_sink(&self, sink: Arc<dyn crate::terminal::remote::AgentStateSink>) {
    |     ^^^^^^^^^^^^^^^^^^^^^^^^^^^^^^^^^^^^^^^^^^^^^^^^^^^^^^^^^^^^^^^^^^^^^^^^^^^^^^^^^^^^ method `paired_runtime::
Runtime::set_agent_sink` is reachable at visibility `pub`
    |
note: but trait `AgentStateSink` is only usable at visibility `pub(crate)`
   --> src\terminal\remote.rs:167:1
    |
167 | pub(crate) trait AgentStateSink: Send + Sync {
    | ^^^^^^^^^^^^^^^^^^^^^^^^^^^^^^^^^^^^^^^^^^^^

warning: type `paired_runtime::Command` is more private than the item `paired_runtime::Runtime::sender`
   --> src\terminal\paired_runtime.rs:731:5
    |
731 |     pub(crate) fn sender(&self, id: &str) -> Result<mpsc::Sender<Command>, String> {
    |     ^^^^^^^^^^^^^^^^^^^^^^^^^^^^^^^^^^^^^^^^^^^^^^^^^^^^^^^^^^^^^^^^^^^^^^^^^^^^^^ method `paired_runtime::Runtim
e::sender` is reachable at visibility `pub(crate)`
    |
note: but type `paired_runtime::Command` is only usable at visibility `pub(self)`
   --> src\terminal\paired_runtime.rs:166:1
    |
166 | enum Command {
    | ^^^^^^^^^^^^

warning: trait `terminal::remote::Transport` is more private than the item `RemoteRuntime::live_import`
   --> src\terminal\remote.rs:819:5
    |
819 | /     pub fn live_import(
820 | |         &self,
821 | |         state: RemoteExportState,
822 | |         transport: Option<Arc<dyn Transport>>,
823 | |     ) -> Result<(), RemoteFailure> {
    | |__________________________________^ method `RemoteRuntime::live_import` is reachable at visibility `pub`
    |
note: but trait `terminal::remote::Transport` is only usable at visibility `pub(crate)`
   --> src\terminal\remote.rs:185:1
    |
185 | pub(crate) trait Transport: Send + Sync {
    | ^^^^^^^^^^^^^^^^^^^^^^^^^^^^^^^^^^^^^^^

warning: trait `terminal::remote::Transport` is more private than the item `RemoteRuntime::import_transferred`
   --> src\terminal\remote.rs:840:5
    |
840 | /     pub fn import_transferred(
841 | |         &self,
842 | |         state: RemoteExportState,
843 | |         transport: Option<Arc<dyn Transport>>,
844 | |     ) -> Result<(), RemoteFailure> {
    | |__________________________________^ method `RemoteRuntime::import_transferred` is reachable at visibility `pub`
    |
note: but trait `terminal::remote::Transport` is only usable at visibility `pub(crate)`
   --> src\terminal\remote.rs:185:1
    |
185 | pub(crate) trait Transport: Send + Sync {
    | ^^^^^^^^^^^^^^^^^^^^^^^^^^^^^^^^^^^^^^^

warning: trait `AgentStateSink` is more private than the item `terminal::service::TerminalService::set_paired_agent_sin
k`
   --> src\terminal\service.rs:75:5
    |
 75 |     pub fn set_paired_agent_sink(&self, sink: Arc<dyn super::remote::AgentStateSink>) {
    |     ^^^^^^^^^^^^^^^^^^^^^^^^^^^^^^^^^^^^^^^^^^^^^^^^^^^^^^^^^^^^^^^^^^^^^^^^^^^^^^^^^ method `terminal::service::
TerminalService::set_paired_agent_sink` is reachable at visibility `pub`
    |
note: but trait `AgentStateSink` is only usable at visibility `pub(crate)`
   --> src\terminal\remote.rs:167:1
    |
167 | pub(crate) trait AgentStateSink: Send + Sync {
    | ^^^^^^^^^^^^^^^^^^^^^^^^^^^^^^^^^^^^^^^^^^^^

warning: function `webview_unreachable` is never used
  --> src\browser\hard_reload.rs:98:4
   |
98 | fn webview_unreachable(error: tauri::Error) -> IpcError {
   |    ^^^^^^^^^^^^^^^^^^^
   |
   = note: `#[warn(dead_code)]` (part of `#[warn(unused)]`) on by default

warning: fields `app` and `timeout` are never read
   --> src\browser\snapshot_source.rs:339:5
    |
338 | pub struct TauriBrowserSnapshotSource<R: tauri::Runtime> {
    |            -------------------------- fields in this struct
339 |     app: AppHandle<R>,
    |     ^^^
340 |     timeout: Duration,
    |     ^^^^^^^

warning: method `is_proceed` is never used
  --> src\daemon\handover.rs:22:19
   |
21 | impl UpgradeAction {
   | ------------------ method in this implementation
22 |     pub(crate) fn is_proceed(self) -> bool {
   |                   ^^^^^^^^^^

warning: struct `SpawnOwnerGuard` is never constructed
   --> src\daemon\handover.rs:450:19
    |
450 | pub(crate) struct SpawnOwnerGuard {
    |                   ^^^^^^^^^^^^^^^

warning: method `retain_spawn_owner` is never used
   --> src\daemon\handover.rs:574:19
    |
528 | impl HandoverManager {
    | -------------------- method in this implementation
...
574 |     pub(crate) fn retain_spawn_owner(self: &Arc<Self>) -> Result<SpawnOwnerGuard, String> {
    |                   ^^^^^^^^^^^^^^^^^^

warning: function `rollback_transferred_readers` is never used
  --> src\daemon\server.rs:43:10
   |
43 | async fn rollback_transferred_readers<R, A, D>(
   |          ^^^^^^^^^^^^^^^^^^^^^^^^^^^^

warning: function `adopt_transferred_ownership` is never used
  --> src\daemon\server.rs:71:4
   |
71 | fn adopt_transferred_ownership(
   |    ^^^^^^^^^^^^^^^^^^^^^^^^^^^

warning: function `release_adopted_ownership` is never used
   --> src\daemon\server.rs:104:4
    |
104 | fn release_adopted_ownership(
    |    ^^^^^^^^^^^^^^^^^^^^^^^^^

warning: associated function `from_locked_file` is never used
   --> src\daemon\server.rs:990:19
    |
941 | impl DaemonLockFile {
    | ------------------- associated function in this implementation
...
990 |     pub(crate) fn from_locked_file(file: File) -> Self {
    |                   ^^^^^^^^^^^^^^^^

warning: associated function `from_locked_files` is never used
    --> src\daemon\server.rs:1061:19
     |
1050 | impl DaemonLockFiles {
     | -------------------- associated function in this implementation
...
1061 |     pub(crate) fn from_locked_files(persistent: Option<File>, legacy: File) -> Self {
     |                   ^^^^^^^^^^^^^^^^^

warning: function `handover_delivery_verdict` is never used
    --> src\daemon\server.rs:1967:15
     |
1967 | pub(crate) fn handover_delivery_verdict(offered: usize, accepted: usize) -> Result<(), String> {
     |               ^^^^^^^^^^^^^^^^^^^^^^^^^

warning: function `handover_delivery_verdict_owned` is never used
    --> src\daemon\server.rs:1988:15
     |
1988 | pub(crate) fn handover_delivery_verdict_owned(
     |               ^^^^^^^^^^^^^^^^^^^^^^^^^^^^^^^

warning: function `handover_restorable_unexported` is never used
    --> src\daemon\server.rs:2007:15
     |
2007 | pub(crate) fn handover_restorable_unexported(
     |               ^^^^^^^^^^^^^^^^^^^^^^^^^^^^^^

warning: function `handover_effective_owned` is never used
    --> src\daemon\server.rs:2026:15
     |
2026 | pub(crate) fn handover_effective_owned(
     |               ^^^^^^^^^^^^^^^^^^^^^^^^

warning: function `remote_spawn_relative_path` is never used
    --> src\daemon\server.rs:5424:4
     |
5424 | fn remote_spawn_relative_path(repo_root: &str, root: &str) -> String {
     |    ^^^^^^^^^^^^^^^^^^^^^^^^^^

warning: method `machine_sessions` is never used
   --> src\daemon\session_service.rs:975:19
    |
361 | impl DaemonSessionService {
    | ------------------------- method in this implementation
...
975 |     pub(crate) fn machine_sessions(
    |                   ^^^^^^^^^^^^^^^^

warning: field `workspace_queues` is never read
  --> src\daemon\workspace_service.rs:25:5
   |
19 | pub struct DaemonWorkspaceService {
   |            ---------------------- field in this struct
...
25 |     workspace_queues: parking_lot::Mutex<
   |     ^^^^^^^^^^^^^^^^

warning: method `spawn_queue` is never used
  --> src\daemon\workspace_service.rs:42:19
   |
41 | impl DaemonWorkspaceService {
   | --------------------------- method in this implementation
42 |     pub(crate) fn spawn_queue(&self, workspace: &str) -> std::sync::Arc<tokio::sync::Mutex<()>> {
   |                   ^^^^^^^^^^^

warning: function `desktop_entry_for_mime` is never used
  --> src\ipc\file_open_with.rs:42:15
   |
42 | pub(crate) fn desktop_entry_for_mime(contents: &str, mime: &str) -> Option<String> {
   |               ^^^^^^^^^^^^^^^^^^^^^^

warning: function `is_valid_desktop_id` is never used
  --> src\ipc\file_open_with.rs:93:15
   |
93 | pub(crate) fn is_valid_desktop_id(id: &str) -> bool {
   |               ^^^^^^^^^^^^^^^^^^^

warning: function `desktop_application_dirs` is never used
   --> src\ipc\file_open_with.rs:103:15
    |
103 | pub(crate) fn desktop_application_dirs() -> Vec<PathBuf> {
    |               ^^^^^^^^^^^^^^^^^^^^^^^^

warning: field `kind` is never read
   --> src\ipc\file_preview.rs:539:5
    |
534 | struct HandleRecord {
    |        ------------ field in this struct
...
539 |     kind: FilePreviewKind,
    |     ^^^^

warning: function `identity_holds` is never used
    --> src\ipc\file_preview.rs:1147:4
     |
1147 | fn identity_holds(path: &Path, identity: Option<(u64, u64)>) -> bool {
     |    ^^^^^^^^^^^^^^

warning: field `0` is never read
    --> src\ipc\file_preview.rs:1163:25
     |
1163 | struct ChildReservation(String);
     |        ---------------- ^^^^^^
     |        |
     |        field in this struct
     |
     = help: consider removing this field

warning: method `begin_owned_render` is never used
   --> src\native_terminal\surface_host.rs:326:8
    |
217 | impl RenderScheduleCoordinator {
    | ------------------------------ method in this implementation
...
326 |     fn begin_owned_render(&self) -> Option<u64> {
    |        ^^^^^^^^^^^^^^^^^^

warning: method `presentation_tuple` is never used
   --> src\native_terminal\surface_host.rs:567:8
    |
560 | impl NativeTerminalSession {
    | -------------------------- method in this implementation
...
567 |     fn presentation_tuple(&self) -> Option<&crate::daemon::protocol::PaneAttachTuple> {
    |        ^^^^^^^^^^^^^^^^^^

warning: function `authorization_wait` is never used
  --> src\notification\permission.rs:14:15
   |
14 | pub(crate) fn authorization_wait() -> Duration {
   |               ^^^^^^^^^^^^^^^^^^

warning: function `request_authorization_with` is never used
  --> src\notification\permission.rs:24:15
   |
24 | pub(crate) fn request_authorization_with(
   |               ^^^^^^^^^^^^^^^^^^^^^^^^^^

warning: function `wait_for_authorization` is never used
  --> src\notification\permission.rs:48:15
   |
48 | pub(crate) fn wait_for_authorization(
   |               ^^^^^^^^^^^^^^^^^^^^^^

warning: field `0` is never read
    --> src\remote\auth.rs:1246:18
     |
1246 | struct StoreLock(std::fs::File);
     |        --------- ^^^^^^^^^^^^^
     |        |
     |        field in this struct
     |
     = help: consider removing this field

warning: field `local_credential` is never read
   --> src\remote\browser_backend.rs:423:5
    |
421 | pub struct LocalIpcBrowserBackend {
    |            ---------------------- field in this struct
422 |     socket_path: String,
423 |     local_credential: Option<String>,
    |     ^^^^^^^^^^^^^^^^

warning: method `disarm` is never used
   --> src\remote\relay_server.rs:241:12
    |
216 | impl PairingClaimGuard {
    | ---------------------- method in this implementation
...
241 |     pub fn disarm(&mut self) {
    |            ^^^^^^

warning: function `probe_tailscale_cli` is never used
   --> src\remote\state.rs:215:4
    |
215 | fn probe_tailscale_cli(target: &std::net::Ipv4Addr) -> Option<bool> {
    |    ^^^^^^^^^^^^^^^^^^^

warning: field `stderr_fd` is never read
   --> src\ssh\bridge.rs:818:5
    |
814 | pub struct BridgeConnection {
    |            ---------------- field in this struct
...
818 |     stderr_fd: Option<RawFd>,
    |     ^^^^^^^^^

warning: function `GetStdHandle` is never used
   --> src\ssh\transport_windows.rs:203:8
    |
203 |     fn GetStdHandle(kind: u32) -> HANDLE;
    |        ^^^^^^^^^^^^

warning: function `inspect` is never used
   --> src\terminal\foreground.rs:226:15
    |
226 | pub(crate) fn inspect(session: &PtySession) -> std::io::Result<Option<Foreground>> {
    |               ^^^^^^^

warning: struct `ResolvedSpawnContext` is never constructed
   --> src\terminal\pty.rs:155:19
    |
155 | pub(crate) struct ResolvedSpawnContext {
    |                   ^^^^^^^^^^^^^^^^^^^^

warning: method `apply` is never used
   --> src\terminal\pty.rs:162:8
    |
161 | impl ResolvedSpawnContext {
    | ------------------------- method in this implementation
162 |     fn apply(&self, command: &mut CommandBuilder, session_id: &str) {
    |        ^^^^^

warning: variant `Inherited` is never constructed
   --> src\terminal\pty.rs:216:5
    |
214 | enum SpawnPathPolicy {
    |      --------------- variant in this enum
215 |     LegacyDiscovery,
216 |     Inherited,
    |     ^^^^^^^^^
    |
    = note: `SpawnPathPolicy` has a derived impl for the trait `Clone`, but this is intentionally ignored during dead c
ode analysis

warning: methods `spawn_resolved_with_id` and `try_acquire_cwd_probe` are never used
   --> src\terminal\pty.rs:342:19
    |
235 | impl PtyManager {
    | --------------- methods in this implementation
...
342 |     pub(crate) fn spawn_resolved_with_id(
    |                   ^^^^^^^^^^^^^^^^^^^^^^
...
828 |     pub(crate) fn try_acquire_cwd_probe(
    |                   ^^^^^^^^^^^^^^^^^^^^^

warning: struct `PumpToken` is never constructed
  --> src\terminal\service.rs:21:19
   |
21 | pub(crate) struct PumpToken(u64);
   |                   ^^^^^^^^^

warning: struct `PumpTokenFence` is never constructed
  --> src\terminal\service.rs:24:19
   |
24 | pub(crate) struct PumpTokenFence {
   |                   ^^^^^^^^^^^^^^

warning: methods `install`, `is_active`, and `remove` are never used
  --> src\terminal\service.rs:30:19
   |
29 | impl PumpTokenFence {
   | ------------------- methods in this implementation
30 |     pub(crate) fn install(&self) -> PumpToken {
   |                   ^^^^^^^
...
36 |     pub(crate) fn is_active(&self, token: PumpToken) -> bool { *self.active.lock() == Some(token) }
   |                   ^^^^^^^^^
37 |
38 |     pub(crate) fn remove(&self, token: PumpToken) -> bool {
   |                   ^^^^^^

warning: methods `try_acquire_cwd_probe`, `spawn_resolved_with_id`, and `pump_adopted_output` are never used
   --> src\terminal\service.rs:178:19
    |
 53 | impl TerminalService {
    | -------------------- methods in this implementation
...
178 |     pub(crate) fn try_acquire_cwd_probe(
    |                   ^^^^^^^^^^^^^^^^^^^^^
...
232 |     pub(crate) fn spawn_resolved_with_id(
    |                   ^^^^^^^^^^^^^^^^^^^^^^
...
328 |     pub(crate) fn pump_adopted_output(
    |                   ^^^^^^^^^^^^^^^^^^^

warning: variant `Adopted` is never constructed
   --> src\terminal\session.rs:199:5
    |
197 | pub(crate) enum ProcessHandle {
    |                 ------------- variant in this enum
198 |     Spawned(Box<dyn Child + Send + Sync>),
199 |     Adopted(AdoptedProcess),
    |     ^^^^^^^

warning: method `wait_and_reap` is never used
    --> src\terminal\session.rs:1128:19
     |
 446 | impl PtySession {
     | --------------- method in this implementation
...
1128 |     pub(crate) fn wait_and_reap(&self) -> Result<Option<i32>, PtyError> {
     |                   ^^^^^^^^^^^^^

warning: function `resolve_ordinary_shell_command` is never used
   --> src\terminal\shell.rs:441:15
    |
441 | pub(crate) fn resolve_ordinary_shell_command(
    |               ^^^^^^^^^^^^^^^^^^^^^^^^^^^^^^

warning: function `ordinary_shell_command_with_env` is never used
   --> src\terminal\shell.rs:450:4
    |
450 | fn ordinary_shell_command_with_env<E>(
    |    ^^^^^^^^^^^^^^^^^^^^^^^^^^^^^^^

warning: function `inherited_executable` is never used
   --> src\terminal\shell.rs:486:4
    |
486 | fn inherited_executable(
    |    ^^^^^^^^^^^^^^^^^^^^

warning: function `inherited_candidate_is_executable` is never used
   --> src\terminal\shell.rs:518:4
    |
518 | fn inherited_candidate_is_executable(path: &std::path::Path, platform: TargetPlatform) -> bool {
    |    ^^^^^^^^^^^^^^^^^^^^^^^^^^^^^^^^^

warning: struct `ProcessIdentity` is never constructed
  --> src\terminal\suspension.rs:55:8
   |
55 | struct ProcessIdentity {
   |        ^^^^^^^^^^^^^^^

warning: struct `Observation` is never constructed
  --> src\terminal\suspension.rs:62:8
   |
62 | struct Observation {
   |        ^^^^^^^^^^^

warning: trait `Process` is never used
  --> src\terminal\suspension.rs:67:7
   |
67 | trait Process {
   |       ^^^^^^^

warning: struct `OwnedStop` is never constructed
  --> src\terminal\suspension.rs:74:8
   |
74 | struct OwnedStop {
   |        ^^^^^^^^^

warning: struct `Ownership` is never constructed
  --> src\terminal\suspension.rs:81:8
   |
81 | struct Ownership {
   |        ^^^^^^^^^

warning: function `verify` is never used
  --> src\terminal\suspension.rs:85:4
   |
85 | fn verify(target: &SuspensionTarget, identity: &ProcessIdentity) -> Result<(), SuspensionError> {
   |    ^^^^^^

warning: methods `stop`, `classify`, and `resume` are never used
   --> src\terminal\suspension.rs:97:8
    |
 96 | impl Ownership {
    | -------------- methods in this implementation
 97 |     fn stop(&mut self, target: &SuspensionTarget, process: &impl Process) -> Result<ActuationReceipt, SuspensionE
rror> {
    |        ^^^^
...
131 |     fn classify(&mut self, target: &SuspensionTarget, process: &impl Process) -> Result<SuspensionSource, Suspens
ionError> {
    |        ^^^^^^^^
...
147 |     fn resume(&mut self, target: &SuspensionTarget, process: &impl Process) -> Result<(), SuspensionError> {
    |        ^^^^^^

warning: function `ownership` is never used
   --> src\terminal\suspension.rs:157:4
    |
157 | fn ownership() -> &'static parking_lot::Mutex<Ownership> {
    |    ^^^^^^^^^

warning: function `with_local_worktree_budget` is never used
   --> src\worktree\git.rs:115:15
    |
115 | pub(crate) fn with_local_worktree_budget<T>(work: impl FnOnce() -> T) -> T {
    |               ^^^^^^^^^^^^^^^^^^^^^^^^^^

warning: function `with_preparation_git_budget` is never used
   --> src\worktree\git.rs:143:15
    |
143 | pub(crate) fn with_preparation_git_budget<T>(
    |               ^^^^^^^^^^^^^^^^^^^^^^^^^^^

warning: struct `WriterLeaseGuard` is never constructed
  --> src\worktree\manager.rs:86:19
   |
86 | pub(crate) struct WriterLeaseGuard {
   |                   ^^^^^^^^^^^^^^^^

warning: associated items `new`, `canonical_path`, and `owner_id` are never used
   --> src\worktree\manager.rs:93:8
    |
 92 | impl WriterLeaseGuard {
    | --------------------- associated items in this implementation
 93 |     fn new(registry: WriterLeaseRegistry, canonical_path: PathBuf, owner_id: String) -> Self {
    |        ^^^
...
101 |     pub(crate) fn canonical_path(&self) -> &Path {
    |                   ^^^^^^^^^^^^^^
...
105 |     pub(crate) fn owner_id(&self) -> &str {
    |                   ^^^^^^^^

warning: associated items `acquire_writer_lease` and `validate_ref_component` are never used
   --> src\worktree\manager.rs:338:19
    |
134 | impl WorktreeManager {
    | -------------------- associated items in this implementation
...
338 |     pub(crate) fn acquire_writer_lease(
    |                   ^^^^^^^^^^^^^^^^^^^^
...
398 |     fn validate_ref_component(component: &str, label: &str) -> Result<(), WorktreeError> {
    |        ^^^^^^^^^^^^^^^^^^^^^^

warning: linker stdout: C:\Users\sook\ferryx-pane-completion\source-21dea3c0\src-tauri\target\debug\deps\ferryx_lib.dll
.lib |·tÇ¾ì·¬¹ ¼ C:\Users\sook\ferryx-pane-completion\source-21dea3c0\src-tauri\target\debug\deps\ferryx_lib.dll.exp ¬´Ì|¹ ÝÀ1Á
XÕà¬ ˆÇµÂÈ²ä².
  |
  = note: `#[warn(linker_messages)]` on by default

warning: `ferryx` (lib) generated 88 warnings (run `cargo fix --lib -p ferryx` to apply 16 suggestions)
    Finished `dev` profile [unoptimized + debuginfo] target(s) in 5m 21s
DEFAULT_REBUILD_EXIT=0 at 2026-10-05T00:58:46.3545884+09:00
