    Blocking waiting for file lock on build directory
warning: variable does not need to be mutable
   --> src/native_terminal/renderer/font_manager.rs:155:13
    |
155 |         let mut buffer = vec![0u8; total_pixels];
    |             ----^^^^^^
    |             |
    |             help: remove this `mut`
    |
    = note: `#[warn(unused_mut)]` (part of `#[warn(unused)]`) on by default

warning: unnecessary `unsafe` block
   --> src/notification/permission.rs:130:26
    |
130 |             let native = unsafe { UNMutableNotificationContent::new() };
    |                          ^^^^^^ unnecessary `unsafe` block
    |
    = note: `#[warn(unused_unsafe)]` (part of `#[warn(unused)]`) on by default

warning: unnecessary `unsafe` block
   --> src/notification/permission.rs:131:13
    |
131 |             unsafe {
    |             ^^^^^^ unnecessary `unsafe` block

warning: unnecessary `unsafe` block
   --> src/notification/permission.rs:135:27
    |
135 |             let request = unsafe {
    |                           ^^^^^^ unnecessary `unsafe` block

warning: unnecessary `unsafe` block
   --> src/notification/permission.rs:143:13
    |
143 |             unsafe { center.addNotificationRequest_withCompletionHandler(&request, None) };
    |             ^^^^^^ unnecessary `unsafe` block

warning: field `app` is never read
  --> src/ipc/notifications.rs:27:5
   |
26 | pub struct TauriNotificationBackend<R: Runtime> {
   |            ------------------------ field in this struct
27 |     app: AppHandle<R>,
   |     ^^^
   |
   = note: `#[warn(dead_code)]` (part of `#[warn(unused)]`) on by default

warning: method `wait_and_reap` is never used
   --> src/terminal/session.rs:270:19
    |
 61 | impl PtySession {
    | --------------- method in this implementation
...
270 |     pub(crate) fn wait_and_reap(&self) -> Result<Option<i32>, PtyError> {
    |                   ^^^^^^^^^^^^^

warning: struct `WriterLeaseGuard` is never constructed
  --> src/worktree/manager.rs:57:19
   |
57 | pub(crate) struct WriterLeaseGuard {
   |                   ^^^^^^^^^^^^^^^^

warning: associated items `new`, `canonical_path`, and `owner_id` are never used
  --> src/worktree/manager.rs:64:8
   |
63 | impl WriterLeaseGuard {
   | --------------------- associated items in this implementation
64 |     fn new(registry: WriterLeaseRegistry, canonical_path: PathBuf, owner_id: String) -> Self {
   |        ^^^
...
72 |     pub(crate) fn canonical_path(&self) -> &Path {
   |                   ^^^^^^^^^^^^^^
...
76 |     pub(crate) fn owner_id(&self) -> &str {
   |                   ^^^^^^^^

warning: method `acquire_writer_lease` is never used
   --> src/worktree/manager.rs:309:19
    |
105 | impl WorktreeManager {
    | -------------------- method in this implementation
...
309 |     pub(crate) fn acquire_writer_lease(
    |                   ^^^^^^^^^^^^^^^^^^^^

warning: `ferryx` (lib) generated 10 warnings (run `cargo fix --lib -p ferryx` to apply 1 suggestion)
   Compiling ferryx v2026.902.2 (/Users/indo/code/project/orca-lite/src-tauri)
    Finished `test` profile [unoptimized + debuginfo] target(s) in 1m 57s
     Running tests/scoped_ssh.rs (src-tauri/target/debug/deps/scoped_ssh-b8f6e7d73ce051be)

running 2 tests
test options_honor_port_key_jump_and_noninteractive_trust ... FAILED
test corrupt_store_is_not_rewritten ... FAILED

failures:

---- options_honor_port_key_jump_and_noninteractive_trust stdout ----

thread 'options_honor_port_key_jump_and_noninteractive_trust' (14359851) panicked at tests/scoped_ssh.rs:12:9:
missing ["-p", "22222"]: ["indo@127.0.0.1"]
note: run with `RUST_BACKTRACE=1` environment variable to display a backtrace

---- corrupt_store_is_not_rewritten stdout ----

thread 'corrupt_store_is_not_rewritten' (14359850) panicked at tests/scoped_ssh.rs:20:5:
assertion failed: store.update(&[host()]).is_err()


failures:
    corrupt_store_is_not_rewritten
    options_honor_port_key_jump_and_noninteractive_trust

test result: FAILED. 0 passed; 2 failed; 0 ignored; 0 measured; 0 filtered out; finished in 0.00s

error: test failed, to rerun pass `--test scoped_ssh`

EXIT:101
