input ok bb86cb216e871792cf5477f467e3a9fa453c6bc881a8536a239af3b3a5cb995d delta.tar
input ok 1a88a9ad3170c776f56072e30ec896b7bd78642c4172069990374f65b3b56696 manifest.tsv
input ok cec3047751c2649e9fa81b4936d9342901ba95b473706e6eaf3fb3b6a339b4d9 parent.bundle
input ok 51b7324ace7d822aa799e5d801d15457b2530e80eec910f8816aa6a8c03c6db6 run.json
input ok 07933e8e523422eee35acd62f9845974642e349f278144f0ae2bc509f7cb58b8 runner\checkout.ps1
input ok 4155946305027b6a31ee878541c6b9b4ca5d88e29c42fd806b3e703308e0ae32 runner\cleanup.ps1
input ok 31386f7ab59d1d7742020a007fba1afd2dd0d7eee69038e1abc6bb7b139289de runner\common.ps1
input ok 8a8605758825a0f979f5a07d07f247dbf5459ab647e16d23b2087a77397ebd0a runner\preflight.ps1
input ok a578563dd98ce5344f236c34a99cb417604c6b52e5de42e9a8908dcab20c54bc runner\purge.ps1
input ok 24f249e45d51f80971c8948c9d5a5c2fa1c3c37d1a7f86909d4be0c514c6ae64 runner\step.ps1
c-free-bytes=25670602752
> git --version
git version 2.55.0.windows.2
EXIT=0
> C:\Windows\System32\tar.exe --version
bsdtar 3.8.8 - libarchive 3.8.8 zlib/1.2.13.1-motley liblzma/5.8.1 bz2lib/1.0.8 libzstd/1.5.7 cng/2.0 libb2/bundled 
EXIT=0
> cargo --version
cargo 1.97.0 (c980f4866 2026-06-30)
EXIT=0
> rustc -vV
rustc 1.97.0 (2d8144b78 2026-07-07)
binary: rustc
commit-hash: 2d8144b7880597b6e6d3dfd63a9a9efae3f533d3
commit-date: 2026-07-07
host: x86_64-pc-windows-msvc
release: 1.97.0
LLVM version: 22.1.6
EXIT=0
> bun --version
1.4.0
EXIT=0
> zig version
0.16.0
EXIT=0
> git -C C:\Users\sook\ferryx-ghostty rev-parse HEAD
6a508fd5e34c7e222c052a6d00bb3891ff3feace
EXIT=0
