$ vitest run --maxWorkers=1 src/features/ferryx/chat

 RUN  v3.2.7 /Users/indo/code/project/orca-lite/ui

 ❯ src/features/ferryx/chat/drafts.test.ts (1 test | 1 failed) 4ms
   × protected chat drafts > isolates the full immutable target and revokes every protected key 3ms
     → expected 'private A' to be '' // Object.is equality

⎯⎯⎯⎯⎯⎯⎯ Failed Tests 1 ⎯⎯⎯⎯⎯⎯⎯

 FAIL  src/features/ferryx/chat/drafts.test.ts > protected chat drafts > isolates the full immutable target and revokes every protected key
AssertionError: expected 'private A' to be '' // Object.is equality

- Expected
+ Received

+ private A

 ❯ src/features/ferryx/chat/drafts.test.ts:9:42
      7|   localStorage.clear();
      8|   saveDraft(localStorage,a,{text:"private A",attachments:[]});
      9|   expect(loadDraft(localStorage,b).text).toBe("");
       |                                          ^
     10|   expect(draftKey(a)).not.toBe(draftKey({...a,epoch:"2"}));
     11|   saveDraft(localStorage,b,{text:"private B",attachments:[]});

⎯⎯⎯⎯⎯⎯⎯⎯⎯⎯⎯⎯⎯⎯⎯⎯⎯⎯⎯⎯⎯⎯⎯⎯[1/1]⎯


 Test Files  1 failed (1)
      Tests  1 failed (1)
   Start at  19:25:15
   Duration  692ms (transform 51ms, setup 124ms, collect 79ms, tests 4ms, environment 178ms, prepare 55ms)

error: script "test" exited with code 1
