   Compiling unicode-ident v1.0.24
   Compiling proc-macro2 v1.0.107
   Compiling quote v1.0.47
   Compiling cfg-if v1.0.4
   Compiling serde_core v1.0.229
   Compiling libc v0.2.189
   Compiling serde v1.0.229
   Compiling equivalent v1.0.2
   Compiling pkg-config v0.3.34
   Compiling hashbrown v0.17.1
   Compiling smallvec v1.15.2
   Compiling heck v0.5.0
   Compiling version_check v0.9.5
   Compiling log v0.4.33
   Compiling winnow v0.5.40
   Compiling once_cell v1.21.4
   Compiling memchr v2.8.3
   Compiling target-lexicon v0.12.16
   Compiling version-compare v0.2.1
   Compiling autocfg v1.5.1
   Compiling pin-project-lite v0.2.17
   Compiling indexmap v2.14.0
   Compiling itoa v1.0.18
   Compiling parking_lot_core v0.9.12
   Compiling thiserror v1.0.69
   Compiling scopeguard v1.2.0
   Compiling shlex v2.0.1
   Compiling find-msvc-tools v0.1.11
   Compiling futures-core v0.3.34
   Compiling cfg-expr v0.15.8
   Compiling lock_api v0.4.14
   Compiling bytes v1.12.1
   Compiling writeable v0.6.4
   Compiling cc v1.4.3
   Compiling litemap v0.8.3
   Compiling winnow v1.0.4
   Compiling thiserror v2.0.20
   Compiling utf8_iter v1.0.4
   Compiling siphasher v1.0.3
   Compiling slab v0.4.12
   Compiling icu_normalizer_data v2.3.0
   Compiling syn v3.0.3
   Compiling syn v2.0.119
   Compiling icu_properties_data v2.3.0
   Compiling phf_shared v0.13.1
   Compiling fastrand v2.5.0
   Compiling stable_deref_trait v1.2.1
   Compiling http v1.5.0
   Compiling generic-array v0.14.7
   Compiling zmij v1.0.23
   Compiling getrandom v0.2.17
   Compiling phf_generator v0.13.1
   Compiling typenum v1.20.1
   Compiling quick-xml v0.41.0
   Compiling semver v1.0.28
   Compiling toml_datetime v1.1.1+spec-1.1.0
   Compiling time-core v0.1.9
   Compiling bitflags v2.13.1
   Compiling toml_parser v1.1.3+spec-1.1.0
   Compiling num-conv v0.2.2
   Compiling powerfmt v0.2.0
   Compiling toml_writer v1.1.2+spec-1.1.0
   Compiling rustc_version v0.4.1
   Compiling base64 v0.22.1
   Compiling phf_codegen v0.13.1
   Compiling ident_case v1.0.1
   Compiling typeid v1.0.3
   Compiling futures-sink v0.3.34
   Compiling strsim v0.11.1
   Compiling byteorder v1.5.0
   Compiling erased-serde v0.4.10
   Compiling futures-task v0.3.34
   Compiling aho-corasick v1.1.5
   Compiling regex-syntax v0.8.11
   Compiling unic-common v0.9.0
   Compiling unic-char-range v0.9.0
   Compiling fnv v1.0.7
   Compiling new_debug_unreachable v1.0.6
   Compiling string_cache_codegen v0.6.1
   Compiling serde_json v1.0.151
   Compiling unic-ucd-version v0.9.0
   Compiling precomputed-hash v0.1.1
   Compiling getrandom v0.4.3
   Compiling unic-char-property v0.9.0
   Compiling alloc-no-stdlib v2.0.4
   Compiling anyhow v1.0.104
   Compiling serde_spanned v1.1.1
   Compiling same-file v1.0.6
   Compiling unic-ucd-ident v0.9.0
   Compiling web_atoms v0.2.6
   Compiling alloc-stdlib v0.2.4
   Compiling walkdir v2.5.0
   Compiling futures-channel v0.3.34
   Compiling parking_lot v0.12.5
   Compiling brotli-decompressor v5.0.3
   Compiling dtoa v1.0.11
   Compiling dunce v1.0.5
   Compiling rustc-hash v2.1.3
   Compiling bitflags v1.3.2
   Compiling ctor-proc-macro v0.0.7
   Compiling percent-encoding v2.3.2
   Compiling ctor v0.8.0
   Compiling dtoa-short v0.3.5
   Compiling string_cache v0.9.0
   Compiling uuid v1.26.0
   Compiling tendril v0.5.1
   Compiling selectors v0.36.1
   Compiling rand_core v0.6.4
   Compiling form_urlencoded v1.2.2
   Compiling indexmap v1.9.3
   Compiling proc-macro-error-attr v1.0.4
   Compiling camino v1.2.5
   Compiling futures-io v0.3.34
   Compiling syn v1.0.109
   Compiling glob v0.3.4
   Compiling subtle v2.6.1
   Compiling toml v1.1.4+spec-1.1.0
   Compiling servo_arc v0.4.3
   Compiling brotli v8.0.4
   Compiling proc-macro-error v1.0.4
   Compiling rustix v1.1.4
   Compiling bit-vec v0.8.0
   Compiling deranged v0.5.8
   Compiling hashbrown v0.12.3
   Compiling schemars v0.8.22
   Compiling bit-set v0.8.0
   Compiling cfb v0.7.3
   Compiling serde_derive v1.0.229
   Compiling synstructure v0.13.2
   Compiling zerovec-derive v0.11.5
   Compiling displaydoc v0.2.7
   Compiling thiserror-impl v1.0.69
   Compiling thiserror-impl v2.0.20
   Compiling phf_macros v0.13.1
   Compiling darling_core v0.23.0
   Compiling futures-macro v0.3.34
   Compiling zerofrom-derive v0.1.7
   Compiling yoke-derive v0.8.2
   Compiling regex-automata v0.4.18
   Compiling bytemuck_derive v1.12.0
   Compiling zeroize_derive v1.5.0
   Compiling phf v0.13.1
   Compiling derive_more-impl v2.1.1
   Compiling futures-util v0.3.34
   Compiling zerofrom v0.1.8
   Compiling cssparser-macros v0.6.1
   Compiling serde_derive_internals v0.29.1
   Compiling zeroize v1.9.0
   Compiling yoke v0.8.3
   Compiling cssparser v0.36.0
   Compiling bytemuck v1.25.2
   Compiling derive_more v2.1.1
   Compiling zerovec v0.11.8
   Compiling zerotrie v0.2.5
   Compiling schemars_derive v0.8.22
   Compiling time v0.3.55
   Compiling markup5ever v0.38.0
   Compiling tinystr v0.8.4
   Compiling potential_utf v0.1.6
   Compiling darling_macro v0.23.0
   Compiling errno v0.3.14
   Compiling html5ever v0.38.0
   Compiling toml_datetime v0.6.3
   Compiling serde_spanned v0.6.9
   Compiling darling v0.23.0
   Compiling icu_collections v2.3.0
   Compiling icu_locale_core v2.3.0
   Compiling jsonptr v0.6.3
   Compiling cargo-platform v0.1.9
   Compiling toml_edit v0.20.2
   Compiling serde_with_macros v3.22.0
   Compiling linux-raw-sys v0.12.1
   Compiling regex v1.13.1
   Compiling foldhash v0.2.0
   Compiling dyn-clone v1.0.20
   Compiling json-patch v3.0.1
   Compiling serde_with v3.22.0
   Compiling cargo_metadata v0.19.2
   Compiling serde-untagged v0.1.9
   Compiling signal-hook-registry v1.4.8
   Compiling infer v0.19.0
   Compiling dom_query v0.27.0
   Compiling crypto-common v0.1.7
   Compiling cpufeatures v0.2.17
   Compiling icu_provider v2.3.0
   Compiling heck v0.4.1
   Compiling plist v1.10.0
   Compiling futures-executor v0.3.34
   Compiling block-buffer v0.10.4
   Compiling cfg_aliases v0.2.2
   Compiling libm v0.2.16
   Compiling zerocopy v0.8.56
   Compiling zerocopy-derive v0.8.56
   Compiling icu_normalizer v2.3.0
   Compiling icu_properties v2.3.0
   Compiling socket2 v0.6.5
   Compiling mio v1.2.2
   Compiling num-traits v0.2.19
   Compiling toml v0.8.2
   Compiling proc-macro-crate v2.0.2
   Compiling libloading v0.8.9
   Compiling option-ext v0.2.0
   Compiling arrayvec v0.7.8
   Compiling tokio-macros v2.7.2
   Compiling glib-macros v0.18.5
   Compiling rand_core v0.10.1
   Compiling crossbeam-utils v0.8.22
   Compiling system-deps v6.2.2
   Compiling tracing-core v0.1.36
   Compiling gio v0.18.4
   Compiling tokio v1.53.1
   Compiling idna_adapter v1.2.2
   Compiling glib-sys v0.18.1
   Compiling gobject-sys v0.18.0
   Compiling gio-sys v0.18.1
   Compiling idna v1.1.0
   Compiling gdk-sys v0.18.2
   Compiling pango-sys v0.18.0
   Compiling atk-sys v0.18.2
   Compiling gdk-pixbuf-sys v0.18.0
   Compiling cairo-sys-rs v0.18.2
   Compiling gtk-sys v0.18.2
   Compiling getrandom v0.3.4
   Compiling winnow v0.7.15
   Compiling tracing-attributes v0.1.31
   Compiling toml_datetime v0.7.5+spec-1.1.0
   Compiling url v2.5.8
   Compiling raw-window-handle v0.6.2
   Compiling tracing v0.1.44
   Compiling dlib v0.5.3
   Compiling urlpattern v0.3.0
   Compiling dirs-sys v0.5.0
   Compiling rustls-pki-types v1.15.1
   Compiling embed-resource v3.0.11
   Compiling toml v0.9.12+spec-1.1.0
   Compiling ring v0.17.14
   Compiling wayland-sys v0.31.11
   Compiling tauri-winres v0.3.6
   Compiling dirs v6.0.0
   Compiling memoffset v0.9.1
   Compiling glib v0.18.5
   Compiling toml_edit v0.19.15
   Compiling field-offset v0.3.6
   Compiling tauri-utils v2.9.3
   Compiling time-macros v0.2.32
   Compiling untrusted v0.9.0
   Compiling crc32fast v1.5.0
   Compiling cargo_toml v0.22.3
   Compiling lazy_static v1.5.0
   Compiling simd-adler32 v0.3.10
   Compiling javascriptcore-rs-sys v1.1.1
   Compiling soup3-sys v0.5.0
   Compiling gtk v0.18.2
   Compiling parking v2.2.1
   Compiling adler2 v2.0.1
   Compiling proc-macro-crate v1.3.1
   Compiling miniz_oxide v0.8.9
   Compiling webkit2gtk-sys v2.0.2
   Compiling x11 v2.21.0
   Compiling rustls v0.23.43
   Compiling gtk3-macros v0.18.2
   Compiling fdeflate v0.3.7
   Compiling symphonia-core v0.5.5
   Compiling gdkx11-sys v0.18.2
   Compiling digest v0.10.7
   Compiling dpi v0.1.2
   Compiling flate2 v1.1.9
   Compiling wayland-backend v0.3.17
   Compiling x11-dl v2.21.0
   Compiling downcast-rs v1.2.1
   Compiling atomic-waker v1.1.2
   Compiling polling v3.11.0
   Compiling http-body v1.1.0
   Compiling cookie v0.18.2
   Compiling libdbus-sys v0.2.7
   Compiling scoped-tls v1.0.1
   Compiling httparse v1.10.1
   Compiling enumflags2_derive v0.7.12
   Compiling toml_edit v0.25.13+spec-1.1.0
   Compiling rustls-webpki v0.103.15
   Compiling encoding_rs v0.8.35
   Compiling wayland-client v0.31.15
   Compiling tower-service v0.3.3
   Compiling proc-macro-crate v3.5.0
   Compiling png v0.17.16
   Compiling event-listener v5.4.2
   Compiling symphonia-metadata v0.5.5
   Compiling concurrent-queue v2.5.0
   Compiling cairo-rs v0.18.5
   Compiling atk v0.18.2
   Compiling javascriptcore-rs v1.1.2
   Compiling crossbeam-channel v0.5.16
   Compiling zvariant_utils v4.2.0
   Compiling dlopen2_derive v0.4.3
   Compiling block-padding v0.3.3
   Compiling wayland-scanner v0.31.11
   Compiling tauri-runtime v2.11.3
   Compiling wry v0.55.1
   Compiling mime v0.3.17
   Compiling inout v0.1.4
   Compiling dlopen2 v0.8.2
   Compiling ico v0.5.0
   Compiling event-listener-strategy v0.5.4
   Compiling sha2 v0.10.9
   Compiling dbus v0.9.12
   Compiling zvariant_derive v5.15.0
   Compiling futures-lite v2.6.1
   Compiling gdkwayland-sys v0.18.2
   Compiling ppv-lite86 v0.2.21
   Compiling serde_repr v0.1.21
   Compiling tauri-plugin v2.6.3
   Compiling tauri-build v2.6.3
   Compiling unicode-segmentation v1.13.3
   Compiling endi v1.1.1
   Compiling tower-layer v0.3.3
   Compiling pxfm v0.1.30
   Compiling rustc-hash v1.1.0
   Compiling tauri-runtime-wry v2.11.4
   Compiling try-lock v0.2.5
   Compiling tauri-codegen v2.6.3
   Compiling naga-types v30.0.1
   Compiling keyboard-types v0.7.0
   Compiling want v0.3.1
   Compiling tauri v2.11.5
   Compiling cipher v0.4.4
   Compiling png v0.18.1
   Compiling webpki-roots v1.0.9
   Compiling naga v30.0.1
   Compiling serialize-to-javascript-impl v0.1.2
   Compiling sync_wrapper v1.0.2
   Compiling async-io v2.6.0
   Compiling rustix v0.38.44
   Compiling httpdate v1.0.3
   Compiling byteorder-lite v0.1.0
   Compiling ash v0.38.0+1.3.281
   Compiling unicode-width v0.1.14
   Compiling bit-vec v0.9.1
   Compiling serialize-to-javascript v0.1.2
   Compiling tauri-macros v2.6.3
   Compiling hyper v1.11.0
   Compiling tokio-rustls v0.26.4
   Compiling bit-set v0.10.0
   Compiling codespan-reporting v0.13.1
   Compiling symphonia-utils-xiph v0.5.5
   Compiling enumflags2 v0.7.12
   Compiling half v2.7.1
   Compiling rand_core v0.9.5
   Compiling universal-hash v0.5.1
   Compiling zcheapstr v1.1.0
   Compiling spirv v0.4.0+sdk-1.4.341.0
   Compiling ahash v0.8.12
   Compiling opaque-debug v0.3.1
   Compiling khronos-egl v6.0.0
   Compiling linux-raw-sys v0.4.15
   Compiling static_assertions v1.1.0
   Compiling async-task v4.7.1
   Compiling ipnet v2.12.1
   Compiling allocator-api2 v0.2.21
   Compiling zvariant v5.15.0
   Compiling wgpu-types v30.0.1
   Compiling rand_chacha v0.9.0
   Compiling moxcms v0.8.1
   Compiling hyper-util v0.1.20
   Compiling hashbrown v0.16.1
   Compiling tower v0.5.3
   Compiling wayland-protocols v0.32.13
   Compiling tauri-plugin-fs v2.5.1
   Compiling async-channel v2.5.0
   Compiling http-body-util v0.1.5
   Compiling wgpu-hal v30.0.1
   Compiling curve25519-dalek v4.1.3
   Compiling alsa-sys v0.4.0
   Compiling presser v0.3.1
   Compiling zbus_names v4.3.4
   Compiling async-signal v0.2.14
   Compiling rand v0.9.5
   Compiling async-lock v3.4.2
   Compiling piper v0.2.5
   Compiling ordered-float v4.6.0
   Compiling calloop v0.13.0
   Compiling curve25519-dalek-derive v0.1.1
   Compiling profiling v1.0.18
   Compiling openssl-probe v0.2.1
   Compiling xcursor v0.3.11
   Compiling glow v0.17.0
   Compiling ttf-parser v0.25.1
   Compiling smithay-client-toolkit v0.19.2
   Compiling xkeysym v0.2.1
   Compiling inotify-sys v0.1.8
   Compiling image v0.25.10
   Compiling arrayref v0.3.9
   Compiling cursor-icon v1.2.0
   Compiling cpufeatures v0.3.0
   Compiling strict-num v0.1.1
   Compiling renderdoc-sys v1.1.0
   Compiling cfg_aliases v0.1.1
   Compiling vcpkg v0.2.15
   Compiling tiny-skia-path v0.11.4
   Compiling nix v0.28.0
   Compiling wayland-csd-frame v0.3.0
   Compiling chacha20 v0.10.1
   Compiling libsqlite3-sys v0.30.1
   Compiling calloop-wayland-source v0.3.0
   Compiling wayland-cursor v0.31.14
   Compiling rustls-native-certs v0.8.4
   Compiling async-process v2.5.0
   Compiling blocking v1.6.2
   Compiling zbus_macros v5.19.0
   Compiling pango v0.18.3
   Compiling gdk-pixbuf v0.18.5
   Compiling soup3 v0.5.0
   Compiling wayland-protocols-wlr v0.3.12
   Compiling owned_ttf_parser v0.25.1
   Compiling hyper-rustls v0.27.9
   Compiling tower-http v0.6.11
   Compiling async-executor v1.14.0
   Compiling polyval v0.6.2
   Compiling tauri-plugin-updater v2.10.1
   Compiling tauri-plugin-dialog v2.7.2
   Compiling tauri-plugin-process v2.3.1
   Compiling tauri-plugin-notification v2.3.3
   Compiling async-broadcast v0.7.2
   Compiling tokio-util v0.7.19
   Compiling sha1 v0.10.7
   Compiling num-integer v0.1.47
   Compiling wgpu-core v30.0.1
   Compiling quinn-udp v0.5.15
   Compiling aead v0.5.2
   Compiling async-recursion v1.1.1
   Compiling async-trait v0.1.92
   Compiling memmap2 v0.9.11
   Compiling ordered-stream v0.2.0
   Compiling cpal v0.17.3
   Compiling tinyvec_macros v0.1.1
   Compiling litrs v1.0.0
   Compiling data-encoding v2.11.1
   Compiling rfd v0.16.0
   Compiling hex v0.4.3
   Compiling extended v0.1.0
   Compiling ab_glyph_rasterizer v0.1.10
   Compiling ryu v1.0.23
   Compiling unicase v2.9.0
   Compiling symphonia-format-riff v0.5.5
   Compiling zbus v5.19.0
   Compiling gdk v0.18.2
   Compiling ab_glyph v0.2.32
   Compiling document-features v0.2.12
   Compiling serde_urlencoded v0.7.1
   Compiling mime_guess v2.0.5
   Compiling tinyvec v1.12.0
   Compiling tungstenite v0.29.0
   Compiling num-bigint v0.4.8
   Compiling ghash v0.5.1
   Compiling alsa v0.11.0
   Compiling rustls-platform-verifier v0.7.0
   Compiling tiny-skia v0.11.4
   Compiling rand v0.10.2
   Compiling hashbrown v0.14.5
   Compiling poly1305 v0.8.0
   Compiling symphonia-bundle-flac v0.5.5
   Compiling symphonia-codec-vorbis v0.5.5
   Compiling symphonia-format-isomp4 v0.5.5
   Compiling symphonia-format-ogg v0.5.5
   Compiling ctr v0.9.2
   Compiling aes v0.8.4
   Compiling chacha20 v0.9.1
   Compiling webpki-roots v0.26.11
   Compiling symphonia-bundle-mp3 v0.5.5
   Compiling symphonia-codec-aac v0.5.5
   Compiling symphonia-codec-pcm v0.5.5
   Compiling gethostname v1.1.0
   Compiling xattr v1.6.1
   Compiling rand_pcg v0.10.2
   Compiling winit v0.30.13
   Compiling wgpu v30.0.1
   Compiling quinn v0.11.11
   Compiling snow v0.9.6
   Compiling filetime v0.2.29
   Compiling signature v2.2.0
   Compiling dasp_sample v0.11.0
   Compiling x11rb-protocol v0.13.2
   Compiling as-raw-xcb-connection v1.0.1
   Compiling lru-slab v0.1.2
   Compiling symphonia v0.5.5
   Compiling ed25519 v2.2.3
   Compiling quinn-proto v0.11.17
   Compiling aes-gcm v0.10.3
   Compiling tar v0.4.46
   Compiling chacha20poly1305 v0.10.1
   Compiling gdkx11 v0.18.2
   Compiling tokio-tungstenite v0.29.0
   Compiling sctk-adwaita v0.10.1
   Compiling hashlink v0.9.1
   Compiling wgpu-naga-bridge v30.0.1
   Compiling num-rational v0.4.2
   Compiling gpu-allocator v0.28.0
   Compiling inotify v0.11.5
   Compiling reqwest v0.13.4
   Compiling wayland-protocols-plasma v0.3.12
   Compiling xkbcommon-dl v0.4.2
   Compiling axum-core v0.5.6
   Compiling ferryx v2026.928.7 (/home/indo/ferryx-pane-completion/source-5464da0d/src-tauri)
   Compiling rand_chacha v0.3.1
   Compiling yasna v0.6.0
   Compiling tempfile v3.27.0
   Compiling tokio-stream v0.1.19
   Compiling hmac v0.12.1
   Compiling blake2 v0.10.6
   Compiling sharded-slab v0.1.7
   Compiling tracing-log v0.2.0
   Compiling filedescriptor v0.8.3
   Compiling notify-types v2.1.0
   Compiling serde_path_to_error v0.1.20
   Compiling serial2 v0.2.38
   Compiling notify-rust v4.18.0
   Compiling thread_local v1.1.10
   Compiling minisign-verify v0.2.5
   Compiling fallible-iterator v0.3.0
   Compiling nu-ansi-term v0.50.3
   Compiling smol_str v0.2.2
   Compiling fallible-streaming-iterator v0.1.9
   Compiling matchit v0.8.4
   Compiling shell-words v1.1.1
   Compiling notify v8.2.0
   Compiling rusqlite v0.32.1
   Compiling tracing-subscriber v0.3.23
   Compiling portable-pty v0.9.0 (/home/indo/ferryx-pane-completion/source-5464da0d/src-tauri/vendor/portable-pty)
   Compiling axum v0.8.9
   Compiling tokio-test v0.4.5
   Compiling pbkdf2 v0.12.2
   Compiling rcgen v0.14.10
   Compiling rand v0.8.7
   Compiling rodio v0.22.2
   Compiling ed25519-dalek v2.2.0
   Compiling reqwest v0.12.28
   Compiling x25519-dalek v2.0.1
   Compiling cbc v0.1.2
   Compiling tower-http v0.7.1
   Compiling base64 v0.23.1
   Compiling pollster v1.0.1
   Compiling wgpu-core-deps-windows-linux-android v30.0.1
   Compiling x11rb v0.13.2
   Compiling webkit2gtk v2.0.2
   Compiling tao v0.35.3
   Compiling muda v0.19.3
error: failed to run custom build command for `ferryx v2026.928.7 (/home/indo/ferryx-pane-completion/source-5464da0d/src-tauri)`

Caused by:
  process didn't exit successfully: `/home/indo/ferryx-pane-completion/source-5464da0d/src-tauri/target/debug/build/ferryx-398fab89cc2b30f3/build-script-build` (exit status: 1)
  --- stdout
  cargo:rustc-link-search=native=/home/indo/ferryx-pane-completion/source-5464da0d/src-tauri/target/debug/build/ferryx-eea6afff9029d39c/out/ghostty_vt/lib
  cargo:rustc-link-lib=static=ghostty-vt
  cargo:include=/home/indo/ferryx-pane-completion/source-5464da0d/src-tauri/target/debug/build/ferryx-eea6afff9029d39c/out/ghostty_vt/include
  cargo:ghostty_lib_dir=/home/indo/ferryx-pane-completion/source-5464da0d/src-tauri/target/debug/build/ferryx-eea6afff9029d39c/out/ghostty_vt/lib
  cargo:ghostty_include_dir=/home/indo/ferryx-pane-completion/source-5464da0d/src-tauri/target/debug/build/ferryx-eea6afff9029d39c/out/ghostty_vt/include
  cargo:ghostty_sha=6a508fd5e34c7e222c052a6d00bb3891ff3feace
  cargo:ghostty_zig_version=0.16.0
  cargo:ghostty_target=x86_64-unknown-linux-gnu
  cargo:ghostty_zig_target=x86_64-linux-gnu
  cargo:ghostty_artifact=/home/indo/ferryx-pane-completion/source-5464da0d/src-tauri/target/debug/build/ferryx-eea6afff9029d39c/out/ghostty_vt/lib/libghostty-vt.a
  cargo:rerun-if-changed=native_terminal/build_ghostty.rs
  cargo:rerun-if-changed=native_terminal/ghostty_source_lock.json
  cargo:rerun-if-changed=vendor/ghostty/build.zig
  cargo:rerun-if-changed=vendor/ghostty/src
  cargo:rerun-if-changed=vendor/ghostty/include
  cargo:rerun-if-env-changed=TARGET
  cargo:rerun-if-env-changed=HOST
  cargo:rerun-if-env-changed=ZIG
  cargo:rerun-if-env-changed=TAURI_CONFIG
  cargo:rustc-check-cfg=cfg(desktop)
  cargo:rustc-cfg=desktop
  cargo:rustc-check-cfg=cfg(mobile)
  cargo:rerun-if-changed=/home/indo/ferryx-pane-completion/source-5464da0d/src-tauri/tauri.conf.json
  cargo:rerun-if-changed=/home/indo/ferryx-pane-completion/source-5464da0d/src-tauri/tauri.linux.conf.json
  cargo:rustc-env=TAURI_ANDROID_PACKAGE_NAME_APP_NAME=app
  cargo:rustc-env=TAURI_ANDROID_PACKAGE_NAME_PREFIX=com_ferryx
  cargo:rustc-check-cfg=cfg(dev)
  cargo:rustc-cfg=dev
  cargo:PERMISSION_FILES_PATH=/home/indo/ferryx-pane-completion/source-5464da0d/src-tauri/target/debug/build/ferryx-eea6afff9029d39c/out/app-manifest/__app__-permission-files
  cargo:rerun-if-changed=capabilities
  cargo:rerun-if-env-changed=REMOVE_UNUSED_COMMANDS
  cargo:rustc-env=TAURI_ENV_TARGET_TRIPLE=x86_64-unknown-linux-gnu
  resource path `../ui/dist` doesn't exist
