DEFAULT CHECK START 2026-10-05T01:28:38+09:00
    Checking serde_core v1.0.229
   Compiling semver v1.0.28
   Compiling serde v1.0.229
   Compiling serde_spanned v1.1.1
   Compiling serde_json v1.0.151
   Compiling web_atoms v0.2.6
   Compiling uuid v1.26.0
   Compiling selectors v0.36.1
   Compiling erased-serde v0.4.10
   Compiling thiserror v2.0.20
   Compiling serde_with v3.22.0
   Compiling toml_datetime v0.7.5+spec-1.1.0
   Compiling rustc_version v0.4.1
   Compiling toml v1.1.4+spec-1.1.0
    Checking x11-dl v2.21.0
   Compiling cfb v0.7.3
   Compiling field-offset v0.3.6
   Compiling infer v0.19.0
   Compiling toml v0.9.12+spec-1.1.0
   Compiling toml_edit v0.25.13+spec-1.1.0
    Checking naga-types v30.0.1
   Compiling markup5ever v0.38.0
   Compiling serde-untagged v0.1.9
   Compiling toml_datetime v0.6.3
   Compiling serde_spanned v0.6.9
    Checking bitflags v2.13.1
   Compiling url v2.5.8
   Compiling cargo-platform v0.1.9
   Compiling indexmap v1.9.3
    Checking rustix v1.1.4
   Compiling plist v1.10.0
   Compiling embed-resource v3.0.11
   Compiling cargo_toml v0.22.3
    Checking deranged v0.5.8
   Compiling urlpattern v0.3.0
   Compiling toml_edit v0.20.2
   Compiling toml_edit v0.19.15
   Compiling jsonptr v0.6.3
   Compiling cargo_metadata v0.19.2
   Compiling html5ever v0.38.0
   Compiling schemars v0.8.22
   Compiling tauri-winres v0.3.6
    Checking time v0.3.55
    Checking dpi v0.1.2
   Compiling proc-macro-crate v1.3.1
   Compiling json-patch v3.0.1
    Checking toml_datetime v1.1.1+spec-1.1.0
   Compiling dom_query v0.27.0
   Compiling toml v0.8.2
   Compiling proc-macro-crate v2.0.2
    Checking polling v3.11.0
    Checking wayland-backend v0.3.17
    Checking cookie v0.18.2
   Compiling tauri-utils v2.9.3
   Compiling system-deps v6.2.2
   Compiling gtk3-macros v0.18.2
   Compiling proc-macro-crate v3.5.0
   Compiling zvariant_utils v4.2.0
    Checking wayland-client v0.31.15
    Checking keyboard-types v0.7.0
    Checking png v0.18.1
    Checking serialize-to-javascript v0.1.2
    Checking spirv v0.4.0+sdk-1.4.341.0
   Compiling zcheapstr v1.1.0
   Compiling enumflags2 v0.7.12
    Checking rustix v0.38.44
    Checking wgpu-types v30.0.1
   Compiling glib-sys v0.18.1
   Compiling gobject-sys v0.18.0
   Compiling gio-sys v0.18.1
   Compiling gdk-sys v0.18.2
   Compiling pango-sys v0.18.0
   Compiling gdk-pixbuf-sys v0.18.0
   Compiling atk-sys v0.18.2
   Compiling cairo-sys-rs v0.18.2
   Compiling gtk-sys v0.18.2
   Compiling soup3-sys v0.5.0
   Compiling javascriptcore-rs-sys v1.1.1
   Compiling webkit2gtk-sys v2.0.2
   Compiling gdkx11-sys v0.18.2
   Compiling gtk v0.18.2
    Checking image v0.25.10
    Checking wayland-protocols v0.32.13
   Compiling wry v0.55.1
    Checking async-io v2.6.0
   Compiling zvariant_derive v5.15.0
   Compiling zvariant v5.15.0
   Compiling glib-macros v0.18.5
   Compiling curve25519-dalek v4.1.3
    Checking naga v30.0.1
    Checking gpu-allocator v0.28.0
    Checking calloop v0.13.0
    Checking async-signal v0.2.14
    Checking wayland-cursor v0.31.14
    Checking wayland-csd-frame v0.3.0
    Checking async-process v2.5.0
    Checking calloop-wayland-source v0.3.0
    Checking glib v0.18.5
    Checking zbus_names v4.3.4
    Checking tower-http v0.6.11
   Compiling rfd v0.16.0
    Checking tungstenite v0.29.0
    Checking serde_urlencoded v0.7.1
    Checking alsa v0.11.0
    Checking xattr v1.6.1
    Checking gethostname v1.1.0
    Checking wgpu-naga-bridge v30.0.1
    Checking wayland-protocols-wlr v0.3.12
   Compiling snow v0.9.6
    Checking quinn-proto v0.11.17
    Checking wgpu-hal v30.0.1
    Checking x11rb v0.13.2
    Checking tar v0.4.46
    Checking cpal v0.17.3
    Checking wayland-protocols-plasma v0.3.12
    Checking tokio-tungstenite v0.29.0
   Compiling zbus_macros v5.19.0
    Checking gio v0.18.4
    Checking cairo-rs v0.18.5
    Checking atk v0.18.2
    Checking javascriptcore-rs v1.1.2
    Checking gdkwayland-sys v0.18.2
    Checking smithay-client-toolkit v0.19.2
    Checking zbus v5.19.0
    Checking nix v0.28.0
    Checking reqwest v0.13.4
    Checking inotify v0.11.5
    Checking libsqlite3-sys v0.30.1
    Checking xkbcommon-dl v0.4.2
    Checking sctk-adwaita v0.10.1
    Checking yasna v0.6.0
    Checking tempfile v3.27.0
    Checking notify-types v2.1.0
    Checking serde_path_to_error v0.1.20
    Checking mime_guess v2.0.5
    Checking rusqlite v0.32.1
    Checking winit v0.30.13
    Checking rcgen v0.14.10
    Checking axum v0.8.9
    Checking notify v8.2.0
error: error writing dependencies to `/tmp/sccacheHLoaFX/deps.d`: Disk quota exceeded (os error 122)

    Checking portable-pty v0.9.0 (/home/indo/ferryx-pane-completion/source-21dea3c0/src-tauri/vendor/portable-pty)
error: could not compile `winit` (lib) due to 1 previous error
warning: build failed, waiting for other jobs to finish...
error: error writing dependencies to `/tmp/sccachefvuhyU/deps.d`: Disk quota exceeded (os error 122)

error: could not compile `axum` (lib) due to 1 previous error
DEFAULT_CHECK_EXIT=101
