    Blocking waiting for file lock on build directory
   Compiling ferryx v2026.915.1 (/Users/indo/code/project/orca-lite/src-tauri)
warning: variable does not need to be mutable
    --> src/ipc/browser.rs:1307:9
     |
1307 |     let mut targets = manager
     |         ----^^^^^^^
     |         |
     |         help: remove this `mut`
     |
     = note: `#[warn(unused_mut)]` (part of `#[warn(unused)]`) on by default

warning: unnecessary `unsafe` block
  --> src/macos_file_drop.rs:79:28
   |
79 |             let location = unsafe { info.draggingLocation() };
   |                            ^^^^^^ unnecessary `unsafe` block
   |
   = note: `#[warn(unused_unsafe)]` (part of `#[warn(unused)]`) on by default

warning: unnecessary `unsafe` block
  --> src/macos_file_drop.rs:80:25
   |
80 |             let point = unsafe { self.convertPoint_fromView(location, None) };
   |                         ^^^^^^ unnecessary `unsafe` block

warning: unnecessary `unsafe` block
   --> src/macos_file_drop.rs:102:46
    |
102 |     let pasteboard: Retained<NSPasteboard> = unsafe { info.draggingPasteboard() };
    |                                              ^^^^^^ unnecessary `unsafe` block

warning: unnecessary `unsafe` block
   --> src/macos_file_drop.rs:105:25
    |
105 |     if let Some(list) = unsafe { pasteboard.propertyListForType(&legacy) } {
    |                         ^^^^^^ unnecessary `unsafe` block

warning: unnecessary `unsafe` block
   --> src/macos_file_drop.rs:122:25
    |
122 |     if let Some(text) = unsafe { pasteboard.stringForType(file_url_type) } {
    |                         ^^^^^^ unnecessary `unsafe` block

warning: unnecessary `unsafe` block
   --> src/macos_file_drop.rs:123:28
    |
123 |         if let Some(url) = unsafe { NSURL::URLWithString(&text) } {
    |                            ^^^^^^ unnecessary `unsafe` block

warning: unnecessary `unsafe` block
   --> src/macos_file_drop.rs:124:33
    |
124 |             if let Some(path) = unsafe { url.path() } {
    |                                 ^^^^^^ unnecessary `unsafe` block

warning: unnecessary `unsafe` block
   --> src/macos_file_drop.rs:169:5
    |
169 |     unsafe { view.registerForDraggedTypes(&types) };
    |     ^^^^^^ unnecessary `unsafe` block

warning: unused variable: `super_key`
   --> src/native_terminal/input.rs:366:13
    |
366 |         let super_key = KeyModifiers {
    |             ^^^^^^^^^ help: if this is intentional, prefix it with an underscore: `_super_key`
    |
    = note: `#[warn(unused_variables)]` (part of `#[warn(unused)]`) on by default

warning: variable does not need to be mutable
   --> src/native_terminal/renderer/font_manager.rs:155:13
    |
155 |         let mut buffer = vec![0u8; total_pixels];
    |             ----^^^^^^
    |             |
    |             help: remove this `mut`

warning: unused variable: `token`
    --> src/remote/auth.rs:1415:14
     |
1415 |         let (token, device) = auth
     |              ^^^^^ help: if this is intentional, prefix it with an underscore: `_token`

warning: method `machine_sessions` is never used
   --> src/daemon/session_service.rs:366:19
    |
227 | impl DaemonSessionService {
    | ------------------------- method in this implementation
...
366 |     pub(crate) fn machine_sessions(&self, epoch: crate::scoped_contracts::Epoch) -> Result<crate::remote::machine_protocol::Sessions, Str...
    |                   ^^^^^^^^^^^^^^^^
    |
    = note: `#[warn(dead_code)]` (part of `#[warn(unused)]`) on by default

warning: field `app` is never read
  --> src/ipc/notifications.rs:29:5
   |
28 | pub struct TauriNotificationBackend<R: Runtime> {
   |            ------------------------ field in this struct
29 |     app: AppHandle<R>,
   |     ^^^

warning: function `no_auth_query` is never used
    --> src/remote/server.rs:3346:12
     |
3346 |         fn no_auth_query() -> AuthQuery {
     |            ^^^^^^^^^^^^^

warning: struct `WriterLeaseGuard` is never constructed
  --> src/worktree/manager.rs:86:19
   |
86 | pub(crate) struct WriterLeaseGuard {
   |                   ^^^^^^^^^^^^^^^^

warning: associated items `new`, `canonical_path`, and `owner_id` are never used
   --> src/worktree/manager.rs:93:8
    |
 92 | impl WriterLeaseGuard {
    | --------------------- associated items in this implementation
 93 |     fn new(registry: WriterLeaseRegistry, canonical_path: PathBuf, owner_id: String) -> Self {
    |        ^^^
...
101 |     pub(crate) fn canonical_path(&self) -> &Path {
    |                   ^^^^^^^^^^^^^^
...
105 |     pub(crate) fn owner_id(&self) -> &str {
    |                   ^^^^^^^^

warning: associated items `acquire_writer_lease` and `validate_ref_component` are never used
   --> src/worktree/manager.rs:338:19
    |
134 | impl WorktreeManager {
    | -------------------- associated items in this implementation
...
338 |     pub(crate) fn acquire_writer_lease(
    |                   ^^^^^^^^^^^^^^^^^^^^
...
398 |     fn validate_ref_component(component: &str, label: &str) -> Result<(), WorktreeError> {
    |        ^^^^^^^^^^^^^^^^^^^^^^

warning: `ferryx` (lib test) generated 18 warnings (run `cargo fix --lib -p ferryx --tests` to apply 4 suggestions)
    Finished `test` profile [unoptimized + debuginfo] target(s) in 22.69s
     Running unittests src/lib.rs (src-tauri/target/debug/deps/ferryx_lib-c4d5a091b5557805)

running 16 tests
test ipc::file_link::file_link_tests::path_token_is_trimmed_and_empty_or_nul_tokens_are_rejected ... ok
test ipc::file_link::file_link_tests::editor_without_cli_falls_back_to_documented_url_scheme ... ok
test ipc::file_link::file_link_tests::editor_cli_plans_pass_position_through_argv_without_shell_interpretation ... ok
test ipc::file_link::file_link_tests::editor_url_fallback_encodes_paths_and_refuses_unc ... ok
test ipc::file_link::file_link_tests::path_lookup_expands_windows_pathext_and_reports_absence ... ok
test ipc::file_link::file_link_tests::unlaunchable_editor_binary_maps_to_a_structured_io_error ... ok
test ipc::file_link::file_link_tests::missing_files_produce_structured_errors_instead_of_a_silent_false ... FAILED
test ipc::file_link::file_link_tests::absolute_detection_covers_windows_drives_and_unc_on_every_host ... FAILED
test ipc::file_link::file_link_tests::file_link_resolution_expands_home_joins_cwd_and_preserves_absolute_paths ... FAILED
test ipc::file_link::file_link_tests::session_guard_returns_local_cwd_and_refuses_remote_sessions ... FAILED
test ipc::file_link::file_link_tests::editor_argument_parses_supported_values_and_rejects_others ... FAILED
test ipc::file_link::file_link_tests::remote_host_paths_are_refused_and_local_at_signs_are_kept ... FAILED
test ipc::file_link::file_link_tests::position_validation_requires_one_based_line_before_column ... FAILED
test ipc::file_link::file_link_tests::command_rejects_missing_paths_remote_specs_and_unknown_editors ... FAILED
test ipc::file_link::file_link_tests::existing_file_relative_to_terminal_cwd_resolves_to_an_editor_plan ... FAILED
test ipc::file_link::file_link_tests::session_id_resolves_the_live_local_terminal_cwd ... FAILED

failures:

---- ipc::file_link::file_link_tests::missing_files_produce_structured_errors_instead_of_a_silent_false stdout ----

thread 'ipc::file_link::file_link_tests::missing_files_produce_structured_errors_instead_of_a_silent_false' (1450951) panicked at src/ipc/file_link_tests.rs:347:6:
missing files must raise a structured error: SystemOpen { target: "/var/folders/zh/7cc25lt91b1_dj577306nwdh0000gn/T/.tmpP0zU4u/missing/app.rs" }

---- ipc::file_link::file_link_tests::absolute_detection_covers_windows_drives_and_unc_on_every_host stdout ----

thread 'ipc::file_link::file_link_tests::absolute_detection_covers_windows_drives_and_unc_on_every_host' (1450943) panicked at src/ipc/file_link_tests.rs:92:5:
assertion failed: is_absolute_token("C:\\proj\\main.rs")
note: run with `RUST_BACKTRACE=1` environment variable to display a backtrace

---- ipc::file_link::file_link_tests::file_link_resolution_expands_home_joins_cwd_and_preserves_absolute_paths stdout ----

thread 'ipc::file_link::file_link_tests::file_link_resolution_expands_home_joins_cwd_and_preserves_absolute_paths' (1450950) panicked at src/ipc/file_link_tests.rs:109:5:
assertion `left == right` failed
  left: "~\\two words & notes.txt"
 right: "/Users/p13 fixture/two words & notes.txt"

---- ipc::file_link::file_link_tests::session_guard_returns_local_cwd_and_refuses_remote_sessions stdout ----

thread 'ipc::file_link::file_link_tests::session_guard_returns_local_cwd_and_refuses_remote_sessions' (1450956) panicked at src/ipc/file_link_tests.rs:161:5:
assertion `left == right` failed
  left: None
 right: Some("/work/repo")

---- ipc::file_link::file_link_tests::editor_argument_parses_supported_values_and_rejects_others stdout ----

thread 'ipc::file_link::file_link_tests::editor_argument_parses_supported_values_and_rejects_others' (1450945) panicked at src/ipc/file_link_tests.rs:35:5:
assertion `left == right` failed
  left: System
 right: VsCode

---- ipc::file_link::file_link_tests::remote_host_paths_are_refused_and_local_at_signs_are_kept stdout ----

thread 'ipc::file_link::file_link_tests::remote_host_paths_are_refused_and_local_at_signs_are_kept' (1450955) panicked at src/ipc/file_link_tests.rs:76:53:
remote path must not open locally: ()

---- ipc::file_link::file_link_tests::position_validation_requires_one_based_line_before_column stdout ----

thread 'ipc::file_link::file_link_tests::position_validation_requires_one_based_line_before_column' (1450954) panicked at src/ipc/file_link_tests.rs:139:5:
assertion `left == right` failed
  left: None
 right: Some((42, None))

---- ipc::file_link::file_link_tests::command_rejects_missing_paths_remote_specs_and_unknown_editors stdout ----

thread 'ipc::file_link::file_link_tests::command_rejects_missing_paths_remote_specs_and_unknown_editors' (1450944) panicked at src/ipc/file_link_tests.rs:416:6:
missing file must be an error: false

---- ipc::file_link::file_link_tests::existing_file_relative_to_terminal_cwd_resolves_to_an_editor_plan stdout ----

thread 'ipc::file_link::file_link_tests::existing_file_relative_to_terminal_cwd_resolves_to_an_editor_plan' (1450949) panicked at src/ipc/file_link_tests.rs:378:5:
assertion `left == right` failed
  left: SystemOpen { target: "/var/folders/zh/7cc25lt91b1_dj577306nwdh0000gn/T/.tmpxhqrmg/src/two words & notes.rs" }
 right: Cli { program: "/usr/local/bin/zed", args: ["/var/folders/zh/7cc25lt91b1_dj577306nwdh0000gn/T/.tmpxhqrmg/src/two words & notes.rs:42:10"] }

---- ipc::file_link::file_link_tests::session_id_resolves_the_live_local_terminal_cwd stdout ----
[cmd_terminal_spawn] request received has_worktree=false has_cwd=false has_client_request_id=false

thread 'ipc::file_link::file_link_tests::session_id_resolves_the_live_local_terminal_cwd' (1450957) panicked at src/ipc/file_link_tests.rs:542:6:
missing file must error with the session-resolved path: false


failures:
    ipc::file_link::file_link_tests::absolute_detection_covers_windows_drives_and_unc_on_every_host
    ipc::file_link::file_link_tests::command_rejects_missing_paths_remote_specs_and_unknown_editors
    ipc::file_link::file_link_tests::editor_argument_parses_supported_values_and_rejects_others
    ipc::file_link::file_link_tests::existing_file_relative_to_terminal_cwd_resolves_to_an_editor_plan
    ipc::file_link::file_link_tests::file_link_resolution_expands_home_joins_cwd_and_preserves_absolute_paths
    ipc::file_link::file_link_tests::missing_files_produce_structured_errors_instead_of_a_silent_false
    ipc::file_link::file_link_tests::position_validation_requires_one_based_line_before_column
    ipc::file_link::file_link_tests::remote_host_paths_are_refused_and_local_at_signs_are_kept
    ipc::file_link::file_link_tests::session_guard_returns_local_cwd_and_refuses_remote_sessions
    ipc::file_link::file_link_tests::session_id_resolves_the_live_local_terminal_cwd

test result: FAILED. 6 passed; 10 failed; 0 ignored; 0 measured; 1301 filtered out; finished in 0.56s

error: test failed, to rerun pass `--lib`
