$ tsc && vite build
vite v6.4.3 building for production...
transforming...
✓ 1872 modules transformed.
rendering chunks...
computing gzip size...
dist/index.html                                        1.29 kB │ gzip:   0.60 kB
dist/assets/crush-DHElXcRZ.png                         5.46 kB
dist/assets/droid-BhrKLgQ8.svg                         6.30 kB │ gzip:   2.88 kB
dist/assets/antigravity-DgAQAdn3.svg                   7.63 kB │ gzip:   1.72 kB
dist/assets/gjc-CmlXGg4z.png                          22.73 kB
dist/assets/geist-variable-CrgPqtmy.woff2             69.44 kB
dist/assets/ferryx-icon-OXRkkUvz.png                 805.82 kB
dist/assets/index-9DxUJu3o.css                        77.16 kB │ gzip:  14.01 kB
dist/assets/check-BKuLOXiv.js                          0.29 kB │ gzip:   0.24 kB
dist/assets/card-D1K5xROB.js                           2.08 kB │ gzip:   0.88 kB
dist/assets/PermissionsOnboardingDialog-BmwCzhz9.js    6.21 kB │ gzip:   1.83 kB
dist/assets/browser-txRhP0cE.js                       25.78 kB │ gzip:  10.13 kB
dist/assets/RemoteApp-D6SXKJ6h.js                     45.82 kB │ gzip:  13.79 kB
dist/assets/sonner-CjFUiZ6u.js                        63.88 kB │ gzip:  22.12 kB
dist/assets/index-B4YOlXLN.js                        181.17 kB │ gzip:  58.25 kB
dist/assets/SettingsDialog-DNP6vUfl.js               190.25 kB │ gzip:  56.46 kB
dist/assets/App-D7YAuldC.js                          481.53 kB │ gzip: 141.58 kB
✓ built in 2.11s
