   Compiling unicode-ident v1.0.24
    Checking cfg-if v1.0.4
    Checking windows-link v0.2.1
    Checking log v0.4.33
   Compiling siphasher v1.0.3
    Checking serde_core v1.0.229
    Checking once_cell v1.21.4
    Checking smallvec v1.15.2
   Compiling semver v1.0.28
   Compiling time-core v0.1.9
    Checking getrandom v0.2.17
    Checking windows-sys v0.61.2
   Compiling proc-macro2 v1.0.107
   Compiling phf_shared v0.13.1
   Compiling num-conv v0.2.2
   Compiling memchr v2.8.3
   Compiling itoa v1.0.18
   Compiling litemap v0.8.3
   Compiling writeable v0.6.4
   Compiling utf8_iter v1.0.4
    Checking bytes v1.12.1
   Compiling phf_generator v0.13.1
   Compiling scopeguard v1.2.0
   Compiling parking_lot_core v0.9.12
   Compiling icu_properties_data v2.3.0
   Compiling quote v1.0.47
   Compiling icu_normalizer_data v2.3.0
   Compiling phf_codegen v0.13.1
   Compiling lock_api v0.4.14
   Compiling syn v2.0.119
   Compiling syn v3.0.3
   Compiling string_cache_codegen v0.6.1
   Compiling winnow v1.0.4
    Checking pin-project-lite v0.2.17
   Compiling parking_lot v0.12.5
   Compiling zmij v1.0.23
   Compiling serde_spanned v1.1.1
    Checking bitflags v2.13.1
    Checking typenum v1.20.1
   Compiling toml_parser v1.1.3+spec-1.1.0
   Compiling toml_writer v1.1.2+spec-1.1.0
   Compiling serde_json v1.0.151
   Compiling web_atoms v0.2.6
   Compiling string_cache v0.9.0
   Compiling getrandom v0.4.3
   Compiling uuid v1.26.0
   Compiling selectors v0.36.1
   Compiling aho-corasick v1.1.5
    Checking generic-array v0.14.7
    Checking rand_core v0.6.4
   Compiling toml_datetime v1.1.1+spec-1.1.0
   Compiling alloc-no-stdlib v2.0.4
    Checking subtle v2.6.1
   Compiling unic-common v0.9.0
   Compiling regex-syntax v0.8.11
   Compiling unic-char-range v0.9.0
   Compiling byteorder v1.5.0
   Compiling alloc-stdlib v0.2.4
   Compiling unic-ucd-version v0.9.0
   Compiling unic-char-property v0.9.0
   Compiling toml v1.1.4+spec-1.1.0
   Compiling winapi-util v0.1.11
   Compiling typeid v1.0.3
   Compiling equivalent v1.0.2
   Compiling fnv v1.0.7
    Checking stable_deref_trait v1.2.1
   Compiling rustc-hash v2.1.3
   Compiling powerfmt v0.2.0
   Compiling synstructure v0.13.2
   Compiling darling_core v0.23.0
   Compiling serde_derive_internals v0.29.1
   Compiling cfb v0.7.3
   Compiling time v0.3.55
   Compiling indexmap v2.14.0
   Compiling same-file v1.0.6
   Compiling erased-serde v0.4.10
   Compiling unic-ucd-ident v0.9.0
   Compiling brotli-decompressor v5.0.3
   Compiling quick-xml v0.41.0
   Compiling regex-automata v0.4.18
   Compiling rustc_version v0.4.1
   Compiling dunce v1.0.5
   Compiling base64 v0.22.1
   Compiling serde_derive v1.0.229
   Compiling zerovec-derive v0.11.5
   Compiling displaydoc v0.2.7
   Compiling thiserror-impl v2.0.20
   Compiling zerofrom-derive v0.1.7
   Compiling yoke-derive v0.8.2
   Compiling phf_macros v0.13.1
   Compiling thiserror-impl v1.0.69
   Compiling windows-interface v0.59.3
   Compiling windows-implement v0.60.2
   Compiling zeroize_derive v1.5.0
   Compiling darling_macro v0.23.0
   Compiling derive_more-impl v2.1.1
   Compiling phf v0.13.1
   Compiling thiserror v2.0.20
    Checking zeroize v1.9.0
   Compiling zerofrom v0.1.8
   Compiling darling v0.23.0
   Compiling cssparser-macros v0.6.1
   Compiling yoke v0.8.3
   Compiling bytemuck_derive v1.12.0
   Compiling regex v1.13.1
   Compiling schemars_derive v0.8.22
   Compiling serde_with_macros v3.22.0
   Compiling zerovec v0.11.8
   Compiling zerotrie v0.2.5
   Compiling thiserror v1.0.69
   Compiling derive_more v2.1.1
   Compiling cssparser v0.36.0
   Compiling markup5ever v0.38.0
   Compiling brotli v8.0.4
   Compiling serde-untagged v0.1.9
   Compiling serde v1.0.229
   Compiling html5ever v0.38.0
   Compiling tinystr v0.8.4
   Compiling potential_utf v0.1.6
   Compiling serde_with v3.22.0
   Compiling http v1.5.0
    Checking bytemuck v1.25.2
    Checking libc v0.2.189
   Compiling icu_locale_core v2.3.0
   Compiling icu_collections v2.3.0
   Compiling walkdir v2.5.0
   Compiling indexmap v1.9.3
   Compiling jsonptr v0.6.3
   Compiling cargo-platform v0.1.9
   Compiling plist v1.10.0
   Compiling json-patch v3.0.1
   Compiling cargo_metadata v0.19.2
   Compiling infer v0.19.0
   Compiling dom_query v0.27.0
    Checking crypto-common v0.1.7
   Compiling ctor v0.8.0
   Compiling anyhow v1.0.104
   Compiling glob v0.3.4
    Checking tracing-core v0.1.36
    Checking foldhash v0.2.0
   Compiling icu_provider v2.3.0
    Checking socket2 v0.6.5
   Compiling tracing-attributes v0.1.31
    Checking windows-link v0.1.3
    Checking libm v0.2.16
    Checking mio v1.2.2
   Compiling zerocopy-derive v0.8.56
   Compiling icu_properties v2.3.0
   Compiling icu_normalizer v2.3.0
   Compiling tokio-macros v2.7.2
   Compiling windows_x86_64_msvc v0.52.6
    Checking percent-encoding v2.3.2
   Compiling windows-targets v0.52.6
    Checking hashbrown v0.17.1
    Checking raw-window-handle v0.6.2
   Compiling windows-sys v0.59.0
    Checking tokio v1.53.1
    Checking windows-result v0.3.4
   Compiling idna_adapter v1.2.2
    Checking windows-strings v0.4.2
    Checking tracing v0.1.44
   Compiling idna v1.1.0
    Checking rand_core v0.10.1
    Checking arrayvec v0.7.8
    Checking windows-core v0.61.2
    Checking num-traits v0.2.19
   Compiling toml_datetime v0.7.5+spec-1.1.0
   Compiling url v2.5.8
    Checking futures-core v0.3.34
   Compiling option-ext v0.2.0
   Compiling winnow v0.7.15
    Checking zerocopy v0.8.56
   Compiling dirs-sys v0.5.0
    Checking form_urlencoded v1.2.2
    Checking lazy_static v1.5.0
   Compiling heck v0.5.0
   Compiling urlpattern v0.3.0
   Compiling schemars v0.8.22
   Compiling dirs v6.0.0
    Checking windows-threading v0.1.0
    Checking rustls-pki-types v1.15.1
    Checking cpufeatures v0.2.17
    Checking windows-future v0.2.1
    Checking windows-numerics v0.2.0
    Checking windows-collections v0.2.0
    Checking deranged v0.5.8
   Compiling time-macros v0.2.32
   Compiling tauri-utils v2.9.3
   Compiling toml v0.9.12+spec-1.1.0
    Checking untrusted v0.9.0
   Compiling winreg v0.55.0
    Checking ring v0.17.14
    Checking windows v0.61.3
   Compiling embed-resource v3.0.11
    Checking bitflags v1.3.2
    Checking block-buffer v0.10.4
   Compiling tauri-winres v0.3.6
   Compiling simd-adler32 v0.3.10
    Checking symphonia-core v0.5.5
    Checking digest v0.10.7
   Compiling cargo_toml v0.22.3
    Checking getrandom v0.3.4
    Checking dpi v0.1.2
   Compiling webview2-com-sys v0.38.2
    Checking windows-result v0.4.1
    Checking windows-version v0.1.7
    Checking windows-strings v0.5.1
   Compiling adler2 v2.0.1
    Checking slab v0.4.12
    Checking rustls-webpki v0.103.15
    Checking windows-core v0.62.2
   Compiling miniz_oxide v0.8.9
   Compiling crc32fast v1.5.0
    Checking http-body v1.1.0
    Checking rustls v0.23.43
    Checking futures-sink v0.3.34
    Checking unicode-segmentation v1.13.3
   Compiling flate2 v1.1.9
    Checking crossbeam-utils v0.8.22
   Compiling fdeflate v0.3.7
   Compiling webview2-com-macros v0.8.1
   Compiling futures-macro v0.3.34
    Checking encoding_rs v0.8.35
    Checking futures-task v0.3.34
    Checking tower-service v0.3.3
   Compiling png v0.17.16
    Checking crossbeam-channel v0.5.16
    Checking futures-util v0.3.34
    Checking cookie v0.18.2
    Checking httparse v1.10.1
    Checking block-padding v0.3.3
    Checking symphonia-metadata v0.5.5
    Checking windows-threading v0.2.1
    Checking mime v0.3.17
    Checking inout v0.1.4
   Compiling ico v0.5.0
   Compiling tauri-plugin v2.6.3
   Compiling tauri-build v2.6.3
   Compiling sha2 v0.10.9
    Checking windows-future v0.3.2
    Checking windows-collections v0.3.2
    Checking windows-numerics v0.3.1
    Checking ppv-lite86 v0.2.21
    Checking rustc-hash v1.1.0
    Checking try-lock v0.2.5
    Checking tower-layer v0.3.3
    Checking pxfm v0.1.30
    Checking want v0.3.1
    Checking naga-types v30.0.1
    Checking windows v0.62.2
   Compiling tauri-codegen v2.6.3
    Checking png v0.18.1
    Checking cipher v0.4.4
    Checking keyboard-types v0.7.0
    Checking webpki-roots v1.0.9
    Checking futures-channel v0.3.34
    Checking sync_wrapper v1.0.2
    Checking softbuffer v0.4.8
   Compiling serialize-to-javascript-impl v0.1.2
    Checking libloading v0.8.9
    Checking httpdate v1.0.3
    Checking bit-vec v0.9.1
    Checking byteorder-lite v0.1.0
    Checking unicode-width v0.1.14
    Checking atomic-waker v1.1.2
    Checking bit-set v0.10.0
    Checking serialize-to-javascript v0.1.2
    Checking muda v0.19.3
    Checking hyper v1.11.0
    Checking codespan-reporting v0.13.1
    Checking windows_x86_64_msvc v0.53.1
    Checking symphonia-utils-xiph v0.5.5
    Checking tokio-rustls v0.26.4
    Checking half v2.7.1
    Checking rand_core v0.9.5
    Checking universal-hash v0.5.1
    Checking window-vibrancy v0.6.0
   Compiling serde_repr v0.1.21
    Checking spirv v0.4.0+sdk-1.4.341.0
    Checking ipnet v2.12.1
    Checking opaque-debug v0.3.1
    Checking static_assertions v1.1.0
    Checking allocator-api2 v0.2.21
    Checking wgpu-types v30.0.1
    Checking hyper-util v0.1.20
    Checking rand_chacha v0.9.0
    Checking windows-targets v0.53.5
    Checking ash v0.38.0+1.3.281
    Checking tower v0.5.3
    Checking hashbrown v0.16.1
    Checking http-body-util v0.1.5
   Compiling curve25519-dalek v4.1.3
    Checking naga v30.0.1
    Checking moxcms v0.8.1
    Checking presser v0.3.1
    Checking windows-sys v0.60.2
    Checking rand v0.9.5
    Checking glutin_wgl_sys v0.6.1
    Checking khronos-egl v6.0.0
    Checking ordered-float v4.6.0
   Compiling curve25519-dalek-derive v0.1.1
    Checking cpufeatures v0.3.0
    Checking glow v0.17.0
    Checking range-alloc v0.1.5
    Checking renderdoc-sys v1.1.0
    Checking profiling v1.0.18
    Checking chacha20 v0.10.1
    Checking hyper-rustls v0.27.9
    Checking ahash v0.8.12
    Checking winapi v0.3.9
    Checking tower-http v0.6.11
    Checking polyval v0.6.2
    Checking tokio-util v0.7.19
    Checking sha1 v0.10.7
    Checking num-integer v0.1.47
    Checking aead v0.5.2
    Checking extended v0.1.0
    Checking image v0.25.10
    Checking data-encoding v2.11.1
   Compiling unicase v2.9.0
    Checking ryu v1.0.23
    Checking tinyvec_macros v0.1.1
    Checking tinyvec v1.12.0
    Checking tungstenite v0.29.0
   Compiling mime_guess v2.0.5
    Checking serde_urlencoded v0.7.1
    Checking num-bigint v0.4.8
   Compiling tauri v2.11.5
   Compiling tauri-macros v2.6.3
   Compiling tauri-plugin-fs v2.5.1
   Compiling tauri-plugin-updater v2.10.1
   Compiling tauri-plugin-dialog v2.7.2
   Compiling tauri-plugin-notification v2.3.3
   Compiling tauri-plugin-process v2.3.1
    Checking symphonia-format-riff v0.5.5
    Checking ghash v0.5.1
    Checking hashbrown v0.14.5
    Checking rand v0.10.2
    Checking poly1305 v0.8.0
    Checking symphonia-codec-vorbis v0.5.5
    Checking symphonia-bundle-flac v0.5.5
    Checking symphonia-format-isomp4 v0.5.5
    Checking symphonia-format-ogg v0.5.5
    Checking webpki-roots v0.26.11
    Checking ctr v0.9.2
    Checking chacha20 v0.9.1
    Checking aes v0.8.4
    Checking symphonia-bundle-mp3 v0.5.5
    Checking rustls-platform-verifier v0.7.0
    Checking symphonia-codec-pcm v0.5.5
    Checking symphonia-codec-aac v0.5.5
    Checking rand_pcg v0.10.2
   Compiling snow v0.9.6
    Checking signature v2.2.0
    Checking fastrand v2.5.0
    Checking lru-slab v0.1.2
    Checking dasp_sample v0.11.0
    Checking reqwest v0.13.4
    Checking tempfile v3.27.0
    Checking symphonia v0.5.5
    Checking aes-gcm v0.10.3
    Checking ed25519 v2.2.3
    Checking quinn-proto v0.11.17
    Checking chacha20poly1305 v0.10.1
    Checking wgpu-naga-bridge v30.0.1
    Checking tokio-tungstenite v0.29.0
    Checking hashlink v0.9.1
    Checking libsqlite3-sys v0.30.1
    Checking nix v0.28.0
    Checking quinn-udp v0.5.15
    Checking winreg v0.10.1
    Checking num-rational v0.4.2
    Checking filedescriptor v0.8.3
   Compiling ferryx v2026.928.7 (C:\Users\sook\ferryx-pane-completion\source-172baa87\src-tauri)
    Checking rfd v0.16.0
    Checking axum-core v0.5.6
    Checking rand_chacha v0.3.1
    Checking zip v4.6.1
    Checking yasna v0.6.0
    Checking windows-sys v0.52.0
    Checking blake2 v0.10.6
    Checking hmac v0.12.1
    Checking sharded-slab v0.1.7
    Checking shared_library v0.1.9
    Checking tracing-log v0.2.0
    Checking serial2 v0.2.38
    Checking nu-ansi-term v0.50.3
    Checking notify-types v2.1.0
    Checking serde_path_to_error v0.1.20
    Checking thread_local v1.1.10
    Checking fallible-streaming-iterator v0.1.9
    Checking minisign-verify v0.2.5
    Checking matchit v0.8.4
    Checking cursor-icon v1.2.0
    Checking fallible-iterator v0.3.0
    Checking smol_str v0.2.2
    Checking shell-words v1.1.1
    Checking downcast-rs v1.2.1
    Checking axum v0.8.9
    Checking tracing-subscriber v0.3.23
    Checking portable-pty v0.9.0 (C:\Users\sook\ferryx-pane-completion\source-172baa87\src-tauri\vendor\portable-pty)
    Checking rusqlite v0.32.1
    Checking notify v8.2.0
    Checking rcgen v0.14.10
    Checking quinn v0.11.11
    Checking pbkdf2 v0.12.2
    Checking rand v0.8.7
    Checking ed25519-dalek v2.2.0
    Checking x25519-dalek v2.0.1
    Checking reqwest v0.12.28
    Checking cbc v0.1.2
    Checking tower-http v0.7.1
    Checking base64 v0.23.1
    Checking pollster v1.0.1
    Checking tokio-stream v0.1.19
    Checking winit v0.30.13
    Checking tokio-test v0.4.5
    Checking tao v0.35.3
    Checking tauri-winrt-notification v0.7.3
    Checking notify-rust v4.18.0
    Checking gpu-allocator v0.28.0
    Checking cpal v0.17.3
    Checking wgpu-hal v30.0.1
    Checking rodio v0.22.2
    Checking webview2-com v0.38.2
    Checking wry v0.55.1
    Checking tauri-runtime v2.11.3
    Checking tauri-runtime-wry v2.11.4
    Checking wgpu-core-deps-windows-linux-android v30.0.1
    Checking wgpu-core v30.0.1
    Checking wgpu v30.0.1
error[E0432]: unresolved import `super::handover_transaction`
   --> src\daemon\handover.rs:517:20
    |
517 |         use super::handover_transaction::{HandoverState, HandoverTransaction};
    |                    ^^^^^^^^^^^^^^^^^^^^ could not find `handover_transaction` in `super`
    |
note: found an item that was configured out
   --> src\daemon\mod.rs:9:9
    |
  8 | #[cfg(unix)]
    |       ---- the item is gated here
  9 | pub mod handover_transaction;
    |         ^^^^^^^^^^^^^^^^^^^^

error[E0432]: unresolved import `super::handover_transaction`
   --> src\daemon\handover.rs:533:20
    |
533 |         use super::handover_transaction::{HandoverState, HandoverTransaction};
    |                    ^^^^^^^^^^^^^^^^^^^^ could not find `handover_transaction` in `super`
    |
note: found an item that was configured out
   --> src\daemon\mod.rs:9:9
    |
  8 | #[cfg(unix)]
    |       ---- the item is gated here
  9 | pub mod handover_transaction;
    |         ^^^^^^^^^^^^^^^^^^^^

error[E0432]: unresolved import `fs2`
 --> src\daemon\split_journal.rs:1:5
  |
1 | use fs2::FileExt;
  |     ^^^ use of unresolved module or unlinked crate `fs2`
  |
  = help: if you wanted to use a crate named `fs2`, use `cargo add fs2` to add it to your `Cargo.toml`

error[E0433]: cannot find `handover_transaction` in `super`
   --> src\daemon\handover.rs:516:80
    |
516 |     pub fn recorded_decision(legacy: &std::path::Path) -> Result<Option<super::handover_transaction::HandoverState>, String> {
    |                                                                                ^^^^^^^^^^^^^^^^^^^^ could not find `handover_transaction` in `super`
    |
note: found an item that was configured out
   --> src\daemon\mod.rs:9:9
    |
  8 | #[cfg(unix)]
    |       ---- the item is gated here
  9 | pub mod handover_transaction;
    |         ^^^^^^^^^^^^^^^^^^^^

error[E0433]: cannot find `handover_transaction` in `super`
  --> src\daemon\server.rs:49:58
   |
49 |     D: std::future::Future<Output = Result<Option<super::handover_transaction::HandoverState>, String>>,
   |                                                          ^^^^^^^^^^^^^^^^^^^^ could not find `handover_transaction` in `super`
   |
note: found an item that was configured out
  --> src\daemon\mod.rs:9:9
   |
 8 | #[cfg(unix)]
   |       ---- the item is gated here
 9 | pub mod handover_transaction;
   |         ^^^^^^^^^^^^^^^^^^^^

error[E0433]: cannot find `handover_transaction` in `super`
  --> src\daemon\server.rs:55:25
   |
55 |             Some(super::handover_transaction::HandoverState::Active) => Ok(()),
   |                         ^^^^^^^^^^^^^^^^^^^^ could not find `handover_transaction` in `super`
   |
note: found an item that was configured out
  --> src\daemon\mod.rs:9:9
   |
 8 | #[cfg(unix)]
   |       ---- the item is gated here
 9 | pub mod handover_transaction;
   |         ^^^^^^^^^^^^^^^^^^^^

warning: unused import: `seal_offer`
 --> src\account\offer_sink.rs:9:47
  |
9 | use crate::remote::sealed_offer::{open_offer, seal_offer};
  |                                               ^^^^^^^^^^
  |
  = note: `#[warn(unused_imports)]` (part of `#[warn(unused)]`) on by default

warning: unused import: `Serialize`
 --> src\agent_transcript.rs:1:26
  |
1 | use serde::{Deserialize, Serialize};
  |                          ^^^^^^^^^

warning: unused import: `ImportedCookie`
  --> src\browser\chromium_cookie_source.rs:13:67
   |
13 |     filter_google_cookies, resolve_installed_browser_profile_dir, ImportedCookie,
   |                                                                   ^^^^^^^^^^^^^^

warning: unused import: `Manager`
 --> src\browser\snapshot_source.rs:8:24
  |
8 | use tauri::{AppHandle, Manager};
  |                        ^^^^^^^

warning: unused import: `super::session_service::*`
  --> src\daemon\server.rs:20:5
   |
20 | use super::session_service::*;
   |     ^^^^^^^^^^^^^^^^^^^^^^^^^

warning: unused import: `PathBuf`
 --> src\ipc\remote_drop.rs:6:23
  |
6 | use std::path::{Path, PathBuf};
  |                       ^^^^^^^

warning: unused import: `NotificationAuthorization`
 --> src\notification\permission.rs:7:5
  |
7 |     NotificationAuthorization, NotificationPermissionRequestDto, NotificationPermissionStatusDto,
  |     ^^^^^^^^^^^^^^^^^^^^^^^^^

warning: unused import: `std::time::Duration`
 --> src\remote\session_transport.rs:1:5
  |
1 | use std::time::Duration;
  |     ^^^^^^^^^^^^^^^^^^^

warning: unused import: `RemoteSessionDetails`
 --> src\remote\server.rs:4:90
  |
4 | use crate::remote::backend::{RecoveryStream, RemoteRecoveryStatus, RemoteSessionBackend, RemoteSessionDetails};
  |                                                                                          ^^^^^^^^^^^^^^^^^^^^

warning: unused import: `ffi::OsString`
 --> src\ssh\..\ferryx_scope\ssh\process.rs:5:5
  |
5 |     ffi::OsString,
  |     ^^^^^^^^^^^^^

error[E0433]: cannot find `handover_transaction` in `super`
   --> src\daemon\server.rs:111:45
    |
111 |         let mut transaction = super::super::handover_transaction::HandoverTransaction::new_simple(
    |                                             ^^^^^^^^^^^^^^^^^^^^ could not find `handover_transaction` in `super`
    |
note: found an item that was configured out
   --> src\daemon\mod.rs:9:9
    |
  8 | #[cfg(unix)]
    |       ---- the item is gated here
  9 | pub mod handover_transaction;
    |         ^^^^^^^^^^^^^^^^^^^^

error[E0433]: cannot find type `HandoverManager` in this scope
   --> src\daemon\server.rs:102:24
    |
102 |             || async { HandoverManager::recorded_decision(&path) }).await;
    |                        ^^^^^^^^^^^^^^^ use of undeclared type `HandoverManager`
    |
help: consider importing this struct through its public re-export
    |
 63 +     use crate::daemon::HandoverManager;
    |

error[E0433]: cannot find type `HandoverManager` in this scope
   --> src\daemon\server.rs:116:24
    |
116 |             || async { HandoverManager::recorded_decision(&path) }).await.unwrap();
    |                        ^^^^^^^^^^^^^^^ use of undeclared type `HandoverManager`
    |
help: consider importing this struct through its public re-export
    |
 63 +     use crate::daemon::HandoverManager;
    |

warning: unused import: `is_v5_ownership_transfer_enabled`
  --> src\daemon\handover.rs:76:31
   |
76 |         idle_upgrade_enabled, is_v5_ownership_transfer_enabled, successor_lock_wait, upgrade_action,
   |                               ^^^^^^^^^^^^^^^^^^^^^^^^^^^^^^^^

warning: unused import: `crate::daemon::protocol::AgentProviderSessionKey`
 --> src\daemon\server.rs:7:5
  |
7 | use crate::daemon::protocol::AgentProviderSessionKey;
  |     ^^^^^^^^^^^^^^^^^^^^^^^^^^^^^^^^^^^^^^^^^^^^^^^^

warning: unused import: `tempfile::TempDir`
   --> src\ipc\cli_install.rs:306:9
    |
306 |     use tempfile::TempDir;
    |         ^^^^^^^^^^^^^^^^^

warning: unused import: `tauri::Manager`
    --> src\ipc\terminal.rs:3251:13
     |
3251 |         use tauri::Manager;
     |             ^^^^^^^^^^^^^^

warning: unused import: `tauri::Manager`
    --> src\ipc\terminal.rs:3275:13
     |
3275 |         use tauri::Manager;
     |             ^^^^^^^^^^^^^^

warning: unused imports: `DaemonRequest`, `SplitAttachAttempt`, `SplitOperationRequest`, and `SplitOperationResponse`
 --> src\ipc\pane_liveness_contract.rs:4:28
  |
4 |         clip_stage_budget, DaemonRequest, DaemonResponse, DaemonSessionDetails,
  |                            ^^^^^^^^^^^^^
5 |         LocalSplitEnvelope, PaneAttachTuple, PanePresentationReceipt, PreparedLocalSplit,
6 |         SplitAttachAttempt, SplitDelivery, SplitErrorDetails, SplitIdentity, SplitNoChild,
  |         ^^^^^^^^^^^^^^^^^^
7 |         SplitOperationRequest, SplitOperationResponse, SplitOperationResult, SplitOwnership,
  |         ^^^^^^^^^^^^^^^^^^^^^  ^^^^^^^^^^^^^^^^^^^^^^

warning: unused import: `super::*`
   --> src\native_terminal\renderer\color_glyph.rs:209:9
    |
209 |     use super::*;
    |         ^^^^^^^^

warning: unused import: `AsyncWriteExt`
   --> src\remote\attach_router.rs:184:35
    |
184 |     use tokio::io::{AsyncReadExt, AsyncWriteExt};
    |                                   ^^^^^^^^^^^^^

warning: unused import: `tokio::io::AsyncWriteExt as _`
   --> src\remote\attach_router.rs:240:13
    |
240 |         use tokio::io::AsyncWriteExt as _;
    |             ^^^^^^^^^^^^^^^^^^^^^^^^^^^^^

warning: unused import: `crate::scoped_contracts::Epoch`
  --> src\remote\machine_agent_state_tests.rs:14:5
   |
14 | use crate::scoped_contracts::Epoch;
   |     ^^^^^^^^^^^^^^^^^^^^^^^^^^^^^^

warning: unused import: `super::*`
    --> src\lib.rs:1595:9
     |
1595 |     use super::*;
     |         ^^^^^^^^

warning: unused import: `crate::daemon::client::DaemonClient`
    --> src\lib.rs:1596:9
     |
1596 |     use crate::daemon::client::DaemonClient;
     |         ^^^^^^^^^^^^^^^^^^^^^^^^^^^^^^^^^^^

warning: unused import: `crate::remote::auth::DevicePermission`
    --> src\lib.rs:1597:9
     |
1597 |     use crate::remote::auth::DevicePermission;
     |         ^^^^^^^^^^^^^^^^^^^^^^^^^^^^^^^^^^^^^

error[E0599]: `ipc::error::IpcErrorCode` doesn't implement `std::fmt::Display`
    --> src\daemon\server.rs:3135:59
     |
3135 | ...                   code: Some(error.code.to_string()), details: error.details },
     |                                             ^^^^^^^^^ method cannot be called on `ipc::error::IpcErrorCode` due to unsatisfied trait bounds
     |
    ::: src\ipc\error.rs:8:1
     |
   8 | pub enum IpcErrorCode {
     | --------------------- method `to_string` not found for this enum because it doesn't satisfy `ipc::error::IpcErrorCode: ToString` or `ipc::error::IpcErrorCode: std::fmt::Display`
     |
     = note: the following trait bounds were not satisfied:
             `ipc::error::IpcErrorCode: std::fmt::Display`
             which is required by `ipc::error::IpcErrorCode: ToString`
note: the trait `std::fmt::Display` must be implemented
    --> /rustc/2d8144b7880597b6e6d3dfd63a9a9efae3f533d3/library\core\src\fmt\mod.rs:1187:0
note: the method `to_string` exists on the type `std::string::String`
    --> /rustc/2d8144b7880597b6e6d3dfd63a9a9efae3f533d3/library\alloc\src\string.rs:2893:4
     = help: items from traits can only be used if the trait is implemented and in scope
     = note: the following trait defines an item `to_string`, perhaps you need to implement it:
             candidate #1: `ToString`

error[E0063]: missing field `incarnation` in initializer of `DaemonSessionDetails`
    --> src\ipc\terminal.rs:2410:22
     |
2410 |             session: crate::daemon::protocol::DaemonSessionDetails {
     |                      ^^^^^^^^^^^^^^^^^^^^^^^^^^^^^^^^^^^^^^^^^^^^^ missing `incarnation`

error[E0283]: type annotations needed
   --> src\terminal\service.rs:570:55
    |
570 |         self.lifecycle.lock().mark_running(session_id.into());
    |                               ------------            ^^^^
    |                               |
    |                               required by a bound introduced by this call
    |
    = note: multiple `impl`s satisfying `_: Into<std::string::String>` found in the following crates: `core`, `unicase`:
            - impl<'a> Into<std::string::String> for unicase::UniCase<std::string::String>;
            - impl<T, U> Into<U> for T
              where U: std::convert::From<T>;
note: required by a bound in `SessionLifecycleRegistry::mark_running`
   --> src\daemon\session_lifecycle.rs:58:53
    |
 58 |     pub fn mark_running(&mut self, session_id: impl Into<String>) {
    |                                                     ^^^^^^^^^^^^ required by this bound in `SessionLifecycleRegistry::mark_running`
help: try using a fully qualified path to specify the expected types
    |
570 -         self.lifecycle.lock().mark_running(session_id.into());
570 +         self.lifecycle.lock().mark_running(<&str as Into<T>>::into(session_id));
    |
help: consider removing this method call, as the receiver has type `&str` and `&str: Into<std::string::String>` trivially holds
    |
570 -         self.lifecycle.lock().mark_running(session_id.into());
570 +         self.lifecycle.lock().mark_running(session_id);
    |

error[E0283]: type annotations needed
   --> src\terminal\service.rs:570:55
    |
570 |         self.lifecycle.lock().mark_running(session_id.into());
    |                                                       ^^^^
    |
    = note: multiple `impl`s satisfying `_: std::convert::From<&str>` found in the following crates: `axum_core`, `bytes`, `naga`, `reqwest`, `winnow`:
            - impl std::convert::From<&'static str> for axum::body::Body;
            - impl std::convert::From<&'static str> for bytes::Bytes;
            - impl std::convert::From<&'static str> for reqwest::Body;
            - impl std::convert::From<&'static str> for reqwest::async_impl::body::Body;
            - impl std::convert::From<&'static str> for wgpu::naga::front::wgsl::error::DiagnosticAttributeNotSupportedPosition;
            - impl std::convert::From<&'static str> for winnow::error::StrContextValue;
    = note: required for `&str` to implement `Into<_>`
help: try using a fully qualified path to specify the expected types
    |
570 -         self.lifecycle.lock().mark_running(session_id.into());
570 +         self.lifecycle.lock().mark_running(<&str as Into<T>>::into(session_id));
    |

error[E0063]: missing field `incarnation` in initializer of `daemon::protocol::DaemonSessionDetails`
    --> src\ipc\terminal.rs:2410:22
     |
2410 |             session: crate::daemon::protocol::DaemonSessionDetails {
     |                      ^^^^^^^^^^^^^^^^^^^^^^^^^^^^^^^^^^^^^^^^^^^^^ missing `incarnation`

error[E0599]: no method named `lock_exclusive` found for struct `std::fs::File` in the current scope
   --> src\daemon\split_journal.rs:172:19
    |
172 |         lock_file.lock_exclusive()?;
    |                   ^^^^^^^^^^^^^^ method not found in `std::fs::File`

error[E0599]: no method named `active_presentation_generation` found for reference `&NativeTerminalSurfaceHost` in the current scope
   --> src\native_terminal\surface_host.rs:971:38
    |
971 | ...                   host.active_presentation_generation() == Some(frame_generation)
    |                            ^^^^^^^^^^^^^^^^^^^^^^^^^^^^^^
    |
help: there is a method `active_presentation_geometry` with a similar name
    |
971 -                                 host.active_presentation_generation() == Some(frame_generation)
971 +                                 host.active_presentation_geometry() == Some(frame_generation)
    |

error[E0599]: no method named `active_presentation_epoch` found for reference `&NativeTerminalSurfaceHost` in the current scope
   --> src\native_terminal\surface_host.rs:972:45
    |
972 | ...                   && host.active_presentation_epoch() == Some(frame_epoch)
    |                               ^^^^^^^^^^^^^^^^^^^^^^^^^
    |
help: there is a method `active_presentation_geometry` with a similar name
    |
972 -                                     && host.active_presentation_epoch() == Some(frame_epoch)
972 +                                     && host.active_presentation_geometry() == Some(frame_epoch)
    |

error[E0283]: type annotations needed
   --> src\terminal\service.rs:570:55
    |
570 |         self.lifecycle.lock().mark_running(session_id.into());
    |                               ------------            ^^^^
    |                               |
    |                               required by a bound introduced by this call
    |
    = note: multiple `impl`s satisfying `_: Into<std::string::String>` found in the following crates: `core`, `unicase`:
            - impl<'a> Into<std::string::String> for unicase::UniCase<std::string::String>;
            - impl<T, U> Into<U> for T
              where U: std::convert::From<T>;
note: required by a bound in `session_lifecycle::SessionLifecycleRegistry::mark_running`
   --> src\daemon\session_lifecycle.rs:58:53
    |
 58 |     pub fn mark_running(&mut self, session_id: impl Into<String>) {
    |                                                     ^^^^^^^^^^^^ required by this bound in `SessionLifecycleRegistry::mark_running`
help: try using a fully qualified path to specify the expected types
    |
570 -         self.lifecycle.lock().mark_running(session_id.into());
570 +         self.lifecycle.lock().mark_running(<&str as Into<T>>::into(session_id));
    |
help: consider removing this method call, as the receiver has type `&str` and `&str: Into<std::string::String>` trivially holds
    |
570 -         self.lifecycle.lock().mark_running(session_id.into());
570 +         self.lifecycle.lock().mark_running(session_id);
    |

error[E0027]: pattern does not mention field `local_split`
    --> src\daemon\protocol.rs:1814:13
     |
1814 | /             DaemonRequest::Spawn {
1815 | |                 client_request_id,
1816 | |                 workspace_id,
1817 | |                 worktree,
...    |
1822 | |                 startup,
1823 | |             } => {
     | |_____________^ missing field `local_split`
     |
help: include the missing field in the pattern
     |
1822 -                 startup,
1823 -             } => {
1822 +                 startup, local_split } => {
     |
help: if you don't care about this missing field, you can explicitly ignore it
     |
1822 -                 startup,
1823 -             } => {
1822 +                 startup, local_split: _ } => {
     |
help: or always ignore missing fields here
     |
1822 -                 startup,
1823 -             } => {
1822 +                 startup, .. } => {
     |

error[E0063]: missing field `incarnation` in initializer of `daemon::protocol::DaemonSessionDetails`
  --> src\ipc\file_link_tests.rs:11:5
   |
11 |     DaemonSessionDetails {
   |     ^^^^^^^^^^^^^^^^^^^^ missing `incarnation`

error[E0599]: no method named `active_presentation_generation` found for reference `&surface_host::NativeTerminalSurfaceHost` in the current scope
   --> src\native_terminal\surface_host.rs:971:38
    |
971 | ...                   host.active_presentation_generation() == Some(frame_generation)
    |                            ^^^^^^^^^^^^^^^^^^^^^^^^^^^^^^
    |
help: there is a method `active_presentation_geometry` with a similar name
    |
971 -                                 host.active_presentation_generation() == Some(frame_generation)
971 +                                 host.active_presentation_geometry() == Some(frame_generation)
    |

error[E0599]: no method named `active_presentation_epoch` found for reference `&surface_host::NativeTerminalSurfaceHost` in the current scope
   --> src\native_terminal\surface_host.rs:972:45
    |
972 | ...                   && host.active_presentation_epoch() == Some(frame_epoch)
    |                               ^^^^^^^^^^^^^^^^^^^^^^^^^
    |
help: there is a method `active_presentation_geometry` with a similar name
    |
972 -                                     && host.active_presentation_epoch() == Some(frame_epoch)
972 +                                     && host.active_presentation_geometry() == Some(frame_epoch)
    |

warning: unused variable: `host`
   --> src\ipc\remote_drop.rs:310:13
    |
310 |         let host =
    |             ^^^^ help: if this is intentional, prefix it with an underscore: `_host`
    |
    = note: `#[warn(unused_variables)]` (part of `#[warn(unused)]`) on by default

warning: variable does not need to be mutable
   --> src\native_terminal\renderer\font_manager.rs:208:13
    |
208 |         let mut subpixel_buffer = vec![0u8; total_pixels * 4];
    |             ----^^^^^^^^^^^^^^^
    |             |
    |             help: remove this `mut`
    |
    = note: `#[warn(unused_mut)]` (part of `#[warn(unused)]`) on by default

error[E0063]: missing field `local_split` in initializer of `daemon::protocol::DaemonRequest`
   --> src\remote\workspace_api\worktree_authority_tests.rs:350:13
    |
350 |             DaemonRequest::Spawn {
    |             ^^^^^^^^^^^^^^^^^^^^ missing `local_split`

error[E0277]: can't compare `&str` with `std::path::PathBuf`
   --> src\terminal\pty.rs:192:9
    |
192 | /         assert_eq!(
193 | |             command.get_cwd().unwrap().to_str().unwrap(),
194 | |             crate::daemon::session_service::normalize_process_cwd(&cwd)
195 | |         );
    | |_________^ no implementation for `&str == std::path::PathBuf`
    |
    = help: the trait `PartialEq<std::path::PathBuf>` is not implemented for `&str`
help: the trait `PartialEq<std::path::PathBuf>` is implemented for `str`
   --> /rustc/2d8144b7880597b6e6d3dfd63a9a9efae3f533d3/library\std\src\path.rs:2262:0

error[E0277]: can't compare `&str` with `std::path::PathBuf`
   --> src\terminal\pty.rs:196:9
    |
196 | /         assert_eq!(
197 | |             command.get_env("FERRYX_WORKTREE_PATH").unwrap().to_str().unwrap(),
198 | |             crate::daemon::session_service::normalize_process_cwd(root.path())
199 | |         );
    | |_________^ no implementation for `&str == std::path::PathBuf`
    |
    = help: the trait `PartialEq<std::path::PathBuf>` is not implemented for `&str`
help: the trait `PartialEq<std::path::PathBuf>` is implemented for `str`
   --> /rustc/2d8144b7880597b6e6d3dfd63a9a9efae3f533d3/library\std\src\path.rs:2262:0

warning: unused variable: `session`
   --> src\terminal\pty.rs:562:22
    |
562 |             let Some(session) = manager.get_session(&session_id) else {
    |                      ^^^^^^^ help: if this is intentional, prefix it with an underscore: `_session`

warning: value assigned to `desired_size` is never read
    --> src\terminal\remote.rs:1073:56
     |
1073 |               let mut desired_size: Option<(u16, u16)> = None;
     |                                                          ^^^^ this value is reassigned later and never used
...
1085 | /                     desired_size = Some(
1086 | |                         s.pending_size
1087 | |                             .take()
1088 | |                             .map(|(c, r, _)| (c, r))
1089 | |                             .unwrap_or((s.details.descriptor.cols, s.details.descriptor.rows)),
1090 | |                     );
     | |_____________________- `desired_size` is overwritten here before the previous value is read
     |
     = note: `#[warn(unused_assignments)]` (part of `#[warn(unused)]`) on by default

warning: unused import: `base64::Engine`
   --> src\remote\account_grants.rs:108:9
    |
108 |     use base64::Engine as _;
    |         ^^^^^^^^^^^^^^

Some errors have detailed explanations: E0063, E0283, E0432, E0433, E0599.
For more information about an error, try `rustc --explain E0063`.
warning: `ferryx` (lib) generated 14 warnings
error: could not compile `ferryx` (lib) due to 13 previous errors; 14 warnings emitted
warning: build failed, waiting for other jobs to finish...
warning: unused variable: `super_key`
   --> src\native_terminal\input.rs:372:13
    |
372 |         let super_key = KeyModifiers {
    |             ^^^^^^^^^ help: if this is intentional, prefix it with an underscore: `_super_key`

warning: variable does not need to be mutable
    --> src\native_terminal\surface_host.rs:6507:13
     |
6507 |         let mut harness = DirectRenderHarness::new(
     |             ----^^^^^^^
     |             |
     |             help: remove this `mut`

warning: variable does not need to be mutable
    --> src\native_terminal\surface_host.rs:6558:13
     |
6558 |         let mut harness = DirectRenderHarness::new(vec![
     |             ----^^^^^^^
     |             |
     |             help: remove this `mut`

warning: unused variable: `receipt`
    --> src\native_terminal\surface_host.rs:9233:13
     |
9233 |         let receipt = harness
     |             ^^^^^^^ help: if this is intentional, prefix it with an underscore: `_receipt`

warning: unused variable: `render_receipt`
    --> src\native_terminal\surface_host.rs:9243:13
     |
9243 |         let render_receipt = harness
     |             ^^^^^^^^^^^^^^ help: if this is intentional, prefix it with an underscore: `_render_receipt`

warning: unused variable: `token`
    --> src\remote\auth.rs:1759:14
     |
1759 |         let (token, device) = auth
     |              ^^^^^ help: if this is intentional, prefix it with an underscore: `_token`

warning: unused variable: `hook`
    --> src\remote\workspace_api\worktree_authority_tests.rs:1154:13
     |
1154 |         let hook = root.path().join("repo/.git/hooks/post-checkout");
     |             ^^^^ help: if this is intentional, prefix it with an underscore: `_hook`

warning: unused variable: `port`
    --> src\remote\workspace_api\worktree_authority_tests.rs:1155:13
     |
1155 |         let port = ready.local_addr().unwrap().port();
     |             ^^^^ help: if this is intentional, prefix it with an underscore: `_port`

warning: unused variable: `child_pid`
   --> src\ssh\bridge_tests.rs:671:9
    |
671 |     let child_pid = conn_cancel.child_id().expect("child PID must be known");
    |         ^^^^^^^^^ help: if this is intentional, prefix it with an underscore: `_child_pid`

warning: unused variable: `eof_pid`
   --> src\ssh\bridge_tests.rs:719:9
    |
719 |     let eof_pid = conn_eof.child_id().expect("eof child PID");
    |         ^^^^^^^ help: if this is intentional, prefix it with an underscore: `_eof_pid`

warning: unused variable: `pid`
    --> src\ssh\bridge.rs:2501:13
     |
2501 |         let pid = conn.child_id().expect("child pid");
     |             ^^^ help: if this is intentional, prefix it with an underscore: `_pid`

warning: unused variable: `pid`
    --> src\ssh\bridge.rs:2531:13
     |
2531 |         let pid = conn.child_id().expect("child pid");
     |             ^^^ help: if this is intentional, prefix it with an underscore: `_pid`

warning: unused variable: `c_pid`
    --> src\ssh\bridge.rs:2569:13
     |
2569 |         let c_pid = c_child.id().unwrap();
     |             ^^^^^ help: if this is intentional, prefix it with an underscore: `_c_pid`

warning: unused variable: `r_pid`
    --> src\ssh\bridge.rs:2570:13
     |
2570 |         let r_pid = r_child.id().unwrap();
     |             ^^^^^ help: if this is intentional, prefix it with an underscore: `_r_pid`

warning: unused variable: `initial_len`
   --> src\ssh\projects.rs:512:13
    |
512 |         let initial_len = target_len as u64;
    |             ^^^^^^^^^^^ help: if this is intentional, prefix it with an underscore: `_initial_len`

warning: unused variable: `pid1`
    --> src\terminal\remote.rs:1705:13
     |
1705 |         let pid1 = child1.id().unwrap();
     |             ^^^^ help: if this is intentional, prefix it with an underscore: `_pid1`

warning: unused variable: `pid2`
    --> src\terminal\remote.rs:1706:13
     |
1706 |         let pid2 = child2.id().unwrap();
     |             ^^^^ help: if this is intentional, prefix it with an underscore: `_pid2`

error: implementation of `Fn` is not general enough
   --> src\terminal\shell.rs:647:13
    |
647 |             ordinary_shell_command_with_env(None, TargetPlatform::Windows, environment).unwrap();
    |             ^^^^^^^^^^^^^^^^^^^^^^^^^^^^^^^^^^^^^^^^^^^^^^^^^^^^^^^^^^^^^^^^^^^^^^^^^^^ implementation of `Fn` is not general enough
    |
    = note: closure with signature `fn(&'2 str) -> std::option::Option<std::ffi::OsString>` must implement `Fn<(&'1 str,)>`, for any lifetime `'1`...
    = note: ...but it actually implements `Fn<(&'2 str,)>`, for some specific lifetime `'2`

error: implementation of `FnOnce` is not general enough
   --> src\terminal\shell.rs:647:13
    |
647 |             ordinary_shell_command_with_env(None, TargetPlatform::Windows, environment).unwrap();
    |             ^^^^^^^^^^^^^^^^^^^^^^^^^^^^^^^^^^^^^^^^^^^^^^^^^^^^^^^^^^^^^^^^^^^^^^^^^^^ implementation of `FnOnce` is not general enough
    |
    = note: closure with signature `fn(&'2 str) -> std::option::Option<std::ffi::OsString>` must implement `FnOnce<(&'1 str,)>`, for any lifetime `'1`...
    = note: ...but it actually implements `FnOnce<(&'2 str,)>`, for some specific lifetime `'2`

error: implementation of `Fn` is not general enough
   --> src\terminal\shell.rs:653:13
    |
653 |             ordinary_shell_command_with_env(Some("custom"), TargetPlatform::Windows, environment)
    |             ^^^^^^^^^^^^^^^^^^^^^^^^^^^^^^^^^^^^^^^^^^^^^^^^^^^^^^^^^^^^^^^^^^^^^^^^^^^^^^^^^^^^^ implementation of `Fn` is not general enough
    |
    = note: closure with signature `fn(&'2 str) -> std::option::Option<std::ffi::OsString>` must implement `Fn<(&'1 str,)>`, for any lifetime `'1`...
    = note: ...but it actually implements `Fn<(&'2 str,)>`, for some specific lifetime `'2`

error: implementation of `FnOnce` is not general enough
   --> src\terminal\shell.rs:653:13
    |
653 |             ordinary_shell_command_with_env(Some("custom"), TargetPlatform::Windows, environment)
    |             ^^^^^^^^^^^^^^^^^^^^^^^^^^^^^^^^^^^^^^^^^^^^^^^^^^^^^^^^^^^^^^^^^^^^^^^^^^^^^^^^^^^^^ implementation of `FnOnce` is not general enough
    |
    = note: closure with signature `fn(&'2 str) -> std::option::Option<std::ffi::OsString>` must implement `FnOnce<(&'1 str,)>`, for any lifetime `'1`...
    = note: ...but it actually implements `FnOnce<(&'2 str,)>`, for some specific lifetime `'2`

Some errors have detailed explanations: E0027, E0063, E0277, E0283, E0432, E0433, E0599.
For more information about an error, try `rustc --explain E0027`.
warning: `ferryx` (lib test) generated 42 warnings (11 duplicates)
error: could not compile `ferryx` (lib test) due to 25 previous errors; 42 warnings emitted
NATIVE_EXIT=101
