   Compiling ferryx v2026.902.2 (/Users/indo/code/project/ferryx-web-remote-security-20260907/src-tauri)
warning: unused variable: `super_key`
   --> src/native_terminal/input.rs:366:13
    |
366 |         let super_key = KeyModifiers {
    |             ^^^^^^^^^ help: if this is intentional, prefix it with an underscore: `_super_key`
    |
    = note: `#[warn(unused_variables)]` (part of `#[warn(unused)]`) on by default

warning: variable does not need to be mutable
   --> src/native_terminal/renderer/font_manager.rs:155:13
    |
155 |         let mut buffer = vec![0u8; total_pixels];
    |             ----^^^^^^
    |             |
    |             help: remove this `mut`
    |
    = note: `#[warn(unused_mut)]` (part of `#[warn(unused)]`) on by default

warning: field `app` is never read
  --> src/ipc/notifications.rs:28:5
   |
27 | pub struct TauriNotificationBackend<R: Runtime> {
   |            ------------------------ field in this struct
28 |     app: AppHandle<R>,
   |     ^^^
   |
   = note: `#[warn(dead_code)]` (part of `#[warn(unused)]`) on by default

warning: method `wait_and_reap` is never used
   --> src/terminal/session.rs:270:19
    |
 61 | impl PtySession {
    | --------------- method in this implementation
...
270 |     pub(crate) fn wait_and_reap(&self) -> Result<Option<i32>, PtyError> {
    |                   ^^^^^^^^^^^^^

warning: struct `WriterLeaseGuard` is never constructed
  --> src/worktree/manager.rs:57:19
   |
57 | pub(crate) struct WriterLeaseGuard {
   |                   ^^^^^^^^^^^^^^^^

warning: associated items `new`, `canonical_path`, and `owner_id` are never used
  --> src/worktree/manager.rs:64:8
   |
63 | impl WriterLeaseGuard {
   | --------------------- associated items in this implementation
64 |     fn new(registry: WriterLeaseRegistry, canonical_path: PathBuf, owner_id: String) -> Self {
   |        ^^^
...
72 |     pub(crate) fn canonical_path(&self) -> &Path {
   |                   ^^^^^^^^^^^^^^
...
76 |     pub(crate) fn owner_id(&self) -> &str {
   |                   ^^^^^^^^

warning: method `acquire_writer_lease` is never used
   --> src/worktree/manager.rs:309:19
    |
105 | impl WorktreeManager {
    | -------------------- method in this implementation
...
309 |     pub(crate) fn acquire_writer_lease(
    |                   ^^^^^^^^^^^^^^^^^^^^

warning: `ferryx` (lib test) generated 7 warnings (run `cargo fix --lib -p ferryx --tests` to apply 2 suggestions)
    Finished `test` profile [unoptimized + debuginfo] target(s) in 16.72s
     Running unittests src/lib.rs (src-tauri/target-security/debug/deps/ferryx_lib-c20491cebbac898a)

running 3 tests

thread 'remote::tests::security::sockets::revoke_before_event_upgrade_is_not_lost' (10788932) panicked at src/remote/security_socket_tests.rs:205:5:
revoked upgrade emitted its initial snapshot
note: run with `RUST_BACKTRACE=1` environment variable to display a backtrace

thread 'remote::tests::security::sockets::revoke_before_raw_upgrade_is_not_lost' (10788934) panicked at src/remote/security_socket_tests.rs:205:5:
revoked upgrade emitted its initial snapshot
test remote::tests::security::sockets::revoke_before_event_upgrade_is_not_lost ... FAILED
test remote::tests::security::sockets::revoke_before_raw_upgrade_is_not_lost ... FAILED

thread 'remote::tests::security::sockets::revoke_before_grid_upgrade_is_not_lost' (10788933) panicked at src/remote/security_socket_tests.rs:205:5:
revoked upgrade emitted its initial snapshot
test remote::tests::security::sockets::revoke_before_grid_upgrade_is_not_lost ... FAILED

failures:

failures:
    remote::tests::security::sockets::revoke_before_event_upgrade_is_not_lost
    remote::tests::security::sockets::revoke_before_grid_upgrade_is_not_lost
    remote::tests::security::sockets::revoke_before_raw_upgrade_is_not_lost

test result: FAILED. 0 passed; 3 failed; 0 ignored; 0 measured; 645 filtered out; finished in 0.04s

error: test failed, to rerun pass `--lib`
