    Blocking waiting for file lock on package cache
   Compiling ferryx v2026.902.2 (/Users/indo/code/project/ferryx-web-remote-security-20260907/src-tauri)
warning: unused variable: `super_key`
   --> src/native_terminal/input.rs:366:13
    |
366 |         let super_key = KeyModifiers {
    |             ^^^^^^^^^ help: if this is intentional, prefix it with an underscore: `_super_key`
    |
    = note: `#[warn(unused_variables)]` (part of `#[warn(unused)]`) on by default

warning: variable does not need to be mutable
   --> src/native_terminal/renderer/font_manager.rs:155:13
    |
155 |         let mut buffer = vec![0u8; total_pixels];
    |             ----^^^^^^
    |             |
    |             help: remove this `mut`
    |
    = note: `#[warn(unused_mut)]` (part of `#[warn(unused)]`) on by default

warning: field `app` is never read
  --> src/ipc/notifications.rs:28:5
   |
27 | pub struct TauriNotificationBackend<R: Runtime> {
   |            ------------------------ field in this struct
28 |     app: AppHandle<R>,
   |     ^^^
   |
   = note: `#[warn(dead_code)]` (part of `#[warn(unused)]`) on by default

warning: method `wait_and_reap` is never used
   --> src/terminal/session.rs:270:19
    |
 61 | impl PtySession {
    | --------------- method in this implementation
...
270 |     pub(crate) fn wait_and_reap(&self) -> Result<Option<i32>, PtyError> {
    |                   ^^^^^^^^^^^^^

warning: struct `WriterLeaseGuard` is never constructed
  --> src/worktree/manager.rs:57:19
   |
57 | pub(crate) struct WriterLeaseGuard {
   |                   ^^^^^^^^^^^^^^^^

warning: associated items `new`, `canonical_path`, and `owner_id` are never used
  --> src/worktree/manager.rs:64:8
   |
63 | impl WriterLeaseGuard {
   | --------------------- associated items in this implementation
64 |     fn new(registry: WriterLeaseRegistry, canonical_path: PathBuf, owner_id: String) -> Self {
   |        ^^^
...
72 |     pub(crate) fn canonical_path(&self) -> &Path {
   |                   ^^^^^^^^^^^^^^
...
76 |     pub(crate) fn owner_id(&self) -> &str {
   |                   ^^^^^^^^

warning: method `acquire_writer_lease` is never used
   --> src/worktree/manager.rs:309:19
    |
105 | impl WorktreeManager {
    | -------------------- method in this implementation
...
309 |     pub(crate) fn acquire_writer_lease(
    |                   ^^^^^^^^^^^^^^^^^^^^

warning: `ferryx` (lib test) generated 7 warnings (run `cargo fix --lib -p ferryx --tests` to apply 2 suggestions)
    Finished `test` profile [unoptimized + debuginfo] target(s) in 1m 26s
     Running unittests src/lib.rs (src-tauri/target-security/debug/deps/ferryx_lib-c20491cebbac898a)

running 7 tests

thread 'remote::tests::security::sockets::revoke_during_raw_attachment_prevents_upgrade' (10750499) panicked at src/remote/security_socket_tests.rs:163:5:
assertion `left == right` failed: revocation during attachment must prevent upgrade
  left: 101
 right: 401
note: run with `RUST_BACKTRACE=1` environment variable to display a backtrace

thread 'remote::tests::security::sockets::revoke_closes_all_event_sockets_only_for_that_device' (10750495) panicked at src/remote/security_socket_tests.rs:101:9:
revoked socket delivered post-revocation output

thread 'remote::tests::security::sockets::revoke_closes_all_raw_sockets_only_for_that_device' (10750497) panicked at src/remote/security_socket_tests.rs:101:9:
revoked socket delivered post-revocation output
test remote::tests::security::sockets::revoke_closes_all_event_sockets_only_for_that_device ... FAILED
test remote::tests::security::sockets::revoke_closes_all_raw_sockets_only_for_that_device ... FAILED
test remote::tests::security::sockets::revoke_during_raw_attachment_prevents_upgrade ... FAILED

thread 'remote::tests::security::sockets::revoke_during_grid_attachment_prevents_upgrade' (10750498) panicked at src/remote/security_socket_tests.rs:163:5:
assertion `left == right` failed: revocation during attachment must prevent upgrade
  left: 101
 right: 401
test remote::tests::security::sockets::revoke_during_grid_attachment_prevents_upgrade ... FAILED

thread 'remote::tests::security::sockets::revoke_closes_all_grid_sockets_only_for_that_device' (10750496) panicked at src/remote/security_socket_tests.rs:101:9:
revoked socket delivered post-revocation output
test remote::tests::security::sockets::revoke_closes_all_grid_sockets_only_for_that_device ... FAILED

thread 'remote::tests::security::sockets::revoke_cancels_pending_raw_input' (10750494) panicked at src/remote/security_socket_tests.rs:76:72:
bounded socket frame/close: Elapsed(())
test remote::tests::security::sockets::revoke_cancels_pending_raw_input ... FAILED

thread 'remote::tests::security::sockets::revoke_cancels_pending_grid_input' (10750493) panicked at src/remote/security_socket_tests.rs:76:72:
bounded socket frame/close: Elapsed(())
test remote::tests::security::sockets::revoke_cancels_pending_grid_input ... FAILED

failures:

failures:
    remote::tests::security::sockets::revoke_cancels_pending_grid_input
    remote::tests::security::sockets::revoke_cancels_pending_raw_input
    remote::tests::security::sockets::revoke_closes_all_event_sockets_only_for_that_device
    remote::tests::security::sockets::revoke_closes_all_grid_sockets_only_for_that_device
    remote::tests::security::sockets::revoke_closes_all_raw_sockets_only_for_that_device
    remote::tests::security::sockets::revoke_during_grid_attachment_prevents_upgrade
    remote::tests::security::sockets::revoke_during_raw_attachment_prevents_upgrade

test result: FAILED. 0 passed; 7 failed; 0 ignored; 0 measured; 638 filtered out; finished in 5.02s

error: test failed, to rerun pass `--lib`
