   Compiling proc-macro2 v1.0.107
   Compiling unicode-ident v1.0.24
   Compiling quote v1.0.47
   Compiling cfg-if v1.0.4
   Compiling windows-link v0.2.1
   Compiling serde_core v1.0.229
   Compiling itoa v1.0.18
   Compiling parking_lot_core v0.9.12
   Compiling log v0.4.33
   Compiling version_check v0.9.5
   Compiling thiserror v2.0.20
   Compiling scopeguard v1.2.0
   Compiling bytes v1.12.1
   Compiling litemap v0.8.3
   Compiling lock_api v0.4.14
   Compiling writeable v0.6.4
   Compiling memchr v2.8.3
   Compiling siphasher v1.0.3
   Compiling utf8_iter v1.0.4
   Compiling autocfg v1.5.1
   Compiling icu_properties_data v2.3.0
   Compiling icu_normalizer_data v2.3.0
   Compiling phf_shared v0.13.1
   Compiling find-msvc-tools v0.1.11
   Compiling shlex v2.0.1
   Compiling once_cell v1.21.4
   Compiling fastrand v2.5.0
   Compiling equivalent v1.0.2
   Compiling stable_deref_trait v1.2.1
   Compiling http v1.5.0
   Compiling cc v1.4.3
   Compiling phf_generator v0.13.1
   Compiling generic-array v0.14.7
   Compiling zmij v1.0.23
   Compiling windows-sys v0.61.2
   Compiling getrandom v0.2.17
   Compiling typenum v1.20.1
   Compiling smallvec v1.15.2
   Compiling syn v2.0.119
   Compiling syn v3.0.3
   Compiling semver v1.0.28
   Compiling time-core v0.1.9
   Compiling num-conv v0.2.2
   Compiling serde v1.0.229
   Compiling winnow v1.0.4
   Compiling powerfmt v0.2.0
   Compiling base64 v0.22.1
   Compiling toml_writer v1.1.2+spec-1.1.0
   Compiling phf_codegen v0.13.1
   Compiling typeid v1.0.3
   Compiling strsim v0.11.1
   Compiling thiserror v1.0.69
   Compiling ident_case v1.0.1
   Compiling toml_parser v1.1.3+spec-1.1.0
   Compiling byteorder v1.5.0
   Compiling erased-serde v0.4.10
   Compiling aho-corasick v1.1.5
   Compiling unic-common v0.9.0
   Compiling new_debug_unreachable v1.0.6
   Compiling fnv v1.0.7
   Compiling unic-char-range v0.9.0
   Compiling regex-syntax v0.8.11
   Compiling unic-ucd-version v0.9.0
   Compiling string_cache_codegen v0.6.1
   Compiling pin-project-lite v0.2.17
   Compiling alloc-no-stdlib v2.0.4
   Compiling unic-char-property v0.9.0
   Compiling getrandom v0.4.3
   Compiling serde_json v1.0.151
   Compiling precomputed-hash v0.1.1
   Compiling anyhow v1.0.104
   Compiling web_atoms v0.2.6
   Compiling unic-ucd-ident v0.9.0
   Compiling parking_lot v0.12.5
   Compiling alloc-stdlib v0.2.4
   Compiling bitflags v2.13.1
   Compiling serde_spanned v1.1.1
   Compiling quick-xml v0.41.0
   Compiling dunce v1.0.5
   Compiling string_cache v0.9.0
   Compiling brotli-decompressor v5.0.3
   Compiling dtoa v1.0.11
   Compiling percent-encoding v2.3.2
   Compiling ctor-proc-macro v0.0.7
   Compiling regex-automata v0.4.18
   Compiling rustc-hash v2.1.3
   Compiling synstructure v0.13.2
   Compiling darling_core v0.23.0
   Compiling ctor v0.8.0
   Compiling brotli v8.0.4
   Compiling form_urlencoded v1.2.2
   Compiling dtoa-short v0.3.5
   Compiling uuid v1.26.0
   Compiling tendril v0.5.1
   Compiling selectors v0.36.1
   Compiling toml_datetime v1.1.1+spec-1.1.0
   Compiling rand_core v0.6.4
   Compiling zerovec-derive v0.11.5
   Compiling serde_derive v1.0.229
   Compiling displaydoc v0.2.7
   Compiling thiserror-impl v2.0.20
   Compiling indexmap v1.9.3
   Compiling glob v0.3.4
   Compiling subtle v2.6.1
   Compiling zerofrom-derive v0.1.7
   Compiling yoke-derive v0.8.2
   Compiling phf_macros v0.13.1
   Compiling thiserror-impl v1.0.69
   Compiling windows-interface v0.59.3
   Compiling windows-implement v0.60.2
   Compiling regex v1.13.1
   Compiling phf v0.13.1
   Compiling zeroize_derive v1.5.0
   Compiling cssparser-macros v0.6.1
   Compiling darling_macro v0.23.0
   Compiling zerofrom v0.1.8
   Compiling derive_more-impl v2.1.1
   Compiling yoke v0.8.3
   Compiling camino v1.2.5
   Compiling darling v0.23.0
   Compiling cssparser v0.36.0
   Compiling zeroize v1.9.0
   Compiling markup5ever v0.38.0
   Compiling zerovec v0.11.8
   Compiling zerotrie v0.2.5
   Compiling serde_with_macros v3.22.0
   Compiling bytemuck_derive v1.12.0
   Compiling derive_more v2.1.1
   Compiling toml v1.1.4+spec-1.1.0
   Compiling winapi-util v0.1.11
   Compiling serde_derive_internals v0.29.1
   Compiling servo_arc v0.4.3
   Compiling windows_x86_64_msvc v0.52.6
   Compiling hashbrown v0.12.3
   Compiling tinystr v0.8.4
   Compiling potential_utf v0.1.6
   Compiling libc v0.2.189
   Compiling bit-vec v0.8.0
   Compiling icu_locale_core v2.3.0
   Compiling icu_collections v2.3.0
   Compiling hashbrown v0.17.1
   Compiling deranged v0.5.8
   Compiling schemars v0.8.22
   Compiling bytemuck v1.25.2
   Compiling indexmap v2.14.0
   Compiling schemars_derive v0.8.22
   Compiling bit-set v0.8.0
   Compiling cargo-platform v0.1.9
   Compiling jsonptr v0.6.3
   Compiling same-file v1.0.6
   Compiling icu_provider v2.3.0
   Compiling time v0.3.55
   Compiling html5ever v0.38.0
   Compiling cfb v0.7.3
   Compiling icu_properties v2.3.0
   Compiling icu_normalizer v2.3.0
   Compiling rustc_version v0.4.1
   Compiling dyn-clone v1.0.20
   Compiling foldhash v0.2.0
   Compiling cargo_metadata v0.19.2
   Compiling infer v0.19.0
   Compiling json-patch v3.0.1
   Compiling dom_query v0.27.0
   Compiling serde-untagged v0.1.9
   Compiling walkdir v2.5.0
   Compiling serde_with v3.22.0
   Compiling crypto-common v0.1.7
   Compiling cpufeatures v0.2.17
   Compiling idna_adapter v1.2.2
   Compiling windows-targets v0.52.6
   Compiling tracing-core v0.1.36
   Compiling bitflags v1.3.2
   Compiling block-buffer v0.10.4
   Compiling idna v1.1.0
   Compiling cfg_aliases v0.2.2
   Compiling libm v0.2.16
   Compiling socket2 v0.6.5
   Compiling tracing-attributes v0.1.31
   Compiling num-traits v0.2.19
   Compiling url v2.5.8
   Compiling windows-link v0.1.3
   Compiling plist v1.10.0
   Compiling zerocopy v0.8.56
   Compiling urlpattern v0.3.0
   Compiling mio v1.2.2
   Compiling zerocopy-derive v0.8.56
   Compiling tokio-macros v2.7.2
   Compiling vswhom-sys v0.1.3
   Compiling tracing v0.1.44
   Compiling option-ext v0.2.0
   Compiling tokio v1.53.1
   Compiling raw-window-handle v0.6.2
   Compiling windows-strings v0.4.2
   Compiling tauri-utils v2.9.3
   Compiling windows-result v0.3.4
   Compiling windows-sys v0.59.0
   Compiling arrayvec v0.7.8
   Compiling winnow v0.7.15
   Compiling rand_core v0.10.1
   Compiling windows-core v0.61.2
   Compiling vswhom v0.1.0
   Compiling toml_datetime v0.7.5+spec-1.1.0
   Compiling futures-core v0.3.34
   Compiling dirs-sys v0.5.0
   Compiling ring v0.17.14
   Compiling lazy_static v1.5.0
   Compiling heck v0.5.0
   Compiling dirs v6.0.0
   Compiling toml v0.9.12+spec-1.1.0
   Compiling windows-threading v0.1.0
   Compiling rustls-pki-types v1.15.1
   Compiling crc32fast v1.5.0
   Compiling windows-future v0.2.1
   Compiling windows-numerics v0.2.0
   Compiling windows-collections v0.2.0
   Compiling time-macros v0.2.32
   Compiling winreg v0.55.0
   Compiling cargo_toml v0.22.3
   Compiling untrusted v0.9.0
   Compiling embed-resource v3.0.11
   Compiling simd-adler32 v0.3.10
   Compiling windows v0.61.3
   Compiling tauri-winres v0.3.6
   Compiling getrandom v0.3.4
   Compiling adler2 v2.0.1
   Compiling rustls v0.23.43
   Compiling miniz_oxide v0.8.9
   Compiling fdeflate v0.3.7
   Compiling symphonia-core v0.5.5
   Compiling flate2 v1.1.9
   Compiling digest v0.10.7
   Compiling dpi v0.1.2
   Compiling webview2-com-sys v0.38.2
   Compiling windows-result v0.4.1
   Compiling windows-version v0.1.7
   Compiling windows-strings v0.5.1
   Compiling crossbeam-utils v0.8.22
   Compiling slab v0.4.12
   Compiling tauri-plugin v2.6.3
   Compiling tauri-build v2.6.3
   Compiling windows-core v0.62.2
   Compiling http-body v1.1.0
   Compiling cookie v0.18.2
   Compiling unicode-segmentation v1.13.3
   Compiling httparse v1.10.1
   Compiling futures-sink v0.3.34
   Compiling rustls-webpki v0.103.15
   Compiling webview2-com-macros v0.8.1
   Compiling futures-macro v0.3.34
   Compiling encoding_rs v0.8.35
   Compiling tower-service v0.3.3
   Compiling khronos_api v3.1.0
   Compiling futures-task v0.3.34
   Compiling crossbeam-channel v0.5.16
   Compiling futures-util v0.3.34
   Compiling png v0.17.16
   Compiling symphonia-metadata v0.5.5
   Compiling block-padding v0.3.3
   Compiling windows-threading v0.2.1
   Compiling tauri-runtime v2.11.3
   Compiling wry v0.55.1
   Compiling mime v0.3.17
   Compiling tauri v2.11.5
   Compiling ico v0.5.0
   Compiling windows-future v0.3.2
   Compiling inout v0.1.4
   Compiling sha2 v0.10.9
   Compiling windows-numerics v0.3.1
   Compiling windows-collections v0.3.2
   Compiling ppv-lite86 v0.2.21
   Compiling tower-layer v0.3.3
   Compiling windows_x86_64_msvc v0.53.1
   Compiling tauri-runtime-wry v2.11.4
   Compiling pxfm v0.1.30
   Compiling xml-rs v0.8.29
   Compiling try-lock v0.2.5
   Compiling rustc-hash v1.1.0
   Compiling windows v0.62.2
   Compiling tauri-codegen v2.6.3
   Compiling cipher v0.4.4
   Compiling gl_generator v0.14.0
   Compiling naga-types v30.0.1
   Compiling want v0.3.1
   Compiling keyboard-types v0.7.0
   Compiling png v0.18.1
   Compiling webpki-roots v1.0.9
   Compiling futures-channel v0.3.34
   Compiling sync_wrapper v1.0.2
   Compiling softbuffer v0.4.8
   Compiling naga v30.0.1
   Compiling serialize-to-javascript-impl v0.1.2
   Compiling libloading v0.8.9
   Compiling bit-vec v0.9.1
   Compiling moxcms v0.8.1
   Compiling httpdate v1.0.3
   Compiling unicode-width v0.1.14
   Compiling atomic-waker v1.1.2
   Compiling byteorder-lite v0.1.0
   Compiling ash v0.38.0+1.3.281
   Compiling hyper v1.11.0
   Compiling serialize-to-javascript v0.1.2
   Compiling codespan-reporting v0.13.1
   Compiling bit-set v0.10.0
   Compiling tauri-macros v2.6.3
   Compiling muda v0.19.3
   Compiling window-vibrancy v0.6.0
   Compiling glutin_wgl_sys v0.6.1
   Compiling symphonia-utils-xiph v0.5.5
   Compiling tao v0.35.3
   Compiling tokio-rustls v0.26.4
   Compiling rand_core v0.9.5
   Compiling image v0.25.10
   Compiling half v2.7.1
   Compiling universal-hash v0.5.1
   Compiling serde_repr v0.1.21
   Compiling spirv v0.4.0+sdk-1.4.341.0
   Compiling khronos-egl v6.0.0
   Compiling ipnet v2.12.1
   Compiling webview2-com v0.38.2
   Compiling allocator-api2 v0.2.21
   Compiling opaque-debug v0.3.1
   Compiling static_assertions v1.1.0
   Compiling hyper-util v0.1.20
   Compiling hashbrown v0.16.1
   Compiling wgpu-types v30.0.1
   Compiling rand_chacha v0.9.0
   Compiling windows-targets v0.53.5
   Compiling tower v0.5.3
   Compiling tauri-plugin-fs v2.5.1
   Compiling http-body-util v0.1.5
   Compiling wgpu-hal v30.0.1
   Compiling curve25519-dalek v4.1.3
   Compiling ahash v0.8.12
   Compiling winapi v0.3.9
   Compiling presser v0.3.1
   Compiling windows-sys v0.60.2
   Compiling rand v0.9.5
   Compiling ordered-float v4.6.0
   Compiling curve25519-dalek-derive v0.1.1
   Compiling range-alloc v0.1.5
   Compiling vcpkg v0.2.15
   Compiling cfg_aliases v0.1.1
   Compiling glow v0.17.0
   Compiling profiling v1.0.18
   Compiling cpufeatures v0.3.0
   Compiling renderdoc-sys v1.1.0
   Compiling pkg-config v0.3.34
   Compiling chacha20 v0.10.1
   Compiling nix v0.28.0
   Compiling libsqlite3-sys v0.30.1
   Compiling tower-http v0.6.11
   Compiling wgpu-naga-bridge v30.0.1
   Compiling hyper-rustls v0.27.9
   Compiling polyval v0.6.2
   Compiling tauri-plugin-updater v2.10.1
   Compiling tauri-plugin-notification v2.3.3
   Compiling tauri-plugin-dialog v2.7.2
   Compiling tauri-plugin-process v2.3.1
   Compiling tokio-util v0.7.19
   Compiling sha1 v0.10.7
   Compiling num-integer v0.1.47
   Compiling quinn-udp v0.5.15
   Compiling wgpu-core v30.0.1
   Compiling aead v0.5.2
   Compiling rfd v0.16.0
   Compiling tinyvec_macros v0.1.1
   Compiling ryu v1.0.23
   Compiling unicase v2.9.0
   Compiling litrs v1.0.0
   Compiling cpal v0.17.3
   Compiling winreg v0.10.1
   Compiling extended v0.1.0
   Compiling data-encoding v2.11.1
   Compiling mime_guess v2.0.5
   Compiling gpu-allocator v0.28.0
   Compiling tungstenite v0.29.0
   Compiling document-features v0.2.12
   Compiling symphonia-format-riff v0.5.5
   Compiling serde_urlencoded v0.7.1
   Compiling tinyvec v1.12.0
   Compiling num-bigint v0.4.8
   Compiling ghash v0.5.1
   Compiling hashbrown v0.14.5
   Compiling rand v0.10.2
   Compiling poly1305 v0.8.0
   Compiling symphonia-format-isomp4 v0.5.5
   Compiling symphonia-bundle-flac v0.5.5
   Compiling symphonia-codec-vorbis v0.5.5
   Compiling symphonia-format-ogg v0.5.5
   Compiling tauri-winrt-notification v0.7.3
   Compiling webpki-roots v0.26.11
   Compiling aes v0.8.4
   Compiling ctr v0.9.2
   Compiling chacha20 v0.9.1
   Compiling symphonia-bundle-mp3 v0.5.5
   Compiling rustls-platform-verifier v0.7.0
   Compiling symphonia-codec-aac v0.5.5
   Compiling symphonia-codec-pcm v0.5.5
   Compiling rand_pcg v0.10.2
   Compiling quinn v0.11.11
   Compiling wgpu v30.0.1
   Compiling winit v0.30.13
   Compiling snow v0.9.6
   Compiling dasp_sample v0.11.0
   Compiling lru-slab v0.1.2
   Compiling wgpu-core-deps-windows-linux-android v30.0.1
   Compiling signature v2.2.0
   Compiling quinn-proto v0.11.17
   Compiling ed25519 v2.2.3
   Compiling tempfile v3.27.0
   Compiling symphonia v0.5.5
   Compiling reqwest v0.13.4
   Compiling chacha20poly1305 v0.10.1
   Compiling aes-gcm v0.10.3
   Compiling tokio-tungstenite v0.29.0
   Compiling notify-rust v4.18.0
   Compiling num-rational v0.4.2
   Compiling hashlink v0.9.1
   Compiling filedescriptor v0.8.3
   Compiling axum-core v0.5.6
   Compiling rand_chacha v0.3.1
   Compiling ferryx v2026.928.7 (C:\Users\sook\ferryx-pane-completion\source-5464da0d\src-tauri)
   Compiling yasna v0.6.0
   Compiling tokio-stream v0.1.19
   Compiling hmac v0.12.1
   Compiling blake2 v0.10.6
   Compiling zip v4.6.1
   Compiling sharded-slab v0.1.7
   Compiling shared_library v0.1.9
   Compiling tracing-log v0.2.0
   Compiling windows-sys v0.52.0
   Compiling serial2 v0.2.38
   Compiling nu-ansi-term v0.50.3
   Compiling notify-types v2.1.0
   Compiling serde_path_to_error v0.1.20
   Compiling thread_local v1.1.10
   Compiling shell-words v1.1.1
   Compiling fallible-iterator v0.3.0
   Compiling minisign-verify v0.2.5
   Compiling fallible-streaming-iterator v0.1.9
   Compiling downcast-rs v1.2.1
   Compiling cursor-icon v1.2.0
   Compiling smol_str v0.2.2
   Compiling matchit v0.8.4
   Compiling rusqlite v0.32.1
   Compiling portable-pty v0.9.0 (C:\Users\sook\ferryx-pane-completion\source-5464da0d\src-tauri\vendor\portable-pty)
   Compiling tracing-subscriber v0.3.23
   Compiling axum v0.8.9
   Compiling notify v8.2.0
   Compiling pbkdf2 v0.12.2
   Compiling tokio-test v0.4.5
   Compiling rcgen v0.14.10
   Compiling rand v0.8.7
   Compiling rodio v0.22.2
   Compiling ed25519-dalek v2.2.0
   Compiling reqwest v0.12.28
   Compiling x25519-dalek v2.0.1
   Compiling cbc v0.1.2
   Compiling tower-http v0.7.1
   Compiling base64 v0.23.1
   Compiling pollster v1.0.1
error: failed to run custom build command for `ferryx v2026.928.7 (C:\Users\sook\ferryx-pane-completion\source-5464da0d\src-tauri)`

Caused by:
  process didn't exit successfully: `C:\Users\sook\ferryx-pane-completion\source-5464da0d\src-tauri\target\debug\build\ferryx-8c6d02707e254978\build-script-build` (exit code: 101)
  --- stdout
  cargo:rustc-link-arg-tests=/MANIFEST:EMBED
  cargo:rustc-link-arg-tests=/MANIFESTDEPENDENCY:type='win32' name='Microsoft.Windows.Common-Controls' version='6.0.0.0' publicKeyToken='6595b64144ccf1df' language='*' processorArchitecture='*'
  cargo:rustc-link-search=native=C:\Users\sook\ferryx-pane-completion\source-5464da0d\src-tauri\target\debug\build\ferryx-856aea84d3fa5739\out\ghostty_vt\lib
  cargo:rustc-link-lib=static=ghostty-vt-static
  cargo:include=C:\Users\sook\ferryx-pane-completion\source-5464da0d\src-tauri\target\debug\build\ferryx-856aea84d3fa5739\out\ghostty_vt\include
  cargo:ghostty_lib_dir=C:\Users\sook\ferryx-pane-completion\source-5464da0d\src-tauri\target\debug\build\ferryx-856aea84d3fa5739\out\ghostty_vt\lib
  cargo:ghostty_include_dir=C:\Users\sook\ferryx-pane-completion\source-5464da0d\src-tauri\target\debug\build\ferryx-856aea84d3fa5739\out\ghostty_vt\include
  cargo:ghostty_sha=6a508fd5e34c7e222c052a6d00bb3891ff3feace
  cargo:ghostty_zig_version=0.16.0
  cargo:ghostty_target=x86_64-pc-windows-msvc
  cargo:ghostty_zig_target=x86_64-windows-msvc
  cargo:ghostty_artifact=C:\Users\sook\ferryx-pane-completion\source-5464da0d\src-tauri\target\debug\build\ferryx-856aea84d3fa5739\out\ghostty_vt\lib\ghostty-vt-static.lib
  cargo:rerun-if-changed=native_terminal/build_ghostty.rs
  cargo:rerun-if-changed=native_terminal/ghostty_source_lock.json
  cargo:rerun-if-changed=vendor/ghostty/build.zig
  cargo:rerun-if-changed=vendor/ghostty/src
  cargo:rerun-if-changed=vendor/ghostty/include
  cargo:rerun-if-env-changed=TARGET
  cargo:rerun-if-env-changed=HOST
  cargo:rerun-if-env-changed=ZIG
  cargo:rustc-link-arg=/MANIFEST:EMBED
  cargo:rustc-link-arg=/MANIFESTINPUT:C:\Users\sook\ferryx-pane-completion\source-5464da0d\src-tauri\target\debug\build\ferryx-856aea84d3fa5739\out\ferryx-app-manifest.xml
  cargo:rerun-if-env-changed=TAURI_CONFIG
  cargo:rustc-check-cfg=cfg(desktop)
  cargo:rustc-cfg=desktop
  cargo:rustc-check-cfg=cfg(mobile)
  cargo:rerun-if-changed=C:\Users\sook\ferryx-pane-completion\source-5464da0d\src-tauri\tauri.conf.json
  cargo:rerun-if-changed=C:\Users\sook\ferryx-pane-completion\source-5464da0d\src-tauri\tauri.windows.conf.json
  cargo:rustc-env=TAURI_ANDROID_PACKAGE_NAME_APP_NAME=app
  cargo:rustc-env=TAURI_ANDROID_PACKAGE_NAME_PREFIX=com_ferryx
  cargo:rustc-check-cfg=cfg(dev)
  cargo:rustc-cfg=dev
  cargo:PERMISSION_FILES_PATH=C:\Users\sook\ferryx-pane-completion\source-5464da0d\src-tauri\target\debug\build\ferryx-856aea84d3fa5739\out\app-manifest\__app__-permission-files
  cargo:rerun-if-changed=capabilities
  cargo:rerun-if-env-changed=REMOVE_UNUSED_COMMANDS
  cargo:rustc-env=TAURI_ENV_TARGET_TRIPLE=x86_64-pc-windows-msvc

  --- stderr

  thread 'main' (22896) panicked at build.rs:122:39:
  tauri build failed: resource path `..\ui\dist` doesn't exist
  note: run with `RUST_BACKTRACE=1` environment variable to display a backtrace
NATIVE_EXIT=101
