status: completed exit_code: 0
 1010 Sun Sep 13 07:55:43 2026     /Applications/Ferryx.app/Contents/MacOS/ferryx --daemon
21591 Sun Sep 13 19:27:52 2026     /Users/indo/code/project/orca-lite-wt/dag-viewport-wave3/src-tauri/target/debug/Ferr
4e15ab78d29bdb333de14d7d9cd4e6e1f60b091b455cec453c3cf844103f6e9a  src-tauri/src/daemon/server.rs
78bc2237187238bb0dfc3656cf9153ffcf4b6b57342fdac53e3e535b770b0c44  src-tauri/tests/daemon_duplicate_prevention.rs
   Compiling ferryx v2026.908.1 (/Users/indo/code/project/orca-lite-wt/sa-tests/src-tauri)
warning: unused import: `Manager`====> ] 601/606: ferryx                                                              
  --> src/ipc/notifications.rs:21:24
   |
21 | use tauri::{AppHandle, Manager, Runtime, State};
   |                        ^^^^^^^
   |
   = note: `#[warn(unused_imports)]` (part of `#[warn(unused)]`) on by default

warning: unnecessary `unsafe` block==> ] 601/606: ferryx                                                              
  --> src/macos_file_drop.rs:79:28
   |
79 |             let location = unsafe { info.draggingLocation() };
   |                            ^^^^^^ unnecessary `unsafe` block
   |
   = note: `#[warn(unused_unsafe)]` (part of `#[warn(unused)]`) on by default

warning: unnecessary `unsafe` block==> ] 601/606: ferryx                                                              
  --> src/macos_file_drop.rs:80:25
   |
80 |             let point = unsafe { self.convertPoint_fromView(location, None) };
   |                         ^^^^^^ unnecessary `unsafe` block

warning: unnecessary `unsafe` block==> ] 601/606: ferryx                                                              
   --> src/macos_file_drop.rs:102:46
    |
102 |     let pasteboard: Retained<NSPasteboard> = unsafe { info.draggingPasteboard() };
    |                                              ^^^^^^ unnecessary `unsafe` block

warning: unnecessary `unsafe` block==> ] 601/606: ferryx                                                              
   --> src/macos_file_drop.rs:105:25
    |
105 |     if let Some(list) = unsafe { pasteboard.propertyListForType(&legacy) } {
    |                         ^^^^^^ unnecessary `unsafe` block

warning: unnecessary `unsafe` block
   --> src/macos_file_drop.rs:122:25
    |
122 |     if let Some(text) = unsafe { pasteboard.stringForType(file_url_type) } {
    |                         ^^^^^^ unnecessary `unsafe` block

warning: unnecessary `unsafe` block
   --> src/macos_file_drop.rs:123:28
    |
123 |         if let Some(url) = unsafe { NSURL::URLWithString(&text) } {
    |                            ^^^^^^ unnecessary `unsafe` block

warning: unnecessary `unsafe` block
   --> src/macos_file_drop.rs:124:33
    |
124 |             if let Some(path) = unsafe { url.path() } {
    |                                 ^^^^^^ unnecessary `unsafe` block

warning: unnecessary `unsafe` block
   --> src/macos_file_drop.rs:169:5
    |
169 |     unsafe { view.registerForDraggedTypes(&types) };
    |     ^^^^^^ unnecessary `unsafe` block

warning: variable does not need to be mutable606: ferryx                                                              
   --> src/native_terminal/renderer/font_manager.rs:155:13
    |
155 |         let mut buffer = vec![0u8; total_pixels];
    |             ----^^^^^^
    |             |
    |             help: remove this `mut`
    |
    = note: `#[warn(unused_mut)]` (part of `#[warn(unused)]`) on by default

warning: field `app` is never read===> ] 601/606: ferryx                                                              
  --> src/ipc/notifications.rs:28:5
   |
27 | pub struct TauriNotificationBackend<R: Runtime> {
   |            ------------------------ field in this struct
28 |     app: AppHandle<R>,
   |     ^^^
   |
   = note: `#[warn(dead_code)]` (part of `#[warn(unused)]`) on by default

warning: method `register_pairing_capability` is never used                                                           
   --> src/remote/auth.rs:396:19
    |
317 | impl AuthManager {
    | ---------------- method in this implementation
...
396 |     pub(crate) fn register_pairing_capability(&self, token: &str) {
    |                   ^^^^^^^^^^^^^^^^^^^^^^^^^^^

warning: method `wait_and_reap` is never used606: ferryx                                                              
   --> src/terminal/session.rs:270:19
    |
 61 | impl PtySession {
    | --------------- method in this implementation
...
270 |     pub(crate) fn wait_and_reap(&self) -> Result<Option<i32>, PtyError> {
    |                   ^^^^^^^^^^^^^

warning: struct `WriterLeaseGuard` is never constructedx                                                              
  --> src/worktree/manager.rs:81:19
   |
81 | pub(crate) struct WriterLeaseGuard {
   |                   ^^^^^^^^^^^^^^^^

warning: associated items `new`, `canonical_path`, and `owner_id` are never used                                      
   --> src/worktree/manager.rs:88:8
    |
 87 | impl WriterLeaseGuard {
    | --------------------- associated items in this implementation
 88 |     fn new(registry: WriterLeaseRegistry, canonical_path: PathBuf, owner_id: String) -> Self {
    |        ^^^
...
 96 |     pub(crate) fn canonical_path(&self) -> &Path {
    |                   ^^^^^^^^^^^^^^
...
100 |     pub(crate) fn owner_id(&self) -> &str {
    |                   ^^^^^^^^

warning: method `acquire_writer_lease` is never usedrryx                                                              
   --> src/worktree/manager.rs:333:19
    |
129 | impl WorktreeManager {
    | -------------------- method in this implementation
...
333 |     pub(crate) fn acquire_writer_lease(
    |                   ^^^^^^^^^^^^^^^^^^^^

warning: `ferryx` (lib) generated 16 warnings (run `cargo fix --lib -p ferryx` to apply 2 suggestions)                
    Finished `test` profile [unoptimized + debuginfo] target(s) in 25.25s                                             
     Running tests/daemon_duplicate_prevention.rs (target/debug/deps/daemon_duplicate_prevention-69c360641622c1b3)

running 1 test
isolated runtime=/Users/indo/code/project/orca-lite-wt/sa-tests/.dup-tmp/fx-dup-eD8wH4/run data=/Users/indo/code/project/orca-lite-wt/sa-tests/.dup-tmp/fx-dup-eD8wH4/data
spawned isolated daemon pid=34889
spawned isolated daemon pid=34901
Ferryx daemon error: Another daemon instance is already holding the lock.
duplicate refused startup: exit status: 1; no readiness token
reaped isolated daemon pid=34901 status=exit status: 1
reaped isolated daemon pid=34889 status=exit status: 0
cleanup verified: children reaped and /Users/indo/code/project/orca-lite-wt/sa-tests/.dup-tmp/fx-dup-eD8wH4 removed
test second_daemon_refuses_already_locked_socket_directory ... ok

test result: ok. 1 passed; 0 failed; 0 ignored; 0 measured; 0 filtered out; finished in 2.22s

DUP_BASELINE_EXIT=0
