TAP version 13
# Subtest: release-local CLI: --help outputs usage and exits 0
ok 1 - release-local CLI: --help outputs usage and exits 0
  ---
  duration_ms: 406.751
  type: 'test'
  ...
# Subtest: release-local: importing module has no side effects
ok 2 - release-local: importing module has no side effects
  ---
  duration_ms: 19.505291
  type: 'test'
  ...
# Subtest: release-local: rejects mutating stages under GITHUB_ACTIONS=true and CI=true
ok 3 - release-local: rejects mutating stages under GITHUB_ACTIONS=true and CI=true
  ---
  duration_ms: 2585.212709
  type: 'test'
  ...
# Subtest: prepare: rejects invalid calendar date tags and revision overflow
ok 4 - prepare: rejects invalid calendar date tags and revision overflow
  ---
  duration_ms: 1423.357083
  type: 'test'
  ...
# Subtest: prepare: creates deterministic plan, prepare-state, and fails closed on clobber
ok 5 - prepare: creates deterministic plan, prepare-state, and fails closed on clobber
  ---
  duration_ms: 1042.01175
  type: 'test'
  ...
# Subtest: preflight: exits non-zero and reports failure when disk budget is unmet
ok 6 - preflight: exits non-zero and reports failure when disk budget is unmet
  ---
  duration_ms: 5785.369625
  type: 'test'
  ...
# Subtest: verify: detects tampered artifacts and altered receipts
ok 7 - verify: detects tampered artifacts and altered receipts
  ---
  duration_ms: 13.434084
  type: 'test'
  ...
# Subtest: publish: enforces double approval gate and rejects unapproved invocation
ok 8 - publish: enforces double approval gate and rejects unapproved invocation
  ---
  duration_ms: 5.641208
  type: 'test'
  ...
# Subtest: publish: full pipeline with fake gh executable and byte verification
ok 9 - publish: full pipeline with fake gh executable and byte verification
  ---
  duration_ms: 2030.403625
  type: 'test'
  ...
# Subtest: verify-remote: verifies release availability against local HTTP server
ok 10 - verify-remote: verifies release availability against local HTTP server
  ---
  duration_ms: 175.924166
  type: 'test'
  ...
1..10
# tests 10
# suites 0
# pass 10
# fail 0
# cancelled 0
# skipped 0
# todo 0
# duration_ms 14056.86075
