TAP version 13
# node:internal/modules/esm/resolve:275
#     throw new ERR_MODULE_NOT_FOUND(
#           ^
# Error [ERR_MODULE_NOT_FOUND]: Cannot find module '/Users/indo/code/project/orca-lite/scripts/lib/release-contract.mjs' imported from /Users/indo/code/project/orca-lite/scripts/release-contract.test.mjs
#     at finalizeResolution (node:internal/modules/esm/resolve:275:11)
#     at moduleResolve (node:internal/modules/esm/resolve:861:10)
#     at defaultResolve (node:internal/modules/esm/resolve:985:11)
#     at \#cachedDefaultResolve (node:internal/modules/esm/loader:747:20)
#     at ModuleLoader.resolve (node:internal/modules/esm/loader:724:38)
#     at ModuleLoader.getModuleJobForImport (node:internal/modules/esm/loader:320:38)
#     at ModuleJob._link (node:internal/modules/esm/module_job:182:49) {
#   code: 'ERR_MODULE_NOT_FOUND',
#   url: 'file:///Users/indo/code/project/orca-lite/scripts/lib/release-contract.mjs'
# }
# Node.js v22.22.3
# Subtest: scripts/release-contract.test.mjs
not ok 1 - scripts/release-contract.test.mjs
  ---
  duration_ms: 29.647834
  type: 'test'
  location: '/Users/indo/code/project/orca-lite/scripts/release-contract.test.mjs:1:1'
  failureType: 'testCodeFailure'
  exitCode: 1
  signal: ~
  error: 'test failed'
  code: 'ERR_TEST_FAILURE'
  ...
1..1
# tests 1
# suites 0
# pass 0
# fail 1
# cancelled 0
# skipped 0
# todo 0
# duration_ms 33.647167
