TAP version 13
# Subtest: build-msix.ps1: requires explicit -ExePath parameter and removes candidate guessing
ok 1 - build-msix.ps1: requires explicit -ExePath parameter and removes candidate guessing
  ---
  duration_ms: 1.60775
  type: 'test'
  ...
# Subtest: build-msix.ps1: enforces canonical Store quad version contract (4th component = 0)
ok 2 - build-msix.ps1: enforces canonical Store quad version contract (4th component = 0)
  ---
  duration_ms: 1.374166
  type: 'test'
  ...
# Subtest: build-msix.ps1: verifies binary version against expected app version
ok 3 - build-msix.ps1: verifies binary version against expected app version
  ---
  duration_ms: 0.154709
  type: 'test'
  ...
# Subtest: build-msix.ps1: enforces isolated fresh staging and removes stale output before packing
ok 4 - build-msix.ps1: enforces isolated fresh staging and removes stale output before packing
  ---
  duration_ms: 0.107416
  type: 'test'
  ...
# Subtest: build-msix.ps1: checks native tool exit codes after MakeAppx and SignTool
ok 5 - build-msix.ps1: checks native tool exit codes after MakeAppx and SignTool
  ---
  duration_ms: 0.356541
  type: 'test'
  ...
# Subtest: build-msix.ps1: removes auto-generated cert, hardcoded password, and silent fallback
ok 6 - build-msix.ps1: removes auto-generated cert, hardcoded password, and silent fallback
  ---
  duration_ms: 0.132375
  type: 'test'
  ...
# Subtest: build-msix.ps1: supports explicit -SkipSigning and requires valid -CertThumbprint for sideload
ok 7 - build-msix.ps1: supports explicit -SkipSigning and requires valid -CertThumbprint for sideload
  ---
  duration_ms: 0.560584
  type: 'test'
  ...
# Subtest: build-msix.ps1: validates packaged MSIX manifest version and name after pack
ok 8 - build-msix.ps1: validates packaged MSIX manifest version and name after pack
  ---
  duration_ms: 0.148042
  type: 'test'
  ...
# Subtest: version contract: maps date tags, semver, and quad versions correctly
ok 9 - version contract: maps date tags, semver, and quad versions correctly
  ---
  duration_ms: 0.461875
  type: 'test'
  ...
# Subtest: version contract: rejects non-zero 4th quad component for Store submission
ok 10 - version contract: rejects non-zero 4th quad component for Store submission
  ---
  duration_ms: 0.406708
  type: 'test'
  ...
# Subtest: version contract: rejects invalid calendar dates
ok 11 - version contract: rejects invalid calendar dates
  ---
  duration_ms: 0.12575
  type: 'test'
  ...
1..11
# tests 11
# suites 0
# pass 11
# fail 0
# cancelled 0
# skipped 0
# todo 0
# duration_ms 89.81875
