TAP version 13
# Subtest: legacy CLI invocation fails closed with clear migration instructions
ok 1 - legacy CLI invocation fails closed with clear migration instructions
  ---
  duration_ms: 36.269708
  type: 'test'
  ...
# Subtest: assembleRelease creates complete release inventory, latest.json first, stable aliases and SHA256SUMS closure
not ok 2 - assembleRelease creates complete release inventory, latest.json first, stable aliases and SHA256SUMS closure
  ---
  duration_ms: 20.72125
  type: 'test'
  location: '/Users/indo/code/project/orca-lite/scripts/build-latest-json.test.mjs:324:1'
  failureType: 'testCodeFailure'
  error: 'Receipt contains unexpected property: toolchains'
  code: 'ERR_TEST_FAILURE'
  stack: |-
    assertExactKeys (file:///Users/indo/code/project/orca-lite/scripts/lib/release-contract.mjs:136:13)
    parseReceipt (file:///Users/indo/code/project/orca-lite/scripts/lib/release-contract.mjs:337:3)
    assembleRelease (file:///Users/indo/code/project/orca-lite/scripts/build-latest-json.mjs:145:21)
    TestContext.<anonymous> (file:///Users/indo/code/project/orca-lite/scripts/build-latest-json.test.mjs:328:17)
    Test.runInAsyncScope (node:async_hooks:214:14)
    Test.run (node:internal/test_runner/test:1047:25)
    Test.processPendingSubtests (node:internal/test_runner/test:744:18)
    Test.postRun (node:internal/test_runner/test:1173:19)
    Test.run (node:internal/test_runner/test:1101:12)
    async startSubtestAfterBootstrap (node:internal/test_runner/harness:296:3)
  ...
# Subtest: assembleRelease supports NSIS migration channel with windows updater target
not ok 3 - assembleRelease supports NSIS migration channel with windows updater target
  ---
  duration_ms: 14.46125
  type: 'test'
  location: '/Users/indo/code/project/orca-lite/scripts/build-latest-json.test.mjs:380:1'
  failureType: 'testCodeFailure'
  error: 'Receipt contains unexpected property: toolchains'
  code: 'ERR_TEST_FAILURE'
  stack: |-
    assertExactKeys (file:///Users/indo/code/project/orca-lite/scripts/lib/release-contract.mjs:136:13)
    parseReceipt (file:///Users/indo/code/project/orca-lite/scripts/lib/release-contract.mjs:337:3)
    assembleRelease (file:///Users/indo/code/project/orca-lite/scripts/build-latest-json.mjs:145:21)
    TestContext.<anonymous> (file:///Users/indo/code/project/orca-lite/scripts/build-latest-json.test.mjs:384:17)
    Test.runInAsyncScope (node:async_hooks:214:14)
    Test.run (node:internal/test_runner/test:1047:25)
    Test.processPendingSubtests (node:internal/test_runner/test:744:18)
    Test.postRun (node:internal/test_runner/test:1173:19)
    Test.run (node:internal/test_runner/test:1101:12)
    async Test.processPendingSubtests (node:internal/test_runner/test:744:7)
  ...
# Subtest: assembleRelease fails closed if outDir already exists
ok 4 - assembleRelease fails closed if outDir already exists
  ---
  duration_ms: 11.027167
  type: 'test'
  ...
# Subtest: assembleRelease fails closed and leaves no partial output on signature verification failure
not ok 5 - assembleRelease fails closed and leaves no partial output on signature verification failure
  ---
  duration_ms: 10.84475
  type: 'test'
  location: '/Users/indo/code/project/orca-lite/scripts/build-latest-json.test.mjs:427:1'
  failureType: 'testCodeFailure'
  error: |-
    The input did not match the regular expression /minisign/i. Input:
    
    'Error: Receipt contains unexpected property: toolchains'
    
  code: 'ERR_ASSERTION'
  name: 'AssertionError'
  expected:
  actual:
  error: 'Receipt contains unexpected property: toolchains'
  stack: |-
    assertExactKeys (file:///Users/indo/code/project/orca-lite/scripts/lib/release-contract.mjs:136:13)
    parseReceipt (file:///Users/indo/code/project/orca-lite/scripts/lib/release-contract.mjs:337:3)
    assembleRelease (file:///Users/indo/code/project/orca-lite/scripts/build-latest-json.mjs:145:21)
    file:///Users/indo/code/project/orca-lite/scripts/build-latest-json.test.mjs:438:9
    getActual (node:assert:609:5)
    Function.throws (node:assert:757:24)
    TestContext.<anonymous> (file:///Users/indo/code/project/orca-lite/scripts/build-latest-json.test.mjs:436:12)
    Test.runInAsyncScope (node:async_hooks:214:14)
    Test.run (node:internal/test_runner/test:1047:25)
    Test.processPendingSubtests (node:internal/test_runner/test:744:18)
  operator: 'throws'
  stack: |-
    TestContext.<anonymous> (file:///Users/indo/code/project/orca-lite/scripts/build-latest-json.test.mjs:436:12)
    Test.runInAsyncScope (node:async_hooks:214:14)
    Test.run (node:internal/test_runner/test:1047:25)
    Test.processPendingSubtests (node:internal/test_runner/test:744:18)
    Test.postRun (node:internal/test_runner/test:1173:19)
    Test.run (node:internal/test_runner/test:1101:12)
    async Test.processPendingSubtests (node:internal/test_runner/test:744:7)
  ...
# Subtest: assembleRelease fails closed and leaves no partial output on artifact content / hash tampering
not ok 6 - assembleRelease fails closed and leaves no partial output on artifact content / hash tampering
  ---
  duration_ms: 11.173125
  type: 'test'
  location: '/Users/indo/code/project/orca-lite/scripts/build-latest-json.test.mjs:455:1'
  failureType: 'testCodeFailure'
  error: |-
    The input did not match the regular expression /mismatch/i. Input:
    
    'Error: Receipt contains unexpected property: toolchains'
    
  code: 'ERR_ASSERTION'
  name: 'AssertionError'
  expected:
  actual:
  error: 'Receipt contains unexpected property: toolchains'
  stack: |-
    assertExactKeys (file:///Users/indo/code/project/orca-lite/scripts/lib/release-contract.mjs:136:13)
    parseReceipt (file:///Users/indo/code/project/orca-lite/scripts/lib/release-contract.mjs:337:3)
    assembleRelease (file:///Users/indo/code/project/orca-lite/scripts/build-latest-json.mjs:145:21)
    file:///Users/indo/code/project/orca-lite/scripts/build-latest-json.test.mjs:466:9
    getActual (node:assert:609:5)
    Function.throws (node:assert:757:24)
    TestContext.<anonymous> (file:///Users/indo/code/project/orca-lite/scripts/build-latest-json.test.mjs:464:12)
    Test.runInAsyncScope (node:async_hooks:214:14)
    Test.run (node:internal/test_runner/test:1047:25)
    Test.processPendingSubtests (node:internal/test_runner/test:744:18)
  operator: 'throws'
  stack: |-
    TestContext.<anonymous> (file:///Users/indo/code/project/orca-lite/scripts/build-latest-json.test.mjs:464:12)
    Test.runInAsyncScope (node:async_hooks:214:14)
    Test.run (node:internal/test_runner/test:1047:25)
    Test.processPendingSubtests (node:internal/test_runner/test:744:18)
    Test.postRun (node:internal/test_runner/test:1173:19)
    Test.run (node:internal/test_runner/test:1101:12)
    async Test.processPendingSubtests (node:internal/test_runner/test:744:7)
  ...
# Subtest: assembleRelease fails closed if a receipt has mismatched commitSha or appVersion
not ok 7 - assembleRelease fails closed if a receipt has mismatched commitSha or appVersion
  ---
  duration_ms: 10.502083
  type: 'test'
  location: '/Users/indo/code/project/orca-lite/scripts/build-latest-json.test.mjs:482:1'
  failureType: 'testCodeFailure'
  error: |-
    The input did not match the regular expression /commitSha mismatch/i. Input:
    
    'Error: Receipt contains unexpected property: toolchains'
    
  code: 'ERR_ASSERTION'
  name: 'AssertionError'
  expected:
  actual:
  error: 'Receipt contains unexpected property: toolchains'
  stack: |-
    assertExactKeys (file:///Users/indo/code/project/orca-lite/scripts/lib/release-contract.mjs:136:13)
    parseReceipt (file:///Users/indo/code/project/orca-lite/scripts/lib/release-contract.mjs:337:3)
    assembleRelease (file:///Users/indo/code/project/orca-lite/scripts/build-latest-json.mjs:145:21)
    file:///Users/indo/code/project/orca-lite/scripts/build-latest-json.test.mjs:495:9
    getActual (node:assert:609:5)
    Function.throws (node:assert:757:24)
    TestContext.<anonymous> (file:///Users/indo/code/project/orca-lite/scripts/build-latest-json.test.mjs:493:12)
    Test.runInAsyncScope (node:async_hooks:214:14)
    Test.run (node:internal/test_runner/test:1047:25)
    Test.processPendingSubtests (node:internal/test_runner/test:744:18)
  operator: 'throws'
  stack: |-
    TestContext.<anonymous> (file:///Users/indo/code/project/orca-lite/scripts/build-latest-json.test.mjs:493:12)
    Test.runInAsyncScope (node:async_hooks:214:14)
    Test.run (node:internal/test_runner/test:1047:25)
    Test.processPendingSubtests (node:internal/test_runner/test:744:18)
    Test.postRun (node:internal/test_runner/test:1173:19)
    Test.run (node:internal/test_runner/test:1101:12)
    async Test.processPendingSubtests (node:internal/test_runner/test:744:7)
  ...
# Subtest: assembleRelease fails closed if receipts directory contains unexpected files
ok 8 - assembleRelease fails closed if receipts directory contains unexpected files
  ---
  duration_ms: 9.058291
  type: 'test'
  ...
# Subtest: assembleRelease rejects path traversal and symlink escape outside artifacts root
not ok 9 - assembleRelease rejects path traversal and symlink escape outside artifacts root
  ---
  duration_ms: 10.806209
  type: 'test'
  location: '/Users/indo/code/project/orca-lite/scripts/build-latest-json.test.mjs:535:1'
  failureType: 'testCodeFailure'
  error: |-
    The input did not match the regular expression /escapes artifacts directory/i. Input:
    
    'Error: Receipt contains unexpected property: toolchains'
    
  code: 'ERR_ASSERTION'
  name: 'AssertionError'
  expected:
  actual:
  error: 'Receipt contains unexpected property: toolchains'
  stack: |-
    assertExactKeys (file:///Users/indo/code/project/orca-lite/scripts/lib/release-contract.mjs:136:13)
    parseReceipt (file:///Users/indo/code/project/orca-lite/scripts/lib/release-contract.mjs:337:3)
    assembleRelease (file:///Users/indo/code/project/orca-lite/scripts/build-latest-json.mjs:145:21)
    file:///Users/indo/code/project/orca-lite/scripts/build-latest-json.test.mjs:562:11
    getActual (node:assert:609:5)
    Function.throws (node:assert:757:24)
    TestContext.<anonymous> (file:///Users/indo/code/project/orca-lite/scripts/build-latest-json.test.mjs:560:14)
    Test.runInAsyncScope (node:async_hooks:214:14)
    Test.run (node:internal/test_runner/test:1047:25)
    Test.processPendingSubtests (node:internal/test_runner/test:744:18)
  operator: 'throws'
  stack: |-
    TestContext.<anonymous> (file:///Users/indo/code/project/orca-lite/scripts/build-latest-json.test.mjs:560:14)
    Test.runInAsyncScope (node:async_hooks:214:14)
    Test.run (node:internal/test_runner/test:1047:25)
    Test.processPendingSubtests (node:internal/test_runner/test:744:18)
    Test.postRun (node:internal/test_runner/test:1173:19)
    Test.run (node:internal/test_runner/test:1101:12)
    async Test.processPendingSubtests (node:internal/test_runner/test:744:7)
  ...
# Subtest: assembleRelease fails closed if macos-updater archive layout is invalid
not ok 10 - assembleRelease fails closed if macos-updater archive layout is invalid
  ---
  duration_ms: 11.593708
  type: 'test'
  location: '/Users/indo/code/project/orca-lite/scripts/build-latest-json.test.mjs:580:1'
  failureType: 'testCodeFailure'
  error: |-
    The input did not match the regular expression /macOS updater archive layout validation failed/i. Input:
    
    'Error: Receipt contains unexpected property: toolchains'
    
  code: 'ERR_ASSERTION'
  name: 'AssertionError'
  expected:
  actual:
  error: 'Receipt contains unexpected property: toolchains'
  stack: |-
    assertExactKeys (file:///Users/indo/code/project/orca-lite/scripts/lib/release-contract.mjs:136:13)
    parseReceipt (file:///Users/indo/code/project/orca-lite/scripts/lib/release-contract.mjs:337:3)
    assembleRelease (file:///Users/indo/code/project/orca-lite/scripts/build-latest-json.mjs:145:21)
    file:///Users/indo/code/project/orca-lite/scripts/build-latest-json.test.mjs:599:9
    getActual (node:assert:609:5)
    Function.throws (node:assert:757:24)
    TestContext.<anonymous> (file:///Users/indo/code/project/orca-lite/scripts/build-latest-json.test.mjs:597:12)
    Test.runInAsyncScope (node:async_hooks:214:14)
    Test.run (node:internal/test_runner/test:1047:25)
    Test.processPendingSubtests (node:internal/test_runner/test:744:18)
  operator: 'throws'
  stack: |-
    TestContext.<anonymous> (file:///Users/indo/code/project/orca-lite/scripts/build-latest-json.test.mjs:597:12)
    Test.runInAsyncScope (node:async_hooks:214:14)
    Test.run (node:internal/test_runner/test:1047:25)
    Test.processPendingSubtests (node:internal/test_runner/test:744:18)
    Test.postRun (node:internal/test_runner/test:1173:19)
    Test.run (node:internal/test_runner/test:1101:12)
    async Test.processPendingSubtests (node:internal/test_runner/test:744:7)
  ...
# Subtest: assembleRelease fails closed and leaves no publishable output if data changes at copy boundary
not ok 11 - assembleRelease fails closed and leaves no publishable output if data changes at copy boundary
  ---
  duration_ms: 9.925083
  type: 'test'
  location: '/Users/indo/code/project/orca-lite/scripts/build-latest-json.test.mjs:614:1'
  failureType: 'testCodeFailure'
  error: |-
    The input did not match the regular expression /Post-copy checksum verification failed/i. Input:
    
    'Error: Receipt contains unexpected property: toolchains'
    
  code: 'ERR_ASSERTION'
  name: 'AssertionError'
  expected:
  actual:
  error: 'Receipt contains unexpected property: toolchains'
  stack: |-
    assertExactKeys (file:///Users/indo/code/project/orca-lite/scripts/lib/release-contract.mjs:136:13)
    parseReceipt (file:///Users/indo/code/project/orca-lite/scripts/lib/release-contract.mjs:337:3)
    assembleRelease (file:///Users/indo/code/project/orca-lite/scripts/build-latest-json.mjs:145:21)
    file:///Users/indo/code/project/orca-lite/scripts/build-latest-json.test.mjs:629:9
    getActual (node:assert:609:5)
    Function.throws (node:assert:757:24)
    TestContext.<anonymous> (file:///Users/indo/code/project/orca-lite/scripts/build-latest-json.test.mjs:627:12)
    Test.runInAsyncScope (node:async_hooks:214:14)
    Test.run (node:internal/test_runner/test:1047:25)
    Test.processPendingSubtests (node:internal/test_runner/test:744:18)
  operator: 'throws'
  stack: |-
    TestContext.<anonymous> (file:///Users/indo/code/project/orca-lite/scripts/build-latest-json.test.mjs:627:12)
    Test.runInAsyncScope (node:async_hooks:214:14)
    Test.run (node:internal/test_runner/test:1047:25)
    Test.processPendingSubtests (node:internal/test_runner/test:744:18)
    Test.postRun (node:internal/test_runner/test:1173:19)
    Test.run (node:internal/test_runner/test:1101:12)
    async Test.processPendingSubtests (node:internal/test_runner/test:744:7)
  ...
# Subtest: assembleRelease CLI execution works end-to-end via subprocess
not ok 12 - assembleRelease CLI execution works end-to-end via subprocess
  ---
  duration_ms: 37.831125
  type: 'test'
  location: '/Users/indo/code/project/orca-lite/scripts/build-latest-json.test.mjs:645:1'
  failureType: 'testCodeFailure'
  error: |-
    stderr: assembleRelease error: Receipt contains unexpected property: toolchains
    
    
    1 !== 0
    
  code: 'ERR_ASSERTION'
  name: 'AssertionError'
  expected: 0
  actual: 1
  operator: 'strictEqual'
  stack: |-
    TestContext.<anonymous> (file:///Users/indo/code/project/orca-lite/scripts/build-latest-json.test.mjs:667:12)
    Test.runInAsyncScope (node:async_hooks:214:14)
    Test.run (node:internal/test_runner/test:1047:25)
    Test.processPendingSubtests (node:internal/test_runner/test:744:18)
    Test.postRun (node:internal/test_runner/test:1173:19)
    Test.run (node:internal/test_runner/test:1101:12)
    async Test.processPendingSubtests (node:internal/test_runner/test:744:7)
  ...
# Subtest: real repo signed archive verifies against checked-in Tauri public key
ok 13 - real repo signed archive verifies against checked-in Tauri public key
  ---
  duration_ms: 1.537333
  type: 'test'
  ...
1..13
# tests 13
# suites 0
# pass 4
# fail 9
# cancelled 0
# skipped 0
# todo 0
# duration_ms 240.4575
