   Compiling ferryx v2026.915.1 (/Users/indo/code/project/orca-lite-wt/preview/src-tauri)
warning: variable does not need to be mutable
    --> src/ipc/browser.rs:1307:9
     |
1307 |     let mut targets = manager
     |         ----^^^^^^^
     |         |
     |         help: remove this `mut`
     |
     = note: `#[warn(unused_mut)]` (part of `#[warn(unused)]`) on by default

warning: unnecessary `unsafe` block
  --> src/macos_file_drop.rs:79:28
   |
79 |             let location = unsafe { info.draggingLocation() };
   |                            ^^^^^^ unnecessary `unsafe` block
   |
   = note: `#[warn(unused_unsafe)]` (part of `#[warn(unused)]`) on by default

warning: unnecessary `unsafe` block
  --> src/macos_file_drop.rs:80:25
   |
80 |             let point = unsafe { self.convertPoint_fromView(location, None) };
   |                         ^^^^^^ unnecessary `unsafe` block

warning: unnecessary `unsafe` block
   --> src/macos_file_drop.rs:102:46
    |
102 |     let pasteboard: Retained<NSPasteboard> = unsafe { info.draggingPasteboard() };
    |                                              ^^^^^^ unnecessary `unsafe` block

warning: unnecessary `unsafe` block
   --> src/macos_file_drop.rs:105:25
    |
105 |     if let Some(list) = unsafe { pasteboard.propertyListForType(&legacy) } {
    |                         ^^^^^^ unnecessary `unsafe` block

warning: unnecessary `unsafe` block
   --> src/macos_file_drop.rs:122:25
    |
122 |     if let Some(text) = unsafe { pasteboard.stringForType(file_url_type) } {
    |                         ^^^^^^ unnecessary `unsafe` block

warning: unnecessary `unsafe` block
   --> src/macos_file_drop.rs:123:28
    |
123 |         if let Some(url) = unsafe { NSURL::URLWithString(&text) } {
    |                            ^^^^^^ unnecessary `unsafe` block

warning: unnecessary `unsafe` block
   --> src/macos_file_drop.rs:124:33
    |
124 |             if let Some(path) = unsafe { url.path() } {
    |                                 ^^^^^^ unnecessary `unsafe` block

warning: unnecessary `unsafe` block
   --> src/macos_file_drop.rs:169:5
    |
169 |     unsafe { view.registerForDraggedTypes(&types) };
    |     ^^^^^^ unnecessary `unsafe` block

warning: unused variable: `super_key`
   --> src/native_terminal/input.rs:366:13
    |
366 |         let super_key = KeyModifiers {
    |             ^^^^^^^^^ help: if this is intentional, prefix it with an underscore: `_super_key`
    |
    = note: `#[warn(unused_variables)]` (part of `#[warn(unused)]`) on by default

warning: variable does not need to be mutable
   --> src/native_terminal/renderer/font_manager.rs:155:13
    |
155 |         let mut buffer = vec![0u8; total_pixels];
    |             ----^^^^^^
    |             |
    |             help: remove this `mut`

warning: unused variable: `token`
    --> src/remote/auth.rs:1415:14
     |
1415 |         let (token, device) = auth
     |              ^^^^^ help: if this is intentional, prefix it with an underscore: `_token`

warning: method `machine_sessions` is never used
   --> src/daemon/session_service.rs:366:19
    |
227 | impl DaemonSessionService {
    | ------------------------- method in this implementation
...
366 |     pub(crate) fn machine_sessions(&self, epoch: crate::scoped_contracts::Epoch) -> Result<crate::remote::machine_protocol::Sessions, Str...
    |                   ^^^^^^^^^^^^^^^^
    |
    = note: `#[warn(dead_code)]` (part of `#[warn(unused)]`) on by default

warning: field `app` is never read
  --> src/ipc/notifications.rs:29:5
   |
28 | pub struct TauriNotificationBackend<R: Runtime> {
   |            ------------------------ field in this struct
29 |     app: AppHandle<R>,
   |     ^^^

warning: function `no_auth_query` is never used
    --> src/remote/server.rs:3346:12
     |
3346 |         fn no_auth_query() -> AuthQuery {
     |            ^^^^^^^^^^^^^

warning: struct `WriterLeaseGuard` is never constructed
  --> src/worktree/manager.rs:86:19
   |
86 | pub(crate) struct WriterLeaseGuard {
   |                   ^^^^^^^^^^^^^^^^

warning: associated items `new`, `canonical_path`, and `owner_id` are never used
   --> src/worktree/manager.rs:93:8
    |
 92 | impl WriterLeaseGuard {
    | --------------------- associated items in this implementation
 93 |     fn new(registry: WriterLeaseRegistry, canonical_path: PathBuf, owner_id: String) -> Self {
    |        ^^^
...
101 |     pub(crate) fn canonical_path(&self) -> &Path {
    |                   ^^^^^^^^^^^^^^
...
105 |     pub(crate) fn owner_id(&self) -> &str {
    |                   ^^^^^^^^

warning: associated items `acquire_writer_lease` and `validate_ref_component` are never used
   --> src/worktree/manager.rs:338:19
    |
134 | impl WorktreeManager {
    | -------------------- associated items in this implementation
...
338 |     pub(crate) fn acquire_writer_lease(
    |                   ^^^^^^^^^^^^^^^^^^^^
...
398 |     fn validate_ref_component(component: &str, label: &str) -> Result<(), WorktreeError> {
    |        ^^^^^^^^^^^^^^^^^^^^^^

warning: `ferryx` (lib test) generated 18 warnings (run `cargo fix --lib -p ferryx --tests` to apply 4 suggestions)
    Finished `test` profile [unoptimized + debuginfo] target(s) in 15.83s
     Running unittests src/lib.rs (src-tauri/target/debug/deps/ferryx_lib-a908d3ab2e7c7e9a)

running 19 tests
test ipc::browser::tests::file_link_expands_bare_home ... ok
test ipc::file_link::file_link_tests::absolute_detection_covers_windows_drives_and_unc_on_every_host ... ok
test ipc::file_link::file_link_tests::position_validation_requires_one_based_line_before_column ... ok
test ipc::browser::tests::file_link_expands_profile_relative_path ... ok
test ipc::file_link::file_link_tests::file_link_resolution_expands_home_joins_cwd_and_preserves_absolute_paths ... ok
test ipc::file_link::file_link_tests::path_token_is_trimmed_and_empty_or_nul_tokens_are_rejected ... ok
test ipc::file_link::file_link_tests::editor_url_fallback_encodes_paths_and_refuses_unc ... ok
test ipc::file_link::file_link_tests::editor_without_cli_falls_back_to_documented_url_scheme ... ok
test ipc::file_link::file_link_tests::editor_cli_plans_pass_position_through_argv_without_shell_interpretation ... ok
test ipc::file_link::file_link_tests::editor_argument_parses_supported_values_and_rejects_others ... ok
test ipc::file_link::file_link_tests::session_guard_returns_local_cwd_and_refuses_remote_sessions ... ok
test ipc::file_link::file_link_tests::remote_host_paths_are_refused_and_local_at_signs_are_kept ... ok
test ipc::file_link::file_link_tests::missing_files_produce_structured_errors_instead_of_a_silent_false ... ok
test ipc::file_link::file_link_tests::existing_file_relative_to_terminal_cwd_resolves_to_an_editor_plan ... ok
test ipc::file_link::file_link_tests::path_lookup_expands_windows_pathext_and_reports_absence ... ok
test ipc::file_link::file_link_tests::unlaunchable_editor_binary_maps_to_a_structured_io_error ... ok
test ipc::file_link::file_link_tests::failing_editor_exit_is_reported ... ok
test ipc::file_link::file_link_tests::command_rejects_missing_paths_remote_specs_and_unknown_editors ... ok
test ipc::file_link::file_link_tests::session_id_resolves_the_live_local_terminal_cwd ... ok

test result: ok. 19 passed; 0 failed; 0 ignored; 0 measured; 1301 filtered out; finished in 3.45s

