   Compiling ferryx v2026.915.1 (/Users/indo/code/project/orca-lite-wt/preview/src-tauri)
warning: variable does not need to be mutable
    --> src/ipc/browser.rs:1307:9
     |
1307 |     let mut targets = manager
     |         ----^^^^^^^
     |         |
     |         help: remove this `mut`
     |
     = note: `#[warn(unused_mut)]` (part of `#[warn(unused)]`) on by default

warning: unnecessary `unsafe` block
  --> src/macos_file_drop.rs:79:28
   |
79 |             let location = unsafe { info.draggingLocation() };
   |                            ^^^^^^ unnecessary `unsafe` block
   |
   = note: `#[warn(unused_unsafe)]` (part of `#[warn(unused)]`) on by default

warning: unnecessary `unsafe` block
  --> src/macos_file_drop.rs:80:25
   |
80 |             let point = unsafe { self.convertPoint_fromView(location, None) };
   |                         ^^^^^^ unnecessary `unsafe` block

warning: unnecessary `unsafe` block
   --> src/macos_file_drop.rs:102:46
    |
102 |     let pasteboard: Retained<NSPasteboard> = unsafe { info.draggingPasteboard() };
    |                                              ^^^^^^ unnecessary `unsafe` block

warning: unnecessary `unsafe` block
   --> src/macos_file_drop.rs:105:25
    |
105 |     if let Some(list) = unsafe { pasteboard.propertyListForType(&legacy) } {
    |                         ^^^^^^ unnecessary `unsafe` block

warning: unnecessary `unsafe` block
   --> src/macos_file_drop.rs:122:25
    |
122 |     if let Some(text) = unsafe { pasteboard.stringForType(file_url_type) } {
    |                         ^^^^^^ unnecessary `unsafe` block

warning: unnecessary `unsafe` block
   --> src/macos_file_drop.rs:123:28
    |
123 |         if let Some(url) = unsafe { NSURL::URLWithString(&text) } {
    |                            ^^^^^^ unnecessary `unsafe` block

warning: unnecessary `unsafe` block
   --> src/macos_file_drop.rs:124:33
    |
124 |             if let Some(path) = unsafe { url.path() } {
    |                                 ^^^^^^ unnecessary `unsafe` block

warning: unnecessary `unsafe` block
   --> src/macos_file_drop.rs:169:5
    |
169 |     unsafe { view.registerForDraggedTypes(&types) };
    |     ^^^^^^ unnecessary `unsafe` block

warning: unused variable: `super_key`
   --> src/native_terminal/input.rs:366:13
    |
366 |         let super_key = KeyModifiers {
    |             ^^^^^^^^^ help: if this is intentional, prefix it with an underscore: `_super_key`
    |
    = note: `#[warn(unused_variables)]` (part of `#[warn(unused)]`) on by default

warning: variable does not need to be mutable
   --> src/native_terminal/renderer/font_manager.rs:155:13
    |
155 |         let mut buffer = vec![0u8; total_pixels];
    |             ----^^^^^^
    |             |
    |             help: remove this `mut`

warning: unused variable: `token`
    --> src/remote/auth.rs:1415:14
     |
1415 |         let (token, device) = auth
     |              ^^^^^ help: if this is intentional, prefix it with an underscore: `_token`

warning: method `machine_sessions` is never used
   --> src/daemon/session_service.rs:366:19
    |
227 | impl DaemonSessionService {
    | ------------------------- method in this implementation
...
366 |     pub(crate) fn machine_sessions(&self, epoch: crate::scoped_contracts::Epoch) -> Result<crate::remote::machine_protocol::Sessions, Str...
    |                   ^^^^^^^^^^^^^^^^
    |
    = note: `#[warn(dead_code)]` (part of `#[warn(unused)]`) on by default

warning: field `app` is never read
  --> src/ipc/notifications.rs:29:5
   |
28 | pub struct TauriNotificationBackend<R: Runtime> {
   |            ------------------------ field in this struct
29 |     app: AppHandle<R>,
   |     ^^^

warning: function `no_auth_query` is never used
    --> src/remote/server.rs:3346:12
     |
3346 |         fn no_auth_query() -> AuthQuery {
     |            ^^^^^^^^^^^^^

warning: struct `WriterLeaseGuard` is never constructed
  --> src/worktree/manager.rs:86:19
   |
86 | pub(crate) struct WriterLeaseGuard {
   |                   ^^^^^^^^^^^^^^^^

warning: associated items `new`, `canonical_path`, and `owner_id` are never used
   --> src/worktree/manager.rs:93:8
    |
 92 | impl WriterLeaseGuard {
    | --------------------- associated items in this implementation
 93 |     fn new(registry: WriterLeaseRegistry, canonical_path: PathBuf, owner_id: String) -> Self {
    |        ^^^
...
101 |     pub(crate) fn canonical_path(&self) -> &Path {
    |                   ^^^^^^^^^^^^^^
...
105 |     pub(crate) fn owner_id(&self) -> &str {
    |                   ^^^^^^^^

warning: associated items `acquire_writer_lease` and `validate_ref_component` are never used
   --> src/worktree/manager.rs:338:19
    |
134 | impl WorktreeManager {
    | -------------------- associated items in this implementation
...
338 |     pub(crate) fn acquire_writer_lease(
    |                   ^^^^^^^^^^^^^^^^^^^^
...
398 |     fn validate_ref_component(component: &str, label: &str) -> Result<(), WorktreeError> {
    |        ^^^^^^^^^^^^^^^^^^^^^^

warning: `ferryx` (lib test) generated 18 warnings (run `cargo fix --lib -p ferryx --tests` to apply 4 suggestions)
    Finished `test` profile [unoptimized + debuginfo] target(s) in 56.76s
     Running unittests src/lib.rs (src-tauri/target/debug/deps/ferryx_lib-a908d3ab2e7c7e9a)

running 7 tests
test ipc::file_preview_contract::file_preview_contract_tests::frozen_limits_match_the_plan ... ok
test ipc::file_preview_contract::file_preview_contract_tests::reason_wire_spellings_match_as_str ... ok
test ipc::file_preview_contract::file_preview_contract_tests::preview_error_carries_machine_reason_and_extra_details ... ok
test ipc::file_preview_contract::file_preview_contract_tests::every_kind_has_a_lowercase_wire_value ... ok
test ipc::file_preview_contract::file_preview_contract_tests::payload_round_trips_through_the_wire_shape ... ok
test ipc::file_preview_contract::file_preview_contract_tests::child_asset_serializes_camel_case_keys ... FAILED
test ipc::file_preview_contract::file_preview_contract_tests::payload_serializes_camel_case_keys ... FAILED

failures:

---- ipc::file_preview_contract::file_preview_contract_tests::child_asset_serializes_camel_case_keys stdout ----

thread 'ipc::file_preview_contract::file_preview_contract_tests::child_asset_serializes_camel_case_keys' (62956) panicked at src/ipc/file_preview_contract_tests.rs:64:5:
assertion `left == right` failed
  left: ["byte_length", "display_name", "handle", "kind", "media_type", "media_url"]
 right: ["byteLength", "displayName", "handle", "kind", "mediaType", "mediaUrl"]
note: run with `RUST_BACKTRACE=1` environment variable to display a backtrace

---- ipc::file_preview_contract::file_preview_contract_tests::payload_serializes_camel_case_keys stdout ----

thread 'ipc::file_preview_contract::file_preview_contract_tests::payload_serializes_camel_case_keys' (62960) panicked at src/ipc/file_preview_contract_tests.rs:30:5:
assertion `left == right` failed
  left: ["byte_length", "display_name", "encoding", "handle", "kind", "line_count", "media_type", "media_url", "target", "text"]
 right: ["byteLength", "displayName", "encoding", "handle", "kind", "lineCount", "mediaType", "mediaUrl", "target", "text"]


failures:
    ipc::file_preview_contract::file_preview_contract_tests::child_asset_serializes_camel_case_keys
    ipc::file_preview_contract::file_preview_contract_tests::payload_serializes_camel_case_keys

test result: FAILED. 5 passed; 2 failed; 0 ignored; 0 measured; 1320 filtered out; finished in 0.02s

error: test failed, to rerun pass `--lib`
EXIT=101
