    Blocking waiting for file lock on package cache
    Blocking waiting for file lock on package cache
    Blocking waiting for file lock on package cache
   Compiling proc-macro2 v1.0.107
   Compiling quote v1.0.47
   Compiling unicode-ident v1.0.24
   Compiling libc v0.2.189
    Checking cfg-if v1.0.4
   Compiling serde_core v1.0.229
   Compiling shlex v2.0.1
   Compiling find-msvc-tools v0.1.11
   Compiling version_check v0.9.5
   Compiling parking_lot_core v0.9.12
    Checking log v0.4.33
   Compiling thiserror v2.0.20
   Compiling icu_properties_data v2.3.0
   Compiling cc v1.4.3
   Compiling icu_normalizer_data v2.3.0
   Compiling zmij v1.0.23
   Compiling siphasher v1.0.3
   Compiling phf_shared v0.13.1
    Checking objc2-encode v4.1.0
   Compiling autocfg v1.5.1
   Compiling generic-array v0.14.7
   Compiling fastrand v2.5.0
    Checking once_cell v1.21.4
   Compiling phf_generator v0.13.1
   Compiling stable_deref_trait v1.2.1
   Compiling objc2 v0.6.4
   Compiling memchr v2.8.3
   Compiling smallvec v1.15.2
   Compiling serde v1.0.229
   Compiling time-core v0.1.9
   Compiling num-conv v0.2.2
   Compiling itoa v1.0.18
   Compiling typeid v1.0.3
   Compiling objc2-exception-helper v0.1.1
   Compiling thiserror v1.0.69
   Compiling syn v2.0.119
   Compiling syn v3.0.3
    Checking getrandom v0.2.17
   Compiling phf_codegen v0.13.1
   Compiling serde_json v1.0.151
   Compiling strsim v0.11.1
   Compiling litemap v0.8.3
   Compiling ident_case v1.0.1
   Compiling writeable v0.6.4
   Compiling erased-serde v0.4.10
   Compiling utf8_iter v1.0.4
    Checking bytes v1.12.1
    Checking bitflags v2.13.1
   Compiling new_debug_unreachable v1.0.6
   Compiling scopeguard v1.2.0
   Compiling anyhow v1.0.104
   Compiling lock_api v0.4.14
   Compiling string_cache_codegen v0.6.1
   Compiling semver v1.0.28
   Compiling precomputed-hash v0.1.1
   Compiling winnow v1.0.4
   Compiling getrandom v0.4.3
   Compiling parking_lot v0.12.5
   Compiling serde_spanned v1.1.1
   Compiling web_atoms v0.2.6
   Compiling ctor-proc-macro v0.0.7
   Compiling toml_writer v1.1.2+spec-1.1.0
   Compiling toml_parser v1.1.3+spec-1.1.0
    Checking typenum v1.20.1
   Compiling string_cache v0.9.0
   Compiling percent-encoding v2.3.2
    Checking pin-project-lite v0.2.17
   Compiling dtoa v1.0.11
   Compiling uuid v1.26.0
   Compiling dtoa-short v0.3.5
   Compiling form_urlencoded v1.2.2
   Compiling toml_datetime v1.1.1+spec-1.1.0
   Compiling tendril v0.5.1
   Compiling selectors v0.36.1
    Checking rand_core v0.6.4
   Compiling aho-corasick v1.1.5
   Compiling indexmap v1.9.3
   Compiling regex-syntax v0.8.11
   Compiling alloc-no-stdlib v2.0.4
   Compiling byteorder v1.5.0
   Compiling unic-common v0.9.0
   Compiling unic-char-range v0.9.0
   Compiling camino v1.2.5
    Checking subtle v2.6.1
   Compiling unic-char-property v0.9.0
   Compiling unic-ucd-version v0.9.0
   Compiling alloc-stdlib v0.2.4
   Compiling toml v1.1.4+spec-1.1.0
   Compiling servo_arc v0.4.3
   Compiling powerfmt v0.2.0
   Compiling fnv v1.0.7
   Compiling deranged v0.5.8
   Compiling schemars v0.8.22
    Checking block2 v0.6.2
   Compiling rustc-hash v2.1.3
   Compiling hashbrown v0.17.1
   Compiling bit-vec v0.8.0
   Compiling synstructure v0.13.2
   Compiling darling_core v0.23.0
    Checking dispatch2 v0.3.1
   Compiling serde_derive_internals v0.29.1
   Compiling equivalent v1.0.2
   Compiling hashbrown v0.12.3
   Compiling indexmap v2.14.0
    Checking objc2-core-foundation v0.3.2
   Compiling time v0.3.55
   Compiling bit-set v0.8.0
   Compiling regex-automata v0.4.18
   Compiling cfb v0.7.3
   Compiling serde_derive v1.0.229
   Compiling zerovec-derive v0.11.5
   Compiling displaydoc v0.2.7
   Compiling thiserror-impl v2.0.20
   Compiling bytemuck_derive v1.12.0
   Compiling zerofrom-derive v0.1.7
   Compiling yoke-derive v0.8.2
   Compiling phf_macros v0.13.1
   Compiling thiserror-impl v1.0.69
   Compiling zeroize_derive v1.5.0
   Compiling zerofrom v0.1.8
   Compiling derive_more-impl v2.1.1
   Compiling cssparser-macros v0.6.1
   Compiling yoke v0.8.3
    Checking zeroize v1.9.0
   Compiling phf v0.13.1
   Compiling darling_macro v0.23.0
    Checking bytemuck v1.25.2
   Compiling schemars_derive v0.8.22
    Checking objc2-foundation v0.3.2
   Compiling darling v0.23.0
   Compiling cssparser v0.36.0
   Compiling zerovec v0.11.8
   Compiling zerotrie v0.2.5
   Compiling derive_more v2.1.1
   Compiling serde_with_macros v3.22.0
   Compiling markup5ever v0.38.0
   Compiling regex v1.13.1
   Compiling brotli-decompressor v5.0.3
   Compiling unic-ucd-ident v0.9.0
   Compiling tinystr v0.8.4
   Compiling potential_utf v0.1.6
   Compiling html5ever v0.38.0
   Compiling rustc_version v0.4.1
   Compiling icu_collections v2.3.0
   Compiling icu_locale_core v2.3.0
    Checking errno v0.3.14
   Compiling quick-xml v0.41.0
   Compiling same-file v1.0.6
   Compiling dyn-clone v1.0.20
   Compiling foldhash v0.2.0
   Compiling base64 v0.22.1
   Compiling base64 v0.21.7
   Compiling dunce v1.0.5
   Compiling walkdir v2.5.0
   Compiling jsonptr v0.6.3
   Compiling cargo-platform v0.1.9
   Compiling swift-rs v1.0.8
   Compiling dom_query v0.27.0
   Compiling cargo_metadata v0.19.2
   Compiling json-patch v3.0.1
   Compiling http v1.5.0
   Compiling plist v1.10.0
   Compiling brotli v8.0.4
   Compiling icu_provider v2.3.0
   Compiling serde_with v3.22.0
   Compiling infer v0.19.0
   Compiling icu_properties v2.3.0
   Compiling icu_normalizer v2.3.0
   Compiling serde-untagged v0.1.9
    Checking crypto-common v0.1.7
   Compiling ctor v0.8.0
   Compiling glob v0.3.4
   Compiling cfg_aliases v0.2.2
    Checking socket2 v0.6.5
   Compiling zerocopy v0.8.56
   Compiling libm v0.2.16
    Checking signal-hook-registry v1.4.8
   Compiling zerocopy-derive v0.8.56
   Compiling tokio-macros v2.7.2
    Checking mio v1.2.2
   Compiling num-traits v0.2.19
   Compiling idna_adapter v1.2.2
   Compiling idna v1.1.0
    Checking rand_core v0.10.1
   Compiling url v2.5.8
    Checking tokio v1.53.1
    Checking arrayvec v0.7.8
    Checking raw-window-handle v0.6.2
    Checking core-foundation-sys v0.8.7
   Compiling urlpattern v0.3.0
   Compiling toml_datetime v0.7.5+spec-1.1.0
   Compiling crc32fast v1.5.0
    Checking futures-core v0.3.34
   Compiling option-ext v0.2.0
   Compiling winnow v0.7.15
   Compiling dirs-sys v0.5.0
   Compiling embed-resource v3.0.11
   Compiling time-macros v0.2.32
   Compiling ring v0.17.14
    Checking tracing-core v0.1.36
   Compiling heck v0.5.0
   Compiling tauri-utils v2.9.3
   Compiling tauri-winres v0.3.6
   Compiling dirs v6.0.0
    Checking rustls-pki-types v1.15.1
    Checking bitflags v1.3.2
   Compiling toml v0.9.12+spec-1.1.0
   Compiling tracing-attributes v0.1.31
    Checking untrusted v0.9.0
    Checking lazy_static v1.5.0
   Compiling getrandom v0.3.4
    Checking core-foundation v0.10.1
    Checking block-buffer v0.10.4
   Compiling simd-adler32 v0.3.10
   Compiling rustls v0.23.43
    Checking digest v0.10.7
    Checking symphonia-core v0.5.5
   Compiling cargo_toml v0.22.3
    Checking tracing v0.1.44
    Checking dpi v0.1.2
   Compiling foreign-types-macros v0.2.4
   Compiling crossbeam-utils v0.8.22
    Checking foreign-types-shared v0.3.1
   Compiling adler2 v2.0.1
    Checking slab v0.4.12
   Compiling miniz_oxide v0.8.9
    Checking foreign-types v0.5.0
    Checking http-body v1.1.0
    Checking cpufeatures v0.2.17
   Compiling cookie v0.18.2
   Compiling httparse v1.10.1
    Checking futures-sink v0.3.34
   Compiling flate2 v1.1.9
   Compiling fdeflate v0.3.7
   Compiling futures-macro v0.3.34
    Checking encoding_rs v0.8.35
    Checking tower-service v0.3.3
    Checking futures-task v0.3.34
   Compiling png v0.17.16
    Checking futures-util v0.3.34
    Checking crossbeam-channel v0.5.16
    Checking symphonia-metadata v0.5.5
    Checking core-graphics-types v0.2.0
    Checking block-padding v0.3.3
    Checking mime v0.3.17
   Compiling tauri-runtime v2.11.3
   Compiling wry v0.55.1
    Checking inout v0.1.4
   Compiling sha2 v0.10.9
    Checking png v0.18.1
    Checking objc2-app-kit v0.3.2
    Checking core-graphics v0.25.0
   Compiling ico v0.5.0
    Checking ppv-lite86 v0.2.21
    Checking rustc-hash v1.1.0
    Checking pxfm v0.1.30
    Checking tower-layer v0.3.3
   Compiling tauri-runtime-wry v2.11.4
    Checking try-lock v0.2.5
   Compiling tauri-plugin v2.6.3
   Compiling tauri-build v2.6.3
    Checking unicode-segmentation v1.13.3
    Checking want v0.3.1
   Compiling tauri-codegen v2.6.3
    Checking naga-types v30.0.1
    Checking cipher v0.4.4
    Checking keyboard-types v0.7.0
    Checking webpki-roots v1.0.9
    Checking sync_wrapper v1.0.2
    Checking futures-channel v0.3.34
   Compiling naga v30.0.1
    Checking rustls-webpki v0.103.15
   Compiling serialize-to-javascript-impl v0.1.2
    Checking byteorder-lite v0.1.0
    Checking httpdate v1.0.3
    Checking atomic-waker v1.1.2
    Checking unicode-width v0.1.14
   Compiling objc-sys v0.3.5
    Checking bit-vec v0.9.1
    Checking hyper v1.11.0
    Checking bit-set v0.10.0
    Checking serialize-to-javascript v0.1.2
    Checking codespan-reporting v0.13.1
    Checking objc2-metal v0.3.2
    Checking symphonia-utils-xiph v0.5.5
    Checking half v2.7.1
    Checking rand_core v0.9.5
    Checking universal-hash v0.5.1
    Checking objc2-core-graphics v0.3.2
   Compiling serde_repr v0.1.21
    Checking ipnet v2.12.1
    Checking embed_plist v1.2.2
    Checking static_assertions v1.1.0
    Checking opaque-debug v0.3.1
   Compiling rustix v1.1.4
    Checking rand_chacha v0.9.0
    Checking wgpu-types v30.0.1
    Checking hyper-util v0.1.20
    Checking tower v0.5.3
    Checking http-body-util v0.1.5
   Compiling wgpu-hal v30.0.1
   Compiling curve25519-dalek v4.1.3
    Checking objc2-core-audio-types v0.3.2
   Compiling ahash v0.8.12
    Checking objc2-core-audio v0.3.2
    Checking moxcms v0.8.1
    Checking objc2 v0.5.2
    Checking rand v0.9.5
    Checking security-framework-sys v2.17.0
    Checking tokio-rustls v0.26.4
   Compiling mac-notification-sys v0.6.15
    Checking libloading v0.8.9
   Compiling cfg_aliases v0.1.1
   Compiling pkg-config v0.3.34
    Checking profiling v1.0.18
   Compiling vcpkg v0.2.15
   Compiling nix v0.28.0
    Checking hyper-rustls v0.27.9
    Checking security-framework v3.7.0
    Checking objc2-quartz-core v0.3.2
    Checking block2 v0.5.1
    Checking objc2-audio-toolbox v0.3.2
   Compiling libsqlite3-sys v0.30.1
    Checking tower-http v0.6.11
    Checking polyval v0.6.2
    Checking raw-window-metal v1.1.0
    Checking tokio-util v0.7.19
    Checking sha1 v0.10.7
    Checking num-integer v0.1.47
    Checking core-foundation v0.9.4
    Checking chacha20 v0.10.1
   Compiling wgpu-core v30.0.1
   Compiling quinn-udp v0.5.15
    Checking objc2-web-kit v0.3.2
    Checking tao v0.35.3
    Checking muda v0.19.3
    Checking window-vibrancy v0.6.0
    Checking aead v0.5.2
   Compiling litrs v1.0.0
    Checking ryu v1.0.23
    Checking tinyvec_macros v0.1.1
   Compiling unicase v2.9.0
    Checking extended v0.1.0
   Compiling rfd v0.16.0
    Checking dispatch v0.2.0
   Compiling cpal v0.17.3
    Checking data-encoding v2.11.1
    Checking objc2-foundation v0.2.2
    Checking tungstenite v0.29.0
   Compiling mime_guess v2.0.5
    Checking serde_urlencoded v0.7.1
   Compiling document-features v0.2.12
    Checking symphonia-format-riff v0.5.5
    Checking image v0.25.10
   Compiling tauri v2.11.5
   Compiling tauri-macros v2.6.3
   Compiling tauri-plugin-fs v2.5.1
   Compiling tauri-plugin-process v2.3.1
   Compiling tauri-plugin-dialog v2.7.2
   Compiling tauri-plugin-updater v2.10.1
   Compiling tauri-plugin-notification v2.3.3
    Checking tinyvec v1.12.0
    Checking wgpu-naga-bridge v30.0.1
    Checking core-graphics-types v0.1.3
    Checking coreaudio-rs v0.14.2
    Checking rand v0.10.2
    Checking num-bigint v0.4.8
    Checking objc2-osa-kit v0.3.2
    Checking rustls-platform-verifier v0.7.0
    Checking ghash v0.5.1
    Checking xattr v1.6.1
    Checking hashbrown v0.14.5
    Checking poly1305 v0.8.0
    Checking symphonia-bundle-flac v0.5.5
    Checking symphonia-codec-vorbis v0.5.5
    Checking symphonia-format-isomp4 v0.5.5
    Checking symphonia-format-ogg v0.5.5
    Checking ctr v0.9.2
    Checking chacha20 v0.9.1
    Checking aes v0.8.4
    Checking webpki-roots v0.26.11
    Checking symphonia-bundle-mp3 v0.5.5
    Checking symphonia-codec-aac v0.5.5
    Checking symphonia-codec-pcm v0.5.5
    Checking rand_pcg v0.10.2
   Compiling wgpu v30.0.1
   Compiling winit v0.30.13
   Compiling quinn v0.11.11
   Compiling snow v0.9.6
    Checking wgpu-core-deps-apple v30.0.1
    Checking filetime v0.2.29
    Checking mach2 v0.5.0
    Checking lru-slab v0.1.2
    Checking dasp_sample v0.11.0
    Checking signature v2.2.0
    Checking tar v0.4.46
    Checking quinn-proto v0.11.17
    Checking tempfile v3.27.0
    Checking ed25519 v2.2.3
    Checking symphonia v0.5.5
    Checking objc2-app-kit v0.2.2
    Checking aes-gcm v0.10.3
    Checking num-rational v0.4.2
    Checking tokio-tungstenite v0.29.0
    Checking hashlink v0.9.1
    Checking chacha20poly1305 v0.10.1
    Checking osakit v0.3.1
    Checking reqwest v0.13.4
    Checking core-graphics v0.23.2
   Compiling ferryx v2026.928.7 (/Users/I552267/ferryx-pane-completion/source-21dea3c0/src-tauri)
    Checking axum-core v0.5.6
    Checking rand_chacha v0.3.1
    Checking yasna v0.6.0
    Checking filedescriptor v0.8.3
    Checking blake2 v0.10.6
    Checking hmac v0.12.1
    Checking sharded-slab v0.1.7
    Checking tracing-log v0.2.0
    Checking serde_path_to_error v0.1.20
    Checking notify-types v2.1.0
    Checking serial2 v0.2.38
    Checking fsevent-sys v4.1.0
    Checking thread_local v1.1.10
    Checking minisign-verify v0.2.5
    Checking shell-words v1.1.1
    Checking fallible-streaming-iterator v0.1.9
    Checking nu-ansi-term v0.50.3
    Checking matchit v0.8.4
    Checking smol_str v0.2.2
    Checking fallible-iterator v0.3.0
    Checking downcast-rs v1.2.1
    Checking cursor-icon v1.2.0
    Checking portable-pty v0.9.0 (/Users/I552267/ferryx-pane-completion/source-21dea3c0/src-tauri/vendor/portable-pty)
    Checking tracing-subscriber v0.3.23
    Checking axum v0.8.9
    Checking notify v8.2.0
    Checking rusqlite v0.32.1
    Checking pbkdf2 v0.12.2
    Checking rcgen v0.14.10
    Checking rand v0.8.7
    Checking rodio v0.22.2
    Checking ed25519-dalek v2.2.0
    Checking reqwest v0.12.28
    Checking x25519-dalek v2.0.1
    Checking cbc v0.1.2
    Checking tower-http v0.7.1
    Checking objc2-user-notifications v0.3.2
    Checking objc2-core-text v0.3.2
    Checking pollster v1.0.1
    Checking base64 v0.23.1
    Checking tokio-stream v0.1.19
    Checking tokio-test v0.4.5
    Checking notify-rust v4.18.0
warning: unused import: `seal_offer`
 --> src/account/offer_sink.rs:9:47
  |
9 | use crate::remote::sealed_offer::{open_offer, seal_offer};
  |                                               ^^^^^^^^^^
  |
  = note: `#[warn(unused_imports)]` (part of `#[warn(unused)]`) on by default

warning: unused import: `Serialize`
 --> src/agent_transcript.rs:1:26
  |
1 | use serde::{Deserialize, Serialize};
  |                          ^^^^^^^^^

warning: unused import: `ImportedCookie`
  --> src/browser/chromium_cookie_source.rs:13:67
   |
13 |     filter_google_cookies, resolve_installed_browser_profile_dir, ImportedCookie,
   |                                                                   ^^^^^^^^^^^^^^

warning: unused import: `super::session_service::*`
  --> src/daemon/server.rs:21:5
   |
21 | use super::session_service::*;
   |     ^^^^^^^^^^^^^^^^^^^^^^^^^

warning: unused import: `Manager`
  --> src/ipc/notifications.rs:22:24
   |
22 | use tauri::{AppHandle, Manager, Runtime, State};
   |                        ^^^^^^^

warning: unused import: `PathBuf`
 --> src/ipc/remote_drop.rs:6:23
  |
6 | use std::path::{Path, PathBuf};
  |                       ^^^^^^^

warning: unused import: `std::time::Duration`
 --> src/remote/session_transport.rs:1:5
  |
1 | use std::time::Duration;
  |     ^^^^^^^^^^^^^^^^^^^

warning: unused import: `RemoteSessionDetails`
 --> src/remote/server.rs:4:90
  |
4 | use crate::remote::backend::{RecoveryStream, RemoteRecoveryStatus, RemoteSessionBackend, RemoteSessionDetails};
  |                                                                                          ^^^^^^^^^^^^^^^^^^^^

warning: unused import: `ffi::OsString`
 --> src/ssh/../ferryx_scope/ssh/process.rs:5:5
  |
5 |     ffi::OsString,
  |     ^^^^^^^^^^^^^

warning: unused import: `std::os::fd::IntoRawFd`
   --> src/daemon/handover_wire.rs:442:9
    |
442 |     use std::os::fd::IntoRawFd;
    |         ^^^^^^^^^^^^^^^^^^^^^^

warning: unused import: `tauri::Manager`
    --> src/ipc/terminal.rs:3254:13
     |
3254 |         use tauri::Manager;
     |             ^^^^^^^^^^^^^^

warning: unused import: `tauri::Manager`
    --> src/ipc/terminal.rs:3278:13
     |
3278 |         use tauri::Manager;
     |             ^^^^^^^^^^^^^^

warning: unused imports: `DaemonRequest`, `SplitAttachAttempt`, `SplitOperationRequest`, and `SplitOperationResponse`
 --> src/ipc/pane_liveness_contract.rs:4:28
  |
4 |         clip_stage_budget, DaemonRequest, DaemonResponse, DaemonSessionDetails,
  |                            ^^^^^^^^^^^^^
5 |         LocalSplitEnvelope, PaneAttachTuple, PanePresentationReceipt, PreparedLocalSplit,
6 |         SplitAttachAttempt, SplitDelivery, SplitErrorDetails, SplitIdentity, SplitNoChild,
  |         ^^^^^^^^^^^^^^^^^^
7 |         SplitOperationRequest, SplitOperationResponse, SplitOperationResult, SplitOwnership,
  |         ^^^^^^^^^^^^^^^^^^^^^  ^^^^^^^^^^^^^^^^^^^^^^

warning: unused import: `AsyncWriteExt`
   --> src/remote/attach_router.rs:184:35
    |
184 |     use tokio::io::{AsyncReadExt, AsyncWriteExt};
    |                                   ^^^^^^^^^^^^^

warning: unused import: `tokio::io::AsyncWriteExt as _`
   --> src/remote/attach_router.rs:240:13
    |
240 |         use tokio::io::AsyncWriteExt as _;
    |             ^^^^^^^^^^^^^^^^^^^^^^^^^^^^^

warning: unused import: `crate::scoped_contracts::Epoch`
  --> src/remote/machine_agent_state_tests.rs:14:5
   |
14 | use crate::scoped_contracts::Epoch;
   |     ^^^^^^^^^^^^^^^^^^^^^^^^^^^^^^

warning: unused import: `tokio::io::AsyncBufReadExt`
    --> src/ssh/bridge_tests.rs:1968:9
     |
1968 |     use tokio::io::AsyncBufReadExt;
     |         ^^^^^^^^^^^^^^^^^^^^^^^^^^

warning: unused import: `AsRawFd`
  --> src/ssh/bridge.rs:28:25
   |
28 | use std::os::unix::io::{AsRawFd, FromRawFd, RawFd};
   |                         ^^^^^^^

warning: unused import: `FromRawFd`
  --> src/ssh/bridge.rs:28:34
   |
28 | use std::os::unix::io::{AsRawFd, FromRawFd, RawFd};
   |                                  ^^^^^^^^^

warning: unused import: `AsRawFd`
    --> src/terminal/session.rs:1209:27
     |
1209 |         use std::os::fd::{AsRawFd, FromRawFd};
     |                           ^^^^^^^

warning: unused variable: `pid`
    --> src/daemon/client.rs:2204:17
     |
2204 |                 pid,
     |                 ^^^ help: try ignoring the field: `pid: _`
     |
     = note: `#[warn(unused_variables)]` (part of `#[warn(unused)]`) on by default

warning: variable does not need to be mutable
   --> src/daemon/handover_socket.rs:190:9
    |
190 |     let mut frame = recv_frame(stream.as_raw_fd())?;
    |         ----^^^^^
    |         |
    |         help: remove this `mut`
    |
    = note: `#[warn(unused_mut)]` (part of `#[warn(unused)]`) on by default

warning: variable does not need to be mutable
   --> src/daemon/handover_socket.rs:295:9
    |
295 |     let mut frame = recv_frame(stream.as_raw_fd())?;
    |         ----^^^^^
    |         |
    |         help: remove this `mut`

warning: variable does not need to be mutable
   --> src/daemon/handover_wire.rs:202:9
    |
202 |     let mut iov_index = 0usize;
    |         ----^^^^^^^^^
    |         |
    |         help: remove this `mut`

warning: value assigned to `sent` is never read
   --> src/daemon/handover_wire.rs:188:20
    |
188 |     let mut sent = 0usize;
    |                    ^^^^^^
    |
    = help: maybe it is overwritten before being read?
    = note: `#[warn(unused_assignments)]` (part of `#[warn(unused)]`) on by default

warning: value assigned to `written_total` is never read
   --> src/daemon/handover_wire.rs:213:37
    |
213 |             let mut written_total = 0usize;
    |                                     ^^^^^^
    |
    = help: maybe it is overwritten before being read?

warning: variable does not need to be mutable
   --> src/daemon/server.rs:671:41
    |
671 |     pub(crate) fn detach_without_unlock(mut self) -> File {
    |                                         ----^^^^
    |                                         |
    |                                         help: remove this `mut`

warning: unused variable: `host`
   --> src/ipc/remote_drop.rs:310:13
    |
310 |         let host =
    |             ^^^^ help: if this is intentional, prefix it with an underscore: `_host`

warning: unnecessary `unsafe` block
  --> src/macos_file_drop.rs:79:28
   |
79 |             let location = unsafe { info.draggingLocation() };
   |                            ^^^^^^ unnecessary `unsafe` block
   |
   = note: `#[warn(unused_unsafe)]` (part of `#[warn(unused)]`) on by default

warning: unnecessary `unsafe` block
  --> src/macos_file_drop.rs:80:25
   |
80 |             let point = unsafe { self.convertPoint_fromView(location, None) };
   |                         ^^^^^^ unnecessary `unsafe` block

warning: unnecessary `unsafe` block
   --> src/macos_file_drop.rs:102:46
    |
102 |     let pasteboard: Retained<NSPasteboard> = unsafe { info.draggingPasteboard() };
    |                                              ^^^^^^ unnecessary `unsafe` block

warning: unnecessary `unsafe` block
   --> src/macos_file_drop.rs:105:25
    |
105 |     if let Some(list) = unsafe { pasteboard.propertyListForType(&legacy) } {
    |                         ^^^^^^ unnecessary `unsafe` block

warning: unnecessary `unsafe` block
   --> src/macos_file_drop.rs:122:25
    |
122 |     if let Some(text) = unsafe { pasteboard.stringForType(file_url_type) } {
    |                         ^^^^^^ unnecessary `unsafe` block

warning: unnecessary `unsafe` block
   --> src/macos_file_drop.rs:123:28
    |
123 |         if let Some(url) = unsafe { NSURL::URLWithString(&text) } {
    |                            ^^^^^^ unnecessary `unsafe` block

warning: unnecessary `unsafe` block
   --> src/macos_file_drop.rs:124:33
    |
124 |             if let Some(path) = unsafe { url.path() } {
    |                                 ^^^^^^ unnecessary `unsafe` block

warning: unnecessary `unsafe` block
   --> src/macos_file_drop.rs:169:5
    |
169 |     unsafe { view.registerForDraggedTypes(&types) };
    |     ^^^^^^ unnecessary `unsafe` block

warning: variable does not need to be mutable
   --> src/native_terminal/renderer/font_manager.rs:207:13
    |
207 |         let mut buffer = vec![0u8; total_pixels];
    |             ----^^^^^^
    |             |
    |             help: remove this `mut`

warning: unused variable: `session`
   --> src/terminal/pty.rs:562:22
    |
562 |             let Some(session) = manager.get_session(&session_id) else {
    |                      ^^^^^^^ help: if this is intentional, prefix it with an underscore: `_session`

warning: value assigned to `desired_size` is never read
    --> src/terminal/remote.rs:1073:56
     |
1073 |             let mut desired_size: Option<(u16, u16)> = None;
     |                                                        ^^^^
     |
     = help: maybe it is overwritten before being read?

warning: variable does not need to be mutable
    --> src/terminal/session.rs:1272:13
     |
1272 |         let mut master_pty = portable_pty::master_from_owned_fd(master, None)
     |             ----^^^^^^^^^^
     |             |
     |             help: remove this `mut`

warning: unused import: `std::io::Write`
   --> src/daemon/handover_socket.rs:316:9
    |
316 |     use std::io::Write;
    |         ^^^^^^^^^^^^^^

warning: unused import: `base64::Engine`
   --> src/remote/account_grants.rs:108:9
    |
108 |     use base64::Engine as _;
    |         ^^^^^^^^^^^^^^

warning: type `DaemonLockFiles` is more private than the item `adopt_authority`
   --> src/daemon/handover_socket.rs:227:1
    |
227 | / pub fn adopt_authority(
228 | |     authority: TransferredAuthority,
229 | | ) -> Result<(Option<tokio::net::UnixListener>, DaemonLockFiles), HandoverSocketError> {
    | |_____________________________________________________________________________________^ function `adopt_authority` is reachable at visibility `pub`
    |
note: but type `DaemonLockFiles` is only usable at visibility `pub(crate)`
   --> src/daemon/server.rs:813:1
    |
813 | pub(crate) struct DaemonLockFiles {
    | ^^^^^^^^^^^^^^^^^^^^^^^^^^^^^^^^^
    = note: `#[warn(private_interfaces)]` on by default

warning: type `MachineSender` is more private than the item `SessionHub::machine_senders`
   --> src/terminal/output_hub.rs:700:5
    |
700 |     pub(crate) machine_senders: Vec<machine_output::MachineSender>,
    |     ^^^^^^^^^^^^^^^^^^^^^^^^^^^^^^^^^^^^^^^^^^^^^^^^^^^^^^^^^^^^^^ field `SessionHub::machine_senders` is reachable at visibility `pub(crate)`
    |
note: but type `MachineSender` is only usable at visibility `pub(in crate::terminal::output_hub)`
   --> src/terminal/machine_output.rs:76:1
    |
 76 | pub(super) struct MachineSender {
    | ^^^^^^^^^^^^^^^^^^^^^^^^^^^^^^^

warning: trait `AgentStateSink` is more private than the item `paired_daemon::Proxy::set_agent_sink`
   --> src/terminal/paired_daemon.rs:107:5
    |
107 |     pub fn set_agent_sink(&mut self, sink: Arc<dyn crate::terminal::remote::AgentStateSink>) {
    |     ^^^^^^^^^^^^^^^^^^^^^^^^^^^^^^^^^^^^^^^^^^^^^^^^^^^^^^^^^^^^^^^^^^^^^^^^^^^^^^^^^^^^^^^^ method `paired_daemon::Proxy::set_agent_sink` is reachable at visibility `pub`
    |
note: but trait `AgentStateSink` is only usable at visibility `pub(crate)`
   --> src/terminal/remote.rs:167:1
    |
167 | pub(crate) trait AgentStateSink: Send + Sync {
    | ^^^^^^^^^^^^^^^^^^^^^^^^^^^^^^^^^^^^^^^^^^^^

warning: trait `AgentStateSink` is more private than the item `paired_runtime::Runtime::set_agent_sink`
   --> src/terminal/paired_runtime.rs:289:5
    |
289 |     pub fn set_agent_sink(&self, sink: Arc<dyn crate::terminal::remote::AgentStateSink>) {
    |     ^^^^^^^^^^^^^^^^^^^^^^^^^^^^^^^^^^^^^^^^^^^^^^^^^^^^^^^^^^^^^^^^^^^^^^^^^^^^^^^^^^^^ method `paired_runtime::Runtime::set_agent_sink` is reachable at visibility `pub`
    |
note: but trait `AgentStateSink` is only usable at visibility `pub(crate)`
   --> src/terminal/remote.rs:167:1
    |
167 | pub(crate) trait AgentStateSink: Send + Sync {
    | ^^^^^^^^^^^^^^^^^^^^^^^^^^^^^^^^^^^^^^^^^^^^

warning: type `paired_runtime::Command` is more private than the item `paired_runtime::Runtime::sender`
   --> src/terminal/paired_runtime.rs:711:5
    |
711 |     pub(crate) fn sender(&self, id: &str) -> Result<mpsc::Sender<Command>, String> {
    |     ^^^^^^^^^^^^^^^^^^^^^^^^^^^^^^^^^^^^^^^^^^^^^^^^^^^^^^^^^^^^^^^^^^^^^^^^^^^^^^ method `paired_runtime::Runtime::sender` is reachable at visibility `pub(crate)`
    |
note: but type `paired_runtime::Command` is only usable at visibility `pub(self)`
   --> src/terminal/paired_runtime.rs:166:1
    |
166 | enum Command {
    | ^^^^^^^^^^^^

warning: trait `terminal::remote::Transport` is more private than the item `RemoteRuntime::live_import`
   --> src/terminal/remote.rs:819:5
    |
819 | /     pub fn live_import(
820 | |         &self,
821 | |         state: RemoteExportState,
822 | |         transport: Option<Arc<dyn Transport>>,
823 | |     ) -> Result<(), RemoteFailure> {
    | |__________________________________^ method `RemoteRuntime::live_import` is reachable at visibility `pub`
    |
note: but trait `terminal::remote::Transport` is only usable at visibility `pub(crate)`
   --> src/terminal/remote.rs:185:1
    |
185 | pub(crate) trait Transport: Send + Sync {
    | ^^^^^^^^^^^^^^^^^^^^^^^^^^^^^^^^^^^^^^^

warning: trait `terminal::remote::Transport` is more private than the item `RemoteRuntime::import_transferred`
   --> src/terminal/remote.rs:840:5
    |
840 | /     pub fn import_transferred(
841 | |         &self,
842 | |         state: RemoteExportState,
843 | |         transport: Option<Arc<dyn Transport>>,
844 | |     ) -> Result<(), RemoteFailure> {
    | |__________________________________^ method `RemoteRuntime::import_transferred` is reachable at visibility `pub`
    |
note: but trait `terminal::remote::Transport` is only usable at visibility `pub(crate)`
   --> src/terminal/remote.rs:185:1
    |
185 | pub(crate) trait Transport: Send + Sync {
    | ^^^^^^^^^^^^^^^^^^^^^^^^^^^^^^^^^^^^^^^

warning: trait `AgentStateSink` is more private than the item `terminal::service::TerminalService::set_paired_agent_sink`
   --> src/terminal/service.rs:69:5
    |
 69 |     pub fn set_paired_agent_sink(&self, sink: Arc<dyn super::remote::AgentStateSink>) {
    |     ^^^^^^^^^^^^^^^^^^^^^^^^^^^^^^^^^^^^^^^^^^^^^^^^^^^^^^^^^^^^^^^^^^^^^^^^^^^^^^^^^ method `terminal::service::TerminalService::set_paired_agent_sink` is reachable at visibility `pub`
    |
note: but trait `AgentStateSink` is only usable at visibility `pub(crate)`
   --> src/terminal/remote.rs:167:1
    |
167 | pub(crate) trait AgentStateSink: Send + Sync {
    | ^^^^^^^^^^^^^^^^^^^^^^^^^^^^^^^^^^^^^^^^^^^^

warning: enum `UpgradeAction` is never used
  --> src/daemon/handover.rs:14:17
   |
14 | pub(crate) enum UpgradeAction {
   |                 ^^^^^^^^^^^^^
   |
   = note: `#[warn(dead_code)]` (part of `#[warn(unused)]`) on by default

warning: method `is_proceed` is never used
  --> src/daemon/handover.rs:22:19
   |
21 | impl UpgradeAction {
   | ------------------ method in this implementation
22 |     pub(crate) fn is_proceed(self) -> bool {
   |                   ^^^^^^^^^^

warning: function `idle_upgrade_enabled` is never used
  --> src/daemon/handover.rs:29:15
   |
29 | pub(crate) fn idle_upgrade_enabled(value: Option<&str>) -> bool {
   |               ^^^^^^^^^^^^^^^^^^^^

warning: function `idle_upgrade_requested` is never used
  --> src/daemon/handover.rs:33:15
   |
33 | pub(crate) fn idle_upgrade_requested() -> bool {
   |               ^^^^^^^^^^^^^^^^^^^^^^

warning: function `upgrade_action` is never used
  --> src/daemon/handover.rs:57:15
   |
57 | pub(crate) fn upgrade_action(live_sessions: usize, session_transfer_supported: bool) -> UpgradeAction {
   |               ^^^^^^^^^^^^^^

warning: struct `SpawnOwnerGuard` is never constructed
   --> src/daemon/handover.rs:450:19
    |
450 | pub(crate) struct SpawnOwnerGuard {
    |                   ^^^^^^^^^^^^^^^

warning: method `retain_spawn_owner` is never used
   --> src/daemon/handover.rs:574:19
    |
528 | impl HandoverManager {
    | -------------------- method in this implementation
...
574 |     pub(crate) fn retain_spawn_owner(self: &Arc<Self>) -> Result<SpawnOwnerGuard, String> {
    |                   ^^^^^^^^^^^^^^^^^^

warning: function `remote_spawn_relative_path` is never used
    --> src/daemon/server.rs:5047:4
     |
5047 | fn remote_spawn_relative_path(repo_root: &str, root: &str) -> String {
     |    ^^^^^^^^^^^^^^^^^^^^^^^^^^

warning: method `machine_sessions` is never used
   --> src/daemon/session_service.rs:975:19
    |
361 | impl DaemonSessionService {
    | ------------------------- method in this implementation
...
975 |     pub(crate) fn machine_sessions(
    |                   ^^^^^^^^^^^^^^^^

warning: field `workspace_queues` is never read
  --> src/daemon/workspace_service.rs:25:5
   |
19 | pub struct DaemonWorkspaceService {
   |            ---------------------- field in this struct
...
25 |     workspace_queues: parking_lot::Mutex<
   |     ^^^^^^^^^^^^^^^^

warning: method `spawn_queue` is never used
  --> src/daemon/workspace_service.rs:42:19
   |
41 | impl DaemonWorkspaceService {
   | --------------------------- method in this implementation
42 |     pub(crate) fn spawn_queue(&self, workspace: &str) -> std::sync::Arc<tokio::sync::Mutex<()>> {
   |                   ^^^^^^^^^^^

warning: function `desktop_entry_for_mime` is never used
  --> src/ipc/file_open_with.rs:42:15
   |
42 | pub(crate) fn desktop_entry_for_mime(contents: &str, mime: &str) -> Option<String> {
   |               ^^^^^^^^^^^^^^^^^^^^^^

warning: function `is_valid_desktop_id` is never used
  --> src/ipc/file_open_with.rs:93:15
   |
93 | pub(crate) fn is_valid_desktop_id(id: &str) -> bool {
   |               ^^^^^^^^^^^^^^^^^^^

warning: function `desktop_application_dirs` is never used
   --> src/ipc/file_open_with.rs:103:15
    |
103 | pub(crate) fn desktop_application_dirs() -> Vec<PathBuf> {
    |               ^^^^^^^^^^^^^^^^^^^^^^^^

warning: field `kind` is never read
   --> src/ipc/file_preview.rs:539:5
    |
534 | struct HandleRecord {
    |        ------------ field in this struct
...
539 |     kind: FilePreviewKind,
    |     ^^^^

warning: function `identity_holds` is never used
    --> src/ipc/file_preview.rs:1147:4
     |
1147 | fn identity_holds(path: &Path, identity: Option<(u64, u64)>) -> bool {
     |    ^^^^^^^^^^^^^^

warning: field `0` is never read
    --> src/ipc/file_preview.rs:1163:25
     |
1163 | struct ChildReservation(String);
     |        ---------------- ^^^^^^
     |        |
     |        field in this struct
     |
     = help: consider removing this field

warning: field `app` is never read
  --> src/ipc/notifications.rs:29:5
   |
28 | pub struct TauriNotificationBackend<R: Runtime> {
   |            ------------------------ field in this struct
29 |     app: AppHandle<R>,
   |     ^^^

warning: method `begin_owned_render` is never used
   --> src/native_terminal/surface_host.rs:326:8
    |
217 | impl RenderScheduleCoordinator {
    | ------------------------------ method in this implementation
...
326 |     fn begin_owned_render(&self) -> Option<u64> {
    |        ^^^^^^^^^^^^^^^^^^

warning: method `presentation_tuple` is never used
   --> src/native_terminal/surface_host.rs:567:8
    |
560 | impl NativeTerminalSession {
    | -------------------------- method in this implementation
...
567 |     fn presentation_tuple(&self) -> Option<&crate::daemon::protocol::PaneAttachTuple> {
    |        ^^^^^^^^^^^^^^^^^^

warning: field `0` is never read
    --> src/remote/auth.rs:1246:18
     |
1246 | struct StoreLock(std::fs::File);
     |        --------- ^^^^^^^^^^^^^
     |        |
     |        field in this struct
     |
     = help: consider removing this field

warning: method `disarm` is never used
   --> src/remote/relay_server.rs:241:12
    |
216 | impl PairingClaimGuard {
    | ---------------------- method in this implementation
...
241 |     pub fn disarm(&mut self) {
    |            ^^^^^^

warning: function `inspect` is never used
   --> src/terminal/foreground.rs:226:15
    |
226 | pub(crate) fn inspect(session: &PtySession) -> std::io::Result<Option<Foreground>> {
    |               ^^^^^^^

warning: struct `ResolvedSpawnContext` is never constructed
   --> src/terminal/pty.rs:155:19
    |
155 | pub(crate) struct ResolvedSpawnContext {
    |                   ^^^^^^^^^^^^^^^^^^^^

warning: method `apply` is never used
   --> src/terminal/pty.rs:162:8
    |
161 | impl ResolvedSpawnContext {
    | ------------------------- method in this implementation
162 |     fn apply(&self, command: &mut CommandBuilder, session_id: &str) {
    |        ^^^^^

warning: variant `Inherited` is never constructed
   --> src/terminal/pty.rs:216:5
    |
214 | enum SpawnPathPolicy {
    |      --------------- variant in this enum
215 |     LegacyDiscovery,
216 |     Inherited,
    |     ^^^^^^^^^
    |
    = note: `SpawnPathPolicy` has a derived impl for the trait `Clone`, but this is intentionally ignored during dead code analysis

warning: methods `spawn_resolved_with_id` and `try_acquire_cwd_probe` are never used
   --> src/terminal/pty.rs:342:19
    |
235 | impl PtyManager {
    | --------------- methods in this implementation
...
342 |     pub(crate) fn spawn_resolved_with_id(
    |                   ^^^^^^^^^^^^^^^^^^^^^^
...
826 |     pub(crate) fn try_acquire_cwd_probe(
    |                   ^^^^^^^^^^^^^^^^^^^^^

warning: struct `PumpToken` is never constructed
  --> src/terminal/service.rs:21:19
   |
21 | pub(crate) struct PumpToken(u64);
   |                   ^^^^^^^^^

warning: struct `PumpTokenFence` is never constructed
  --> src/terminal/service.rs:24:19
   |
24 | pub(crate) struct PumpTokenFence {
   |                   ^^^^^^^^^^^^^^

warning: methods `install`, `is_active`, and `remove` are never used
  --> src/terminal/service.rs:30:19
   |
29 | impl PumpTokenFence {
   | ------------------- methods in this implementation
30 |     pub(crate) fn install(&self) -> PumpToken {
   |                   ^^^^^^^
...
36 |     pub(crate) fn is_active(&self, token: PumpToken) -> bool { *self.active.lock() == Some(token) }
   |                   ^^^^^^^^^
37 |
38 |     pub(crate) fn remove(&self, token: PumpToken) -> bool {
   |                   ^^^^^^

warning: methods `try_acquire_cwd_probe` and `spawn_resolved_with_id` are never used
   --> src/terminal/service.rs:172:19
    |
 53 | impl TerminalService {
    | -------------------- methods in this implementation
...
172 |     pub(crate) fn try_acquire_cwd_probe(
    |                   ^^^^^^^^^^^^^^^^^^^^^
...
226 |     pub(crate) fn spawn_resolved_with_id(
    |                   ^^^^^^^^^^^^^^^^^^^^^^

warning: method `wait_and_reap` is never used
    --> src/terminal/session.rs:1128:19
     |
 446 | impl PtySession {
     | --------------- method in this implementation
...
1128 |     pub(crate) fn wait_and_reap(&self) -> Result<Option<i32>, PtyError> {
     |                   ^^^^^^^^^^^^^

warning: function `resolve_ordinary_shell_command` is never used
   --> src/terminal/shell.rs:441:15
    |
441 | pub(crate) fn resolve_ordinary_shell_command(
    |               ^^^^^^^^^^^^^^^^^^^^^^^^^^^^^^

warning: function `ordinary_shell_command_with_env` is never used
   --> src/terminal/shell.rs:450:4
    |
450 | fn ordinary_shell_command_with_env<E>(
    |    ^^^^^^^^^^^^^^^^^^^^^^^^^^^^^^^

warning: function `inherited_executable` is never used
   --> src/terminal/shell.rs:486:4
    |
486 | fn inherited_executable(
    |    ^^^^^^^^^^^^^^^^^^^^

warning: function `inherited_candidate_is_executable` is never used
   --> src/terminal/shell.rs:518:4
    |
518 | fn inherited_candidate_is_executable(path: &std::path::Path, platform: TargetPlatform) -> bool {
    |    ^^^^^^^^^^^^^^^^^^^^^^^^^^^^^^^^^

warning: function `with_local_worktree_budget` is never used
   --> src/worktree/git.rs:115:15
    |
115 | pub(crate) fn with_local_worktree_budget<T>(work: impl FnOnce() -> T) -> T {
    |               ^^^^^^^^^^^^^^^^^^^^^^^^^^

warning: function `with_preparation_git_budget` is never used
   --> src/worktree/git.rs:143:15
    |
143 | pub(crate) fn with_preparation_git_budget<T>(
    |               ^^^^^^^^^^^^^^^^^^^^^^^^^^^

warning: struct `WriterLeaseGuard` is never constructed
  --> src/worktree/manager.rs:86:19
   |
86 | pub(crate) struct WriterLeaseGuard {
   |                   ^^^^^^^^^^^^^^^^

warning: associated items `new`, `canonical_path`, and `owner_id` are never used
   --> src/worktree/manager.rs:93:8
    |
 92 | impl WriterLeaseGuard {
    | --------------------- associated items in this implementation
 93 |     fn new(registry: WriterLeaseRegistry, canonical_path: PathBuf, owner_id: String) -> Self {
    |        ^^^
...
101 |     pub(crate) fn canonical_path(&self) -> &Path {
    |                   ^^^^^^^^^^^^^^
...
105 |     pub(crate) fn owner_id(&self) -> &str {
    |                   ^^^^^^^^

warning: associated items `acquire_writer_lease` and `validate_ref_component` are never used
   --> src/worktree/manager.rs:338:19
    |
134 | impl WorktreeManager {
    | -------------------- associated items in this implementation
...
338 |     pub(crate) fn acquire_writer_lease(
    |                   ^^^^^^^^^^^^^^^^^^^^
...
398 |     fn validate_ref_component(component: &str, label: &str) -> Result<(), WorktreeError> {
    |        ^^^^^^^^^^^^^^^^^^^^^^

warning: value assigned to `header` is never read
   --> src/daemon/handover_wire.rs:529:9
    |
529 |         header = [0u8; HANDOVER_HEADER_BYTES];
    |         ^^^^^^^^^^^^^^^^^^^^^^^^^^^^^^^^^^^^^
    |
    = help: maybe it is overwritten before being read?

warning: value assigned to `cursor` is never read
   --> src/daemon/handover_wire.rs:543:26
    |
543 |         let mut cursor = 0usize;
    |                          ^^^^^^
    |
    = help: maybe it is overwritten before being read?

warning: unused variable: `sender`
   --> src/daemon/handover_wire.rs:569:14
    |
569 |         let (sender, receiver) = socketpair();
    |              ^^^^^^ help: if this is intentional, prefix it with an underscore: `_sender`

warning: unused variable: `receiver`
   --> src/daemon/handover_wire.rs:594:22
    |
594 |         let (sender, receiver) = socketpair();
    |                      ^^^^^^^^ help: if this is intentional, prefix it with an underscore: `_receiver`

warning: `ferryx` (lib) generated 81 warnings (run `cargo fix --lib -p ferryx` to apply 18 suggestions)
warning: unused `Result` that must be used
   --> tests/a10_output_live_socket.rs:143:5
    |
143 |     state.auth_manager.revoke_device("owner");
    |     ^^^^^^^^^^^^^^^^^^^^^^^^^^^^^^^^^^^^^^^^^
    |
    = note: this `Result` may be an `Err` variant, which should be handled
    = note: `#[warn(unused_must_use)]` (part of `#[warn(unused)]`) on by default
help: use `let _ = ...` to ignore the resulting value
    |
143 |     let _ = state.auth_manager.revoke_device("owner");
    |     +++++++

warning: `ferryx` (test "a10_output_live_socket") generated 1 warning
warning: unused `std::result::Result` that must be used
  --> tests/../src/ferryx_scope/control/service.rs:34:42
   |
34 |     pub fn revoke(&self, device: &str) { self.auth.revoke_device(device); self.scopes.write().remove(device); self.notify_policy(); }
   |                                          ^^^^^^^^^^^^^^^^^^^^^^^^^^^^^^^
   |
   = note: this `Result` may be an `Err` variant, which should be handled
   = note: `#[warn(unused_must_use)]` (part of `#[warn(unused)]`) on by default
help: use `let _ = ...` to ignore the resulting value
   |
34 |     pub fn revoke(&self, device: &str) { let _ = self.auth.revoke_device(device); self.scopes.write().remove(device); self.notify_policy(); }
   |                                          +++++++

warning: function `target_link` is never used
  --> tests/../src/ferryx_scope/push/core.rs:33:8
   |
33 | pub fn target_link(target: &TargetRef) -> String { format!("/#task={}", URL_SAFE_NO_PAD.encode(serde_json::to_vec(target).expect("target ...
   |        ^^^^^^^^^^^
   |
   = note: `#[warn(dead_code)]` (part of `#[warn(unused)]`) on by default

warning: `ferryx` (test "scoped_control") generated 1 warning
warning: `ferryx` (test "scoped_push") generated 1 warning
warning: unused `Result` that must be used
   --> tests/a10_output_socket.rs:105:5
    |
105 |     state.auth_manager.revoke_device("owner");
    |     ^^^^^^^^^^^^^^^^^^^^^^^^^^^^^^^^^^^^^^^^^
    |
    = note: this `Result` may be an `Err` variant, which should be handled
    = note: `#[warn(unused_must_use)]` (part of `#[warn(unused)]`) on by default
help: use `let _ = ...` to ignore the resulting value
    |
105 |     let _ = state.auth_manager.revoke_device("owner");
    |     +++++++

warning: `ferryx` (test "a10_output_socket") generated 1 warning
warning: unused `Result` that must be used
   --> tests/machine_events.rs:169:5
    |
169 |     state.auth_manager.revoke_device("owner");
    |     ^^^^^^^^^^^^^^^^^^^^^^^^^^^^^^^^^^^^^^^^^
    |
    = note: this `Result` may be an `Err` variant, which should be handled
    = note: `#[warn(unused_must_use)]` (part of `#[warn(unused)]`) on by default
help: use `let _ = ...` to ignore the resulting value
    |
169 |     let _ = state.auth_manager.revoke_device("owner");
    |     +++++++

warning: unused `Result` that must be used
   --> tests/machine_events.rs:170:5
    |
170 |     state.auth_manager.revoke_device("mirror");
    |     ^^^^^^^^^^^^^^^^^^^^^^^^^^^^^^^^^^^^^^^^^^
    |
    = note: this `Result` may be an `Err` variant, which should be handled
help: use `let _ = ...` to ignore the resulting value
    |
170 |     let _ = state.auth_manager.revoke_device("mirror");
    |     +++++++

warning: unused import: `router`
 --> tests/account_login_flow.rs:4:36
  |
4 | use ferryx_lib::account::service::{router, AccountState};
  |                                    ^^^^^^
  |
  = note: `#[warn(unused_imports)]` (part of `#[warn(unused)]`) on by default

warning: `ferryx` (test "machine_events") generated 2 warnings
warning: `ferryx` (test "account_login_flow") generated 1 warning (run `cargo fix --test "account_login_flow" -p ferryx` to apply 1 suggestion)
warning: unused `Result` that must be used
   --> tests/machine_session_metadata.rs:189:5
    |
189 |     state.auth_manager.revoke_device("owner");
    |     ^^^^^^^^^^^^^^^^^^^^^^^^^^^^^^^^^^^^^^^^^
    |
    = note: this `Result` may be an `Err` variant, which should be handled
    = note: `#[warn(unused_must_use)]` (part of `#[warn(unused)]`) on by default
help: use `let _ = ...` to ignore the resulting value
    |
189 |     let _ = state.auth_manager.revoke_device("owner");
    |     +++++++

warning: unused `Result` that must be used
   --> tests/machine_session_metadata.rs:190:5
    |
190 |     state.auth_manager.revoke_device("mirror");
    |     ^^^^^^^^^^^^^^^^^^^^^^^^^^^^^^^^^^^^^^^^^^
    |
    = note: this `Result` may be an `Err` variant, which should be handled
help: use `let _ = ...` to ignore the resulting value
    |
190 |     let _ = state.auth_manager.revoke_device("mirror");
    |     +++++++

warning: `ferryx` (test "machine_session_metadata") generated 2 warnings
warning: unexpected `cfg` condition name: `a10_wire_red`
 --> tests/a10_terminal_wire_codec.rs:2:11
  |
2 | #[cfg(not(a10_wire_red))]
  |           ^^^^^^^^^^^^
  |
  = help: expected names are: `desktop`, `dev`, `docsrs`, `feature`, `mobile`, and `test` and 31 more
  = help: consider using a Cargo feature instead
  = help: or consider adding in `Cargo.toml` the `check-cfg` lint config for the lint:
           [lints.rust]
           unexpected_cfgs = { level = "warn", check-cfg = ['cfg(a10_wire_red)'] }
  = help: or consider adding `println!("cargo::rustc-check-cfg=cfg(a10_wire_red)");` to the top of the `build.rs`
  = note: see <https://doc.rust-lang.org/nightly/rustc/check-cfg/cargo-specifics.html> for more information about checking conditional configuration
  = note: `#[warn(unexpected_cfgs)]` on by default

warning: unexpected `cfg` condition name: `a10_wire_red`
  --> tests/a10_terminal_wire_codec.rs:19:11
   |
19 | #[cfg(not(a10_wire_red))]
   |           ^^^^^^^^^^^^
   |
   = help: consider using a Cargo feature instead
   = help: or consider adding in `Cargo.toml` the `check-cfg` lint config for the lint:
            [lints.rust]
            unexpected_cfgs = { level = "warn", check-cfg = ['cfg(a10_wire_red)'] }
   = help: or consider adding `println!("cargo::rustc-check-cfg=cfg(a10_wire_red)");` to the top of the `build.rs`
   = note: see <https://doc.rust-lang.org/nightly/rustc/check-cfg/cargo-specifics.html> for more information about checking conditional configuration

warning: unexpected `cfg` condition name: `a10_wire_red`
  --> tests/a10_terminal_wire_codec.rs:12:11
   |
12 |     #[cfg(a10_wire_red)]
   |           ^^^^^^^^^^^^
   |
   = help: consider using a Cargo feature instead
   = help: or consider adding in `Cargo.toml` the `check-cfg` lint config for the lint:
            [lints.rust]
            unexpected_cfgs = { level = "warn", check-cfg = ['cfg(a10_wire_red)'] }
   = help: or consider adding `println!("cargo::rustc-check-cfg=cfg(a10_wire_red)");` to the top of the `build.rs`
   = note: see <https://doc.rust-lang.org/nightly/rustc/check-cfg/cargo-specifics.html> for more information about checking conditional configuration

warning: unexpected `cfg` condition name: `a10_wire_red`
  --> tests/a10_terminal_wire_codec.rs:14:15
   |
14 |     #[cfg(not(a10_wire_red))]
   |               ^^^^^^^^^^^^
   |
   = help: consider using a Cargo feature instead
   = help: or consider adding in `Cargo.toml` the `check-cfg` lint config for the lint:
            [lints.rust]
            unexpected_cfgs = { level = "warn", check-cfg = ['cfg(a10_wire_red)'] }
   = help: or consider adding `println!("cargo::rustc-check-cfg=cfg(a10_wire_red)");` to the top of the `build.rs`
   = note: see <https://doc.rust-lang.org/nightly/rustc/check-cfg/cargo-specifics.html> for more information about checking conditional configuration

warning: unused `Result` that must be used
   --> tests/machine_terminal_stream.rs:190:9
    |
190 |         state.auth_manager.revoke_device("owner");
    |         ^^^^^^^^^^^^^^^^^^^^^^^^^^^^^^^^^^^^^^^^^
    |
    = note: this `Result` may be an `Err` variant, which should be handled
    = note: `#[warn(unused_must_use)]` (part of `#[warn(unused)]`) on by default
help: use `let _ = ...` to ignore the resulting value
    |
190 |         let _ = state.auth_manager.revoke_device("owner");
    |         +++++++

warning: unused `Result` that must be used
   --> tests/machine_terminal_stream.rs:203:54
    |
203 |     for id in ["owner", "other", "mirror", "view"] { state.auth_manager.revoke_device(id); }
    |                                                      ^^^^^^^^^^^^^^^^^^^^^^^^^^^^^^^^^^^^
    |
    = note: this `Result` may be an `Err` variant, which should be handled
help: use `let _ = ...` to ignore the resulting value
    |
203 |     for id in ["owner", "other", "mirror", "view"] { let _ = state.auth_manager.revoke_device(id); }
    |                                                      +++++++

warning: `ferryx` (test "a10_terminal_wire_codec") generated 4 warnings
warning: `ferryx` (test "machine_terminal_stream") generated 2 warnings
warning: variable does not need to be mutable
    --> src/native_terminal/surface_host.rs:6594:13
     |
6594 |         let mut harness = DirectRenderHarness::new(
     |             ----^^^^^^^
     |             |
     |             help: remove this `mut`

warning: variable does not need to be mutable
    --> src/native_terminal/surface_host.rs:6645:13
     |
6645 |         let mut harness = DirectRenderHarness::new(vec![
     |             ----^^^^^^^
     |             |
     |             help: remove this `mut`

warning: unused variable: `receipt`
    --> src/native_terminal/surface_host.rs:9321:13
     |
9321 |         let receipt = harness
     |             ^^^^^^^ help: if this is intentional, prefix it with an underscore: `_receipt`

warning: unused variable: `render_receipt`
    --> src/native_terminal/surface_host.rs:9331:13
     |
9331 |         let render_receipt = harness
     |             ^^^^^^^^^^^^^^ help: if this is intentional, prefix it with an underscore: `_render_receipt`

warning: unused variable: `token`
    --> src/remote/auth.rs:1759:14
     |
1759 |         let (token, device) = auth
     |              ^^^^^ help: if this is intentional, prefix it with an underscore: `_token`

warning: variable does not need to be mutable
    --> src/ssh/bridge_tests.rs:1333:9
     |
1333 |     let mut child = spawn_cat_child();
     |         ----^^^^^
     |         |
     |         help: remove this `mut`

warning: variable does not need to be mutable
    --> src/ssh/bridge_tests.rs:1347:9
     |
1347 |     let mut child = tokio::process::Command::new("/bin/sh")
     |         ----^^^^^
     |         |
     |         help: remove this `mut`

warning: variable does not need to be mutable
    --> src/ssh/bridge_tests.rs:1364:9
     |
1364 |     let mut child = tokio::process::Command::new("/bin/sh")
     |         ----^^^^^
     |         |
     |         help: remove this `mut`

warning: unused variable: `initial_len`
   --> src/ssh/projects.rs:512:13
    |
512 |         let initial_len = target_len as u64;
    |             ^^^^^^^^^^^ help: if this is intentional, prefix it with an underscore: `_initial_len`

warning: type `DaemonLockFiles` is more private than the item `handover_socket::adopt_authority`
   --> src/daemon/handover_socket.rs:227:1
    |
227 | / pub fn adopt_authority(
228 | |     authority: TransferredAuthority,
229 | | ) -> Result<(Option<tokio::net::UnixListener>, DaemonLockFiles), HandoverSocketError> {
    | |_____________________________________________________________________________________^ function `handover_socket::adopt_authority` is reachable at visibility `pub`
    |
note: but type `DaemonLockFiles` is only usable at visibility `pub(crate)`
   --> src/daemon/server.rs:813:1
    |
813 | pub(crate) struct DaemonLockFiles {
    | ^^^^^^^^^^^^^^^^^^^^^^^^^^^^^^^^^
    = note: `#[warn(private_interfaces)]` on by default

warning: type `daemon::agent_state::AgentState` is more private than the item `session_service::DaemonSessionService::publish_agent_state_for_test`
   --> src/daemon/session_service.rs:620:5
    |
620 |     pub fn publish_agent_state_for_test(&self, state: crate::daemon::agent_state::AgentState) {
    |     ^^^^^^^^^^^^^^^^^^^^^^^^^^^^^^^^^^^^^^^^^^^^^^^^^^^^^^^^^^^^^^^^^^^^^^^^^^^^^^^^^^^^^^^^^ method `session_service::DaemonSessionService::publish_agent_state_for_test` is reachable at visibility `pub`
    |
note: but type `daemon::agent_state::AgentState` is only usable at visibility `pub(crate)`
   --> src/daemon/agent_state.rs:8:1
    |
  8 | pub(crate) struct AgentState {
    | ^^^^^^^^^^^^^^^^^^^^^^^^^^^^

warning: trait `terminal::remote::AgentStateSink` is more private than the item `paired_daemon::Proxy::set_agent_sink`
   --> src/terminal/paired_daemon.rs:107:5
    |
107 |     pub fn set_agent_sink(&mut self, sink: Arc<dyn crate::terminal::remote::AgentStateSink>) {
    |     ^^^^^^^^^^^^^^^^^^^^^^^^^^^^^^^^^^^^^^^^^^^^^^^^^^^^^^^^^^^^^^^^^^^^^^^^^^^^^^^^^^^^^^^^ method `paired_daemon::Proxy::set_agent_sink` is reachable at visibility `pub`
    |
note: but trait `terminal::remote::AgentStateSink` is only usable at visibility `pub(crate)`
   --> src/terminal/remote.rs:167:1
    |
167 | pub(crate) trait AgentStateSink: Send + Sync {
    | ^^^^^^^^^^^^^^^^^^^^^^^^^^^^^^^^^^^^^^^^^^^^

warning: trait `terminal::remote::AgentStateSink` is more private than the item `paired_runtime::Runtime::set_agent_sink`
   --> src/terminal/paired_runtime.rs:289:5
    |
289 |     pub fn set_agent_sink(&self, sink: Arc<dyn crate::terminal::remote::AgentStateSink>) {
    |     ^^^^^^^^^^^^^^^^^^^^^^^^^^^^^^^^^^^^^^^^^^^^^^^^^^^^^^^^^^^^^^^^^^^^^^^^^^^^^^^^^^^^ method `paired_runtime::Runtime::set_agent_sink` is reachable at visibility `pub`
    |
note: but trait `terminal::remote::AgentStateSink` is only usable at visibility `pub(crate)`
   --> src/terminal/remote.rs:167:1
    |
167 | pub(crate) trait AgentStateSink: Send + Sync {
    | ^^^^^^^^^^^^^^^^^^^^^^^^^^^^^^^^^^^^^^^^^^^^

warning: trait `terminal::remote::Transport` is more private than the item `terminal::remote::RemoteRuntime::live_import`
   --> src/terminal/remote.rs:819:5
    |
819 | /     pub fn live_import(
820 | |         &self,
821 | |         state: RemoteExportState,
822 | |         transport: Option<Arc<dyn Transport>>,
823 | |     ) -> Result<(), RemoteFailure> {
    | |__________________________________^ method `terminal::remote::RemoteRuntime::live_import` is reachable at visibility `pub`
    |
note: but trait `terminal::remote::Transport` is only usable at visibility `pub(crate)`
   --> src/terminal/remote.rs:185:1
    |
185 | pub(crate) trait Transport: Send + Sync {
    | ^^^^^^^^^^^^^^^^^^^^^^^^^^^^^^^^^^^^^^^

warning: trait `terminal::remote::Transport` is more private than the item `terminal::remote::RemoteRuntime::import_transferred`
   --> src/terminal/remote.rs:840:5
    |
840 | /     pub fn import_transferred(
841 | |         &self,
842 | |         state: RemoteExportState,
843 | |         transport: Option<Arc<dyn Transport>>,
844 | |     ) -> Result<(), RemoteFailure> {
    | |__________________________________^ method `terminal::remote::RemoteRuntime::import_transferred` is reachable at visibility `pub`
    |
note: but trait `terminal::remote::Transport` is only usable at visibility `pub(crate)`
   --> src/terminal/remote.rs:185:1
    |
185 | pub(crate) trait Transport: Send + Sync {
    | ^^^^^^^^^^^^^^^^^^^^^^^^^^^^^^^^^^^^^^^

warning: trait `terminal::remote::AgentStateSink` is more private than the item `terminal::service::TerminalService::set_paired_agent_sink`
   --> src/terminal/service.rs:69:5
    |
 69 |     pub fn set_paired_agent_sink(&self, sink: Arc<dyn super::remote::AgentStateSink>) {
    |     ^^^^^^^^^^^^^^^^^^^^^^^^^^^^^^^^^^^^^^^^^^^^^^^^^^^^^^^^^^^^^^^^^^^^^^^^^^^^^^^^^ method `terminal::service::TerminalService::set_paired_agent_sink` is reachable at visibility `pub`
    |
note: but trait `terminal::remote::AgentStateSink` is only usable at visibility `pub(crate)`
   --> src/terminal/remote.rs:167:1
    |
167 | pub(crate) trait AgentStateSink: Send + Sync {
    | ^^^^^^^^^^^^^^^^^^^^^^^^^^^^^^^^^^^^^^^^^^^^

warning: function `idle_upgrade_requested` is never used
  --> src/daemon/handover.rs:33:15
   |
33 | pub(crate) fn idle_upgrade_requested() -> bool {
   |               ^^^^^^^^^^^^^^^^^^^^^^
   |
   = note: `#[warn(dead_code)]` (part of `#[warn(unused)]`) on by default

warning: struct `Held` is never constructed
   --> src/remote/../../tests/support/machine_input_fixture.rs:152:12
    |
152 | pub struct Held {
    |            ^^^^

warning: associated items `start` and `drain` are never used
   --> src/remote/../../tests/support/machine_input_fixture.rs:159:18
    |
158 | impl Held {
    | --------- associated items in this implementation
159 |     pub async fn start(fixture: &Fixture, session: &Value, socket: &mut Socket) -> Self {
    |                  ^^^^^
...
210 |     pub async fn drain(mut self) {
    |                  ^^^^^

warning: function `no_auth_query` is never used
    --> src/remote/server.rs:6487:12
     |
6487 |         fn no_auth_query() -> AuthQuery {
     |            ^^^^^^^^^^^^^

warning: function `test_persist_count` is never used
   --> src/terminal/paired_runtime.rs:101:15
    |
101 | pub(crate) fn test_persist_count() -> usize {
    |               ^^^^^^^^^^^^^^^^^^

warning: function `test_adopted_process_liveness_observation` is never used
    --> src/terminal/session.rs:1488:8
     |
1488 |     fn test_adopted_process_liveness_observation() {
     |        ^^^^^^^^^^^^^^^^^^^^^^^^^^^^^^^^^^^^^^^^^

warning: unused `std::result::Result` that must be used
   --> src/daemon/a03_owner_cli_fixture.rs:126:5
    |
126 | /     auth.register_scoped_pairing_capability(
127 | |         &token,
128 | |         crate::remote::auth::DevicePermission::Control,
129 | |         expected,
130 | |     );
    | |_____^
    |
    = note: this `Result` may be an `Err` variant, which should be handled
    = note: `#[warn(unused_must_use)]` (part of `#[warn(unused)]`) on by default
help: use `let _ = ...` to ignore the resulting value
    |
126 |     let _ = auth.register_scoped_pairing_capability(
    |     +++++++

warning: unused `std::result::Result` that must be used
  --> src/remote/../../tests/support/machine_input_cancellation.rs:38:17
   |
38 |                 fixture.state.auth_manager.revoke_device(&fixture.device);
   |                 ^^^^^^^^^^^^^^^^^^^^^^^^^^^^^^^^^^^^^^^^^^^^^^^^^^^^^^^^^
   |
   = note: this `Result` may be an `Err` variant, which should be handled
help: use `let _ = ...` to ignore the resulting value
   |
38 |                 let _ = fixture.state.auth_manager.revoke_device(&fixture.device);
   |                 +++++++

warning: unused `std::result::Result` that must be used
   --> src/remote/../../tests/support/machine_input_cancellation.rs:153:9
    |
153 |         fixture.state.auth_manager.revoke_device(&fixture.device);
    |         ^^^^^^^^^^^^^^^^^^^^^^^^^^^^^^^^^^^^^^^^^^^^^^^^^^^^^^^^^
    |
    = note: this `Result` may be an `Err` variant, which should be handled
help: use `let _ = ...` to ignore the resulting value
    |
153 |         let _ = fixture.state.auth_manager.revoke_device(&fixture.device);
    |         +++++++

warning: unused `std::result::Result` that must be used
   --> src/remote/../../tests/support/machine_input_fixture.rs:119:9
    |
119 |         self.state.auth_manager.revoke_device(&self.device);
    |         ^^^^^^^^^^^^^^^^^^^^^^^^^^^^^^^^^^^^^^^^^^^^^^^^^^^
    |
    = note: this `Result` may be an `Err` variant, which should be handled
help: use `let _ = ...` to ignore the resulting value
    |
119 |         let _ = self.state.auth_manager.revoke_device(&self.device);
    |         +++++++

warning: unused `std::result::Result` that must be used
    --> src/remote/server.rs:6106:9
     |
6106 |         state.auth_manager.revoke_device(&device.id);
     |         ^^^^^^^^^^^^^^^^^^^^^^^^^^^^^^^^^^^^^^^^^^^^
     |
     = note: this `Result` may be an `Err` variant, which should be handled
help: use `let _ = ...` to ignore the resulting value
     |
6106 |         let _ = state.auth_manager.revoke_device(&device.id);
     |         +++++++

warning: `ferryx` (lib test) generated 88 warnings (47 duplicates) (run `cargo fix --lib -p ferryx --tests` to apply 19 suggestions)
    Finished `dev` profile [unoptimized + debuginfo] target(s) in 3m 05s
