   Compiling proc-macro2 v1.0.107
   Compiling quote v1.0.47
   Compiling unicode-ident v1.0.24
   Compiling cfg-if v1.0.4
   Compiling windows-link v0.2.1
   Compiling serde_core v1.0.229
   Compiling syn v2.0.119
   Compiling syn v3.0.3
   Compiling itoa v1.0.18
   Compiling version_check v0.9.5
   Compiling parking_lot_core v0.9.12
   Compiling log v0.4.33
   Compiling thiserror v2.0.20
   Compiling scopeguard v1.2.0
   Compiling lock_api v0.4.14
   Compiling memchr v2.8.3
   Compiling synstructure v0.13.2
   Compiling writeable v0.6.4
   Compiling litemap v0.8.3
   Compiling bytes v1.12.1
   Compiling zerofrom-derive v0.1.7
   Compiling yoke-derive v0.8.2
   Compiling zerovec-derive v0.11.5
   Compiling serde_derive v1.0.229
   Compiling displaydoc v0.2.7
   Compiling zerofrom v0.1.8
   Compiling thiserror-impl v2.0.20
   Compiling siphasher v1.0.3
   Compiling utf8_iter v1.0.4
   Compiling autocfg v1.5.1
   Compiling phf_shared v0.13.1
   Compiling icu_properties_data v2.3.0
   Compiling icu_normalizer_data v2.3.0
   Compiling fastrand v2.5.0
   Compiling phf_generator v0.13.1
   Compiling equivalent v1.0.2
   Compiling stable_deref_trait v1.2.1
   Compiling http v1.5.0
   Compiling generic-array v0.14.7
   Compiling zmij v1.0.23
   Compiling shlex v2.0.1
   Compiling find-msvc-tools v0.1.11
   Compiling once_cell v1.21.4
   Compiling typenum v1.20.1
   Compiling cc v1.4.3
   Compiling smallvec v1.15.2
   Compiling yoke v0.8.3
   Compiling getrandom v0.2.17
   Compiling getrandom v0.4.3
   Compiling zerovec v0.11.8
   Compiling semver v1.0.28
   Compiling windows-sys v0.61.2
   Compiling serde v1.0.229
   Compiling phf_macros v0.13.1
   Compiling winnow v1.0.4
   Compiling toml_parser v1.1.3+spec-1.1.0
   Compiling toml_writer v1.1.2+spec-1.1.0
   Compiling time-core v0.1.9
   Compiling base64 v0.22.1
   Compiling num-conv v0.2.2
   Compiling tinystr v0.8.4
   Compiling phf_codegen v0.13.1
   Compiling powerfmt v0.2.0
   Compiling thiserror v1.0.69
   Compiling typeid v1.0.3
   Compiling strsim v0.11.1
   Compiling ident_case v1.0.1
   Compiling darling_core v0.23.0
   Compiling icu_locale_core v2.3.0
   Compiling potential_utf v0.1.6
   Compiling zerotrie v0.2.5
   Compiling thiserror-impl v1.0.69
   Compiling erased-serde v0.4.10
   Compiling byteorder v1.5.0
   Compiling darling_macro v0.23.0
   Compiling icu_provider v2.3.0
   Compiling icu_collections v2.3.0
   Compiling aho-corasick v1.1.5
   Compiling fnv v1.0.7
   Compiling unic-char-range v0.9.0
   Compiling unic-common v0.9.0
   Compiling new_debug_unreachable v1.0.6
   Compiling regex-syntax v0.8.11
   Compiling unic-ucd-version v0.9.0
   Compiling unic-char-property v0.9.0
   Compiling darling v0.23.0
   Compiling phf v0.13.1
   Compiling string_cache_codegen v0.6.1
   Compiling windows-implement v0.60.2
   Compiling windows-interface v0.59.3
   Compiling regex-automata v0.4.18
   Compiling serde_json v1.0.151
   Compiling precomputed-hash v0.1.1
   Compiling anyhow v1.0.104
   Compiling alloc-no-stdlib v2.0.4
   Compiling alloc-stdlib v0.2.4
   Compiling web_atoms v0.2.6
   Compiling parking_lot v0.12.5
   Compiling serde_with_macros v3.22.0
   Compiling unic-ucd-ident v0.9.0
   Compiling icu_normalizer v2.3.0
   Compiling icu_properties v2.3.0
   Compiling regex v1.13.1
   Compiling quick-xml v0.41.0
   Compiling bitflags v2.13.1
   Compiling serde_spanned v1.1.1
   Compiling dunce v1.0.5
   Compiling idna_adapter v1.2.2
   Compiling string_cache v0.9.0
   Compiling brotli-decompressor v5.0.3
   Compiling dtoa v1.0.11
   Compiling percent-encoding v2.3.2
   Compiling ctor-proc-macro v0.0.7
   Compiling form_urlencoded v1.2.2
   Compiling dtoa-short v0.3.5
   Compiling brotli v8.0.4
   Compiling ctor v0.8.0
   Compiling idna v1.1.0
   Compiling tendril v0.5.1
   Compiling selectors v0.36.1
   Compiling uuid v1.26.0
   Compiling rand_core v0.6.4
   Compiling indexmap v1.9.3
   Compiling derive_more-impl v2.1.1
   Compiling cssparser-macros v0.6.1
   Compiling toml_datetime v1.1.1+spec-1.1.0
   Compiling camino v1.2.5
   Compiling glob v0.3.4
   Compiling derive_more v2.1.1
   Compiling toml v1.1.4+spec-1.1.0
   Compiling cssparser v0.36.0
   Compiling markup5ever v0.38.0
   Compiling url v2.5.8
   Compiling winapi-util v0.1.11
   Compiling servo_arc v0.4.3
   Compiling bytemuck_derive v1.12.0
   Compiling serde_derive_internals v0.29.1
   Compiling hashbrown v0.12.3
   Compiling schemars v0.8.22
   Compiling windows_x86_64_msvc v0.52.6
   Compiling rustc-hash v2.1.3
   Compiling deranged v0.5.8
   Compiling bit-vec v0.8.0
   Compiling hashbrown v0.17.1
   Compiling bit-set v0.8.0
   Compiling indexmap v2.14.0
   Compiling time v0.3.55
   Compiling schemars_derive v0.8.22
   Compiling bytemuck v1.25.2
   Compiling same-file v1.0.6
   Compiling html5ever v0.38.0
   Compiling cfb v0.7.3
   Compiling jsonptr v0.6.3
   Compiling cargo-platform v0.1.9
   Compiling rustc_version v0.4.1
   Compiling zeroize_derive v1.5.0
   Compiling foldhash v0.2.0
   Compiling pin-project-lite v0.2.17
   Compiling subtle v2.6.1
   Compiling dyn-clone v1.0.20
   Compiling dom_query v0.27.0
   Compiling zeroize v1.9.0
   Compiling cargo_metadata v0.19.2
   Compiling infer v0.19.0
   Compiling serde-untagged v0.1.9
   Compiling json-patch v3.0.1
   Compiling plist v1.10.0
   Compiling walkdir v2.5.0
   Compiling urlpattern v0.3.0
   Compiling crypto-common v0.1.7
   Compiling serde_with v3.22.0
   Compiling cpufeatures v0.2.17
   Compiling libc v0.2.189
   Compiling windows-targets v0.52.6
   Compiling bitflags v1.3.2
   Compiling block-buffer v0.10.4
   Compiling libm v0.2.16
   Compiling tauri-utils v2.9.3
   Compiling num-traits v0.2.19
   Compiling windows-link v0.1.3
   Compiling zerocopy v0.8.56
   Compiling vswhom-sys v0.1.3
   Compiling tracing-core v0.1.36
   Compiling zerocopy-derive v0.8.56
   Compiling option-ext v0.2.0
   Compiling raw-window-handle v0.6.2
   Compiling windows-result v0.3.4
   Compiling windows-strings v0.4.2
   Compiling windows-sys v0.59.0
   Compiling tracing-attributes v0.1.31
   Compiling winnow v0.7.15
   Compiling arrayvec v0.7.8
   Compiling winreg v0.55.0
   Compiling tracing v0.1.44
   Compiling windows-core v0.61.2
   Compiling vswhom v0.1.0
   Compiling socket2 v0.6.5
   Compiling mio v1.2.2
   Compiling tokio-macros v2.7.2
   Compiling toml_datetime v0.7.5+spec-1.1.0
   Compiling tokio v1.53.1
   Compiling toml v0.9.12+spec-1.1.0
   Compiling embed-resource v3.0.11
   Compiling dirs-sys v0.5.0
   Compiling lazy_static v1.5.0
   Compiling heck v0.5.0
   Compiling cfg_aliases v0.2.2
   Compiling dirs v6.0.0
   Compiling tauri-winres v0.3.6
   Compiling cargo_toml v0.22.3
   Compiling tauri-plugin v2.6.3
   Compiling windows-threading v0.1.0
   Compiling crc32fast v1.5.0
   Compiling futures-core v0.3.34
   Compiling tauri-build v2.6.3
   Compiling windows-future v0.2.1
   Compiling windows-numerics v0.2.0
   Compiling windows-collections v0.2.0
   Compiling simd-adler32 v0.3.10
   Compiling windows v0.61.3
   Compiling ring v0.17.14
   Compiling getrandom v0.3.4
   Compiling adler2 v2.0.1
   Compiling miniz_oxide v0.8.9
   Compiling tauri v2.11.5
   Compiling rustls-pki-types v1.15.1
   Compiling time-macros v0.2.32
   Compiling flate2 v1.1.9
   Compiling fdeflate v0.3.7
   Compiling symphonia-core v0.5.5
   Compiling digest v0.10.7
   Compiling dpi v0.1.2
   Compiling webview2-com-sys v0.38.2
   Compiling windows-version v0.1.7
   Compiling windows-result v0.4.1
   Compiling windows-strings v0.5.1
   Compiling crossbeam-utils v0.8.22
   Compiling untrusted v0.9.0
   Compiling windows-core v0.62.2
   Compiling http-body v1.1.0
   Compiling cookie v0.18.2
   Compiling futures-sink v0.3.34
   Compiling rustls v0.23.43
   Compiling httparse v1.10.1
   Compiling unicode-segmentation v1.13.3
   Compiling rustls-webpki v0.103.15
   Compiling futures-macro v0.3.34
   Compiling webview2-com-macros v0.8.1
   Compiling encoding_rs v0.8.35
   Compiling slab v0.4.12
   Compiling futures-task v0.3.34
   Compiling khronos_api v3.1.0
   Compiling tower-service v0.3.3
   Compiling futures-util v0.3.34
   Compiling symphonia-metadata v0.5.5
   Compiling crossbeam-channel v0.5.16
   Compiling png v0.17.16
   Compiling block-padding v0.3.3
   Compiling windows-threading v0.2.1
   Compiling mime v0.3.17
   Compiling wry v0.55.1
   Compiling tauri-runtime v2.11.3
   Compiling windows-future v0.3.2
   Compiling inout v0.1.4
   Compiling ico v0.5.0
   Compiling sha2 v0.10.9
   Compiling windows-numerics v0.3.1
   Compiling windows-collections v0.3.2
   Compiling webview2-com v0.38.2
   Compiling ppv-lite86 v0.2.21
   Compiling tauri-runtime-wry v2.11.4
   Compiling xml-rs v0.8.29
   Compiling tower-layer v0.3.3
   Compiling pxfm v0.1.30
   Compiling try-lock v0.2.5
   Compiling windows_x86_64_msvc v0.53.1
   Compiling rustc-hash v1.1.0
   Compiling naga-types v30.0.1
   Compiling want v0.3.1
   Compiling gl_generator v0.14.0
   Compiling windows v0.62.2
   Compiling tao v0.35.3
   Compiling tauri-codegen v2.6.3
   Compiling moxcms v0.8.1
   Compiling cipher v0.4.4
   Compiling keyboard-types v0.7.0
   Compiling png v0.18.1
   Compiling webpki-roots v1.0.9
   Compiling sync_wrapper v1.0.2
   Compiling futures-channel v0.3.34
   Compiling naga v30.0.1
   Compiling softbuffer v0.4.8
   Compiling serialize-to-javascript-impl v0.1.2
   Compiling libloading v0.8.9
   Compiling unicode-width v0.1.14
   Compiling bit-vec v0.9.1
   Compiling httpdate v1.0.3
   Compiling byteorder-lite v0.1.0
   Compiling atomic-waker v1.1.2
   Compiling ash v0.38.0+1.3.281
   Compiling hyper v1.11.0
   Compiling image v0.25.10
   Compiling codespan-reporting v0.13.1
   Compiling bit-set v0.10.0
   Compiling serialize-to-javascript v0.1.2
   Compiling window-vibrancy v0.6.0
   Compiling muda v0.19.3
   Compiling tauri-macros v2.6.3
   Compiling glutin_wgl_sys v0.6.1
   Compiling tokio-rustls v0.26.4
   Compiling symphonia-utils-xiph v0.5.5
   Compiling rand_core v0.9.5
   Compiling half v2.7.1
   Compiling universal-hash v0.5.1
   Compiling spirv v0.4.0+sdk-1.4.341.0
   Compiling serde_repr v0.1.21
   Compiling ipnet v2.12.1
   Compiling khronos-egl v6.0.0
   Compiling allocator-api2 v0.2.21
   Compiling static_assertions v1.1.0
   Compiling opaque-debug v0.3.1
   Compiling wgpu-types v30.0.1
   Compiling hashbrown v0.16.1
   Compiling hyper-util v0.1.20
   Compiling rand_chacha v0.9.0
   Compiling windows-targets v0.53.5
   Compiling tower v0.5.3
   Compiling http-body-util v0.1.5
   Compiling tauri-plugin-fs v2.5.1
   Compiling wgpu-hal v30.0.1
   Compiling curve25519-dalek v4.1.3
   Compiling ahash v0.8.12
   Compiling winapi v0.3.9
   Compiling presser v0.3.1
   Compiling gpu-allocator v0.28.0
   Compiling wgpu-naga-bridge v30.0.1
   Compiling windows-sys v0.60.2
   Compiling rand v0.9.5
   Compiling ordered-float v4.6.0
   Compiling curve25519-dalek-derive v0.1.1
   Compiling range-alloc v0.1.5
   Compiling renderdoc-sys v1.1.0
   Compiling cfg_aliases v0.1.1
   Compiling profiling v1.0.18
   Compiling vcpkg v0.2.15
   Compiling pkg-config v0.3.34
   Compiling glow v0.17.0
   Compiling libsqlite3-sys v0.30.1
   Compiling nix v0.28.0
   Compiling tower-http v0.6.11
   Compiling hyper-rustls v0.27.9
   Compiling polyval v0.6.2
   Compiling tokio-util v0.7.19
   Compiling sha1 v0.10.7
   Compiling tauri-plugin-dialog v2.7.2
   Compiling tauri-plugin-process v2.3.1
   Compiling tauri-plugin-notification v2.3.3
   Compiling tauri-plugin-updater v2.10.1
   Compiling wgpu-core v30.0.1
   Compiling num-integer v0.1.47
   Compiling aead v0.5.2
   Compiling litrs v1.0.0
   Compiling unicase v2.9.0
   Compiling ryu v1.0.23
   Compiling winreg v0.10.1
   Compiling data-encoding v2.11.1
   Compiling rfd v0.16.0
   Compiling cpal v0.17.3
   Compiling extended v0.1.0
   Compiling symphonia-format-riff v0.5.5
   Compiling tungstenite v0.29.0
   Compiling document-features v0.2.12
   Compiling serde_urlencoded v0.7.1
   Compiling wgpu-core-deps-windows-linux-android v30.0.1
   Compiling mime_guess v2.0.5
   Compiling num-bigint v0.4.8
   Compiling ghash v0.5.1
   Compiling hashbrown v0.14.5
   Compiling poly1305 v0.8.0
   Compiling symphonia-codec-vorbis v0.5.5
   Compiling symphonia-bundle-flac v0.5.5
   Compiling symphonia-format-ogg v0.5.5
   Compiling symphonia-format-isomp4 v0.5.5
   Compiling webpki-roots v0.26.11
   Compiling ctr v0.9.2
   Compiling aes v0.8.4
   Compiling chacha20 v0.9.1
   Compiling tauri-winrt-notification v0.7.3
   Compiling rustls-platform-verifier v0.7.0
   Compiling symphonia-bundle-mp3 v0.5.5
   Compiling symphonia-codec-pcm v0.5.5
   Compiling symphonia-codec-aac v0.5.5
   Compiling wgpu v30.0.1
   Compiling winit v0.30.13
   Compiling snow v0.9.6
   Compiling dasp_sample v0.11.0
   Compiling signature v2.2.0
   Compiling ed25519 v2.2.3
   Compiling tempfile v3.27.0
   Compiling symphonia v0.5.5
   Compiling reqwest v0.13.4
   Compiling notify-rust v4.18.0
   Compiling aes-gcm v0.10.3
   Compiling chacha20poly1305 v0.10.1
   Compiling tokio-tungstenite v0.29.0
   Compiling hashlink v0.9.1
   Compiling num-rational v0.4.2
   Compiling filedescriptor v0.8.3
   Compiling axum-core v0.5.6
   Compiling rand_chacha v0.3.1
   Compiling hmac v0.12.1
   Compiling blake2 v0.10.6
   Compiling zip v4.6.1
   Compiling ferryx v2026.928.7 (C:\Users\sook\ferryx-wsu\wsu-38276c9c-bc182611-r03\src\src-tauri)
   Compiling sharded-slab v0.1.7
   Compiling shared_library v0.1.9
   Compiling tracing-log v0.2.0
   Compiling windows-sys v0.52.0
   Compiling notify-types v2.1.0
   Compiling serial2 v0.2.38
   Compiling nu-ansi-term v0.50.3
   Compiling serde_path_to_error v0.1.20
   Compiling thread_local v1.1.10
   Compiling smol_str v0.2.2
   Compiling matchit v0.8.4
   Compiling downcast-rs v1.2.1
   Compiling fallible-streaming-iterator v0.1.9
   Compiling shell-words v1.1.1
   Compiling cursor-icon v1.2.0
   Compiling fallible-iterator v0.3.0
   Compiling minisign-verify v0.2.5
   Compiling rusqlite v0.32.1
   Compiling portable-pty v0.9.0 (C:\Users\sook\ferryx-wsu\wsu-38276c9c-bc182611-r03\src\src-tauri\vendor\portable-pty)
   Compiling axum v0.8.9
   Compiling tracing-subscriber v0.3.23
   Compiling notify v8.2.0
   Compiling pbkdf2 v0.12.2
   Compiling rand v0.8.7
   Compiling rodio v0.22.2
   Compiling ed25519-dalek v2.2.0
   Compiling reqwest v0.12.28
   Compiling x25519-dalek v2.0.1
   Compiling cbc v0.1.2
   Compiling tower-http v0.7.1
   Compiling pollster v1.0.1
   Compiling base64 v0.23.1
warning: unused import: `seal_offer`
 --> src\account\offer_sink.rs:9:47
  |
9 | use crate::remote::sealed_offer::{open_offer, seal_offer};
  |                                               ^^^^^^^^^^
  |
  = note: `#[warn(unused_imports)]` (part of `#[warn(unused)]`) on by default

warning: unused import: `Serialize`
 --> src\agent_transcript.rs:1:26
  |
1 | use serde::{Deserialize, Serialize};
  |                          ^^^^^^^^^

warning: unused import: `ImportedCookie`
  --> src\browser\chromium_cookie_source.rs:13:67
   |
13 |     filter_google_cookies, resolve_installed_browser_profile_dir, ImportedCookie,
   |                                                                   ^^^^^^^^^^^^^^

warning: unused import: `Manager`
 --> src\browser\snapshot_source.rs:8:24
  |
8 | use tauri::{AppHandle, Manager};
  |                        ^^^^^^^

warning: unused import: `super::session_service::*`
  --> src\daemon\server.rs:20:5
   |
20 | use super::session_service::*;
   |     ^^^^^^^^^^^^^^^^^^^^^^^^^

warning: unused import: `NotificationAuthorization`
 --> src\notification\permission.rs:7:5
  |
7 |     NotificationAuthorization, NotificationPermissionRequestDto, NotificationPermissionStatusDto,
  |     ^^^^^^^^^^^^^^^^^^^^^^^^^

warning: unused import: `std::time::Duration`
 --> src\remote\session_transport.rs:1:5
  |
1 | use std::time::Duration;
  |     ^^^^^^^^^^^^^^^^^^^

warning: unused import: `RemoteSessionDetails`
 --> src\remote\server.rs:4:90
  |
4 | use crate::remote::backend::{RecoveryStream, RemoteRecoveryStatus, RemoteSessionBackend, RemoteSessionDetails};
  |                                                                                          ^^^^^^^^^^^^^^^^^^^^

warning: unused import: `crate::terminal::session::PtySessionSnapshot`
 --> src\terminal\pty.rs:4:5
  |
4 | use crate::terminal::session::PtySessionSnapshot;
  |     ^^^^^^^^^^^^^^^^^^^^^^^^^^^^^^^^^^^^^^^^^^^^

warning: unused import: `path::PathBuf`
  --> src\terminal\remote.rs:10:5
   |
10 |     path::PathBuf,
   |     ^^^^^^^^^^^^^

warning: unused variable: `pid`
   --> src\ssh\bridge.rs:686:36
    |
686 |                 } else if let Some(pid) = self.child_pid {
    |                                    ^^^ help: if this is intentional, prefix it with an underscore: `_pid`
    |
    = note: `#[warn(unused_variables)]` (part of `#[warn(unused)]`) on by default

warning: unused variable: `handover_socket_path`
    --> src\daemon\server.rs:3683:54
     |
3683 |                 Ok(DaemonRequest::TransferSessions { handover_socket_path }) => {
     |                                                      ^^^^^^^^^^^^^^^^^^^^ help: try ignoring the field: `handover_socket_path: _`

warning: variable does not need to be mutable
   --> src\native_terminal\renderer\font_manager.rs:208:13
    |
208 |         let mut subpixel_buffer = vec![0u8; total_pixels * 4];
    |             ----^^^^^^^^^^^^^^^
    |             |
    |             help: remove this `mut`
    |
    = note: `#[warn(unused_mut)]` (part of `#[warn(unused)]`) on by default

warning: value assigned to `desired_size` is never read
   --> src\terminal\remote.rs:937:56
    |
937 |               let mut desired_size: Option<(u16, u16)> = None;
    |                                                          ^^^^ this value is reassigned later and never used
...
949 | /                     desired_size = Some(
950 | |                         s.pending_size
951 | |                             .take()
952 | |                             .map(|(c, r, _)| (c, r))
953 | |                             .unwrap_or((s.details.descriptor.cols, s.details.descriptor.rows)),
954 | |                     );
    | |_____________________- `desired_size` is overwritten here before the previous value is read
    |
    = note: `#[warn(unused_assignments)]` (part of `#[warn(unused)]`) on by default

warning: unused variable: `scroll_daemon_client`
    --> src\lib.rs:1188:9
     |
1188 |     let scroll_daemon_client = Arc::clone(&daemon_client);
     |         ^^^^^^^^^^^^^^^^^^^^ help: if this is intentional, prefix it with an underscore: `_scroll_daemon_client`

warning: type `agent_forward::Route` is more private than the item `resolve_report`
   --> src\ssh\agent_forward.rs:178:1
    |
178 | / pub(crate) async fn resolve_report(
179 | |     line: &str,
180 | |     routes: &Arc<Mutex<HashMap<String, Route>>>,
181 | | ) -> Option<(Arc<AgentStateHub>, AgentState)> {
    | |_____________________________________________^ function `resolve_report` is reachable at visibility `pub(crate)`
    |
note: but type `agent_forward::Route` is only usable at visibility `pub(self)`
   --> src\ssh\agent_forward.rs:53:1
    |
 53 | struct Route {
    | ^^^^^^^^^^^^
    = note: `#[warn(private_interfaces)]` on by default

warning: type `MachineSender` is more private than the item `SessionHub::machine_senders`
   --> src\terminal\output_hub.rs:724:5
    |
724 |     pub(crate) machine_senders: Vec<machine_output::MachineSender>,
    |     ^^^^^^^^^^^^^^^^^^^^^^^^^^^^^^^^^^^^^^^^^^^^^^^^^^^^^^^^^^^^^^ field `SessionHub::machine_senders` is reachable at visibility `pub(crate)`
    |
note: but type `MachineSender` is only usable at visibility `pub(in crate::terminal::output_hub)`
   --> src\terminal\machine_output.rs:76:1
    |
 76 | pub(super) struct MachineSender {
    | ^^^^^^^^^^^^^^^^^^^^^^^^^^^^^^^

warning: type `paired_runtime::Command` is more private than the item `paired_runtime::Runtime::sender`
   --> src\terminal\paired_runtime.rs:702:5
    |
702 |     pub(crate) fn sender(&self, id: &str) -> Result<mpsc::Sender<Command>, String> {
    |     ^^^^^^^^^^^^^^^^^^^^^^^^^^^^^^^^^^^^^^^^^^^^^^^^^^^^^^^^^^^^^^^^^^^^^^^^^^^^^^ method `paired_runtime::Runtime::sender` is reachable at visibility `pub(crate)`
    |
note: but type `paired_runtime::Command` is only usable at visibility `pub(self)`
   --> src\terminal\paired_runtime.rs:166:1
    |
166 | enum Command {
    | ^^^^^^^^^^^^

warning: trait `terminal::remote::Transport` is more private than the item `RemoteRuntime::live_import`
   --> src\terminal\remote.rs:752:5
    |
752 | /     pub fn live_import(
753 | |         &self,
754 | |         state: RemoteExportState,
755 | |         transport: Option<Arc<dyn Transport>>,
756 | |     ) -> Result<(), RemoteFailure> {
    | |__________________________________^ method `RemoteRuntime::live_import` is reachable at visibility `pub`
    |
note: but trait `terminal::remote::Transport` is only usable at visibility `pub(crate)`
   --> src\terminal\remote.rs:169:1
    |
169 | pub(crate) trait Transport: Send + Sync {
    | ^^^^^^^^^^^^^^^^^^^^^^^^^^^^^^^^^^^^^^^

warning: trait `terminal::remote::Transport` is more private than the item `RemoteRuntime::import_transferred`
   --> src\terminal\remote.rs:773:5
    |
773 | /     pub fn import_transferred(
774 | |         &self,
775 | |         state: RemoteExportState,
776 | |         transport: Option<Arc<dyn Transport>>,
777 | |     ) -> Result<(), RemoteFailure> {
    | |__________________________________^ method `RemoteRuntime::import_transferred` is reachable at visibility `pub`
    |
note: but trait `terminal::remote::Transport` is only usable at visibility `pub(crate)`
   --> src\terminal\remote.rs:169:1
    |
169 | pub(crate) trait Transport: Send + Sync {
    | ^^^^^^^^^^^^^^^^^^^^^^^^^^^^^^^^^^^^^^^

warning: function `webview_unreachable` is never used
  --> src\browser\hard_reload.rs:98:4
   |
98 | fn webview_unreachable(error: tauri::Error) -> IpcError {
   |    ^^^^^^^^^^^^^^^^^^^
   |
   = note: `#[warn(dead_code)]` (part of `#[warn(unused)]`) on by default

warning: fields `app` and `timeout` are never read
   --> src\browser\snapshot_source.rs:339:5
    |
338 | pub struct TauriBrowserSnapshotSource<R: tauri::Runtime> {
    |            -------------------------- fields in this struct
339 |     app: AppHandle<R>,
    |     ^^^
340 |     timeout: Duration,
    |     ^^^^^^^

warning: method `is_proceed` is never used
  --> src\daemon\handover.rs:22:19
   |
21 | impl UpgradeAction {
   | ------------------ method in this implementation
22 |     pub(crate) fn is_proceed(self) -> bool {
   |                   ^^^^^^^^^^

warning: associated function `from_locked_file` is never used
   --> src\daemon\server.rs:678:19
    |
629 | impl DaemonLockFile {
    | ------------------- associated function in this implementation
...
678 |     pub(crate) fn from_locked_file(file: File) -> Self {
    |                   ^^^^^^^^^^^^^^^^

warning: associated function `from_locked_files` is never used
   --> src\daemon\server.rs:749:19
    |
738 | impl DaemonLockFiles {
    | -------------------- associated function in this implementation
...
749 |     pub(crate) fn from_locked_files(persistent: Option<File>, legacy: File) -> Self {
    |                   ^^^^^^^^^^^^^^^^^

warning: function `handover_delivery_verdict` is never used
    --> src\daemon\server.rs:1655:15
     |
1655 | pub(crate) fn handover_delivery_verdict(offered: usize, accepted: usize) -> Result<(), String> {
     |               ^^^^^^^^^^^^^^^^^^^^^^^^^

warning: function `handover_delivery_verdict_owned` is never used
    --> src\daemon\server.rs:1676:15
     |
1676 | pub(crate) fn handover_delivery_verdict_owned(
     |               ^^^^^^^^^^^^^^^^^^^^^^^^^^^^^^^

warning: function `handover_restorable_unexported` is never used
    --> src\daemon\server.rs:1695:15
     |
1695 | pub(crate) fn handover_restorable_unexported(
     |               ^^^^^^^^^^^^^^^^^^^^^^^^^^^^^^

warning: function `handover_effective_owned` is never used
    --> src\daemon\server.rs:1714:15
     |
1714 | pub(crate) fn handover_effective_owned(
     |               ^^^^^^^^^^^^^^^^^^^^^^^^

warning: function `remote_spawn_relative_path` is never used
    --> src\daemon\server.rs:4829:4
     |
4829 | fn remote_spawn_relative_path(repo_root: &str, root: &str) -> String {
     |    ^^^^^^^^^^^^^^^^^^^^^^^^^^

warning: method `machine_sessions` is never used
   --> src\daemon\session_service.rs:700:19
    |
358 | impl DaemonSessionService {
    | ------------------------- method in this implementation
...
700 |     pub(crate) fn machine_sessions(
    |                   ^^^^^^^^^^^^^^^^

warning: function `desktop_entry_for_mime` is never used
  --> src\ipc\file_open_with.rs:42:15
   |
42 | pub(crate) fn desktop_entry_for_mime(contents: &str, mime: &str) -> Option<String> {
   |               ^^^^^^^^^^^^^^^^^^^^^^

warning: function `is_valid_desktop_id` is never used
  --> src\ipc\file_open_with.rs:93:15
   |
93 | pub(crate) fn is_valid_desktop_id(id: &str) -> bool {
   |               ^^^^^^^^^^^^^^^^^^^

warning: function `desktop_application_dirs` is never used
   --> src\ipc\file_open_with.rs:103:15
    |
103 | pub(crate) fn desktop_application_dirs() -> Vec<PathBuf> {
    |               ^^^^^^^^^^^^^^^^^^^^^^^^

warning: field `kind` is never read
   --> src\ipc\file_preview.rs:539:5
    |
534 | struct HandleRecord {
    |        ------------ field in this struct
...
539 |     kind: FilePreviewKind,
    |     ^^^^

warning: function `identity_holds` is never used
    --> src\ipc\file_preview.rs:1147:4
     |
1147 | fn identity_holds(path: &Path, identity: Option<(u64, u64)>) -> bool {
     |    ^^^^^^^^^^^^^^

warning: field `0` is never read
    --> src\ipc\file_preview.rs:1163:25
     |
1163 | struct ChildReservation(String);
     |        ---------------- ^^^^^^
     |        |
     |        field in this struct
     |
     = help: consider removing this field

warning: method `begin_owned_render` is never used
   --> src\native_terminal\surface_host.rs:322:8
    |
215 | impl RenderScheduleCoordinator {
    | ------------------------------ method in this implementation
...
322 |     fn begin_owned_render(&self) -> Option<u64> {
    |        ^^^^^^^^^^^^^^^^^^

warning: function `authorization_wait` is never used
  --> src\notification\permission.rs:14:15
   |
14 | pub(crate) fn authorization_wait() -> Duration {
   |               ^^^^^^^^^^^^^^^^^^

warning: function `request_authorization_with` is never used
  --> src\notification\permission.rs:24:15
   |
24 | pub(crate) fn request_authorization_with(
   |               ^^^^^^^^^^^^^^^^^^^^^^^^^^

warning: function `wait_for_authorization` is never used
  --> src\notification\permission.rs:48:15
   |
48 | pub(crate) fn wait_for_authorization(
   |               ^^^^^^^^^^^^^^^^^^^^^^

warning: field `0` is never read
    --> src\remote\auth.rs:1246:18
     |
1246 | struct StoreLock(std::fs::File);
     |        --------- ^^^^^^^^^^^^^
     |        |
     |        field in this struct
     |
     = help: consider removing this field

warning: field `local_credential` is never read
   --> src\remote\browser_backend.rs:423:5
    |
421 | pub struct LocalIpcBrowserBackend {
    |            ---------------------- field in this struct
422 |     socket_path: String,
423 |     local_credential: Option<String>,
    |     ^^^^^^^^^^^^^^^^

warning: method `disarm` is never used
   --> src\remote\relay_server.rs:241:12
    |
216 | impl PairingClaimGuard {
    | ---------------------- method in this implementation
...
241 |     pub fn disarm(&mut self) {
    |            ^^^^^^

warning: function `probe_tailscale_cli` is never used
   --> src\remote\state.rs:215:4
    |
215 | fn probe_tailscale_cli(target: &std::net::Ipv4Addr) -> Option<bool> {
    |    ^^^^^^^^^^^^^^^^^^^

warning: field `stderr_fd` is never read
   --> src\ssh\bridge.rs:532:5
    |
527 | pub struct BridgeConnection {
    |            ---------------- field in this struct
...
532 |     stderr_fd: Option<RawFd>,
    |     ^^^^^^^^^

warning: function `inspect` is never used
   --> src\terminal\foreground.rs:226:15
    |
226 | pub(crate) fn inspect(session: &PtySession) -> std::io::Result<Option<Foreground>> {
    |               ^^^^^^^

warning: method `pump_adopted_output` is never used
   --> src\terminal\service.rs:360:19
    |
120 | impl TerminalService {
    | -------------------- method in this implementation
...
360 |     pub(crate) fn pump_adopted_output(
    |                   ^^^^^^^^^^^^^^^^^^^

warning: variant `Adopted` is never constructed
   --> src\terminal\session.rs:168:5
    |
166 | pub(crate) enum ProcessHandle {
    |                 ------------- variant in this enum
167 |     Spawned(Box<dyn Child + Send + Sync>),
168 |     Adopted(AdoptedProcess),
    |     ^^^^^^^

warning: method `wait_and_reap` is never used
   --> src\terminal\session.rs:974:19
    |
378 | impl PtySession {
    | --------------- method in this implementation
...
974 |     pub(crate) fn wait_and_reap(&self) -> Result<Option<i32>, PtyError> {
    |                   ^^^^^^^^^^^^^

warning: function `with_local_worktree_budget` is never used
   --> src\worktree\git.rs:115:15
    |
115 | pub(crate) fn with_local_worktree_budget<T>(work: impl FnOnce() -> T) -> T {
    |               ^^^^^^^^^^^^^^^^^^^^^^^^^^

warning: struct `WriterLeaseGuard` is never constructed
  --> src\worktree\manager.rs:86:19
   |
86 | pub(crate) struct WriterLeaseGuard {
   |                   ^^^^^^^^^^^^^^^^

warning: associated items `new`, `canonical_path`, and `owner_id` are never used
   --> src\worktree\manager.rs:93:8
    |
 92 | impl WriterLeaseGuard {
    | --------------------- associated items in this implementation
 93 |     fn new(registry: WriterLeaseRegistry, canonical_path: PathBuf, owner_id: String) -> Self {
    |        ^^^
...
101 |     pub(crate) fn canonical_path(&self) -> &Path {
    |                   ^^^^^^^^^^^^^^
...
105 |     pub(crate) fn owner_id(&self) -> &str {
    |                   ^^^^^^^^

warning: associated items `acquire_writer_lease` and `validate_ref_component` are never used
   --> src\worktree\manager.rs:338:19
    |
134 | impl WorktreeManager {
    | -------------------- associated items in this implementation
...
338 |     pub(crate) fn acquire_writer_lease(
    |                   ^^^^^^^^^^^^^^^^^^^^
...
398 |     fn validate_ref_component(component: &str, label: &str) -> Result<(), WorktreeError> {
    |        ^^^^^^^^^^^^^^^^^^^^^^

warning: `ferryx` (lib) generated 54 warnings (run `cargo fix --lib -p ferryx` to apply 14 suggestions)
    Finished `dev` profile [unoptimized] target(s) in 4m 55s
