sha256 e78ffb6e65fca5e5c1b908a96cfa642311ded51e8fec7e5d6e3901d8b0dea795 parent.bundle
sha256 22844d6a67bc1b9314ebea30927c29a84798bd83d3635f3cd3116d1f584f18ad delta.tar
sha256 bc1826112f4f0e107ea2820103d6938858d2fcbc624c6d851e6346f86160f564 manifest.tsv
> git init -q C:\Users\sook\ferryx-wsu\wsu-38276c9c-bc182611-r03\src
EXIT=0
> git -C C:\Users\sook\ferryx-wsu\wsu-38276c9c-bc182611-r03\src config core.autocrlf false
EXIT=0
> git -C C:\Users\sook\ferryx-wsu\wsu-38276c9c-bc182611-r03\src config core.symlinks false
EXIT=0
> git -C C:\Users\sook\ferryx-wsu\wsu-38276c9c-bc182611-r03\src fetch -q C:\Users\sook\ferryx-wsu\wsu-38276c9c-bc182611-r03\in\parent.bundle HEAD
EXIT=0
> git -C C:\Users\sook\ferryx-wsu\wsu-38276c9c-bc182611-r03\src checkout -q --detach 38276c9c584221122efc2274852e457c080a449b
EXIT=0
> git -C C:\Users\sook\ferryx-wsu\wsu-38276c9c-bc182611-r03\src rev-parse HEAD
38276c9c584221122efc2274852e457c080a449b
EXIT=0
> C:\Windows\System32\tar.exe -xf C:\Users\sook\ferryx-wsu\wsu-38276c9c-bc182611-r03\in\delta.tar -C C:\Users\sook\ferryx-wsu\wsu-38276c9c-bc182611-r03\src
EXIT=0
> git -C C:\Users\sook\ferryx-wsu\wsu-38276c9c-bc182611-r03\src hash-object -- src-tauri/Cargo.toml
850d44bae6167c93e30db842be2287e1ae13b268
EXIT=0
> git -C C:\Users\sook\ferryx-wsu\wsu-38276c9c-bc182611-r03\src hash-object -- src-tauri/src/daemon/proxy.rs
eb0945649fc227bc21dc6f4f41fe58da36d60c3f
EXIT=0
> git -C C:\Users\sook\ferryx-wsu\wsu-38276c9c-bc182611-r03\src hash-object -- src-tauri/src/daemon/server.rs
210f441a267143818963913b335fbbd57ab7a885
EXIT=0
> git -C C:\Users\sook\ferryx-wsu\wsu-38276c9c-bc182611-r03\src hash-object -- src-tauri/src/daemon/session_metadata_events.rs
aea3c9f5a04de16e9ae4906f69b9c7e9c14b1082
EXIT=0
> git -C C:\Users\sook\ferryx-wsu\wsu-38276c9c-bc182611-r03\src hash-object -- src-tauri/src/daemon/session_metadata_provider.rs
7a9700da7b41c3bbb1e6a93c1a21d02c34a167f6
EXIT=0
> git -C C:\Users\sook\ferryx-wsu\wsu-38276c9c-bc182611-r03\src hash-object -- src-tauri/src/daemon/session_service.rs
d5fdc0469ca36c5facabf1b448c6e39436f06bd1
EXIT=0
> git -C C:\Users\sook\ferryx-wsu\wsu-38276c9c-bc182611-r03\src hash-object -- src-tauri/src/remote/backend.rs
ebc485c6f88e6856be7ac9f6f79ca67e4a6582f2
EXIT=0
> git -C C:\Users\sook\ferryx-wsu\wsu-38276c9c-bc182611-r03\src hash-object -- src-tauri/src/remote/server.rs
74e31c279d234bea7c0396add92a69d50a87eaaa
EXIT=0
> git -C C:\Users\sook\ferryx-wsu\wsu-38276c9c-bc182611-r03\src hash-object -- src-tauri/src/terminal/foreground.rs
b9b0a4e15edd7c92886e7dba237b364281653bdc
EXIT=0
> git -C C:\Users\sook\ferryx-wsu\wsu-38276c9c-bc182611-r03\src hash-object -- src-tauri/src/terminal/mod.rs
29d2864b157db77a31fa5c70ef417225550fb6d6
EXIT=0
> git -C C:\Users\sook\ferryx-wsu\wsu-38276c9c-bc182611-r03\src hash-object -- src-tauri/src/terminal/output_hub.rs
70f2311ba0fe0e28febc2cb19eff2ef3b564931d
EXIT=0
> git -C C:\Users\sook\ferryx-wsu\wsu-38276c9c-bc182611-r03\src hash-object -- src-tauri/src/terminal/service.rs
02eb58beda0674ee749ad9b8ac978520740bfd48
EXIT=0
> git -C C:\Users\sook\ferryx-wsu\wsu-38276c9c-bc182611-r03\src hash-object -- src-tauri/src/terminal/session_host/capability.rs
7d6e8c01d19d7bfc65127607bbb42ec0fa5ffe09
EXIT=0
> git -C C:\Users\sook\ferryx-wsu\wsu-38276c9c-bc182611-r03\src hash-object -- src-tauri/src/terminal/session_host/fence.rs
d7930c0c223bc5899a231fc0771e8f7c784ae5b4
EXIT=0
> git -C C:\Users\sook\ferryx-wsu\wsu-38276c9c-bc182611-r03\src hash-object -- src-tauri/src/terminal/session_host/mod.rs
71e217ada7a539a98fc2a8cbb70abdc880d49921
EXIT=0
> git -C C:\Users\sook\ferryx-wsu\wsu-38276c9c-bc182611-r03\src hash-object -- src-tauri/src/terminal/session_host/protocol.rs
effe82204714291a8ffafe977685479dbd2287d9
EXIT=0
> git -C C:\Users\sook\ferryx-wsu\wsu-38276c9c-bc182611-r03\src hash-object -- src-tauri/src/terminal/session_host/registry.rs
24cadbe3665b155001c91d168296c1aa07306344
EXIT=0
> git -C C:\Users\sook\ferryx-wsu\wsu-38276c9c-bc182611-r03\src hash-object -- src-tauri/src/terminal/session_host/win_pipe.rs
05283b8afed5ea6354e1a5d6a6b5f64cc2426668
EXIT=0
> git -C C:\Users\sook\ferryx-wsu\wsu-38276c9c-bc182611-r03\src hash-object -- src-tauri/src/terminal/session_host/win_spawn.rs
0f38fcf547ffd0d6913ecd5ff0fa67231de28aa0
EXIT=0
> git -C C:\Users\sook\ferryx-wsu\wsu-38276c9c-bc182611-r03\src hash-object -- src-tauri/src/terminal/tests.rs
fe909aca15a446e18fa5c797c98681b5ac774401
EXIT=0
> git -C C:\Users\sook\ferryx-wsu\wsu-38276c9c-bc182611-r03\src add -A
EXIT=0
> git -C C:\Users\sook\ferryx-wsu\wsu-38276c9c-bc182611-r03\src update-index --chmod=-x -- src-tauri/Cargo.toml
EXIT=0
> git -C C:\Users\sook\ferryx-wsu\wsu-38276c9c-bc182611-r03\src update-index --chmod=-x -- src-tauri/src/daemon/proxy.rs
EXIT=0
> git -C C:\Users\sook\ferryx-wsu\wsu-38276c9c-bc182611-r03\src update-index --chmod=-x -- src-tauri/src/daemon/server.rs
EXIT=0
> git -C C:\Users\sook\ferryx-wsu\wsu-38276c9c-bc182611-r03\src update-index --chmod=-x -- src-tauri/src/daemon/session_metadata_events.rs
EXIT=0
> git -C C:\Users\sook\ferryx-wsu\wsu-38276c9c-bc182611-r03\src update-index --chmod=-x -- src-tauri/src/daemon/session_metadata_provider.rs
EXIT=0
> git -C C:\Users\sook\ferryx-wsu\wsu-38276c9c-bc182611-r03\src update-index --chmod=-x -- src-tauri/src/daemon/session_service.rs
EXIT=0
> git -C C:\Users\sook\ferryx-wsu\wsu-38276c9c-bc182611-r03\src update-index --chmod=-x -- src-tauri/src/remote/backend.rs
EXIT=0
> git -C C:\Users\sook\ferryx-wsu\wsu-38276c9c-bc182611-r03\src update-index --chmod=-x -- src-tauri/src/remote/server.rs
EXIT=0
> git -C C:\Users\sook\ferryx-wsu\wsu-38276c9c-bc182611-r03\src update-index --chmod=-x -- src-tauri/src/terminal/foreground.rs
EXIT=0
> git -C C:\Users\sook\ferryx-wsu\wsu-38276c9c-bc182611-r03\src update-index --chmod=-x -- src-tauri/src/terminal/mod.rs
EXIT=0
> git -C C:\Users\sook\ferryx-wsu\wsu-38276c9c-bc182611-r03\src update-index --chmod=-x -- src-tauri/src/terminal/output_hub.rs
EXIT=0
> git -C C:\Users\sook\ferryx-wsu\wsu-38276c9c-bc182611-r03\src update-index --chmod=-x -- src-tauri/src/terminal/service.rs
EXIT=0
> git -C C:\Users\sook\ferryx-wsu\wsu-38276c9c-bc182611-r03\src update-index --chmod=-x -- src-tauri/src/terminal/session_host/capability.rs
EXIT=0
> git -C C:\Users\sook\ferryx-wsu\wsu-38276c9c-bc182611-r03\src update-index --chmod=-x -- src-tauri/src/terminal/session_host/fence.rs
EXIT=0
> git -C C:\Users\sook\ferryx-wsu\wsu-38276c9c-bc182611-r03\src update-index --chmod=-x -- src-tauri/src/terminal/session_host/mod.rs
EXIT=0
> git -C C:\Users\sook\ferryx-wsu\wsu-38276c9c-bc182611-r03\src update-index --chmod=-x -- src-tauri/src/terminal/session_host/protocol.rs
EXIT=0
> git -C C:\Users\sook\ferryx-wsu\wsu-38276c9c-bc182611-r03\src update-index --chmod=-x -- src-tauri/src/terminal/session_host/registry.rs
EXIT=0
> git -C C:\Users\sook\ferryx-wsu\wsu-38276c9c-bc182611-r03\src update-index --chmod=-x -- src-tauri/src/terminal/session_host/win_pipe.rs
EXIT=0
> git -C C:\Users\sook\ferryx-wsu\wsu-38276c9c-bc182611-r03\src update-index --chmod=-x -- src-tauri/src/terminal/session_host/win_spawn.rs
EXIT=0
> git -C C:\Users\sook\ferryx-wsu\wsu-38276c9c-bc182611-r03\src update-index --chmod=-x -- src-tauri/src/terminal/tests.rs
EXIT=0
> git -C C:\Users\sook\ferryx-wsu\wsu-38276c9c-bc182611-r03\src write-tree
30e28b46468294beba035c37c3be3f38b0eb8aec
EXIT=0
> C:\Windows\System32\cmd.exe /d /c mklink /J C:\Users\sook\ferryx-wsu\wsu-38276c9c-bc182611-r03\src\src-tauri\vendor\ghostty C:\Users\sook\ferryx-ghostty
Junction created for C:\Users\sook\ferryx-wsu\wsu-38276c9c-bc182611-r03\src\src-tauri\vendor\ghostty <<===>> C:\Users\sook\ferryx-ghostty
EXIT=0
> git -C C:\Users\sook\ferryx-wsu\wsu-38276c9c-bc182611-r03\src\src-tauri\vendor\ghostty rev-parse HEAD
6a508fd5e34c7e222c052a6d00bb3891ff3feace
EXIT=0
