   Compiling tokio v1.53.1
   Compiling tokio-rustls v0.26.4
   Compiling hyper v1.11.0
   Compiling tauri v2.11.5
   Compiling hyper-util v0.1.20
   Compiling tower v0.5.3
   Compiling tower-http v0.6.11
   Compiling hyper-rustls v0.27.9
   Compiling tokio-util v0.7.19
   Compiling tokio-tungstenite v0.29.0
   Compiling reqwest v0.13.4
   Compiling tokio-stream v0.1.19
   Compiling tokio-test v0.4.5
   Compiling axum v0.8.9
   Compiling reqwest v0.12.28
   Compiling tauri-plugin-fs v2.5.1
   Compiling tauri-plugin-updater v2.10.1
   Compiling tauri-plugin-dialog v2.7.2
   Compiling tauri-plugin-process v2.3.1
   Compiling tauri-plugin-notification v2.3.3
   Compiling ferryx v2026.928.7 (C:\Users\sook\ferryx-wsu\wsu-38276c9c-bc182611-r03\src\src-tauri)
warning: unused import: `seal_offer`
 --> src\account\offer_sink.rs:9:47
  |
9 | use crate::remote::sealed_offer::{open_offer, seal_offer};
  |                                               ^^^^^^^^^^
  |
  = note: `#[warn(unused_imports)]` (part of `#[warn(unused)]`) on by default

warning: unused import: `Serialize`
 --> src\agent_transcript.rs:1:26
  |
1 | use serde::{Deserialize, Serialize};
  |                          ^^^^^^^^^

warning: unused import: `ImportedCookie`
  --> src\browser\chromium_cookie_source.rs:13:67
   |
13 |     filter_google_cookies, resolve_installed_browser_profile_dir, ImportedCookie,
   |                                                                   ^^^^^^^^^^^^^^

warning: unused import: `Manager`
 --> src\browser\snapshot_source.rs:8:24
  |
8 | use tauri::{AppHandle, Manager};
  |                        ^^^^^^^

warning: unused import: `is_v5_ownership_transfer_enabled`
  --> src\daemon\handover.rs:76:31
   |
76 |         idle_upgrade_enabled, is_v5_ownership_transfer_enabled, successor_lock_wait, upgrade_action,
   |                               ^^^^^^^^^^^^^^^^^^^^^^^^^^^^^^^^

warning: unused import: `crate::daemon::protocol::AgentProviderSessionKey`
 --> src\daemon\server.rs:7:5
  |
7 | use crate::daemon::protocol::AgentProviderSessionKey;
  |     ^^^^^^^^^^^^^^^^^^^^^^^^^^^^^^^^^^^^^^^^^^^^^^^^

warning: unused import: `super::session_service::*`
  --> src\daemon\server.rs:20:5
   |
20 | use super::session_service::*;
   |     ^^^^^^^^^^^^^^^^^^^^^^^^^

warning: unused import: `tempfile::TempDir`
   --> src\ipc\cli_install.rs:306:9
    |
306 |     use tempfile::TempDir;
    |         ^^^^^^^^^^^^^^^^^

warning: unused import: `super::*`
   --> src\native_terminal\renderer\color_glyph.rs:209:9
    |
209 |     use super::*;
    |         ^^^^^^^^

warning: unused import: `NotificationAuthorization`
 --> src\notification\permission.rs:7:5
  |
7 |     NotificationAuthorization, NotificationPermissionRequestDto, NotificationPermissionStatusDto,
  |     ^^^^^^^^^^^^^^^^^^^^^^^^^

warning: unused import: `AsyncWriteExt`
   --> src\remote\attach_router.rs:184:35
    |
184 |     use tokio::io::{AsyncReadExt, AsyncWriteExt};
    |                                   ^^^^^^^^^^^^^

warning: unused import: `tokio::io::AsyncWriteExt as _`
   --> src\remote\attach_router.rs:240:13
    |
240 |         use tokio::io::AsyncWriteExt as _;
    |             ^^^^^^^^^^^^^^^^^^^^^^^^^^^^^

warning: unused import: `crate::terminal::session::PtySessionSnapshot`
 --> src\terminal\pty.rs:4:5
  |
4 | use crate::terminal::session::PtySessionSnapshot;
  |     ^^^^^^^^^^^^^^^^^^^^^^^^^^^^^^^^^^^^^^^^^^^^

warning: unused import: `path::PathBuf`
  --> src\terminal\remote.rs:10:5
   |
10 |     path::PathBuf,
   |     ^^^^^^^^^^^^^

warning: unused import: `super::*`
    --> src\lib.rs:1590:9
     |
1590 |     use super::*;
     |         ^^^^^^^^

warning: unused import: `crate::daemon::client::DaemonClient`
    --> src\lib.rs:1591:9
     |
1591 |     use crate::daemon::client::DaemonClient;
     |         ^^^^^^^^^^^^^^^^^^^^^^^^^^^^^^^^^^^

warning: unused import: `crate::remote::auth::DevicePermission`
    --> src\lib.rs:1592:9
     |
1592 |     use crate::remote::auth::DevicePermission;
     |         ^^^^^^^^^^^^^^^^^^^^^^^^^^^^^^^^^^^^^

warning: unused import: `base64::Engine`
   --> src\remote\account_grants.rs:108:9
    |
108 |     use base64::Engine as _;
    |         ^^^^^^^^^^^^^^

warning: unused variable: `pid`
   --> src\ssh\bridge.rs:686:36
    |
686 |                 } else if let Some(pid) = self.child_pid {
    |                                    ^^^ help: if this is intentional, prefix it with an underscore: `_pid`
    |
    = note: `#[warn(unused_variables)]` (part of `#[warn(unused)]`) on by default

warning: unused variable: `handover_socket_path`
    --> src\daemon\server.rs:3683:54
     |
3683 |                 Ok(DaemonRequest::TransferSessions { handover_socket_path }) => {
     |                                                      ^^^^^^^^^^^^^^^^^^^^ help: try ignoring the field: `handover_socket_path: _`

warning: unused variable: `super_key`
   --> src\native_terminal\input.rs:372:13
    |
372 |         let super_key = KeyModifiers {
    |             ^^^^^^^^^ help: if this is intentional, prefix it with an underscore: `_super_key`

warning: variable does not need to be mutable
   --> src\native_terminal\renderer\font_manager.rs:208:13
    |
208 |         let mut subpixel_buffer = vec![0u8; total_pixels * 4];
    |             ----^^^^^^^^^^^^^^^
    |             |
    |             help: remove this `mut`
    |
    = note: `#[warn(unused_mut)]` (part of `#[warn(unused)]`) on by default

warning: variable does not need to be mutable
    --> src\native_terminal\surface_host.rs:5438:13
     |
5438 |         let mut harness = DirectRenderHarness::new(
     |             ----^^^^^^^
     |             |
     |             help: remove this `mut`

warning: variable does not need to be mutable
    --> src\native_terminal\surface_host.rs:5489:13
     |
5489 |         let mut harness = DirectRenderHarness::new(vec![
     |             ----^^^^^^^
     |             |
     |             help: remove this `mut`

warning: unused variable: `receipt`
    --> src\native_terminal\surface_host.rs:8132:13
     |
8132 |         let receipt = harness
     |             ^^^^^^^ help: if this is intentional, prefix it with an underscore: `_receipt`

warning: unused variable: `render_receipt`
    --> src\native_terminal\surface_host.rs:8142:13
     |
8142 |         let render_receipt = harness
     |             ^^^^^^^^^^^^^^ help: if this is intentional, prefix it with an underscore: `_render_receipt`

warning: unused variable: `token`
    --> src\remote\auth.rs:1759:14
     |
1759 |         let (token, device) = auth
     |              ^^^^^ help: if this is intentional, prefix it with an underscore: `_token`

warning: unused variable: `hook`
    --> src\remote\workspace_api\worktree_authority_tests.rs:1154:13
     |
1154 |         let hook = root.path().join("repo/.git/hooks/post-checkout");
     |             ^^^^ help: if this is intentional, prefix it with an underscore: `_hook`

warning: unused variable: `port`
    --> src\remote\workspace_api\worktree_authority_tests.rs:1155:13
     |
1155 |         let port = ready.local_addr().unwrap().port();
     |             ^^^^ help: if this is intentional, prefix it with an underscore: `_port`

warning: unused variable: `child_pid`
   --> src\ssh\bridge_tests.rs:644:9
    |
644 |     let child_pid = conn_cancel.child_id().expect("child PID must be known");
    |         ^^^^^^^^^ help: if this is intentional, prefix it with an underscore: `_child_pid`

warning: unused variable: `eof_pid`
   --> src\ssh\bridge_tests.rs:692:9
    |
692 |     let eof_pid = conn_eof.child_id().expect("eof child PID");
    |         ^^^^^^^ help: if this is intentional, prefix it with an underscore: `_eof_pid`

warning: unused variable: `pid`
    --> src\ssh\bridge.rs:2025:13
     |
2025 |         let pid = conn.child_id().expect("child pid");
     |             ^^^ help: if this is intentional, prefix it with an underscore: `_pid`

warning: unused variable: `pid`
    --> src\ssh\bridge.rs:2055:13
     |
2055 |         let pid = conn.child_id().expect("child pid");
     |             ^^^ help: if this is intentional, prefix it with an underscore: `_pid`

warning: unused variable: `c_pid`
    --> src\ssh\bridge.rs:2093:13
     |
2093 |         let c_pid = c_child.id().unwrap();
     |             ^^^^^ help: if this is intentional, prefix it with an underscore: `_c_pid`

warning: unused variable: `r_pid`
    --> src\ssh\bridge.rs:2094:13
     |
2094 |         let r_pid = r_child.id().unwrap();
     |             ^^^^^ help: if this is intentional, prefix it with an underscore: `_r_pid`

warning: unused variable: `initial_len`
   --> src\ssh\projects.rs:512:13
    |
512 |         let initial_len = target_len as u64;
    |             ^^^^^^^^^^^ help: if this is intentional, prefix it with an underscore: `_initial_len`

warning: value assigned to `desired_size` is never read
   --> src\terminal\remote.rs:937:56
    |
937 |               let mut desired_size: Option<(u16, u16)> = None;
    |                                                          ^^^^ this value is reassigned later and never used
...
949 | /                     desired_size = Some(
950 | |                         s.pending_size
951 | |                             .take()
952 | |                             .map(|(c, r, _)| (c, r))
953 | |                             .unwrap_or((s.details.descriptor.cols, s.details.descriptor.rows)),
954 | |                     );
    | |_____________________- `desired_size` is overwritten here before the previous value is read
    |
    = note: `#[warn(unused_assignments)]` (part of `#[warn(unused)]`) on by default

warning: unused variable: `pid1`
    --> src\terminal\remote.rs:1515:13
     |
1515 |         let pid1 = child1.id().unwrap();
     |             ^^^^ help: if this is intentional, prefix it with an underscore: `_pid1`

warning: unused variable: `pid2`
    --> src\terminal\remote.rs:1516:13
     |
1516 |         let pid2 = child2.id().unwrap();
     |             ^^^^ help: if this is intentional, prefix it with an underscore: `_pid2`

warning: unused variable: `scroll_daemon_client`
    --> src\lib.rs:1188:9
     |
1188 |     let scroll_daemon_client = Arc::clone(&daemon_client);
     |         ^^^^^^^^^^^^^^^^^^^^ help: if this is intentional, prefix it with an underscore: `_scroll_daemon_client`

warning: type `agent_forward::Route` is more private than the item `agent_forward::resolve_report`
   --> src\ssh\agent_forward.rs:178:1
    |
178 | / pub(crate) async fn resolve_report(
179 | |     line: &str,
180 | |     routes: &Arc<Mutex<HashMap<String, Route>>>,
181 | | ) -> Option<(Arc<AgentStateHub>, AgentState)> {
    | |_____________________________________________^ function `agent_forward::resolve_report` is reachable at visibility `pub(crate)`
    |
note: but type `agent_forward::Route` is only usable at visibility `pub(self)`
   --> src\ssh\agent_forward.rs:53:1
    |
 53 | struct Route {
    | ^^^^^^^^^^^^
    = note: `#[warn(private_interfaces)]` on by default

warning: type `MachineSender` is more private than the item `SessionHub::machine_senders`
   --> src\terminal\output_hub.rs:724:5
    |
724 |     pub(crate) machine_senders: Vec<machine_output::MachineSender>,
    |     ^^^^^^^^^^^^^^^^^^^^^^^^^^^^^^^^^^^^^^^^^^^^^^^^^^^^^^^^^^^^^^ field `SessionHub::machine_senders` is reachable at visibility `pub(crate)`
    |
note: but type `MachineSender` is only usable at visibility `pub(in crate::terminal::output_hub)`
   --> src\terminal\machine_output.rs:76:1
    |
 76 | pub(super) struct MachineSender {
    | ^^^^^^^^^^^^^^^^^^^^^^^^^^^^^^^

warning: type `paired_runtime::Command` is more private than the item `paired_runtime::Runtime::sender`
   --> src\terminal\paired_runtime.rs:702:5
    |
702 |     pub(crate) fn sender(&self, id: &str) -> Result<mpsc::Sender<Command>, String> {
    |     ^^^^^^^^^^^^^^^^^^^^^^^^^^^^^^^^^^^^^^^^^^^^^^^^^^^^^^^^^^^^^^^^^^^^^^^^^^^^^^ method `paired_runtime::Runtime::sender` is reachable at visibility `pub(crate)`
    |
note: but type `paired_runtime::Command` is only usable at visibility `pub(self)`
   --> src\terminal\paired_runtime.rs:166:1
    |
166 | enum Command {
    | ^^^^^^^^^^^^

warning: trait `terminal::remote::Transport` is more private than the item `terminal::remote::RemoteRuntime::live_import`
   --> src\terminal\remote.rs:752:5
    |
752 | /     pub fn live_import(
753 | |         &self,
754 | |         state: RemoteExportState,
755 | |         transport: Option<Arc<dyn Transport>>,
756 | |     ) -> Result<(), RemoteFailure> {
    | |__________________________________^ method `terminal::remote::RemoteRuntime::live_import` is reachable at visibility `pub`
    |
note: but trait `terminal::remote::Transport` is only usable at visibility `pub(crate)`
   --> src\terminal\remote.rs:169:1
    |
169 | pub(crate) trait Transport: Send + Sync {
    | ^^^^^^^^^^^^^^^^^^^^^^^^^^^^^^^^^^^^^^^

warning: trait `terminal::remote::Transport` is more private than the item `terminal::remote::RemoteRuntime::import_transferred`
   --> src\terminal\remote.rs:773:5
    |
773 | /     pub fn import_transferred(
774 | |         &self,
775 | |         state: RemoteExportState,
776 | |         transport: Option<Arc<dyn Transport>>,
777 | |     ) -> Result<(), RemoteFailure> {
    | |__________________________________^ method `terminal::remote::RemoteRuntime::import_transferred` is reachable at visibility `pub`
    |
note: but trait `terminal::remote::Transport` is only usable at visibility `pub(crate)`
   --> src\terminal\remote.rs:169:1
    |
169 | pub(crate) trait Transport: Send + Sync {
    | ^^^^^^^^^^^^^^^^^^^^^^^^^^^^^^^^^^^^^^^

warning: function `webview_unreachable` is never used
  --> src\browser\hard_reload.rs:98:4
   |
98 | fn webview_unreachable(error: tauri::Error) -> IpcError {
   |    ^^^^^^^^^^^^^^^^^^^
   |
   = note: `#[warn(dead_code)]` (part of `#[warn(unused)]`) on by default

warning: fields `app` and `timeout` are never read
   --> src\browser\snapshot_source.rs:339:5
    |
338 | pub struct TauriBrowserSnapshotSource<R: tauri::Runtime> {
    |            -------------------------- fields in this struct
339 |     app: AppHandle<R>,
    |     ^^^
340 |     timeout: Duration,
    |     ^^^^^^^

warning: static `V5_ENV_LOCK` is never used
   --> src\daemon\handover.rs:122:12
    |
122 |     static V5_ENV_LOCK: std::sync::Mutex<()> = std::sync::Mutex::new(());
    |            ^^^^^^^^^^^

warning: struct `V5EnvGuard` is never constructed
   --> src\daemon\handover.rs:125:12
    |
125 |     struct V5EnvGuard {
    |            ^^^^^^^^^^

warning: associated functions `set`, `set_locked`, and `install` are never used
   --> src\daemon\handover.rs:133:12
    |
132 |     impl V5EnvGuard {
    |     --------------- associated functions in this implementation
133 |         fn set(value: Option<&str>) -> Self {
    |            ^^^
...
140 |         fn set_locked(value: Option<&str>) -> Self {
    |            ^^^^^^^^^^
...
144 |         fn install(
    |            ^^^^^^^

warning: associated function `from_locked_file` is never used
   --> src\daemon\server.rs:678:19
    |
629 | impl DaemonLockFile {
    | ------------------- associated function in this implementation
...
678 |     pub(crate) fn from_locked_file(file: File) -> Self {
    |                   ^^^^^^^^^^^^^^^^

warning: associated function `from_locked_files` is never used
   --> src\daemon\server.rs:749:19
    |
738 | impl DaemonLockFiles {
    | -------------------- associated function in this implementation
...
749 |     pub(crate) fn from_locked_files(persistent: Option<File>, legacy: File) -> Self {
    |                   ^^^^^^^^^^^^^^^^^

warning: function `handover_delivery_verdict` is never used
    --> src\daemon\server.rs:1655:15
     |
1655 | pub(crate) fn handover_delivery_verdict(offered: usize, accepted: usize) -> Result<(), String> {
     |               ^^^^^^^^^^^^^^^^^^^^^^^^^

warning: function `handover_delivery_verdict_owned` is never used
    --> src\daemon\server.rs:1676:15
     |
1676 | pub(crate) fn handover_delivery_verdict_owned(
     |               ^^^^^^^^^^^^^^^^^^^^^^^^^^^^^^^

warning: function `handover_restorable_unexported` is never used
    --> src\daemon\server.rs:1695:15
     |
1695 | pub(crate) fn handover_restorable_unexported(
     |               ^^^^^^^^^^^^^^^^^^^^^^^^^^^^^^

warning: function `handover_effective_owned` is never used
    --> src\daemon\server.rs:1714:15
     |
1714 | pub(crate) fn handover_effective_owned(
     |               ^^^^^^^^^^^^^^^^^^^^^^^^

warning: function `remote_spawn_relative_path` is never used
    --> src\daemon\server.rs:4829:4
     |
4829 | fn remote_spawn_relative_path(repo_root: &str, root: &str) -> String {
     |    ^^^^^^^^^^^^^^^^^^^^^^^^^^

warning: method `contains` is never used
   --> src\daemon\session_service.rs:166:19
    |
164 | impl SpawnError {
    | --------------- method in this implementation
165 |     #[cfg(test)]
166 |     pub(super) fn contains(&self, needle: &str) -> bool {
    |                   ^^^^^^^^

warning: methods `machine_sessions`, `expire_spawn_request_for_test`, `spawn_cache_len_for_test`, `provider_claim_len_for_test`, and `reserve_provider_claim_for_test` are never used
    --> src\daemon\session_service.rs:700:19
     |
 358 | impl DaemonSessionService {
     | ------------------------- methods in this implementation
...
 700 |     pub(crate) fn machine_sessions(
     |                   ^^^^^^^^^^^^^^^^
...
2273 |     pub(super) fn expire_spawn_request_for_test(&self, client_request_id: &str) {
     |                   ^^^^^^^^^^^^^^^^^^^^^^^^^^^^^
...
2284 |     pub(super) fn spawn_cache_len_for_test(&self) -> usize {
     |                   ^^^^^^^^^^^^^^^^^^^^^^^^
...
2289 |     pub(super) fn provider_claim_len_for_test(&self) -> usize {
     |                   ^^^^^^^^^^^^^^^^^^^^^^^^^^^
...
2294 |     pub(super) fn reserve_provider_claim_for_test(
     |                   ^^^^^^^^^^^^^^^^^^^^^^^^^^^^^^^

warning: function `desktop_application_dirs` is never used
   --> src\ipc\file_open_with.rs:103:15
    |
103 | pub(crate) fn desktop_application_dirs() -> Vec<PathBuf> {
    |               ^^^^^^^^^^^^^^^^^^^^^^^^

warning: field `kind` is never read
   --> src\ipc\file_preview.rs:539:5
    |
534 | struct HandleRecord {
    |        ------------ field in this struct
...
539 |     kind: FilePreviewKind,
    |     ^^^^

warning: function `identity_holds` is never used
    --> src\ipc\file_preview.rs:1147:4
     |
1147 | fn identity_holds(path: &Path, identity: Option<(u64, u64)>) -> bool {
     |    ^^^^^^^^^^^^^^

warning: field `0` is never read
    --> src\ipc\file_preview.rs:1163:25
     |
1163 | struct ChildReservation(String);
     |        ---------------- ^^^^^^
     |        |
     |        field in this struct
     |
     = help: consider removing this field

warning: method `test_capture` is never used
   --> src\paired_host\service.rs:359:25
    |
321 | impl PairedHostService {
    | ---------------------- method in this implementation
...
359 |     pub(crate) async fn test_capture(
    |                         ^^^^^^^^^^^^

warning: field `0` is never read
    --> src\remote\auth.rs:1246:18
     |
1246 | struct StoreLock(std::fs::File);
     |        --------- ^^^^^^^^^^^^^
     |        |
     |        field in this struct
     |
     = help: consider removing this field

warning: field `local_credential` is never read
   --> src\remote\browser_backend.rs:423:5
    |
421 | pub struct LocalIpcBrowserBackend {
    |            ---------------------- field in this struct
422 |     socket_path: String,
423 |     local_credential: Option<String>,
    |     ^^^^^^^^^^^^^^^^

warning: struct `Observation` is never constructed
  --> src\remote\machine_input_probe.rs:18:19
   |
18 | pub(super) struct Observation(pub watch::Receiver<Progress>, String);
   |                   ^^^^^^^^^^^

warning: associated function `register` is never used
  --> src\remote\machine_input_probe.rs:20:12
   |
19 | impl Observation {
   | ---------------- associated function in this implementation
20 |     pub fn register(id: &str) -> Self {
   |            ^^^^^^^^

warning: function `no_auth_query` is never used
    --> src\remote\server.rs:6340:12
     |
6340 |         fn no_auth_query() -> AuthQuery {
     |            ^^^^^^^^^^^^^

warning: function `probe_tailscale_cli` is never used
   --> src\remote\state.rs:215:4
    |
215 | fn probe_tailscale_cli(target: &std::net::Ipv4Addr) -> Option<bool> {
    |    ^^^^^^^^^^^^^^^^^^^

warning: method `set_snapshot_post_build_hook` is never used
    --> src\remote\state.rs:1140:19
     |
 812 | impl RemoteGatewayState {
     | ----------------------- method in this implementation
...
1140 |     pub(crate) fn set_snapshot_post_build_hook(&self, hook: Option<Arc<dyn Fn() + Send + Sync>>) {
     |                   ^^^^^^^^^^^^^^^^^^^^^^^^^^^^

warning: field `stderr_fd` is never read
   --> src\ssh\bridge.rs:532:5
    |
527 | pub struct BridgeConnection {
    |            ---------------- field in this struct
...
532 |     stderr_fd: Option<RawFd>,
    |     ^^^^^^^^^

warning: function `inspect` is never used
   --> src\terminal\foreground.rs:226:15
    |
226 | pub(crate) fn inspect(session: &PtySession) -> std::io::Result<Option<Foreground>> {
    |               ^^^^^^^

warning: function `test_persist_count` is never used
   --> src\terminal\paired_runtime.rs:101:15
    |
101 | pub(crate) fn test_persist_count() -> usize {
    |               ^^^^^^^^^^^^^^^^^^

warning: method `entry_for_test` is never used
   --> src\terminal\remote.rs:438:19
    |
286 | impl RemoteRuntime {
    | ------------------ method in this implementation
...
438 |     pub(crate) fn entry_for_test(&self, id: &str) -> Result<Arc<Entry>, RemoteFailure> {
    |                   ^^^^^^^^^^^^^^

warning: method `pump_adopted_output` is never used
   --> src\terminal\service.rs:360:19
    |
120 | impl TerminalService {
    | -------------------- method in this implementation
...
360 |     pub(crate) fn pump_adopted_output(
    |                   ^^^^^^^^^^^^^^^^^^^

warning: variant `Adopted` is never constructed
   --> src\terminal\session.rs:168:5
    |
166 | pub(crate) enum ProcessHandle {
    |                 ------------- variant in this enum
167 |     Spawned(Box<dyn Child + Send + Sync>),
168 |     Adopted(AdoptedProcess),
    |     ^^^^^^^

warning: methods `set_writer_for_test` and `wait_and_reap` are never used
   --> src\terminal\session.rs:713:19
    |
378 | impl PtySession {
    | --------------- methods in this implementation
...
713 |     pub(crate) fn set_writer_for_test(&self, writer: Box<dyn Write + Send>) {
    |                   ^^^^^^^^^^^^^^^^^^^
...
974 |     pub(crate) fn wait_and_reap(&self) -> Result<Option<i32>, PtyError> {
    |                   ^^^^^^^^^^^^^

warning: struct `WriterLeaseGuard` is never constructed
  --> src\worktree\manager.rs:86:19
   |
86 | pub(crate) struct WriterLeaseGuard {
   |                   ^^^^^^^^^^^^^^^^

warning: associated items `new`, `canonical_path`, and `owner_id` are never used
   --> src\worktree\manager.rs:93:8
    |
 92 | impl WriterLeaseGuard {
    | --------------------- associated items in this implementation
 93 |     fn new(registry: WriterLeaseRegistry, canonical_path: PathBuf, owner_id: String) -> Self {
    |        ^^^
...
101 |     pub(crate) fn canonical_path(&self) -> &Path {
    |                   ^^^^^^^^^^^^^^
...
105 |     pub(crate) fn owner_id(&self) -> &str {
    |                   ^^^^^^^^

warning: associated items `acquire_writer_lease` and `validate_ref_component` are never used
   --> src\worktree\manager.rs:338:19
    |
134 | impl WorktreeManager {
    | -------------------- associated items in this implementation
...
338 |     pub(crate) fn acquire_writer_lease(
    |                   ^^^^^^^^^^^^^^^^^^^^
...
398 |     fn validate_ref_component(component: &str, label: &str) -> Result<(), WorktreeError> {
    |        ^^^^^^^^^^^^^^^^^^^^^^

warning: static `FERRYX_DATA_DIR_LOCK` is never used
    --> src\lib.rs:1596:12
     |
1596 |     static FERRYX_DATA_DIR_LOCK: Mutex<()> = Mutex::new(());
     |            ^^^^^^^^^^^^^^^^^^^^

warning: struct `RestoreFerryxDataDir` is never constructed
    --> src\lib.rs:1598:12
     |
1598 |     struct RestoreFerryxDataDir(Option<OsString>);
     |            ^^^^^^^^^^^^^^^^^^^^

warning: unused `std::result::Result` that must be used
    --> src\remote\server.rs:5959:9
     |
5959 |         state.auth_manager.revoke_device(&device.id);
     |         ^^^^^^^^^^^^^^^^^^^^^^^^^^^^^^^^^^^^^^^^^^^^
     |
     = note: this `Result` may be an `Err` variant, which should be handled
     = note: `#[warn(unused_must_use)]` (part of `#[warn(unused)]`) on by default
help: use `let _ = ...` to ignore the resulting value
     |
5959 |         let _ = state.auth_manager.revoke_device(&device.id);
     |         +++++++

warning: `ferryx` (lib test) generated 84 warnings (run `cargo fix --lib -p ferryx --tests` to apply 38 suggestions)
    Finished `test` profile [unoptimized] target(s) in 1m 34s
     Running unittests src\lib.rs (C:\Users\sook\ferryx-wsu\wsu-38276c9c-bc182611-r03\target\debug\deps\ferryx_lib-1729703641dcd1e2.exe)

running 90 tests
test terminal::session_host::capability::tests::copy_failure_is_unavailable_only_when_the_job_allows_hosts ... ok
test terminal::session_host::capability::tests::job_with_either_breakaway_flag_is_durable_breakaway ... ok
test terminal::session_host::capability::tests::failed_job_probe_is_never_durable ... ok
test terminal::session_host::capability::tests::job_without_breakaway_is_unavailable ... ok
test terminal::session_host::capability::tests::local_flag_constants_match_windows_sys ... ok
test terminal::session_host::capability::tests::host_mode_parse_accepts_known_values_and_rejects_typos ... ok
test terminal::session_host::capability::tests::not_in_job_is_durable_no_job ... ok
test terminal::session_host::capability::tests::capability_wire_shape_uses_kebab_case_reasons ... ok
test terminal::session_host::capability::tests::probe_job_classifies_the_test_process ... ok
test terminal::session_host::capability::tests::env_off_wins_over_every_measurement ... ok
test terminal::session_host::capability::tests::spawn_route_never_falls_back_when_durable_and_fails_when_required ... ok
test terminal::session_host::fence::tests::activate_epoch_must_equal_the_grant_to_epoch ... ok
test terminal::session_host::fence::tests::activate_one_millisecond_before_expiry_succeeds ... ok
test terminal::session_host::fence::tests::activate_from_a_non_standby_connection_is_not_standby ... ok
test terminal::session_host::fence::tests::activate_at_expiry_is_grant_expired_without_any_timer ... ok
test terminal::session_host::fence::tests::activate_consumes_the_grant_and_reuse_is_grant_consumed ... ok
test terminal::session_host::fence::tests::activate_while_predecessor_connected_or_alive_is_predecessor_alive ... ok
test terminal::session_host::fence::tests::activate_with_a_revoked_nonce_is_epoch_burned ... ok
test terminal::session_host::fence::tests::authorize_needs_active_connection_current_epoch_and_no_grant ... ok
test terminal::session_host::fence::tests::authorize_while_closing_or_after_exit_is_closing ... ok
test terminal::session_host::fence::tests::claim_after_disconnect_needs_a_strictly_higher_epoch ... ok
test terminal::session_host::fence::tests::authorize_without_a_verified_handle_is_transfer_unverifiable ... ok
test terminal::session_host::fence::tests::claim_is_refused_while_a_grant_is_pending_even_without_an_active ... ok
test terminal::session_host::fence::tests::claim_requires_token_protocol_and_matching_pipe_client_pid ... ok
test terminal::session_host::fence::tests::claim_while_active_present_is_rejected_at_any_higher_epoch ... ok
test terminal::session_host::fence::tests::claim_while_closing_is_closing ... ok
test terminal::session_host::fence::tests::close_and_release_with_a_pending_grant_are_transfer_in_progress ... ok
test terminal::session_host::fence::tests::controller_frames_need_the_active_connection_and_current_epoch ... ok
test terminal::session_host::fence::tests::disconnects_never_clear_an_unexpired_grant ... ok
test terminal::session_host::fence::tests::exited_linger_waits_for_no_active_and_no_grant_and_restarts_when_the_grant_resolves ... ok
test terminal::session_host::fence::tests::expiry_burns_like_revoke_and_leaves_the_next_epoch_usable ... ok
test terminal::session_host::fence::tests::inline_expiry_runs_before_every_frame_check ... ok
test terminal::session_host::fence::tests::linger_never_fires_with_an_active_controller ... ok
test terminal::session_host::fence::tests::natural_exit_keeps_the_grant_so_the_successor_can_activate_and_release ... ok
test terminal::session_host::fence::tests::release_after_activate_blocks_the_next_claim ... ok
test terminal::session_host::fence::tests::release_before_exit_is_refused ... ok
test terminal::session_host::fence::tests::release_is_terminal_and_blocks_claim_before_the_host_exits ... ok
test terminal::session_host::fence::tests::running_shell_without_a_controller_never_lingers ... ok
test terminal::session_host::fence::tests::revoke_burns_through_to_epoch_and_disconnects_the_standby ... ok
test terminal::session_host::fence::tests::standby_from_wrong_process_identity_gets_successor_mismatch ... ok
test terminal::session_host::fence::tests::second_standby_for_the_same_grant_is_busy ... ok
test terminal::session_host::fence::tests::standby_without_or_with_wrong_nonce_or_epoch_gets_no_grant ... ok
test terminal::session_host::fence::tests::successor_handle_with_wrong_creation_time_leaves_it_unverifiable ... ok
test terminal::session_host::protocol::tests::ct_eq_32_distinguishes_last_byte ... ok
test terminal::session_host::protocol::tests::bad_header_discards_trailing_bytes_of_same_push ... ok
test terminal::session_host::protocol::tests::encode_rejects_payload_over_kind_cap ... ok
test terminal::session_host::protocol::tests::every_header_in_one_push_is_validated ... ok
test terminal::session_host::protocol::tests::output_payload_shorter_than_sequence_prefix_is_rejected ... ok
test terminal::session_host::protocol::tests::oversized_control_header_is_rejected_before_payload_arrives ... ok
test terminal::session_host::protocol::tests::push_before_draining_complete_frame_is_rejected ... ok
test terminal::session_host::protocol::tests::push_over_read_limit_is_rejected_without_buffering ... ok
test terminal::session_host::protocol::tests::secret_debug_is_redacted ... ok
test terminal::session_host::protocol::tests::frames_round_trip_when_fed_one_byte_at_a_time ... ok
test terminal::session_host::protocol::tests::secret_parse_rejects_wrong_length_and_non_hex ... ok
test terminal::session_host::protocol::tests::snapshot_header_above_snapshot_cap_is_rejected ... ok
test terminal::session_host::protocol::tests::parse_snapshot_rejects_invalid_next_sequence ... ok
test terminal::session_host::protocol::tests::snapshot_kind_waits_for_payload_above_control_cap ... ok
test terminal::session_host::protocol::tests::rejected_reply_parses_from_wire_json ... ok
test terminal::session_host::protocol::tests::unknown_kind_fails_decoder_permanently ... ok
test terminal::session_host::protocol::tests::hello_wire_shape_is_tagged_camel_case_with_hex_secrets ... ok
test terminal::session_host::registry::tests::liveness_is_dead_only_on_positive_confirmation ... ok
test terminal::session_host::registry::tests::liveness_is_unknown_for_every_ambiguous_probe ... ok
test terminal::session_host::registry::tests::pipe_name_has_the_documented_shape ... ok
test terminal::session_host::registry::tests::manifest_with_unsafe_session_id_is_not_written ... ok
test terminal::session_host::registry::tests::corrupt_or_exhausted_controller_epoch_is_an_error_not_a_reset ... ok
test terminal::session_host::registry::tests::unsafe_session_ids_are_rejected_before_touching_paths ... ok
test terminal::session_host::win_pipe::tests::first_instance_detects_squatted_name ... ok
test terminal::session_host::win_pipe::tests::pipe_peers_report_each_others_pid_and_carry_frames ... ok
test terminal::session_host::registry::tests::oversized_record_file_is_rejected ... ok
test terminal::session_host::win_pipe::tests::probe_of_missing_pipe_is_not_found ... ok
test terminal::session_host::registry::tests::record_round_trips_with_camel_case_keys_and_hex_token ... ok
test terminal::session_host::win_pipe::tests::reader_reports_truncated_frame ... ok
test terminal::session_host::win_spawn::tests::command_line_rejects_quoted_program ... ok
test terminal::session_host::win_spawn::tests::duplicated_handle_reports_same_identity ... ok
test terminal::session_host::win_spawn::tests::env_block_is_sorted_last_wins_and_double_nul_terminated ... ok
test terminal::session_host::win_spawn::tests::probe_of_own_pid_is_opened_and_running ... ok
test terminal::session_host::win_spawn::tests::quote_arg_follows_argv_rules ... ok
test terminal::session_host::win_pipe::tests::reader_splits_frames_larger_than_one_push ... ok
test terminal::session_host::registry::tests::remove_record_if_dead_keeps_alive_and_unknown_records ... ok
test terminal::session_host::registry::tests::read_record_rejects_mismatched_session_and_protocol ... ok
test terminal::session_host::registry::tests::take_spec_reads_then_deletes_the_file ... ok
test terminal::session_host::registry::tests::manifest_round_trips_with_per_session_nonces ... ok
test terminal::session_host::win_pipe::tests::private_dir_and_every_child_are_user_and_system_only ... FAILED
test terminal::session_host::registry::tests::controller_epoch_bump_is_monotonic_and_persisted ... ok
test terminal::session_host::registry::tests::atomic_write_replaces_and_leaves_no_temp_files ... ok
test terminal::session_host::registry::tests::session_named_like_a_manifest_neither_collides_nor_disappears ... ok
test terminal::session_host::registry::tests::list_records_keeps_unreadable_records_and_skips_other_files ... ok
test terminal::session_host::win_spawn::tests::terminate_job_reaps_waiting_shell ... ok
test terminal::session_host::protocol::tests::snapshot_at_maximum_retained_history_fits_snapshot_cap ... ok
test terminal::session_host::win_spawn::tests::shell_runs_inside_job_and_reports_exit_code ... ok

failures:

---- terminal::session_host::win_pipe::tests::private_dir_and_every_child_are_user_and_system_only stdout ----

thread 'terminal::session_host::win_pipe::tests::private_dir_and_every_child_are_user_and_system_only' (4512) panicked at src\terminal\session_host\win_pipe.rs:551:9:
assertion `left == right` failed: C:\Users\sook\ferryx-wsu\wsu-38276c9c-bc182611-r03\env\tmp\.tmpdr2EpR\session-hosts: D:PAI(A;;FA;;;S-1-5-21-3510490687-4041447508-1362901398-1002)(A;OICIIO;GA;;;S-1-5-21-3510490687-4041447508-1362901398-1002)(A;;FA;;;SY)(A;OICIIO;GA;;;SY)
  left: ["S-1-5-21-3510490687-4041447508-1362901398-1002", "S-1-5-21-3510490687-4041447508-1362901398-1002", "SY", "SY"]
 right: ["S-1-5-21-3510490687-4041447508-1362901398-1002", "SY"]
note: run with `RUST_BACKTRACE=1` environment variable to display a backtrace


failures:
    terminal::session_host::win_pipe::tests::private_dir_and_every_child_are_user_and_system_only

test result: FAILED. 89 passed; 1 failed; 0 ignored; 0 measured; 2025 filtered out; finished in 0.22s

error: test failed, to rerun pass `--lib`
