TAP version 13
# Subtest: clean-layout edge contract compiles and executes without ephemeral evidence
ok 1 - clean-layout edge contract compiles and executes without ephemeral evidence
  ---
  duration_ms: 1188.620709
  type: 'test'
  ...
# Subtest: build script emits MSVC manifest arguments only for windows/msvc
ok 2 - build script emits MSVC manifest arguments only for windows/msvc
  ---
  duration_ms: 433.989208
  type: 'test'
  ...
# Subtest: build script emits MSVC manifest arguments only for windows/gnu
ok 3 - build script emits MSVC manifest arguments only for windows/gnu
  ---
  duration_ms: 437.366834
  type: 'test'
  ...
# Subtest: build script emits MSVC manifest arguments only for linux/gnu
ok 4 - build script emits MSVC manifest arguments only for linux/gnu
  ---
  duration_ms: 412.29375
  type: 'test'
  ...
# Subtest: quiescence reports old metadata with GNU-compatible stat
ok 5 - quiescence reports old metadata with GNU-compatible stat
  ---
  duration_ms: 15.589833
  type: 'test'
  ...
# Subtest: quiescence reports recent metadata with GNU-compatible stat
ok 6 - quiescence reports recent metadata with GNU-compatible stat
  ---
  duration_ms: 188.616333
  type: 'test'
  ...
# Subtest: quiescence reports invalid metadata with GNU-compatible stat
ok 7 - quiescence reports invalid metadata with GNU-compatible stat
  ---
  duration_ms: 7.107666
  type: 'test'
  ...
1..7
# tests 7
# suites 0
# pass 7
# fail 0
# cancelled 0
# skipped 0
# todo 0
# duration_ms 2722.688625
