AB side=base rep=1 native=0 | test result: ok. 1 passed; 0 failed; 0 ignored; 0 measured; 2591 filtered out; finished in 1.25s | ipc::tests::tauri_mock_terminal_attach_returns_base64_history_and_decimal_sequences
AB side=cand rep=1 native=101 | test result: FAILED. 0 passed; 1 failed; 0 ignored; 0 measured; 2672 filtered out; finished in 0.26s | ipc::tests::tauri_mock_terminal_attach_returns_base64_history_and_decimal_sequences
AB side=base rep=2 native=0 | test result: ok. 1 passed; 0 failed; 0 ignored; 0 measured; 2591 filtered out; finished in 1.25s | ipc::tests::tauri_mock_terminal_attach_returns_base64_history_and_decimal_sequences
AB side=cand rep=2 native=101 | test result: FAILED. 0 passed; 1 failed; 0 ignored; 0 measured; 2672 filtered out; finished in 0.25s | ipc::tests::tauri_mock_terminal_attach_returns_base64_history_and_decimal_sequences
AB side=base rep=1 native=0 | test result: ok. 1 passed; 0 failed; 0 ignored; 0 measured; 2591 filtered out; finished in 0.01s | ipc::tests::test_p13_attach_routes_through_descriptor_and_reinstalls_proxy
AB side=cand rep=1 native=101 | test result: FAILED. 0 passed; 1 failed; 0 ignored; 0 measured; 2672 filtered out; finished in 0.00s | ipc::tests::test_p13_attach_routes_through_descriptor_and_reinstalls_proxy
AB side=base rep=2 native=0 | test result: ok. 1 passed; 0 failed; 0 ignored; 0 measured; 2591 filtered out; finished in 0.01s | ipc::tests::test_p13_attach_routes_through_descriptor_and_reinstalls_proxy
AB side=cand rep=2 native=101 | test result: FAILED. 0 passed; 1 failed; 0 ignored; 0 measured; 2672 filtered out; finished in 0.00s | ipc::tests::test_p13_attach_routes_through_descriptor_and_reinstalls_proxy
AB side=base rep=1 native=0 | test result: ok. 1 passed; 0 failed; 0 ignored; 0 measured; 2591 filtered out; finished in 0.05s | native_terminal::surface_host::tests::bounds_ipc_presents_when_browser_child_is_open
AB side=cand rep=1 native=101 | test result: FAILED. 0 passed; 1 failed; 0 ignored; 0 measured; 2672 filtered out; finished in 0.05s | native_terminal::surface_host::tests::bounds_ipc_presents_when_browser_child_is_open
AB side=base rep=2 native=0 | test result: ok. 1 passed; 0 failed; 0 ignored; 0 measured; 2591 filtered out; finished in 0.05s | native_terminal::surface_host::tests::bounds_ipc_presents_when_browser_child_is_open
AB side=cand rep=2 native=101 | test result: FAILED. 0 passed; 1 failed; 0 ignored; 0 measured; 2672 filtered out; finished in 0.05s | native_terminal::surface_host::tests::bounds_ipc_presents_when_browser_child_is_open
AB side=base rep=1 native=0 | test result: ok. 1 passed; 0 failed; 0 ignored; 0 measured; 2591 filtered out; finished in 0.07s | native_terminal::surface_host::tests::deferred_bounds_retry_does_not_restore_obsolete_width
AB side=cand rep=1 native=101 | test result: FAILED. 0 passed; 1 failed; 0 ignored; 0 measured; 2672 filtered out; finished in 0.06s | native_terminal::surface_host::tests::deferred_bounds_retry_does_not_restore_obsolete_width
AB side=base rep=2 native=0 | test result: ok. 1 passed; 0 failed; 0 ignored; 0 measured; 2591 filtered out; finished in 0.07s | native_terminal::surface_host::tests::deferred_bounds_retry_does_not_restore_obsolete_width
AB side=cand rep=2 native=101 | test result: FAILED. 0 passed; 1 failed; 0 ignored; 0 measured; 2672 filtered out; finished in 0.06s | native_terminal::surface_host::tests::deferred_bounds_retry_does_not_restore_obsolete_width
AB side=base rep=1 native=0 | test result: ok. 1 passed; 0 failed; 0 ignored; 0 measured; 2591 filtered out; finished in 0.06s | native_terminal::surface_host::tests::synchronized_output_bounds_ipc_finishes_on_detach_or_stream_end
AB side=cand rep=1 native=101 | test result: FAILED. 0 passed; 1 failed; 0 ignored; 0 measured; 2672 filtered out; finished in 0.05s | native_terminal::surface_host::tests::synchronized_output_bounds_ipc_finishes_on_detach_or_stream_end
AB side=base rep=2 native=0 | test result: ok. 1 passed; 0 failed; 0 ignored; 0 measured; 2591 filtered out; finished in 0.06s | native_terminal::surface_host::tests::synchronized_output_bounds_ipc_finishes_on_detach_or_stream_end
AB side=cand rep=2 native=101 | test result: FAILED. 0 passed; 1 failed; 0 ignored; 0 measured; 2672 filtered out; finished in 0.05s | native_terminal::surface_host::tests::synchronized_output_bounds_ipc_finishes_on_detach_or_stream_end
AB side=base rep=1 native=0 | test result: ok. 1 passed; 0 failed; 0 ignored; 0 measured; 2591 filtered out; finished in 0.05s | native_terminal::surface_host::tests::synchronized_output_bounds_ipc_waits_for_actual_presentation
AB side=cand rep=1 native=101 | test result: FAILED. 0 passed; 1 failed; 0 ignored; 0 measured; 2672 filtered out; finished in 0.06s | native_terminal::surface_host::tests::synchronized_output_bounds_ipc_waits_for_actual_presentation
AB side=base rep=2 native=0 | test result: ok. 1 passed; 0 failed; 0 ignored; 0 measured; 2591 filtered out; finished in 0.05s | native_terminal::surface_host::tests::synchronized_output_bounds_ipc_waits_for_actual_presentation
AB side=cand rep=2 native=101 | test result: FAILED. 0 passed; 1 failed; 0 ignored; 0 measured; 2672 filtered out; finished in 0.06s | native_terminal::surface_host::tests::synchronized_output_bounds_ipc_waits_for_actual_presentation
AB side=base rep=1 native=0 | test result: ok. 1 passed; 0 failed; 0 ignored; 0 measured; 2591 filtered out; finished in 0.55s | remote::server::machine_input_cancellation_tests::input_is_cancelled_when_grant_is_revoked
AB side=cand rep=1 native=101 | test result: FAILED. 0 passed; 1 failed; 0 ignored; 0 measured; 2672 filtered out; finished in 3.62s | remote::server::machine_input_cancellation_tests::input_is_cancelled_when_grant_is_revoked
AB side=base rep=2 native=101 | test result: FAILED. 0 passed; 1 failed; 0 ignored; 0 measured; 2591 filtered out; finished in 3.54s | remote::server::machine_input_cancellation_tests::input_is_cancelled_when_grant_is_revoked
AB side=cand rep=2 native=0 | test result: ok. 1 passed; 0 failed; 0 ignored; 0 measured; 2672 filtered out; finished in 0.56s | remote::server::machine_input_cancellation_tests::input_is_cancelled_when_grant_is_revoked
AB side=base rep=1 native=0 | test result: ok. 1 passed; 0 failed; 0 ignored; 0 measured; 2591 filtered out; finished in 1.65s | remote::server::machine_input_cancellation_tests::sibling_pty_is_responsive_when_first_input_is_saturated
AB side=cand rep=1 native=0 | test result: ok. 1 passed; 0 failed; 0 ignored; 0 measured; 2672 filtered out; finished in 1.68s | remote::server::machine_input_cancellation_tests::sibling_pty_is_responsive_when_first_input_is_saturated
AB side=base rep=2 native=0 | test result: ok. 1 passed; 0 failed; 0 ignored; 0 measured; 2591 filtered out; finished in 1.70s | remote::server::machine_input_cancellation_tests::sibling_pty_is_responsive_when_first_input_is_saturated
AB side=cand rep=2 native=101 | test result: FAILED. 0 passed; 1 failed; 0 ignored; 0 measured; 2672 filtered out; finished in 4.72s | remote::server::machine_input_cancellation_tests::sibling_pty_is_responsive_when_first_input_is_saturated
AB2_DONE linux
