TARGET_OK   a10_output_budget_pty
TARGET_OK   a10_output_budget
TARGET_OK   a10_output_live_socket
TARGET_OK   a10_output_socket
TARGET_OK   a10_terminal_wire_codec
TARGET_OK   account_enroll_flow
TARGET_OK   account_login_flow
TARGET_OK   app_menu_contract
TARGET_OK   attach_handshake_hides_sentinel_from_relay
TARGET_OK   backend_hardening
TARGET_OK   clean_dev_resource_contract
TARGET_OK   daemon_duplicate_prevention
TARGET_OK   daemon_handover_contract
TARGET_FAIL daemon_handover_transfer_contract native=101
TARGET_OK   daemon_persistence_contract
TARGET_OK   e2e_agent_workflow
TARGET_OK   ghostty_build_contract
TARGET_OK   ghostty_build_info_ffi
TARGET_FAIL ipc_hardening_contract native=101
TARGET_OK   machine_catalog_persistence
TARGET_OK   machine_events
TARGET_OK   machine_owner_handover
TARGET_OK   machine_prunable_preview
TARGET_OK   machine_session_metadata
TARGET_OK   machine_sessions
TARGET_OK   machine_terminal_stream
TARGET_OK   machine_worktree_legacy_bounds
TARGET_OK   machine_worktrees
TARGET_OK   machine_worktree_transports
TARGET_OK   macos_dev_bundle_contract
TARGET_OK   native_terminal_capability_contract
TARGET_OK   native_terminal_child_surface_contract
TARGET_OK   native_terminal_composition_contract
TARGET_OK   native_terminal_drag_drop_coordinates
TARGET_OK   native_terminal_engine_contract
TARGET_OK   native_terminal_glyph_raster_contract
TARGET_OK   native_terminal_images
TARGET_OK   native_terminal_input_boundary_contract
TARGET_OK   native_terminal_macos_background
TARGET_OK   native_terminal_placeholder_images
TARGET_OK   native_terminal_recovery_contract
TARGET_OK   native_terminal_renderer_contract
TARGET_OK   native_terminal_surface_host_contract
TARGET_OK   native_terminal_wayland_subsurface_contract
TARGET_OK   paired_daemon_fixture
TARGET_OK   paired_daemon_native_proxy
TARGET_OK   permissions_contract
TARGET_OK   platform_menu_contract
TARGET_OK   pty_input_cancellation
TARGET_OK   pty_receiver_cleanup
TARGET_OK   pty_survives_enrollment
TARGET_OK   q4_windows_paths
TARGET_OK   relay_pairing_generation_regression
TARGET_OK   remote_project_public_contract
TARGET_OK   rorca_native_contract
TARGET_OK   scoped_control
TARGET_OK   scoped_history
TARGET_OK   scoped_push
TARGET_OK   scoped_ssh
TARGET_OK   session_persistence_integration
TARGET_OK   ssh_browse_live
TARGET_OK   ssh_forward_uses_daemon_gateway
TARGET_OK   ssh_posix_live
TARGET_OK   ssh_project_identity_live
TARGET_OK   ssh_windows_live
TARGET_OK   terminal_history_recovery
TARGET_OK   terminal_history_retention
TARGET_OK   terminal_image_environment
TARGET_OK   terminal_image_scrollback_repro
TARGET_OK   terminal_live_session_replay_probe
TARGET_OK   terminal_scrollback_integrity_probe
TARGET_OK   terminal_selection_survival_regression
TARGET_OK   terminal_throughput_regression
TARGET_OK   updater_config_contract
TARGET_OK   updater_endpoint_contract
TARGET_OK   windows_edge_probe_contract
TARGET_OK   windows_window_opacity_contract
TARGET_OK   worktree_safety
TARGET_OK   zero_config_final_audit
TARGET_OK   zero_config_gen4_audit
TARGET_OK   zero_config_gen5_regression
EXAMPLE_OK   daemon_codec_bench
EXAMPLE_OK   helper_manifest_check
EXAMPLE_OK   metrics_driver
EXAMPLE_OK   native_terminal_renderer_poc
EXAMPLE_OK   native_terminal_surface_host_qa
EXAMPLE_OK   r9_eager_upload_probe
EXAMPLE_OK   remote_grid_frame_dump
EXAMPLE_OK   ssh_password_fixture
EXAMPLE_OK   ssh_process_survival_qa
EXAMPLE_OK   terminal_attribute_evidence
EXAMPLE_OK   terminal_selection_evidence
EXAMPLE_OK   web_remote_security_qa
ALL_TARGETS_SWEEP_DONE
