#< CLIXML
WINDOWS_HELPER_VERIFY C:\Users\sook\AppData\Local\Temp\ferryx-helper-verify-b6982d57-b210-41dc-a4ad-87a53d1f741a
    Blocking waiting for file lock on package cache
   Compiling proc-macro2 v1.0.107
   Compiling unicode-ident v1.0.24
   Compiling quote v1.0.47
   Compiling cfg-if v1.0.4
   Compiling libc v0.2.189
   Compiling winapi v0.3.9
   Compiling zerocopy v0.8.57
   Compiling cfg_aliases v0.1.1
   Compiling windows_x86_64_msvc v0.52.6
   Compiling serde_core v1.0.229
   Compiling thiserror v1.0.69
   Compiling windows-link v0.2.1
   Compiling getrandom v0.4.3
   Compiling nix v0.28.0
   Compiling getrandom v0.2.17
   Compiling windows-sys v0.61.2
   Compiling zmij v1.0.23
   Compiling anyhow v1.0.104
   Compiling winreg v0.10.1
   Compiling rand_core v0.6.4
   Compiling serde v1.0.229
   Compiling bitflags v2.13.1
   Compiling lazy_static v1.5.0
   Compiling serde_json v1.0.151
   Compiling windows-targets v0.52.6
   Compiling shared_library v0.1.9
   Compiling serial2 v0.2.38
   Compiling once_cell v1.21.4
   Compiling downcast-rs v1.2.1
   Compiling fastrand v2.5.0
   Compiling syn v2.0.119
   Compiling syn v3.0.5
   Compiling memchr v2.8.3
   Compiling bitflags v1.3.2
   Compiling itoa v1.0.18
   Compiling log v0.4.34
   Compiling shell-words v1.1.1
   Compiling windows-sys v0.59.0
   Compiling tempfile v3.27.0
   Compiling uuid v1.26.0
   Compiling base64 v0.22.1
   Compiling ppv-lite86 v0.2.21
   Compiling thiserror-impl v1.0.69
   Compiling serde_derive v1.0.229
   Compiling rand_chacha v0.3.1
   Compiling rand v0.8.8
   Compiling filedescriptor v0.8.3
   Compiling portable-pty v0.9.0
   Compiling ferryx-remote-helper v2026.908.1 (C:\Users\sook\AppData\Local\Temp\ferryx-helper-verify-b6982d57-b210-41dc-a4ad-87a53d1f741a\remote-helper)
    Finished `test` profile [unoptimized + debuginfo] target(s) in 7.09s
     Running unittests ..\src-tauri\src\ferryx_scope\ssh\standalone.rs (AppData\Local\Temp\ferryx-helper-verify-b6982d57-b210-41dc-a4ad-87a53d1f741a\remote-helper\target\debug\deps\ferryx_remote_helper-f81b385313d923c3.exe)

running 1 test

thread 'ssh::process::helper_service_tests::ssh_reconnect_safety_rejects_untrusted_windows_acl' (4160) panicked at ..\src-tauri\src\ferryx_scope\ssh\helper_service_tests.rs:77:5:
assertion failed: matches!(validate_private(&file), Err(error) if error ==
    "FORBIDDEN: helper IPC must be owned by the current user and private")
note: run with `RUST_BACKTRACE=1` environment variable to display a backtrace
test ssh::process::helper_service_tests::ssh_reconnect_safety_rejects_untrusted_windows_acl ... FAILED

failures:

failures:
    ssh::process::helper_service_tests::ssh_reconnect_safety_rejects_untrusted_windows_acl

test result: FAILED. 0 passed; 1 failed; 0 ignored; 0 measured; 22 filtered out; finished in 0.03s

error: test failed, to rerun pass `--bin ferryx-remote-helper`
cleanup: removed Windows helper verification fixture C:\Users\sook\AppData\Local\Temp\ferryx-helper-verify-b6982d57-b210-41dc-a4ad-87a53d1f741a
<Objs Version="1.1.0.1" xmlns="http://schemas.microsoft.com/powershell/2004/04"><Obj S="progress" RefId="0"><TN RefId="0"><T>System.Management.Automation.PSCustomObject</T><T>System.Object</T></TN><MS><I64 N="SourceId">1</I64><PR N="Record"><AV>Preparing modules for first use.</AV><AI>0</AI><Nil /><PI>-1</PI><PC>-1</PC><T>Completed</T><SR>-1</SR><SD> </SD></PR></MS></Obj><Obj S="progress" RefId="1"><TNRef RefId="0" /><MS><I64 N="SourceId">1</I64><PR N="Record"><AV>Preparing modules for first use.</AV><AI>0</AI><Nil /><PI>-1</PI><PC>-1</PC><T>Completed</T><SR>-1</SR><SD> </SD></PR></MS></Obj><S S="Error">Helper contracts failed: 101_x000D__x000A_</S><S S="Error">At C:\Users\sook\AppData\Local\Temp\ferryx-helper-privacy-200f7f48-b597-4d2d-92af-458cd123e608.ps1:20 char:32_x000D__x000A_</S><S S="Error">+ ... ASTEXITCODE -ne 0) { throw "Helper contracts failed: $LASTEXITCODE" }_x000D__x000A_</S><S S="Error">+                          ~~~~~~~~~~~~~~~~~~~~~~~~~~~~~~~~~~~~~~~~~~~~~~_x000D__x000A_</S><S S="Error">    + CategoryInfo          : OperationStopped: (Helper contracts failed: 101:String) [], RuntimeException_x000D__x000A_</S><S S="Error">    + FullyQualifiedErrorId : Helper contracts failed: 101_x000D__x000A_</S><S S="Error"> _x000D__x000A_</S></Objs>