    Finished `test` profile [unoptimized + debuginfo] target(s) in 0.12s
     Running unittests ../src-tauri/src/ferryx_scope/ssh/standalone.rs (remote-helper/target/debug/deps/ferryx_remote_helper-24fb5d0aa7f640ae)

running 23 tests
test scoped_contracts::tests::epoch_rejects_noncanonical_or_out_of_range_wire_values ... ok
test scoped_contracts::tests::target_roundtrip_preserves_full_u64_epoch_as_string ... ok
test scoped_contracts::tests::result_rejects_mismatched_discriminants ... ok
test scoped_contracts::tests::producer_boundaries_roundtrip ... ok
test scoped_contracts::tests::shared_envelopes_roundtrip ... ok
test ssh::helper::helper_core_tests::ssh_reconnect_safety_rejects_shutdown_op ... ok
test ssh::process::helper_service_tests::ssh_process_survival_bridge_allows_describe_without_stopping_runtime ... ok
test ssh::process::helper_service_tests::ssh_reconnect_safety_live_runtime_cannot_be_replaced ... ok
test ssh::process::helper_service_tests::ssh_reconnect_safety_rejects_symlink_root_and_endpoint ... ok
test ssh::process::helper_service_tests::ssh_process_survival_stale_endpoint_replaced_only_after_lock_release ... ok
test ssh::helper::helper_core_tests::ssh_process_survival_spawn_dedupe_and_conflict ... ok
test ssh::helper::helper_core_tests::ssh_process_survival_binary_safe_base64_io ... ok
test ssh::helper::helper_core_tests::ssh_process_survival_canonical_decimal_cursor ... ok
test ssh::helper::helper_core_tests::ssh_reconnect_safety_auth_and_target_validation ... ok
test ssh::helper::helper_core_tests::ssh_process_survival_respects_cols_rows ... ok
test ssh::helper::helper_core_tests::ssh_reconnect_safety_target_describe_and_list_metadata ... ok
test ssh::helper::helper_core_tests::ssh_process_survival_frame_bounded_below_1mib ... ok
test ssh::helper::helper_core_tests::ssh_process_survival_env_retains_session_id_without_fabrication ... ok
test ssh::helper::helper_core_tests::ssh_process_survival_project_root_decoupled ... ok
test ssh::helper::helper_core_tests::ssh_process_survival_ring_gap_detection ... ok
test ssh::helper::helper_core_tests::ssh_process_survival_concurrent_spawn_atomic_reservation ... ok
test ssh::helper::helper_core_tests::ssh_process_survival_default_platform_login_shell ... ok
test ssh::helper::helper_core_tests::ssh_process_survival_retains_pid_and_memory_state ... ok

test result: ok. 23 passed; 0 failed; 0 ignored; 0 measured; 0 filtered out; finished in 0.21s

{"event":"before-disconnect","target":{"backendSessionId":"145c2123-3847-4dd9-b6a4-9da346f3373d","epoch":"5946771461303060029","hostId":"qa-host","ownerId":"7f64ef70-9022-4a8c-b40d-cd37ad640247"},"pid":5260,"counter":1,"nonce":"4ac8a90c-a566-4bfe-a16a-650fc6e5c2e5"}
cleanup: reaped child 5259
{"event":"after-reconnect","target":{"backendSessionId":"145c2123-3847-4dd9-b6a4-9da346f3373d","epoch":"5946771461303060029","hostId":"qa-host","ownerId":"7f64ef70-9022-4a8c-b40d-cd37ad640247"},"pid":5260,"counter":2,"nonce":"4ac8a90c-a566-4bfe-a16a-650fc6e5c2e5","spawnCount":1}
{"event":"verified-describe","describe":{"cols":100,"cursor":"4","cwd":"/private/var/folders/zh/7cc25lt91b1_dj577306nwdh0000gn/T/ferryx-helper-qa-ETrnNP/project","exited":false,"pid":5260,"rows":30,"target":{"backendSessionId":"145c2123-3847-4dd9-b6a4-9da346f3373d","epoch":"5946771461303060029","hostId":"qa-host","ownerId":"7f64ef70-9022-4a8c-b40d-cd37ad640247"}}}
{"event":"verified-spawn-dedupe","dedupeSpawn":{"pid":5260,"target":{"backendSessionId":"145c2123-3847-4dd9-b6a4-9da346f3373d","epoch":"5946771461303060029","hostId":"qa-host","ownerId":"7f64ef70-9022-4a8c-b40d-cd37ad640247"}},"spawnRequests":2}
{"event":"verified-spawn-conflict","error":"REQUEST_CONFLICT: clientRequestId already used with different parameters"}
{"event":"verified-expired-target","error":"TARGET_EXPIRED"}
{"event":"verified-unknown-target","error":"NOT_FOUND"}
{"event":"verified-allowlist-rejection","error":"UNSUPPORTED: operation not allowlisted"}
helper[5262]: FORBIDDEN: helper IPC must be owned by the current user and private

{"event":"verified-insecure-root-rejection","exitCode":1,"stderr":"FORBIDDEN: helper IPC must be owned by the current user and private"}
helper[5263]: FORBIDDEN: helper IPC cannot be a symlink

{"event":"verified-symlink-endpoint-rejection","exitCode":1,"stderr":"FORBIDDEN: helper IPC cannot be a symlink"}
{"event":"verified-remote-shell-stopped","shellPid":5260,"shellAlive":false}
PASS: same remote PID, nonce and mutable counter after actual bridge SIGKILL
cleanup: reaped child 5261
cleanup: reaped child 5258
cleanup: removed /var/folders/zh/7cc25lt91b1_dj577306nwdh0000gn/T/ferryx-helper-qa-ETrnNP; remoteStopped=true
{"event":"cleanup-receipt","fixtureRemoved":"/var/folders/zh/7cc25lt91b1_dj577306nwdh0000gn/T/ferryx-helper-qa-ETrnNP","trackedPids":[5258,5259,5261,5262,5263,5260],"remainingLivePids":[],"remoteStopped":true}
