    Finished `test` profile [unoptimized + debuginfo] target(s) in 0.03s
     Running unittests ../src-tauri/src/ferryx_scope/ssh/standalone.rs (remote-helper/target/miri/aarch64-apple-darwin/debug/deps/ferryx_remote_helper-94619ba4a097014f)

running 4 tests
test ssh::process::helper_service_tests::ssh_process_survival_bridge_allows_describe_without_stopping_runtime ... FAILED
test ssh::process::helper_service_tests::ssh_process_survival_stale_endpoint_replaced_only_after_lock_release ... FAILED
test ssh::process::helper_service_tests::ssh_reconnect_safety_live_runtime_cannot_be_replaced ... FAILED
test ssh::process::helper_service_tests::ssh_reconnect_safety_rejects_symlink_root_and_endpoint ... ok

failures:

---- ssh::process::helper_service_tests::ssh_process_survival_bridge_allows_describe_without_stopping_runtime stdout ----

thread 'ssh::process::helper_service_tests::ssh_process_survival_bridge_allows_describe_without_stopping_runtime' (89858) panicked at ../src-tauri/src/ferryx_scope/ssh/helper_service_tests.rs:56:62:
called `Result::unwrap()` on an `Err` value: "FORBIDDEN: helper IPC must be owned by the current user and private"
note: run with `RUST_BACKTRACE=1` environment variable to display a backtrace
note: in Miri, you may have to set `MIRIFLAGS=-Zmiri-env-forward=RUST_BACKTRACE` for the environment variable to have an effect

---- ssh::process::helper_service_tests::ssh_process_survival_stale_endpoint_replaced_only_after_lock_release stdout ----

thread 'ssh::process::helper_service_tests::ssh_process_survival_stale_endpoint_replaced_only_after_lock_release' (89859) panicked at ../src-tauri/src/ferryx_scope/ssh/helper_service_tests.rs:26:61:
called `Result::unwrap()` on an `Err` value: "FORBIDDEN: helper IPC must be owned by the current user and private"

---- ssh::process::helper_service_tests::ssh_reconnect_safety_live_runtime_cannot_be_replaced stdout ----

thread 'ssh::process::helper_service_tests::ssh_reconnect_safety_live_runtime_cannot_be_replaced' (89860) panicked at ../src-tauri/src/ferryx_scope/ssh/helper_service_tests.rs:12:60:
called `Result::unwrap()` on an `Err` value: "FORBIDDEN: helper IPC must be owned by the current user and private"


failures:
    ssh::process::helper_service_tests::ssh_process_survival_bridge_allows_describe_without_stopping_runtime
    ssh::process::helper_service_tests::ssh_process_survival_stale_endpoint_replaced_only_after_lock_release
    ssh::process::helper_service_tests::ssh_reconnect_safety_live_runtime_cannot_be_replaced

test result: FAILED. 1 passed; 3 failed; 0 ignored; 0 measured; 19 filtered out; finished in 0.59s

error: test failed, to rerun pass `--bin ferryx-remote-helper`
