   Compiling proc-macro2 v1.0.107
   Compiling unicode-ident v1.0.24
   Compiling quote v1.0.47
   Compiling cfg-if v1.0.4
   Compiling libc v0.2.189
   Compiling winapi v0.3.9
   Compiling zerocopy v0.8.57
   Compiling windows_x86_64_msvc v0.52.6
   Compiling thiserror v1.0.69
   Compiling serde_core v1.0.229
   Compiling cfg_aliases v0.1.1
   Compiling anyhow v1.0.104
   Compiling getrandom v0.2.17
   Compiling nix v0.28.0
   Compiling zmij v1.0.23
   Compiling windows-link v0.2.1
   Compiling getrandom v0.4.3
   Compiling winreg v0.10.1
   Compiling rand_core v0.6.4
   Compiling windows-sys v0.61.2
   Compiling lazy_static v1.5.0
   Compiling serde_json v1.0.151
   Compiling bitflags v2.13.1
   Compiling serde v1.0.229
   Compiling windows-targets v0.52.6
   Compiling bitflags v1.3.2
   Compiling shared_library v0.1.9
   Compiling ppv-lite86 v0.2.21
   Compiling serial2 v0.2.38
   Compiling itoa v1.0.18
   Compiling memchr v2.8.3
   Compiling shell-words v1.1.1
   Compiling log v0.4.34
   Compiling downcast-rs v1.2.1
   Compiling uuid v1.26.0
   Compiling windows-sys v0.59.0
   Compiling rand_chacha v0.3.1
   Compiling base64 v0.22.1
   Compiling rand v0.8.8
   Compiling syn v2.0.119
   Compiling syn v3.0.5
   Compiling serde_derive v1.0.229
   Compiling thiserror-impl v1.0.69
   Compiling filedescriptor v0.8.3
   Compiling portable-pty v0.9.0
   Compiling ferryx-remote-helper v2026.908.1 (C:\Users\sook\AppData\Local\Temp\ferryx-job-b20977b8-da14-4961-b1d5-fad16d809f8f\remote-helper)
    Finished `dev` profile [unoptimized + debuginfo] target(s) in 16.27s
