   Compiling ferryx v2026.908.1 (/Users/indo/code/project/orca-lite/src-tauri)
warning: unused import: `Manager`
  --> src/ipc/notifications.rs:21:24
   |
21 | use tauri::{AppHandle, Manager, Runtime, State};
   |                        ^^^^^^^
   |
   = note: `#[warn(unused_imports)]` (part of `#[warn(unused)]`) on by default

warning: unnecessary `unsafe` block
  --> src/macos_file_drop.rs:79:28
   |
79 |             let location = unsafe { info.draggingLocation() };
   |                            ^^^^^^ unnecessary `unsafe` block
   |
   = note: `#[warn(unused_unsafe)]` (part of `#[warn(unused)]`) on by default

warning: unnecessary `unsafe` block
  --> src/macos_file_drop.rs:80:25
   |
80 |             let point = unsafe { self.convertPoint_fromView(location, None) };
   |                         ^^^^^^ unnecessary `unsafe` block

warning: unnecessary `unsafe` block
   --> src/macos_file_drop.rs:102:46
    |
102 |     let pasteboard: Retained<NSPasteboard> = unsafe { info.draggingPasteboard() };
    |                                              ^^^^^^ unnecessary `unsafe` block

warning: unnecessary `unsafe` block
   --> src/macos_file_drop.rs:105:25
    |
105 |     if let Some(list) = unsafe { pasteboard.propertyListForType(&legacy) } {
    |                         ^^^^^^ unnecessary `unsafe` block

warning: unnecessary `unsafe` block
   --> src/macos_file_drop.rs:122:25
    |
122 |     if let Some(text) = unsafe { pasteboard.stringForType(file_url_type) } {
    |                         ^^^^^^ unnecessary `unsafe` block

warning: unnecessary `unsafe` block
   --> src/macos_file_drop.rs:123:28
    |
123 |         if let Some(url) = unsafe { NSURL::URLWithString(&text) } {
    |                            ^^^^^^ unnecessary `unsafe` block

warning: unnecessary `unsafe` block
   --> src/macos_file_drop.rs:124:33
    |
124 |             if let Some(path) = unsafe { url.path() } {
    |                                 ^^^^^^ unnecessary `unsafe` block

warning: unnecessary `unsafe` block
   --> src/macos_file_drop.rs:169:5
    |
169 |     unsafe { view.registerForDraggedTypes(&types) };
    |     ^^^^^^ unnecessary `unsafe` block

warning: variable does not need to be mutable
   --> src/native_terminal/renderer/font_manager.rs:155:13
    |
155 |         let mut buffer = vec![0u8; total_pixels];
    |             ----^^^^^^
    |             |
    |             help: remove this `mut`
    |
    = note: `#[warn(unused_mut)]` (part of `#[warn(unused)]`) on by default

warning: field `app` is never read
  --> src/ipc/notifications.rs:28:5
   |
27 | pub struct TauriNotificationBackend<R: Runtime> {
   |            ------------------------ field in this struct
28 |     app: AppHandle<R>,
   |     ^^^
   |
   = note: `#[warn(dead_code)]` (part of `#[warn(unused)]`) on by default

warning: method `register_pairing_capability` is never used
   --> src/remote/auth.rs:396:19
    |
317 | impl AuthManager {
    | ---------------- method in this implementation
...
396 |     pub(crate) fn register_pairing_capability(&self, token: &str) {
    |                   ^^^^^^^^^^^^^^^^^^^^^^^^^^^

warning: method `wait_and_reap` is never used
   --> src/terminal/session.rs:270:19
    |
 61 | impl PtySession {
    | --------------- method in this implementation
...
270 |     pub(crate) fn wait_and_reap(&self) -> Result<Option<i32>, PtyError> {
    |                   ^^^^^^^^^^^^^

warning: struct `WriterLeaseGuard` is never constructed
  --> src/worktree/manager.rs:81:19
   |
81 | pub(crate) struct WriterLeaseGuard {
   |                   ^^^^^^^^^^^^^^^^

warning: associated items `new`, `canonical_path`, and `owner_id` are never used
   --> src/worktree/manager.rs:88:8
    |
 87 | impl WriterLeaseGuard {
    | --------------------- associated items in this implementation
 88 |     fn new(registry: WriterLeaseRegistry, canonical_path: PathBuf, owner_id: String) -> Self {
    |        ^^^
...
 96 |     pub(crate) fn canonical_path(&self) -> &Path {
    |                   ^^^^^^^^^^^^^^
...
100 |     pub(crate) fn owner_id(&self) -> &str {
    |                   ^^^^^^^^

warning: method `acquire_writer_lease` is never used
   --> src/worktree/manager.rs:333:19
    |
129 | impl WorktreeManager {
    | -------------------- method in this implementation
...
333 |     pub(crate) fn acquire_writer_lease(
    |                   ^^^^^^^^^^^^^^^^^^^^

warning: `ferryx` (lib) generated 16 warnings (run `cargo fix --lib -p ferryx` to apply 2 suggestions)
    Finished `test` profile [unoptimized + debuginfo] target(s) in 33.01s
     Running tests/native_terminal_input_boundary_contract.rs (/private/tmp/p32-adjacent-st_01a099cd-ZyJhzW/target/debug/deps/native_terminal_input_boundary_contract-61bb9f84da23aa6d)

running 19 tests

thread 'command_wheel_rows_never_wrap_i16' (3657881) panicked at tests/native_terminal_input_boundary_contract.rs:844:9:
assertion `left == right` failed
  left: None
 right: ScrollViewport(Delta(32767))
note: run with `RUST_BACKTRACE=1` environment variable to display a backtrace
test native_terminal_commands_are_registered_in_tauri_generate_handler ... ok

thread 'command_mouse_tracking_reports_plain_buttons_and_hover' (3657878) panicked at tests/native_terminal_input_boundary_contract.rs:871:9:
assertion `left == right` failed: Press Some(Left)
  left: []
 right: [27, 91, 60, 48, 59, 51, 59, 52, 77]

thread 'command_shift_wheel_moves_only_primary_viewport' (3657879) panicked at tests/native_terminal_input_boundary_contract.rs:827:5:
assertion `left == right` failed
  left: WritePty([27, 91, 60, 54, 52, 59, 49, 59, 49, 77, 27, 91, 60, 54, 52, 59, 49, 59, 49, 77, 27, 91, 60, 54, 52, 59, 49, 59, 49, 77])
 right: ScrollViewport(Delta(-3))

thread 'command_wheel_preserves_noncentral_cell_and_ctrl' (3657880) panicked at tests/native_terminal_input_boundary_contract.rs:807:5:
assertion `left == right` failed
  left: WritePty([27, 91, 60, 54, 52, 59, 52, 49, 59, 49, 51, 77])
 right: WritePty([27, 91, 60, 56, 48, 59, 51, 59, 52, 77])
test command_wheel_rows_never_wrap_i16 ... FAILED
test paste_encoding_honors_bracketed_paste_mode_at_boundary ... ok
test command_shift_wheel_moves_only_primary_viewport ... FAILED
test command_wheel_preserves_noncentral_cell_and_ctrl ... FAILED
test production_input_boundary_rejects_invalid_session_id ... ok
test command_mouse_tracking_reports_plain_buttons_and_hover ... FAILED
test production_input_boundary_rejects_unattached_session_without_creating_native_state ... ok
test scroll_behavior_serde_wire_contract_matches_frontend_payloads ... ok
test scroll_boundary_maps_each_behavior_variant_to_engine ... ok
test search_boundary_returns_match_coordinates_and_handles_absent ... ok

thread 'production_mouse_boundary_rejects_detached_and_unattached_session' (3657889) panicked at tests/native_terminal_input_boundary_contract.rs:243:5:
assertion failed: matches!(encode_attached_native_mouse(&state, session_id, &mouse_event),
    Err(NativeTerminalError::NoValue))
AFTER CLICK 1: ""

thread 'production_paste_boundary_rejects_detached_and_unattached_session' (3657890) panicked at tests/native_terminal_input_boundary_contract.rs:200:5:
assertion failed: matches!(encode_attached_native_paste(&state, session_id, "after detach"),
    Err(NativeTerminalError::NoValue))
AFTER CLICK 2: "world"
test production_input_boundary_rejects_detached_session_without_resurrecting_native_state ... ok
test option_as_alt_disabled_strips_the_alt_modifier_from_encoded_keys ... ok
test production_input_boundary_encodes_ctrl_v_image_paste_shortcut_to_pty_byte_0x16 ... ok
test production_paste_boundary_rejects_detached_and_unattached_session ... FAILED
test test_double_click_selection_via_surface_host_boundary ... ok
test production_mouse_boundary_rejects_detached_and_unattached_session ... FAILED
test attached_scrollbar_boundary_tracks_native_viewport_position ... ok

thread 'selection_and_search_boundaries_reject_detached_and_unattached_sessions' (3657894) panicked at tests/native_terminal_input_boundary_contract.rs:545:5:
assertion failed: matches!(select_attached_native_terminal(&state, session_id,
    &NativeTerminalSelectMode::All), Err(NativeTerminalError::NoValue))
test selection_and_search_boundaries_reject_detached_and_unattached_sessions ... FAILED

failures:

failures:
    command_mouse_tracking_reports_plain_buttons_and_hover
    command_shift_wheel_moves_only_primary_viewport
    command_wheel_preserves_noncentral_cell_and_ctrl
    command_wheel_rows_never_wrap_i16
    production_mouse_boundary_rejects_detached_and_unattached_session
    production_paste_boundary_rejects_detached_and_unattached_session
    selection_and_search_boundaries_reject_detached_and_unattached_sessions

test result: FAILED. 12 passed; 7 failed; 0 ignored; 0 measured; 0 filtered out; finished in 0.04s

error: test failed, to rerun pass `--test native_terminal_input_boundary_contract`
