$ vitest run --maxWorkers=1 src/App.test.tsx src/components/BrowserPane.test.tsx src/components/BrowserToolbar.test.tsx

 RUN  v3.2.7 /Users/indo/code/project/orca-lite/ui

 ❯ src/App.test.tsx (133 tests | 3 failed) 2277ms
   × App project workspace flow > P05 focused browser shortcut targeting on Windows > routes mounted receivers for nested content 73ms
     → expected false to be true // Object.is equality
   × App project workspace flow > P05 focused browser shortcut targeting on Windows > routes mounted receivers for flat content 12ms
     → expected false to be true // Object.is equality
   × App project workspace flow > P05 focused browser shortcut targeting on Windows > routes mounted receivers for top-level content 10ms
     → expected false to be true // Object.is equality
   ✓ App project workspace flow > P05 focused browser shortcut targeting on Windows > routes mounted receivers for terminal content 15ms
   ✓ App project workspace flow > P05 focused browser shortcut targeting on Windows > routes mounted receivers for missing-content content 14ms
   ✓ App project workspace flow > P05 optional-kind focused close wiring on Windows > Ctrl+W > targets only the focused pane: tagged=true pinned=true split=true 4ms
   ✓ App project workspace flow > P05 optional-kind focused close wiring on Windows > Ctrl+W > targets only the focused pane: tagged=true pinned=true split=false 3ms
   ✓ App project workspace flow > P05 optional-kind focused close wiring on Windows > Ctrl+W > targets only the focused pane: tagged=true pinned=false split=true 2ms
   ✓ App project workspace flow > P05 optional-kind focused close wiring on Windows > Ctrl+W > targets only the focused pane: tagged=true pinned=false split=false 3ms
   ✓ App project workspace flow > P05 optional-kind focused close wiring on Windows > Ctrl+W > targets only the focused pane: tagged=false pinned=true split=true 2ms
   ✓ App project workspace flow > P05 optional-kind focused close wiring on Windows > Ctrl+W > targets only the focused pane: tagged=false pinned=true split=false 2ms
   ✓ App project workspace flow > P05 optional-kind focused close wiring on Windows > Ctrl+W > targets only the focused pane: tagged=false pinned=false split=true 2ms
   ✓ App project workspace flow > P05 optional-kind focused close wiring on Windows > Ctrl+W > targets only the focused pane: tagged=false pinned=false split=false 2ms
   ✓ App project workspace flow > P05 optional-kind focused close wiring on Windows > Ctrl+W > keeps untagged focused working agent confirmation and cancellation 18ms
   ✓ App project workspace flow > P05 optional-kind focused close wiring on Windows > Ctrl+W > keeps untagged focused waiting agent confirmation and cancellation 12ms
   ✓ App project workspace flow > P05 optional-kind focused close wiring on Windows > Ctrl+W > does not ask for confirmation for an untagged pane's busy sibling 2ms
   ✓ App project workspace flow > P05 optional-kind focused close wiring on Windows > Ctrl+W > preserves browser whole-tab guard with pinned=false even with a layout 2ms
   ✓ App project workspace flow > P05 optional-kind focused close wiring on Windows > Ctrl+W > preserves browser whole-tab guard with pinned=true even with a layout 2ms
   ✓ App project workspace flow > P05 optional-kind focused close wiring on Windows > Ctrl+W > ignores a nonexistent active tab even with a leftover layout 2ms
   ✓ App project workspace flow > P05 optional-kind focused close wiring on Windows > native menu > targets only the focused pane: tagged=true pinned=true split=true 2ms
   ✓ App project workspace flow > P05 optional-kind focused close wiring on Windows > native menu > targets only the focused pane: tagged=true pinned=true split=false 2ms
   ✓ App project workspace flow > P05 optional-kind focused close wiring on Windows > native menu > targets only the focused pane: tagged=true pinned=false split=true 2ms
   ✓ App project workspace flow > P05 optional-kind focused close wiring on Windows > native menu > targets only the focused pane: tagged=true pinned=false split=false 2ms
   ✓ App project workspace flow > P05 optional-kind focused close wiring on Windows > native menu > targets only the focused pane: tagged=false pinned=true split=true 1ms
   ✓ App project workspace flow > P05 optional-kind focused close wiring on Windows > native menu > targets only the focused pane: tagged=false pinned=true split=false 2ms
   ✓ App project workspace flow > P05 optional-kind focused close wiring on Windows > native menu > targets only the focused pane: tagged=false pinned=false split=true 2ms
   ✓ App project workspace flow > P05 optional-kind focused close wiring on Windows > native menu > targets only the focused pane: tagged=false pinned=false split=false 2ms
   ✓ App project workspace flow > P05 optional-kind focused close wiring on Windows > native menu > keeps untagged focused working agent confirmation and cancellation 10ms
   ✓ App project workspace flow > P05 optional-kind focused close wiring on Windows > native menu > keeps untagged focused waiting agent confirmation and cancellation 10ms
   ✓ App project workspace flow > P05 optional-kind focused close wiring on Windows > native menu > does not ask for confirmation for an untagged pane's busy sibling 2ms
   ✓ App project workspace flow > P05 optional-kind focused close wiring on Windows > native menu > preserves browser whole-tab guard with pinned=false even with a layout 2ms
   ✓ App project workspace flow > P05 optional-kind focused close wiring on Windows > native menu > preserves browser whole-tab guard with pinned=true even with a layout 2ms
   ✓ App project workspace flow > P05 optional-kind focused close wiring on Windows > native menu > ignores a nonexistent active tab even with a leftover layout 2ms
   ✓ App project workspace flow > passes live tabless workspace state to the sidebar 2ms
   ✓ App project workspace flow > does not select tabless workspace rows through Cmd+digit 3ms
   ✓ App project workspace flow > routes the native Cmd+T menu accelerator through the normal new-terminal callback 5ms
   ✓ App project workspace flow > routes the native Cmd+W menu accelerator to close the active tab 2ms
   ✓ App project workspace flow > routes web Cmd+W on a leaf-root terminal tab to its pane when focus is unset 2ms
   ✓ App project workspace flow > confirms pane close for a working agent, with cancel leaving it open 16ms
   ✓ App project workspace flow > confirms pane close for a waiting agent, with cancel leaving it open 16ms
   ✓ App project workspace flow > confirms tab close for a working agent even with confirmCloseTab disabled 22ms
   ✓ App project workspace flow > confirms tab close for a waiting agent even with confirmCloseTab disabled 20ms
   ✓ App project workspace flow > closes an idle focused pane through native Cmd+W without confirming for a busy sibling 10ms
   ✓ App project workspace flow > routes the native Cmd+W menu accelerator to close the focused pane in a split terminal tab 6ms
   ✓ App project workspace flow > routes the web Cmd+W shortcut to close the focused pane in a split terminal tab 4ms
   ✓ App project workspace flow > routes the native Cmd+W menu accelerator to close an active browser tab 5ms
   ✓ App project workspace flow > routes http links to a built-in browser tab through the app-registered opener 4ms
   ✓ App project workspace flow > shows tab close confirmation when confirmCloseTab is enabled, cancelling on reject and closing on confirm 32ms
   ✓ App project workspace flow > uses the canonical folder-derived project on an empty native startup 5ms
   ✓ App project workspace flow > falls back to stored projects and initializes bootstrap when getInitialProject rejects 4ms
   ✓ App project workspace flow > renders genuine empty state and does not create phantom default workspace when getInitialProject rejects without stored projects 3ms
   ✓ App project workspace flow > checks for a signed update when the native app starts 3ms
   ✓ App project workspace flow > restores projects lost from WebView storage using the native session catalog 12ms
   ✓ App project workspace flow > restores multi-project native session catalog when single persisted project differs from startup 11ms
   ✓ App project workspace flow > does not restore historical projects into an existing multi-project catalog 10ms
   ✓ App project workspace flow > keeps the native shell initializing until persisted workspace tabs are preloaded 58ms
   ✓ App project workspace flow > migrates the legacy default placeholder to the canonical native project 3ms
   ✓ App project workspace flow > removes a project via RemoveProjectDialog and switches active project when removing the active one 37ms
   ✓ App project workspace flow > shows a genuine empty state and does not re-register the default project after removing the last project 31ms
   ✓ App project workspace flow > scopes WorktreeDeleteDialog workspaceId to the owning project of the deleted worktree 16ms
   ✓ App project workspace flow > migrates legacy rorca/orca storage keys to ferryx namespace on startup (F10) 7ms
   ✓ App project workspace flow > heals a legacy project entry (no gitRoot) into a git-backed project on startup 13ms
   ✓ App project workspace flow > re-registers the active persisted project before refreshing its worktrees 6ms
   ✓ App project workspace flow > opens a registered project's real branch-dropdown worktree flow 48ms
   ✓ App project workspace flow > opens worktree creation for the clicked non-active project 18ms
   ✓ App project workspace flow > switches to the non-active project before opening its created worktree 39ms
   ✓ App project workspace flow > switches the active project when selecting a project row in the nested tree 14ms
   ✓ App project workspace flow > shows the original project's worktrees again after switching away and clicking back 39ms
   ✓ App project workspace flow > adopts the canonical workspaceId the backend returns for an already-registered root 6ms
   ✓ App project workspace flow > retries registration on window focus after a transient failure instead of gating forever 7ms
   ✓ App project workspace flow > persists the outgoing project's session when switching away 65ms
   ✓ App project workspace flow > discards a parked worktree selection that belongs to a project no longer active 26ms
   ✓ App project workspace flow > surfaces a genuine same-id different-root registration conflict instead of silently listing 4ms
   ✓ App project workspace flow > switches project instead of activating when the worktree belongs to another project 14ms
   ✓ App project workspace flow > switches project for a branch-less worktree nested under another project's root 13ms
   ✓ App project workspace flow > activates a worktree directly when it belongs to the active project 11ms
   ✓ App project workspace flow > walks visible worktrees top to bottom across expanded projects with Cmd+1.. 8ms
   ✓ App project workspace flow > skips a collapsed project's rows when counting Cmd+N positions 5ms
   ✓ App project workspace flow > selects a worktree when macOS forwards Cmd+N through the native key monitor 5ms
   ✓ App project workspace flow > targets the synthesized root row of a visible non-Git project via native Cmd+digit 12ms
   ✓ App project workspace flow > targets inactive cached rows before extra owned rows matching Sidebar top-to-bottom order via native Cmd+digit 10ms
   ✓ App project workspace flow > keeps out-of-range Cmd+N presses a no-op 2ms
   ✓ App project workspace flow > navigates workspaces with Cmd+1..4 and terminal tabs with Ctrl+1..4 ignoring out-of-range keys 2ms
   ✓ App project workspace flow > toggles sidebar visibility with Cmd+B and persists state across mounts 20ms
   ✓ App project workspace flow > requests fresh backends for restored tabs whose daemon sessions are gone 7ms
   ✓ App project workspace flow > waits until project registration and authoritative worktree refresh complete before restoring workspace and recovering stale session backends 8ms
   ✓ App project workspace flow > restores persisted terminal sessions only once when restored state changes effect dependencies 5ms
   ✓ App project workspace flow > preserves live backend sessions when restoring during dev/HMR 4ms
   ✓ App project workspace flow > reconciles live and missing sessions across split panes without auto-respawning dead sessions 10ms
   ✓ App project workspace flow > reconciles daemonEpoch and lastOutputSequence on startup, marking epoch mismatch as exited 6ms
   ✓ App project workspace flow > toggles the settings dialog with Cmd+, 8ms
   ✓ App project workspace flow > activates in-terminal search on active pane with Cmd+F 3ms
   ✓ App project workspace flow > moves pane focus next and previous with Cmd+] and Cmd+[ 2ms
   ✓ App project workspace flow > detects agents on mount and launches agent via spawnTerminal and writeTerminal 77ms
   ✓ App project workspace flow > surfaces the stored defaultAgentId first with a Default label in the New Tab agent list 26ms
   ✓ App project workspace flow > opens a browser tab at the configured homepage from the new-tab menu 12ms
   ✓ App project workspace flow > opens a blank browser tab from the new-tab menu when no homepage is set 13ms
   ✓ App project workspace flow > preserves every registered workspace when saving session instead of clobbering inactive workspaces 8ms
   ✓ App project workspace flow > conditionally mounts SettingsDialog and CommandPalette only when open 2ms
   ✓ App project workspace flow > lazy-loads SettingsDialog via React.lazy with Suspense 1ms
   ✓ App project workspace flow > does not list state in registerWindowCloseGuard effect dependencies 0ms
   ✓ App project workspace flow > does not starve debounced session persistence when transient title/activity ticks arrive faster than debounce interval 11ms
   ✓ App project workspace flow > does not pass inline arrow functions for onOpenSettings or onCloseSearch 1ms
   ✓ App project workspace flow > preserves layout ownership and marks dead sessions exited across active and parked layouts without auto-respawning 9ms
   ✓ App project workspace flow > successfully completes session restore under React StrictMode double-mount without skipping 10ms
   ✓ App project workspace flow > skips native disk session restore when store was hydrated from HMR handoff and no HMR state exists 5ms
   ✓ App project workspace flow > reconciles stale sessions and triggers ensureSessionBackends on HMR handoff when daemon restarted 7ms
   ✓ App project workspace flow > Ferryx desktop focused-terminal publisher and remote selection listener > derives focused terminal payload through focused group -> active tab -> active leaf -> session -> backendSessionId 1ms
   ✓ App project workspace flow > Ferryx desktop focused-terminal publisher and remote selection listener > publishes terminal tabs from every worktree with safe labels 0ms
   ✓ App project workspace flow > Ferryx desktop focused-terminal publisher and remote selection listener > publishes the primary worktree with no managed slug 0ms
   ✓ App project workspace flow > Ferryx desktop focused-terminal publisher and remote selection listener > activates the exact pane when a remote selection names a leaf-addressed entry 6ms
   ✓ App project workspace flow > Ferryx desktop focused-terminal publisher and remote selection listener > exposes every split pane of a tab as its own remote entry addressed by leaf 1ms
   ✓ App project workspace flow > Ferryx desktop focused-terminal publisher and remote selection listener > keeps a single-pane tab addressed by its plain tab id 0ms
   ✓ App project workspace flow > Ferryx desktop focused-terminal publisher and remote selection listener > derives per-tab activityState and agentType when present in activityBySessionId 0ms
   ✓ App project workspace flow > Ferryx desktop focused-terminal publisher and remote selection listener > keeps publishing the terminal inventory with an empty focus when a browser tab is active 0ms
   ✓ App project workspace flow > Ferryx desktop focused-terminal publisher and remote selection listener > returns null only when the desktop has no terminal tab at all 0ms
   ✓ App project workspace flow > Ferryx desktop focused-terminal publisher and remote selection listener > does not republish unchanged terminal inventory on unrelated workspace renders 4ms
   ✓ App project workspace flow > Ferryx desktop focused-terminal publisher and remote selection listener > publishes focused terminal to native IPC on mount and layout changes 5ms
   ✓ App project workspace flow > Ferryx desktop focused-terminal publisher and remote selection listener > publishes per-tab agent activity state and agent type to native IPC 7ms
   ✓ App project workspace flow > Ferryx desktop focused-terminal publisher and remote selection listener > publishes real backendSessionId after session backend is bound or rebound 6ms
   ✓ App project workspace flow > Ferryx desktop focused-terminal publisher and remote selection listener > routes publishFocusedTerminal rejection to reportRuntimeError 5ms
   ✓ App project workspace flow > Ferryx desktop focused-terminal publisher and remote selection listener > creates a new remote terminal through openTab instead of reusing an existing worktree tab 5ms
   ✓ App project workspace flow > Ferryx desktop focused-terminal publisher and remote selection listener > handles native remote_selection_requested and activates requested worktree context 6ms
   ✓ App project workspace flow > Ferryx desktop focused-terminal publisher and remote selection listener > handles same-worktree tab selection request and activates exact tab 5ms
   ✓ App project workspace flow > Ferryx desktop focused-terminal publisher and remote selection listener > handles primary worktree selection within current project when on secondary worktree 5ms
   ✓ App project workspace flow > Ferryx desktop focused-terminal publisher and remote selection listener > handles cross-worktree selection with tabId activating tab after worktree switch 6ms
   ✓ App project workspace flow > Ferryx desktop focused-terminal publisher and remote selection listener > handles cross-project remote selection by switching project and then activating worktree 8ms
   ✓ App project workspace flow > Ferryx desktop focused-terminal publisher and remote selection listener > drops a queued remote slug when the user switches to a third project first 8ms
   ✓ App project workspace flow > Ferryx desktop focused-terminal publisher and remote selection listener > activates the exact pane after a queued cross-project selection names a leaf entry 58ms
   ✓ App project workspace flow > badge count synchronization > synchronizes badge count from unique true unreadTabIds in workspace state 6ms
   ✓ App project workspace flow > badge count synchronization > routes native badge synchronization errors to reportRuntimeError 5ms
   ✓ App project workspace flow > Automatic agent session resume on workspace restore > auto-resumes exited agent sessions in staggered order, while plain shell sessions and unsupported agents are not auto-resumed  930ms
   ✓ App project workspace flow > Automatic agent session resume on workspace restore > does not crash and degrades silently when auto-resume spawn fails 8ms
 ✓ src/components/BrowserPane.test.tsx (6 tests) 88ms
 ✓ src/components/BrowserToolbar.test.tsx (12 tests) 75ms

⎯⎯⎯⎯⎯⎯⎯ Failed Tests 3 ⎯⎯⎯⎯⎯⎯⎯

 FAIL  src/App.test.tsx > App project workspace flow > P05 focused browser shortcut targeting on Windows > routes mounted receivers for nested content
 FAIL  src/App.test.tsx > App project workspace flow > P05 focused browser shortcut targeting on Windows > routes mounted receivers for flat content
 FAIL  src/App.test.tsx > App project workspace flow > P05 focused browser shortcut targeting on Windows > routes mounted receivers for top-level content
AssertionError: expected false to be true // Object.is equality

[32m- Expected[39m
[31m+ Received[39m

[32m- true[39m
[31m+ false[39m

 ❯ src/App.test.tsx:600:91
    598|         const selectedView = within(screen.getByTestId("selected-brows…
    599|         const siblingView = within(screen.getByTestId("sibling-browser…
    600|         expect(document.activeElement === selectedView.getByLabelText(…
       |                                                                                           ^
    601|         expect(document.activeElement).not.toBe(siblingView.getByLabel…
    602|         await key("r");

⎯⎯⎯⎯⎯⎯⎯⎯⎯⎯⎯⎯⎯⎯⎯⎯⎯⎯⎯⎯⎯⎯⎯⎯[1/3]⎯


 Test Files  1 failed | 2 passed (3)
      Tests  3 failed | 148 passed (151)
   Start at  15:17:52
   Duration  5.03s (transform 478ms, setup 216ms, collect 1.31s, tests 2.44s, environment 551ms, prepare 76ms)

error: script "test" exited with code 1
