$ tsc && vite build
vite v6.4.3 building for production...
transforming...
✓ 1720 modules transformed.
rendering chunks...
computing gzip size...
dist/index.html                              1.18 kB │ gzip:  0.55 kB
dist/assets/geist-variable-CrgPqtmy.woff2   69.44 kB
dist/assets/ferryx-icon-OXRkkUvz.png       805.82 kB
dist/assets/xterm-9CEnUXvW.css               5.75 kB │ gzip:  1.98 kB
dist/assets/index-CS5nIXw3.css              45.81 kB │ gzip:  8.47 kB
dist/assets/check-h_MD-eEA.js                0.30 kB │ gzip:  0.25 kB
dist/assets/addon-fit-YJmn1quW.js            1.60 kB │ gzip:  0.71 kB
dist/assets/terminalRenderer-rUrnaJNW.js     5.24 kB │ gzip:  1.77 kB
dist/assets/RemoteApp-DZZ3pit5.js           22.59 kB │ gzip:  6.87 kB
dist/assets/addon-unicode11-CU4jat_f.js     25.09 kB │ gzip:  9.26 kB
dist/assets/browser-BJmUdcO7.js             25.78 kB │ gzip: 10.13 kB
dist/assets/addon-search-CNv4eh2c.js        32.46 kB │ gzip: 10.34 kB
dist/assets/SettingsDialog-CPtJzMNy.js      49.91 kB │ gzip: 12.03 kB
dist/assets/addon-webgl-BrQ0bpT6.js        111.96 kB │ gzip: 30.52 kB
dist/assets/index-Chaf2-Ej.js              171.60 kB │ gzip: 55.28 kB
dist/assets/App-BLdROEZN.js                281.81 kB │ gzip: 80.39 kB
dist/assets/xterm-BqvuqXEL.js              332.63 kB │ gzip: 84.18 kB
✓ built in 1.78s
bun build exit: 0
