$ tsc && vite build
[36mvite v6.4.3 [32mbuilding for production...[36m[39m
transforming...
[32m✓[39m 2225 modules transformed.
rendering chunks...
computing gzip size...
[2mdist/[22m[32mindex.html                              [39m[1m[2m  3.07 kB[22m[1m[22m[2m │ gzip:   1.10 kB[22m
[2mdist/[22m[32massets/crush-DHElXcRZ.png               [39m[1m[2m  5.46 kB[22m[1m[22m
[2mdist/[22m[32massets/droid-BhrKLgQ8.svg               [39m[1m[2m  6.30 kB[22m[1m[22m[2m │ gzip:   2.88 kB[22m
[2mdist/[22m[32massets/antigravity-DgAQAdn3.svg         [39m[1m[2m  7.63 kB[22m[1m[22m[2m │ gzip:   1.72 kB[22m
[2mdist/[22m[32massets/gjc-CmlXGg4z.png                 [39m[1m[2m 22.73 kB[22m[1m[22m
[2mdist/[22m[32massets/geist-variable-CrgPqtmy.woff2    [39m[1m[2m 69.44 kB[22m[1m[22m
[2mdist/[22m[32massets/ferryx-icon-OXRkkUvz.png         [39m[1m[2m805.82 kB[22m[1m[22m
[2mdist/[22m[35massets/App-V8Wj_Bb0.css                 [39m[1m[2m  0.59 kB[22m[1m[22m[2m │ gzip:   0.31 kB[22m
[2mdist/[22m[35massets/index-BW0Uh1DU.css               [39m[1m[2m109.50 kB[22m[1m[22m[2m │ gzip:  19.00 kB[22m
[2mdist/[22m[36massets/label-BFVNQVtt.js                [39m[1m[2m  1.27 kB[22m[1m[22m[2m │ gzip:   0.75 kB[22m
[2mdist/[22m[36massets/WhatsNewDialog-DNck9AUS.js       [39m[1m[2m  2.67 kB[22m[1m[22m[2m │ gzip:   1.07 kB[22m
[2mdist/[22m[36massets/pairedHostInventory-BxfSzBbU.js  [39m[1m[2m 14.40 kB[22m[1m[22m[2m │ gzip:   4.96 kB[22m
[2mdist/[22m[36massets/WelcomeWizard-C10I7qWJ.js        [39m[1m[2m 30.24 kB[22m[1m[22m[2m │ gzip:   8.73 kB[22m
[2mdist/[22m[36massets/index-4ZC90OvW.js                [39m[1m[2m194.20 kB[22m[1m[22m[2m │ gzip:  61.98 kB[22m
[2mdist/[22m[36massets/SettingsDialog-CkXMiW2l.js       [39m[1m[2m249.29 kB[22m[1m[22m[2m │ gzip:  70.71 kB[22m
[2mdist/[22m[36massets/RemoteApp-LKLxYR1S.js            [39m[1m[33m521.72 kB[39m[22m[2m │ gzip: 157.45 kB[22m
[2mdist/[22m[36massets/App-f3S4T1j9.js                  [39m[1m[33m888.22 kB[39m[22m[2m │ gzip: 257.98 kB[22m
[33m
(!) Some chunks are larger than 500 kB after minification. Consider:
- Using dynamic import() to code-split the application
- Use build.rollupOptions.output.manualChunks to improve chunking: https://rollupjs.org/configuration-options/#output-manualchunks
- Adjust chunk size limit for this warning via build.chunkSizeWarningLimit.[39m
[32m✓ built in 5.84s[39m
