Monitor mon_SWC4D4A8NHAQSVBS/bash83 exit101
Command: CARGO_TARGET_DIR="$PWD/src-tauri/target" CARGO_BUILD_JOBS=4 cargo test --locked --manifest-path src-tauri/Cargo.toml --no-default-features --lib a03_ -- --nocapture

status: exited_101 exit_code: 101
   Compiling ferryx v2026.908.1 (/Users/indo/code/project/orca-lite-wt/herdr-wave0/src-tauri)
warning: unnecessary `unsafe` block==> ] 533/534: ferryx_lib(test)
  --> src/macos_file_drop.rs:79:28
   |
79 |             let location = unsafe { info.draggingLocation() };
   |                            ^^^^^^ unnecessary `unsafe` block
   |
   = note: `#[warn(unused_unsafe)]` (part of `#[warn(unused)]`) on by default

warning: unnecessary `unsafe` block==> ] 533/534: ferryx_lib(test)
  --> src/macos_file_drop.rs:80:25
   |
80 |             let point = unsafe { self.convertPoint_fromView(location, None) };
   |                         ^^^^^^ unnecessary `unsafe` block

warning: unnecessary `unsafe` block==> ] 533/534: ferryx_lib(test)
   --> src/macos_file_drop.rs:102:46
    |
102 |     let pasteboard: Retained<NSPasteboard> = unsafe { info.draggingPasteboard() };
    |                                              ^^^^^^ unnecessary `unsafe` block

warning: unnecessary `unsafe` block
   --> src/macos_file_drop.rs:105:25
    |
105 |     if let Some(list) = unsafe { pasteboard.propertyListForType(&legacy) } {
    |                         ^^^^^^ unnecessary `unsafe` block

warning: unnecessary `unsafe` block
   --> src/macos_file_drop.rs:122:25
    |
122 |     if let Some(text) = unsafe { pasteboard.stringForType(file_url_type) } {
    |                         ^^^^^^ unnecessary `unsafe` block

warning: unnecessary `unsafe` block
   --> src/macos_file_drop.rs:123:28
    |
123 |         if let Some(url) = unsafe { NSURL::URLWithString(&text) } {
    |                            ^^^^^^ unnecessary `unsafe` block

warning: unnecessary `unsafe` block
   --> src/macos_file_drop.rs:124:33
    |
124 |             if let Some(path) = unsafe { url.path() } {
    |                                 ^^^^^^ unnecessary `unsafe` block

warning: unnecessary `unsafe` block
   --> src/macos_file_drop.rs:169:5
    |
169 |     unsafe { view.registerForDraggedTypes(&types) };
    |     ^^^^^^ unnecessary `unsafe` block

warning: unused variable: `token`====> ] 533/534: ferryx_lib(test)
    --> src/remote/auth.rs:1375:14
     |
1375 |         let (token, device) = auth
     |              ^^^^^ help: if this is intentional, prefix it with an underscore: `_token`
     |
     = note: `#[warn(unused_variables)]` (part of `#[warn(unused)]`) on by default

warning: unused variable: `scroll_daemon_client`: ferryx_lib(test)
   --> src/lib.rs:916:9
    |
916 |     let scroll_daemon_client = Arc::clone(&daemon_client);
    |         ^^^^^^^^^^^^^^^^^^^^ help: if this is intentional, prefix it with an underscore: `_scroll_daemon_client`

warning: field `app` is never read===> ] 533/534: ferryx_lib(test)
  --> src/ipc/notifications.rs:28:5
   |
27 | pub struct TauriNotificationBackend<R: Runtime> {
   |            ------------------------ field in this struct
28 |     app: AppHandle<R>,
   |     ^^^
   |
   = note: `#[warn(dead_code)]` (part of `#[warn(unused)]`) on by default

warning: function `no_auth_query` is never used4: ferryx_lib(test)
    --> src/remote/server.rs:2687:12
     |
2687 |         fn no_auth_query() -> AuthQuery {
     |            ^^^^^^^^^^^^^

warning: method `wait_and_reap` is never used534: ferryx_lib(test)
   --> src/terminal/session.rs:270:19
    |
 61 | impl PtySession {
    | --------------- method in this implementation
...
270 |     pub(crate) fn wait_and_reap(&self) -> Result<Option<i32>, PtyError> {
    |                   ^^^^^^^^^^^^^

warning: struct `WriterLeaseGuard` is never constructedx_lib(test)
  --> src/worktree/manager.rs:81:19
   |
81 | pub(crate) struct WriterLeaseGuard {
   |                   ^^^^^^^^^^^^^^^^

warning: associated items `new`, `canonical_path`, and `owner_id` are never used
   --> src/worktree/manager.rs:88:8
    |
 87 | impl WriterLeaseGuard {
    | --------------------- associated items in this implementation
 88 |     fn new(registry: WriterLeaseRegistry, canonical_path: PathBuf, owner_id: String) -> Self {
    |        ^^^
...
 96 |     pub(crate) fn canonical_path(&self) -> &Path {
    |                   ^^^^^^^^^^^^^^
...
100 |     pub(crate) fn owner_id(&self) -> &str {
    |                   ^^^^^^^^

warning: method `acquire_writer_lease` is never usedrryx_lib(test)
   --> src/worktree/manager.rs:333:19
    |
129 | impl WorktreeManager {
    | -------------------- method in this implementation
...
333 |     pub(crate) fn acquire_writer_lease(
    |                   ^^^^^^^^^^^^^^^^^^^^

warning: `ferryx` (lib test) generated 16 warnings (run `cargo fix --lib -p ferryx --tests` to apply 2 suggestions)
    Finished `test` profile [unoptimized + debuginfo] target(s) in 15.80s
     Running unittests src/lib.rs (src-tauri/target/debug/deps/ferryx_lib-15a949be0c593df6)

running 12 tests
test remote::tests::machine_auth::a03_old_persisted_grants_remain_mirror ... ok
test remote::tests::machine_auth::a03_cli_requires_explicit_machine_purpose ... ok

thread 'remote::tests::machine_auth::a03_machine_view_pin_cannot_issue_a_device' (15652874) panicked at src/remote/machine_auth_tests.rs:118:5:
Machine View must not produce a device grant
note: run with `RUST_BACKTRACE=1` environment variable to display a backtrace

thread 'remote::tests::machine_auth::a03_machine_view_capability_cannot_issue_a_device' (15652873) panicked at src/remote/machine_auth_tests.rs:127:5:
Machine View must not produce a device grant
test remote::tests::machine_auth::a03_mirror_view_issuance_preserves_view ... ok
test remote::server::tests::a03_forged_exchange_fields_cannot_upgrade_mirror_authority ... ok
test remote::tests::machine_auth::a03_owner_coordinator_rejects_machine_view_without_publication ... ok
test remote::tests::machine_auth::a03_machine_view_pin_cannot_issue_a_device ... FAILED
test remote::tests::machine_auth::a03_machine_view_capability_cannot_issue_a_device ... FAILED
test remote::tests::machine_auth::a03_rejected_generation_cannot_redeem_machine_authority ... ok
test remote::tests::machine_auth::a03_legacy_control_denies_directory_browsing ... ok
test remote::tests::machine_auth::a03_capabilities_require_authentication ... ok
test remote::tests::machine_auth::a03_legacy_control_denies_machine_creation ... ok
test remote::tests::machine_auth::a03_owner_machine_purpose_survives_persistence_and_exchange ... ok

failures:

failures:
    remote::tests::machine_auth::a03_machine_view_capability_cannot_issue_a_device
    remote::tests::machine_auth::a03_machine_view_pin_cannot_issue_a_device

test result: FAILED. 10 passed; 2 failed; 0 ignored; 0 measured; 856 filtered out; finished in 0.07s

error: test failed, to rerun pass `--lib`
