warning: unused variable: `super_key`
   --> src/native_terminal/input.rs:366:13
    |
366 |         let super_key = KeyModifiers {
    |             ^^^^^^^^^ help: if this is intentional, prefix it with an underscore: `_super_key`
    |
    = note: `#[warn(unused_variables)]` (part of `#[warn(unused)]`) on by default

warning: unnecessary `unsafe` block
   --> src/notification/permission.rs:105:26
    |
105 |             let native = unsafe { UNMutableNotificationContent::new() };
    |                          ^^^^^^ unnecessary `unsafe` block
    |
    = note: `#[warn(unused_unsafe)]` (part of `#[warn(unused)]`) on by default

warning: unnecessary `unsafe` block
   --> src/notification/permission.rs:106:13
    |
106 |             unsafe {
    |             ^^^^^^ unnecessary `unsafe` block

warning: unnecessary `unsafe` block
   --> src/notification/permission.rs:110:27
    |
110 |             let request = unsafe {
    |                           ^^^^^^ unnecessary `unsafe` block

warning: unnecessary `unsafe` block
   --> src/notification/permission.rs:118:13
    |
118 |             unsafe { center.addNotificationRequest_withCompletionHandler(&request, None) };
    |             ^^^^^^ unnecessary `unsafe` block

warning: field `app` is never read
  --> src/ipc/notifications.rs:27:5
   |
26 | pub struct TauriNotificationBackend<R: Runtime> {
   |            ------------------------ field in this struct
27 |     app: AppHandle<R>,
   |     ^^^
   |
   = note: `#[warn(dead_code)]` (part of `#[warn(unused)]`) on by default

warning: method `wait_and_reap` is never used
   --> src/terminal/session.rs:265:19
    |
 61 | impl PtySession {
    | --------------- method in this implementation
...
265 |     pub(crate) fn wait_and_reap(&self) -> Result<Option<i32>, PtyError> {
    |                   ^^^^^^^^^^^^^

warning: struct `WriterLeaseGuard` is never constructed
  --> src/worktree/manager.rs:57:19
   |
57 | pub(crate) struct WriterLeaseGuard {
   |                   ^^^^^^^^^^^^^^^^

warning: associated items `new`, `canonical_path`, and `owner_id` are never used
  --> src/worktree/manager.rs:64:8
   |
63 | impl WriterLeaseGuard {
   | --------------------- associated items in this implementation
64 |     fn new(registry: WriterLeaseRegistry, canonical_path: PathBuf, owner_id: String) -> Self {
   |        ^^^
...
72 |     pub(crate) fn canonical_path(&self) -> &Path {
   |                   ^^^^^^^^^^^^^^
...
76 |     pub(crate) fn owner_id(&self) -> &str {
   |                   ^^^^^^^^

warning: method `acquire_writer_lease` is never used
   --> src/worktree/manager.rs:297:19
    |
105 | impl WorktreeManager {
    | -------------------- method in this implementation
...
297 |     pub(crate) fn acquire_writer_lease(
    |                   ^^^^^^^^^^^^^^^^^^^^

warning: `ferryx` (lib test) generated 10 warnings (run `cargo fix --lib -p ferryx --tests` to apply 1 suggestion)
    Finished `test` profile [unoptimized + debuginfo] target(s) in 14.93s
     Running unittests src/lib.rs (src-tauri/target/debug/deps/ferryx_lib-c08deb76a56b92cd)

running 1 test
runId: dag_c1f0ddef-c680-4cc5-8c5d-a14728a39553, status: Failed, counts: total=7, completed=5, failed=1, cancelled=0, running=0, skipped=1
runId: dag_2ad8c16c-80df-4068-9e1d-52c8e21a1558, status: Failed, counts: total=2, completed=0, failed=1, cancelled=0, running=0, skipped=1
runId: dag_822e22b7-edb6-47d2-9875-ff2803bd4be9, status: Completed, counts: total=2, completed=2, failed=0, cancelled=0, running=0, skipped=0
runId: dag_6f04072d-236f-4669-8c68-bde86db1e38a, status: Cancelled, counts: total=12, completed=2, failed=0, cancelled=10, running=0, skipped=0
runId: dag_626564bc-9003-4993-9e50-ab517efe5f4b, status: Failed, counts: total=2, completed=0, failed=1, cancelled=0, running=0, skipped=1
runId: dag_8095bb90-0e3c-44fb-8ff8-489370f63043, status: Completed, counts: total=6, completed=6, failed=0, cancelled=0, running=0, skipped=0
runId: dag_5dc8b48e-c894-48fb-9cee-0a7bb36e695d, status: Cancelled, counts: total=6, completed=0, failed=0, cancelled=6, running=0, skipped=0
runId: dag_4b1d2840-6716-47f4-85ca-b8bbe9ec8d5b, status: Failed, counts: total=4, completed=0, failed=1, cancelled=0, running=0, skipped=3
runId: dag_9b5ff1b3-935b-4ca3-9acb-bc2b5b214aed, status: Completed, counts: total=2, completed=2, failed=0, cancelled=0, running=0, skipped=0
runId: dag_994440a2-124a-46fe-a3b0-de6af1aff298, status: Completed, counts: total=5, completed=5, failed=0, cancelled=0, running=0, skipped=0
runId: dag_508169ab-829b-4c6f-9d5d-bbc9d2be337e, status: Completed, counts: total=4, completed=4, failed=0, cancelled=0, running=0, skipped=0
runId: dag_915469eb-d826-4806-802c-61611530869f, status: Failed, counts: total=3, completed=0, failed=1, cancelled=0, running=0, skipped=2
runId: dag_d85a58b9-8220-4032-903d-8b9480a45fcb, status: Completed, counts: total=6, completed=6, failed=0, cancelled=0, running=0, skipped=0
runId: dag_1fa93a04-6ee9-4789-8ae9-fc932d9b0fcd, status: Completed, counts: total=2, completed=2, failed=0, cancelled=0, running=0, skipped=0
runId: dag_37104fdf-022b-42ea-bf4a-bb2c23a89834, status: Completed, counts: total=4, completed=4, failed=0, cancelled=0, running=0, skipped=0
runId: dag_6557a49c-b7fe-4d4c-9aea-a7e9221459ea, status: Completed, counts: total=7, completed=7, failed=0, cancelled=0, running=0, skipped=0
runId: dag_f8c05d38-6f14-44cd-9908-fcf75cfa174f, status: Failed, counts: total=2, completed=1, failed=1, cancelled=0, running=0, skipped=0
runId: dag_81dcd13a-11fa-4271-bbe6-f5f4b0bed86b, status: Completed, counts: total=2, completed=2, failed=0, cancelled=0, running=0, skipped=0
runId: dag_fbfcc26d-b89f-43ce-ae2e-89704c5a74fb, status: Completed, counts: total=2, completed=2, failed=0, cancelled=0, running=0, skipped=0
runId: dag_081e597f-0aa8-4a20-a826-4e3d045aacef, status: Failed, counts: total=5, completed=2, failed=1, cancelled=0, running=0, skipped=2
runId: dag_a84d49d3-27a4-4f91-ad21-ea9d891585c2, status: Completed, counts: total=7, completed=7, failed=0, cancelled=0, running=0, skipped=0
runId: dag_3108420b-5f07-48cc-ae1d-d12a72e4b486, status: Completed, counts: total=2, completed=2, failed=0, cancelled=0, running=0, skipped=0
runId: dag_ead55f45-9afd-4773-80c8-a138bfc1f92b, status: Failed, counts: total=3, completed=0, failed=2, cancelled=0, running=0, skipped=1
runId: dag_16372bfe-cc64-4141-bd7b-19145b7c53ab, status: Failed, counts: total=2, completed=0, failed=1, cancelled=0, running=0, skipped=1
runId: dag_bb944ba5-0ec7-429b-930a-4c8b4ade4a5f, status: Cancelled, counts: total=13, completed=8, failed=0, cancelled=5, running=0, skipped=0
runId: dag_ae2d4801-ab01-4515-a487-d72369a1f69b, status: Completed, counts: total=3, completed=3, failed=0, cancelled=0, running=0, skipped=0
runId: dag_2685bcc1-071c-4f5a-9281-baa0fec2b691, status: Completed, counts: total=2, completed=2, failed=0, cancelled=0, running=0, skipped=0
runId: dag_e4c540ff-163f-4201-aa07-42d02e7be5d1, status: Completed, counts: total=3, completed=3, failed=0, cancelled=0, running=0, skipped=0
runId: dag_03305a67-242d-4c16-b45b-804c74a84fb3, status: Completed, counts: total=4, completed=4, failed=0, cancelled=0, running=0, skipped=0
runId: dag_f107f318-ac78-46a2-b8c6-584b4e10eaa7, status: Cancelled, counts: total=6, completed=1, failed=0, cancelled=5, running=0, skipped=0
runId: dag_91706d44-9ca1-4dde-9614-220d3ce81fee, status: Completed, counts: total=6, completed=6, failed=0, cancelled=0, running=0, skipped=0
runId: dag_9dfbc39f-d36b-4ecc-85bf-382446ab6f36, status: Cancelled, counts: total=1, completed=0, failed=0, cancelled=1, running=0, skipped=0
runId: dag_d3969e8d-861a-4b9b-9766-72ccb602806b, status: Completed, counts: total=5, completed=5, failed=0, cancelled=0, running=0, skipped=0
runId: dag_78c0098e-e466-4fbf-931d-000ff869750c, status: Completed, counts: total=3, completed=3, failed=0, cancelled=0, running=0, skipped=0
runId: dag_de1fd99e-68d4-48f3-afd1-f3eefab7d8e8, status: Completed, counts: total=1, completed=1, failed=0, cancelled=0, running=0, skipped=0
runId: dag_f38f3c3c-e6e0-463c-b287-3e89f43c8e28, status: Completed, counts: total=4, completed=4, failed=0, cancelled=0, running=0, skipped=0
runId: dag_cfbc2ea8-ac77-4855-bb2a-2377e0f93456, status: Cancelled, counts: total=6, completed=0, failed=0, cancelled=6, running=0, skipped=0
runId: dag_8da3ead6-c9e7-47de-995a-d9dd6bf1c105, status: Completed, counts: total=3, completed=3, failed=0, cancelled=0, running=0, skipped=0
runId: dag_59d32fa2-621e-48c8-9a80-db9f68dac1d4, status: Completed, counts: total=1, completed=1, failed=0, cancelled=0, running=0, skipped=0
runId: dag_7ce125ee-6c3c-40ad-b2e1-23b141b6c67a, status: Completed, counts: total=2, completed=2, failed=0, cancelled=0, running=0, skipped=0
runId: dag_6a003738-3535-4f6f-8d10-046903cd0453, status: Paused, counts: total=2, completed=0, failed=0, cancelled=0, running=2, skipped=0
runId: dag_07a2260a-f16a-4344-b249-94e2a6ed08b1, status: Completed, counts: total=3, completed=3, failed=0, cancelled=0, running=0, skipped=0
runId: dag_082e0781-716b-45c3-ba8c-0d97e44ed334, status: Completed, counts: total=2, completed=2, failed=0, cancelled=0, running=0, skipped=0
runId: dag_8352fdec-4d4b-4ec1-a741-92307a99a8ee, status: Failed, counts: total=3, completed=0, failed=1, cancelled=0, running=0, skipped=2
runId: dag_c750013e-821d-470d-9b44-4a42670dfd9b, status: Completed, counts: total=4, completed=4, failed=0, cancelled=0, running=0, skipped=0
runId: dag_ef591014-ffba-4d29-ac29-3917286c4397, status: Completed, counts: total=5, completed=5, failed=0, cancelled=0, running=0, skipped=0
runId: dag_d7704695-e90f-43f0-8146-99dac9788a6e, status: Completed, counts: total=2, completed=2, failed=0, cancelled=0, running=0, skipped=0
runId: dag_e5015f1e-02fb-48d6-a02d-4dda913a5428, status: Failed, counts: total=5, completed=0, failed=2, cancelled=0, running=0, skipped=3
runId: dag_e9517fba-96d8-4539-ac0c-b0463ce79010, status: Cancelled, counts: total=1, completed=0, failed=0, cancelled=1, running=0, skipped=0
runId: dag_1d6efb32-30a6-4b4f-aa7c-50af8f27f9d3, status: Completed, counts: total=3, completed=3, failed=0, cancelled=0, running=0, skipped=0
runId: dag_0cbad07d-9aaf-4c83-a7b3-f4963704c169, status: Completed, counts: total=8, completed=8, failed=0, cancelled=0, running=0, skipped=0
runId: dag_4682d8bc-fee7-4e55-8f2f-c065361ce57e, status: Failed, counts: total=3, completed=0, failed=1, cancelled=0, running=0, skipped=2
runId: dag_308fa456-a9cf-4101-814d-11b4f775cea5, status: Failed, counts: total=4, completed=0, failed=1, cancelled=0, running=0, skipped=3
runId: dag_e750dfb9-2d20-4939-87c7-9399faa40e35, status: Completed, counts: total=1, completed=1, failed=0, cancelled=0, running=0, skipped=0
runId: dag_88856d4e-addf-4d84-bbae-578de0d808fa, status: Completed, counts: total=4, completed=4, failed=0, cancelled=0, running=0, skipped=0
runId: dag_31dc4a5b-7972-4189-95f3-cfe13ef3f634, status: Completed, counts: total=4, completed=4, failed=0, cancelled=0, running=0, skipped=0
runId: dag_27ac8f7d-3d0b-47b6-9769-4c717ffc3a5f, status: Completed, counts: total=5, completed=5, failed=0, cancelled=0, running=0, skipped=0
runId: dag_ff181dcb-4219-4e1f-8c0b-2fc0b2b8da7b, status: Completed, counts: total=3, completed=3, failed=0, cancelled=0, running=0, skipped=0
runId: dag_428a1d5e-ea4e-423c-a3ee-8202a6a9b0d0, status: Failed, counts: total=3, completed=1, failed=1, cancelled=0, running=0, skipped=1
runId: dag_44fd716a-fe93-4247-91fa-c01322d94509, status: Completed, counts: total=8, completed=8, failed=0, cancelled=0, running=0, skipped=0
runId: dag_75965615-2c82-4533-8f20-170f3ece58e2, status: Cancelled, counts: total=2, completed=0, failed=0, cancelled=2, running=0, skipped=0
runId: dag_f4a9ba65-41d9-422d-9feb-6d9e62245fa4, status: Completed, counts: total=1, completed=1, failed=0, cancelled=0, running=0, skipped=0
runId: dag_9680162c-7904-418c-b82c-5687602e112b, status: Completed, counts: total=4, completed=4, failed=0, cancelled=0, running=0, skipped=0
runId: dag_0c826d40-184e-4e80-b1d6-7a39e0326f7c, status: Failed, counts: total=4, completed=0, failed=1, cancelled=0, running=0, skipped=3
runId: dag_66742bef-44df-4adb-aa5f-8d2e91fc0109, status: Completed, counts: total=2, completed=2, failed=0, cancelled=0, running=0, skipped=0
runId: dag_ba28493b-b0a4-4323-9696-7724eb122345, status: Completed, counts: total=5, completed=5, failed=0, cancelled=0, running=0, skipped=0
runId: dag_9f6b3c06-d05e-4cdd-a6e4-486f99d23d60, status: Completed, counts: total=3, completed=3, failed=0, cancelled=0, running=0, skipped=0
runId: dag_a2684a9e-2dd8-4f46-9c8e-aa2f07af43d3, status: Failed, counts: total=9, completed=5, failed=1, cancelled=0, running=0, skipped=3
runId: dag_03ff0ebf-3a57-4935-a927-79774fef87cf, status: Completed, counts: total=9, completed=9, failed=0, cancelled=0, running=0, skipped=0
runId: dag_32d086bf-0442-4f8e-8eed-978ab27deb74, status: Completed, counts: total=2, completed=2, failed=0, cancelled=0, running=0, skipped=0
runId: dag_4353b790-7d43-44e3-b481-a3f0f4eb3061, status: Cancelled, counts: total=5, completed=2, failed=0, cancelled=3, running=0, skipped=0
runId: dag_9f13d74c-591f-47ba-b488-f7bc774cee68, status: Completed, counts: total=3, completed=3, failed=0, cancelled=0, running=0, skipped=0
runId: dag_c543e901-3c9b-40a5-a49e-8c3eb3909333, status: Completed, counts: total=2, completed=2, failed=0, cancelled=0, running=0, skipped=0
runId: dag_a1cf4d27-a84d-4190-9c52-bb8ffde821a8, status: Completed, counts: total=3, completed=3, failed=0, cancelled=0, running=0, skipped=0
runId: dag_3cc676df-328f-49c2-b922-020a5684c064, status: Completed, counts: total=5, completed=5, failed=0, cancelled=0, running=0, skipped=0
runId: dag_43c27cd3-fb16-42bf-b7c5-3cfef3de7f52, status: Cancelled, counts: total=2, completed=0, failed=0, cancelled=2, running=0, skipped=0
runId: dag_173a99f9-8a8d-4770-801a-69a9b54adacb, status: Completed, counts: total=1, completed=1, failed=0, cancelled=0, running=0, skipped=0
runId: dag_f3d041d0-c4ee-4c89-b594-4bba08388386, status: Completed, counts: total=3, completed=3, failed=0, cancelled=0, running=0, skipped=0
runId: dag_b5b275b4-6eea-4437-9cfc-0e0f1e09ed8e, status: Completed, counts: total=4, completed=4, failed=0, cancelled=0, running=0, skipped=0
runId: dag_fe91cf75-0489-4751-a090-9fb3a0389d56, status: Completed, counts: total=2, completed=2, failed=0, cancelled=0, running=0, skipped=0
runId: dag_7f7c4bdf-427c-487e-9729-a6c00aeb366e, status: Completed, counts: total=9, completed=9, failed=0, cancelled=0, running=0, skipped=0
runId: dag_d9d1a06b-0cbe-4955-a51b-a77ef3f95dc6, status: Completed, counts: total=3, completed=2, failed=1, cancelled=0, running=0, skipped=0
runId: dag_b5e18f44-70d4-4fc1-8280-5dc7873ad391, status: Failed, counts: total=4, completed=0, failed=1, cancelled=0, running=0, skipped=3
runId: dag_16a341ef-90bd-4eaa-88b2-47e8a91b19df, status: Completed, counts: total=1, completed=1, failed=0, cancelled=0, running=0, skipped=0
runId: dag_bb47a3d8-ebe7-44d9-9aa4-cc4ca32bdf16, status: Completed, counts: total=1, completed=1, failed=0, cancelled=0, running=0, skipped=0
runId: dag_db9b25b2-206b-4692-bb01-64ce48683980, status: Completed, counts: total=1, completed=1, failed=0, cancelled=0, running=0, skipped=0
runId: dag_005ce4e5-fe94-4f2d-80cf-1b56f5064fe0, status: Completed, counts: total=5, completed=5, failed=0, cancelled=0, running=0, skipped=0
runId: dag_7907ac54-5452-4964-bf9a-3ec6a53dfa78, status: Completed, counts: total=5, completed=5, failed=0, cancelled=0, running=0, skipped=0
runId: dag_38f68e23-ca9c-419f-ae61-a200b75accf5, status: Completed, counts: total=1, completed=1, failed=0, cancelled=0, running=0, skipped=0
runId: dag_05fafcdc-30a1-4a17-aeff-ee57fe657aa4, status: Completed, counts: total=4, completed=4, failed=0, cancelled=0, running=0, skipped=0
runId: dag_890700a5-cfbb-473d-908b-7583d74d6737, status: Completed, counts: total=3, completed=3, failed=0, cancelled=0, running=0, skipped=0
runId: dag_a89e9094-eacd-454b-83dc-3a56357bde5c, status: Failed, counts: total=6, completed=4, failed=1, cancelled=0, running=0, skipped=1
runId: dag_8d4c73ec-5bf7-4fb5-8ee3-75adc99b6e21, status: Completed, counts: total=3, completed=3, failed=0, cancelled=0, running=0, skipped=0
runId: dag_7f3a4679-c96d-47a9-aa4b-15a52d161914, status: Cancelled, counts: total=4, completed=0, failed=0, cancelled=4, running=0, skipped=0
runId: dag_5e1d135b-c4e4-48c9-8c01-a979a6cc6b65, status: Completed, counts: total=2, completed=2, failed=0, cancelled=0, running=0, skipped=0
runId: dag_a5f770fc-c938-40b6-948c-a0825a1834e5, status: Completed, counts: total=2, completed=2, failed=0, cancelled=0, running=0, skipped=0
runId: dag_bccd774f-1c02-40eb-92f8-fa6a8e1208b4, status: Completed, counts: total=4, completed=4, failed=0, cancelled=0, running=0, skipped=0
runId: dag_36f96bad-0f9d-45fe-89f4-dad57e05d411, status: Completed, counts: total=1, completed=1, failed=0, cancelled=0, running=0, skipped=0
runId: dag_634f5a09-8779-4671-a9b8-b6a684831146, status: Completed, counts: total=1, completed=1, failed=0, cancelled=0, running=0, skipped=0
runId: dag_a595561d-4b6b-4dcd-a267-0c87704b299d, status: Failed, counts: total=2, completed=1, failed=1, cancelled=0, running=0, skipped=0
runId: dag_21823609-5a11-405f-b9f1-88e9fc36756e, status: Completed, counts: total=11, completed=11, failed=0, cancelled=0, running=0, skipped=0
runId: dag_76a2f4ca-c17d-4a6d-b948-c30aca745a68, status: Completed, counts: total=3, completed=3, failed=0, cancelled=0, running=0, skipped=0
runId: dag_c4866f92-24dc-4fd9-9cd0-c439b9596d58, status: Failed, counts: total=3, completed=0, failed=1, cancelled=0, running=0, skipped=2
runId: dag_ca5111a5-eb45-4267-89aa-4d6eb9b65bfc, status: Completed, counts: total=1, completed=1, failed=0, cancelled=0, running=0, skipped=0
runId: dag_71034bc1-9e4e-48c0-bb73-38d0792cda77, status: Completed, counts: total=5, completed=5, failed=0, cancelled=0, running=0, skipped=0
runId: dag_af148c7c-da8c-41b8-b43c-b52ced6fb902, status: Completed, counts: total=5, completed=5, failed=0, cancelled=0, running=0, skipped=0
runId: dag_a61b8a8f-6ac6-40ca-9002-c14e401f3c71, status: Running, counts: total=2, completed=0, failed=0, cancelled=0, running=0, skipped=0
runId: dag_a61b8a8f-6ac6-40ca-9002-c14e401f3c71, status: Running, counts: total=2, completed=0, failed=0, cancelled=0, running=1, skipped=0
runId: dag_a61b8a8f-6ac6-40ca-9002-c14e401f3c71, status: Running, counts: total=2, completed=1, failed=0, cancelled=0, running=1, skipped=0
runId: dag_a61b8a8f-6ac6-40ca-9002-c14e401f3c71, status: Completed, counts: total=2, completed=2, failed=0, cancelled=0, running=0, skipped=0
test dag::watcher::tests::dag_live_tail has been running for over 60 seconds
test dag::watcher::tests::dag_live_tail ... ok

test result: ok. 1 passed; 0 failed; 0 ignored; 0 measured; 388 filtered out; finished in 60.18s

