BUILD_HOST DESKTOP-1LAPJMP
LASTBOOT 10/03/2026 10:33:16
UPTIME 1.12:21:11.4412982
FREE_GB 29.03
CPU_LOAD_PCT 43
PWD C:\Users\sook\ferryx-pane-completion\source-21dea3c0
BUN_INSTALL_EXIT 0
UI_BUILD_EXIT 0
CARGO_BUILD_DEFAULT_EXIT 0
CARGO_BUILD_DEFAULT_SECS 185.5
DEFAULT_BIN_SHA256 1b7d5a0c51bb3ee294e1ee1d36a5f3d029e6f87fd2a684878f28adfed1b44fd5
DEFAULT_LEAK_CHECK qa_producers = False
DEFAULT_LEAK_CHECK qa_liveness = False
DEFAULT_LEAK_CHECK adopt_runner_bind = False
DEFAULT_LEAK_CHECK attach-handshake = False
DEFAULT_LEAK_CHECK cancel-ack = False
DEFAULT_LEAK_CHECK held-rpc = False
DEFAULT_LEAK_CHECK split-create = False
DEFAULT_LEAK_CHECK marker-output = False
DEFAULT_LEAK_CHECK FERRYX_QA_BARRIER_DIR = False
REMOVED_STALE C:\Users\sook\ferryx-pane-completion\source-21dea3c0\src-tauri\target\debug\ferryx.exe
CARGO_BUILD_QA_EXIT 101
CARGO_BUILD_QA_SECS 73.1
QA_BIN_MISSING
FREE_GB_AFTER 33.3
BUILD_DONE
