{
  "schema": 1,
  "scenario": "split-happy",
  "mode": "native",
  "invocation": {
    "argv": [
      "C:\\Program Files\\nodejs\\node.exe",
      "C:\\Users\\sook\\ferryx-pane-completion\\source-21dea3c0\\scripts\\qa\\pane-liveness.mjs",
      "--scenario",
      "split-happy",
      "--binary",
      "C:\\Users\\sook\\ferryx-pane-completion\\source-21dea3c0\\src-tauri\\target\\debug\\ferryx.exe",
      "--evidence-dir",
      "C:\\Users\\sook\\ferryx-pane-completion\\pd12-ev\\split-happy\\sessioniso-run1",
      "--isolation-root",
      "C:\\Users\\sook\\ferryx-pane-completion\\pd12-iso\\split-happy\\sessioniso-run1"
    ]
  },
  "host": {
    "platform": "win32",
    "release": "10.0.26200",
    "arch": "x64"
  },
  "binary": {
    "path": "C:\\Users\\sook\\ferryx-pane-completion\\source-21dea3c0\\src-tauri\\target\\debug\\ferryx.exe",
    "sha256": "6ad63c5afdcbb8348fccd0253d0cdb0066fc054bda99b41387b5bc5fbeb5b042"
  },
  "sourceDigest": "6f10b9fef29476ada05ef8f3fd346b62572f79201554ac80ed4df2bcbd6cfb5c",
  "runId": "qa-run-69278dc3-6c3b-44cd-a59d-467d451437af",
  "operationId": "qa-op-52474ff8-bdc5-4b37-b344-4ad7311ce147",
  "verdict": "BLOCKED",
  "nativeEvidence": null,
  "error": {
    "code": "PANE_BINDING_UNBOUND",
    "message": "PANE_BINDING_UNBOUND: no presentation receipt named a session other than the 1 fixture session(s) within 8000ms, so the UI pane step created no observable pane (observed sessions: [])"
  },
  "cleanupGate": {
    "processesReaped": true,
    "socketsRemoved": true,
    "directoriesRemoved": true,
    "ok": true,
    "gateFailed": false
  },
  "barriers": []
}
